
> test
> npx vitest run


[1m[46m RUN [49m[22m [36mv4.0.16 [39m[90m/home/tobber/.gemini/antigravity/scratch/mageknight[39m

 [31m❯[39m tests/tooltip.test.js [2m([22m[2m19 tests[22m[2m | [22m[31m1 failed[39m[2m)[22m[32m 48[2mms[22m[39m
     [32m✓[39m should initialize with tooltip element[32m 11[2mms[22m[39m
     [32m✓[39m should create card tooltip HTML[32m 2[2mms[22m[39m
     [32m✓[39m should include all card effects in tooltip[32m 1[2mms[22m[39m
     [32m✓[39m should show mana costs in card tooltip[32m 1[2mms[22m[39m
     [32m✓[39m should create terrain tooltip HTML[32m 1[2mms[22m[39m
     [32m✓[39m should handle all terrain types[32m 1[2mms[22m[39m
[31m     [31m×[31m should handle unknown terrain type[39m[32m 11[2mms[22m[39m
     [32m✓[39m should create enemy tooltip HTML[32m 1[2mms[22m[39m
     [32m✓[39m should show fortified status for enemies[32m 1[2mms[22m[39m
     [32m✓[39m should get correct color icons[32m 1[2mms[22m[39m
     [32m✓[39m should get correct mana HTML[32m 0[2mms[22m[39m
     [32m✓[39m should show tooltip with correct content[32m 6[2mms[22m[39m
     [32m✓[39m should hide tooltip[32m 2[2mms[22m[39m
     [32m✓[39m should hide tooltip with delay[32m 1[2mms[22m[39m
     [32m✓[39m should position tooltip correctly[32m 3[2mms[22m[39m
     [32m✓[39m should prevent tooltip overflow on right edge[32m 1[2mms[22m[39m
     [32m✓[39m should prevent tooltip overflow on left edge[32m 1[2mms[22m[39m
     [32m✓[39m should show tooltip below if not enough space above[32m 1[2mms[22m[39m
     [32m✓[39m should clear hide timeout when showing new tooltip[32m 1[2mms[22m[39m
[90mstdout[2m | tests/coverage_extended.test.js[2m > [22m[2mCoverage Gap Fill[2m > [22m[2mUI: Level Up Modal[2m > [22m[2mshould handle level up modal flow
[22m[39mAI Worker initialized
18:03:12 [INFO] 🔧 Debug Tools initialized. Access via window.game or window.debug
[Lazy] SoundManager initialized
18:03:12 [INFO] Game Log: Touch-Steuerung aktiviert
18:03:12 [INFO] Starting new game... Scenario: default
18:03:12 [INFO] Game Log: Runde 1: Tag
18:03:12 [INFO] Game Log: Szenario gestartet: Freiheit für die Minen
18:03:12 [INFO] Hero created: Goldyx (goldyx)
Spawned 3 enemies.
18:03:12 [DEBUG] Initial game state rendered.
18:03:12 [INFO] Game Log: Willkommen bei Mage Knight!
18:03:12 [INFO] Game Log: Ziele: 2 Minen befreien, 1 Festung erobern.

[90mstderr[2m | tests/coverage_extended.test.js[2m > [22m[2mCoverage Gap Fill[2m > [22m[2mUI: Level Up Modal[2m > [22m[2mshould handle level up modal flow
[22m[39mCanvas layer not found for particle system

[90mstdout[2m | tests/interaction_coverage.test.js[2m > [22m[2mInteractionController Coverage[2m > [22m[2mshould show card play modal when card has strong effect and hero can afford it
[22m[39mAI Worker initialized
18:03:12 [INFO] 🔧 Debug Tools initialized. Access via window.game or window.debug
[Lazy] SoundManager initialized
18:03:12 [INFO] Game Log: Touch-Steuerung aktiviert
18:03:12 [INFO] Starting new game... Scenario: default
18:03:12 [INFO] Game Log: Runde 1: Tag
18:03:12 [INFO] Game Log: Szenario gestartet: Freiheit für die Minen
18:03:12 [INFO] Hero created: Goldyx (goldyx)
Spawned 6 enemies.
18:03:12 [DEBUG] Initial game state rendered.
18:03:12 [INFO] Game Log: Willkommen bei Mage Knight!
18:03:12 [INFO] Game Log: Ziele: 2 Minen befreien, 1 Festung erobern.

[90mstdout[2m | tests/core/game.test.js[2m > [22m[2mGame Core[2m > [22m[2mshould initialize game state
[22m[39mAI Worker initialized
18:03:12 [INFO] 🔧 Debug Tools initialized. Access via window.game or window.debug
[Lazy] SoundManager initialized
18:03:12 [INFO] Game Log: Touch-Steuerung aktiviert
18:03:12 [INFO] Starting new game... Scenario: default
18:03:12 [INFO] Game Log: Runde 1: Tag
18:03:12 [INFO] Game Log: Szenario gestartet: Freiheit für die Minen
18:03:12 [INFO] Hero created: Goldyx (goldyx)
Spawned 5 enemies.
18:03:12 [DEBUG] Initial game state rendered.
18:03:12 [INFO] Game Log: Willkommen bei Mage Knight!
18:03:12 [INFO] Game Log: Ziele: 2 Minen befreien, 1 Festung erobern.

[90mstdout[2m | tests/combat/combat_edge_cases.test.js[2m > [22m[2mMageKnightGame Coverage Boost v2[2m > [22m[2mshould handle sound toggle interactions
[22m[39mAI Worker initialized
18:03:12 [INFO] 🔧 Debug Tools initialized. Access via window.game or window.debug
[Lazy] SoundManager initialized
18:03:12 [INFO] Game Log: Touch-Steuerung aktiviert
18:03:12 [INFO] Starting new game... Scenario: default
18:03:12 [INFO] Game Log: Runde 1: Tag
18:03:12 [INFO] Game Log: Szenario gestartet: Freiheit für die Minen
18:03:12 [INFO] Hero created: Goldyx (goldyx)
Spawned 4 enemies.
18:03:12 [DEBUG] Initial game state rendered.
18:03:12 [INFO] Game Log: Willkommen bei Mage Knight!
18:03:12 [INFO] Game Log: Ziele: 2 Minen befreien, 1 Festung erobern.
18:03:12 [INFO] Starting new game... Scenario: default
18:03:12 [INFO] Game Log: Runde 1: Tag
18:03:12 [INFO] Game Log: Szenario gestartet: Freiheit für die Minen
18:03:12 [INFO] Hero created: Goldyx (goldyx)
Spawned 9 enemies.
18:03:12 [DEBUG] Initial game state rendered.
18:03:12 [INFO] Game Log: Willkommen bei Mage Knight!
18:03:12 [INFO] Game Log: Ziele: 2 Minen befreien, 1 Festung erobern.

[90mstdout[2m | tests/combat/combat_edge_cases.test.js[2m > [22m[2mMageKnightGame Coverage Boost v2[2m > [22m[2mshould handle sound toggle interactions
[22m[39m18:03:12 [INFO] Game Log: Sound deaktiviert
18:03:12 [INFO] Game Log: Sound aktiviert

[90mstdout[2m | tests/interaction_coverage.test.js[2m > [22m[2mInteractionController Coverage[2m > [22m[2mshould play strong effect when strong button is clicked
[22m[39mAI Worker initialized
18:03:12 [INFO] 🔧 Debug Tools initialized. Access via window.game or window.debug
[Lazy] SoundManager initialized
18:03:12 [INFO] Game Log: Touch-Steuerung aktiviert
18:03:12 [INFO] Starting new game... Scenario: default
18:03:12 [INFO] Game Log: Runde 1: Tag
18:03:12 [INFO] Game Log: Szenario gestartet: Freiheit für die Minen
18:03:12 [INFO] Hero created: Goldyx (goldyx)
Spawned 3 enemies.
18:03:12 [DEBUG] Initial game state rendered.
18:03:12 [INFO] Game Log: Willkommen bei Mage Knight!
18:03:12 [INFO] Game Log: Ziele: 2 Minen befreien, 1 Festung erobern.

[90mstdout[2m | tests/coverage_extended.test.js[2m > [22m[2mCoverage Gap Fill[2m > [22m[2mGame: Mouse Interactions[2m > [22m[2mshould show tooltip for enemy, site, and terrain
[22m[39mAI Worker initialized
18:03:12 [INFO] 🔧 Debug Tools initialized. Access via window.game or window.debug
[Lazy] SoundManager initialized
18:03:12 [INFO] Game Log: Touch-Steuerung aktiviert
18:03:12 [INFO] Starting new game... Scenario: default
18:03:12 [INFO] Game Log: Runde 1: Tag
18:03:12 [INFO] Game Log: Szenario gestartet: Freiheit für die Minen
18:03:12 [INFO] Hero created: Goldyx (goldyx)
Spawned 5 enemies.
18:03:12 [DEBUG] Initial game state rendered.
18:03:12 [INFO] Game Log: Willkommen bei Mage Knight!
18:03:12 [INFO] Game Log: Ziele: 2 Minen befreien, 1 Festung erobern.

[90mstderr[2m | tests/coverage_extended.test.js[2m > [22m[2mCoverage Gap Fill[2m > [22m[2mGame: Mouse Interactions[2m > [22m[2mshould show tooltip for enemy, site, and terrain
[22m[39mCanvas layer not found for particle system

[90mstdout[2m | tests/core/game.test.js[2m > [22m[2mGame Core[2m > [22m[2mshould create game board
[22m[39mAI Worker initialized
18:03:12 [INFO] 🔧 Debug Tools initialized. Access via window.game or window.debug
[Lazy] SoundManager initialized
18:03:12 [INFO] Game Log: Touch-Steuerung aktiviert
18:03:12 [INFO] Starting new game... Scenario: default
18:03:12 [INFO] Game Log: Runde 1: Tag
18:03:12 [INFO] Game Log: Szenario gestartet: Freiheit für die Minen
18:03:12 [INFO] Hero created: Goldyx (goldyx)
Spawned 7 enemies.
18:03:12 [DEBUG] Initial game state rendered.
18:03:12 [INFO] Game Log: Willkommen bei Mage Knight!
18:03:12 [INFO] Game Log: Ziele: 2 Minen befreien, 1 Festung erobern.

[90mstdout[2m | tests/interaction_coverage.test.js[2m > [22m[2mInteractionController Coverage[2m > [22m[2mshould play strong effect when strong button is clicked
[22m[39m18:03:12 [INFO] Finalizing card play: Strong Card (Strong)
18:03:12 [INFO] Game Log: Strong Card gespielt (Verstärkt): +5 ⚔️

[90mstdout[2m | tests/core/game.test.js[2m > [22m[2mGame Core[2m > [22m[2mshould create enemies
[22m[39mAI Worker initialized
18:03:12 [INFO] 🔧 Debug Tools initialized. Access via window.game or window.debug
[Lazy] SoundManager initialized
18:03:12 [INFO] Game Log: Touch-Steuerung aktiviert
18:03:12 [INFO] Starting new game... Scenario: default
18:03:12 [INFO] Game Log: Runde 1: Tag
18:03:12 [INFO] Game Log: Szenario gestartet: Freiheit für die Minen
18:03:12 [INFO] Hero created: Goldyx (goldyx)
Spawned 5 enemies.
18:03:12 [DEBUG] Initial game state rendered.
18:03:12 [INFO] Game Log: Willkommen bei Mage Knight!
18:03:12 [INFO] Game Log: Ziele: 2 Minen befreien, 1 Festung erobern.

[90mstdout[2m | tests/core/game.test.js[2m > [22m[2mGame Core[2m > [22m[2mshould create enemies
[22m[39mSpawned 5 enemies.

[90mstdout[2m | tests/combat/combat_edge_cases.test.js[2m > [22m[2mMageKnightGame Coverage Boost v2[2m > [22m[2mshould handle UI modal listeners and tab switching
[22m[39mAI Worker initialized
18:03:12 [INFO] 🔧 Debug Tools initialized. Access via window.game or window.debug
[Lazy] SoundManager initialized
18:03:12 [INFO] Game Log: Touch-Steuerung aktiviert
18:03:12 [INFO] Starting new game... Scenario: default
18:03:12 [INFO] Game Log: Runde 1: Tag
18:03:12 [INFO] Game Log: Szenario gestartet: Freiheit für die Minen
18:03:12 [INFO] Hero created: Goldyx (goldyx)
Spawned 7 enemies.
18:03:12 [DEBUG] Initial game state rendered.
18:03:12 [INFO] Game Log: Willkommen bei Mage Knight!
18:03:12 [INFO] Game Log: Ziele: 2 Minen befreien, 1 Festung erobern.
18:03:12 [INFO] Starting new game... Scenario: default
18:03:12 [INFO] Game Log: Runde 1: Tag
18:03:12 [INFO] Game Log: Szenario gestartet: Freiheit für die Minen
18:03:12 [INFO] Hero created: Goldyx (goldyx)
Spawned 5 enemies.
18:03:12 [DEBUG] Initial game state rendered.
18:03:12 [INFO] Game Log: Willkommen bei Mage Knight!
18:03:12 [INFO] Game Log: Ziele: 2 Minen befreien, 1 Festung erobern.

[90mstdout[2m | tests/coverage_extended.test.js[2m > [22m[2mCoverage Gap Fill[2m > [22m[2mGame: Mouse Interactions[2m > [22m[2mshould initiate combat correctly
[22m[39mAI Worker initialized
18:03:12 [INFO] 🔧 Debug Tools initialized. Access via window.game or window.debug
[Lazy] SoundManager initialized
18:03:12 [INFO] Game Log: Touch-Steuerung aktiviert
18:03:12 [INFO] Starting new game... Scenario: default
18:03:12 [INFO] Game Log: Runde 1: Tag
18:03:12 [INFO] Game Log: Szenario gestartet: Freiheit für die Minen
18:03:12 [INFO] Hero created: Goldyx (goldyx)
Spawned 12 enemies.
18:03:12 [DEBUG] Initial game state rendered.
18:03:12 [INFO] Game Log: Willkommen bei Mage Knight!
18:03:12 [INFO] Game Log: Ziele: 2 Minen befreien, 1 Festung erobern.

[90mstderr[2m | tests/coverage_extended.test.js[2m > [22m[2mCoverage Gap Fill[2m > [22m[2mGame: Mouse Interactions[2m > [22m[2mshould initiate combat correctly
[22m[39mCanvas layer not found for particle system

[90mstdout[2m | tests/coverage_extended.test.js[2m > [22m[2mCoverage Gap Fill[2m > [22m[2mGame: Mouse Interactions[2m > [22m[2mshould initiate combat correctly
[22m[39m18:03:12 [INFO] Game Log: Kampf gegen Ork!
18:03:12 [INFO] Combat started against 1 enemies

[90mstdout[2m | tests/interaction_coverage.test.js[2m > [22m[2mInteractionController Coverage[2m > [22m[2mshould play basic effect when basic button is clicked
[22m[39mAI Worker initialized
18:03:12 [INFO] 🔧 Debug Tools initialized. Access via window.game or window.debug
[Lazy] SoundManager initialized
18:03:12 [INFO] Game Log: Touch-Steuerung aktiviert
18:03:12 [INFO] Starting new game... Scenario: default
18:03:12 [INFO] Game Log: Runde 1: Tag
18:03:12 [INFO] Game Log: Szenario gestartet: Freiheit für die Minen
18:03:12 [INFO] Hero created: Goldyx (goldyx)
Spawned 7 enemies.
18:03:12 [DEBUG] Initial game state rendered.
18:03:12 [INFO] Game Log: Willkommen bei Mage Knight!
18:03:12 [INFO] Game Log: Ziele: 2 Minen befreien, 1 Festung erobern.

[90mstdout[2m | tests/interaction_coverage.test.js[2m > [22m[2mInteractionController Coverage[2m > [22m[2mshould play basic effect when basic button is clicked
[22m[39m18:03:12 [INFO] Finalizing card play: Strong Card (Basic)
18:03:12 [INFO] Game Log: Strong Card gespielt : +2 ⚔️

[90mstdout[2m | tests/core/game.test.js[2m > [22m[2mGame Core[2m > [22m[2mshould handle canvas click (selection)
[22m[39mAI Worker initialized
18:03:12 [INFO] 🔧 Debug Tools initialized. Access via window.game or window.debug
[Lazy] SoundManager initialized
18:03:12 [INFO] Game Log: Touch-Steuerung aktiviert
18:03:12 [INFO] Starting new game... Scenario: default
18:03:12 [INFO] Game Log: Runde 1: Tag
18:03:12 [INFO] Game Log: Szenario gestartet: Freiheit für die Minen
18:03:13 [INFO] Hero created: Goldyx (goldyx)
Spawned 8 enemies.
18:03:13 [DEBUG] Initial game state rendered.
18:03:13 [INFO] Game Log: Willkommen bei Mage Knight!
18:03:13 [INFO] Game Log: Ziele: 2 Minen befreien, 1 Festung erobern.

[90mstdout[2m | tests/core/game.test.js[2m > [22m[2mGame Core[2m > [22m[2mshould handle canvas click (selection)
[22m[39m18:03:13 [DEBUG] Grid clicked at 0,0
18:03:13 [INFO] Game Log: Hex ausgewählt: 0,0 - Ebenen

[90mstdout[2m | tests/combat/combat_edge_cases.test.js[2m > [22m[2mMageKnightGame Coverage Boost v2[2m > [22m[2mshould handle keyboard shortcuts
[22m[39mAI Worker initialized
18:03:12 [INFO] 🔧 Debug Tools initialized. Access via window.game or window.debug
[Lazy] SoundManager initialized
18:03:12 [INFO] Game Log: Touch-Steuerung aktiviert
18:03:12 [INFO] Starting new game... Scenario: default
18:03:12 [INFO] Game Log: Runde 1: Tag
18:03:12 [INFO] Game Log: Szenario gestartet: Freiheit für die Minen
18:03:13 [INFO] Hero created: Goldyx (goldyx)
Spawned 8 enemies.
18:03:13 [DEBUG] Initial game state rendered.
18:03:13 [INFO] Game Log: Willkommen bei Mage Knight!
18:03:13 [INFO] Game Log: Ziele: 2 Minen befreien, 1 Festung erobern.
18:03:13 [INFO] Starting new game... Scenario: default
18:03:13 [INFO] Game Log: Runde 1: Tag
18:03:13 [INFO] Game Log: Szenario gestartet: Freiheit für die Minen
18:03:13 [INFO] Hero created: Goldyx (goldyx)
Spawned 7 enemies.
18:03:13 [DEBUG] Initial game state rendered.
18:03:13 [INFO] Game Log: Willkommen bei Mage Knight!
18:03:13 [INFO] Game Log: Ziele: 2 Minen befreien, 1 Festung erobern.

[90mstdout[2m | tests/combat/combat_edge_cases.test.js[2m > [22m[2mMageKnightGame Coverage Boost v2[2m > [22m[2mshould handle keyboard shortcuts
[22m[39mMock handleCardClick called
18:03:13 [INFO] Game Log: Karte 1 gespielt (Tastatur)

[90mstdout[2m | tests/coverage_extended.test.js[2m > [22m[2mCoverage Gap Fill[2m > [22m[2mGame: Statistics & Animation[2m > [22m[2mshould render session statistics
[22m[39mAI Worker initialized
18:03:12 [INFO] 🔧 Debug Tools initialized. Access via window.game or window.debug
[Lazy] SoundManager initialized
18:03:12 [INFO] Game Log: Touch-Steuerung aktiviert
18:03:13 [INFO] Starting new game... Scenario: default
18:03:13 [INFO] Game Log: Runde 1: Tag
18:03:13 [INFO] Game Log: Szenario gestartet: Freiheit für die Minen
18:03:13 [INFO] Hero created: Goldyx (goldyx)
Spawned 3 enemies.
18:03:13 [DEBUG] Initial game state rendered.
18:03:13 [INFO] Game Log: Willkommen bei Mage Knight!
18:03:13 [INFO] Game Log: Ziele: 2 Minen befreien, 1 Festung erobern.

[90mstderr[2m | tests/coverage_extended.test.js[2m > [22m[2mCoverage Gap Fill[2m > [22m[2mGame: Statistics & Animation[2m > [22m[2mshould render session statistics
[22m[39mCanvas layer not found for particle system

[90mstdout[2m | tests/interaction_coverage.test.js[2m > [22m[2mInteractionController Coverage[2m > [22m[2mshould close modal when close button is clicked
[22m[39mAI Worker initialized
18:03:13 [INFO] 🔧 Debug Tools initialized. Access via window.game or window.debug
[Lazy] SoundManager initialized
18:03:13 [INFO] Game Log: Touch-Steuerung aktiviert
18:03:13 [INFO] Starting new game... Scenario: default
18:03:13 [INFO] Game Log: Runde 1: Tag
18:03:13 [INFO] Game Log: Szenario gestartet: Freiheit für die Minen
18:03:13 [INFO] Hero created: Goldyx (goldyx)
Spawned 8 enemies.
18:03:13 [DEBUG] Initial game state rendered.
18:03:13 [INFO] Game Log: Willkommen bei Mage Knight!
18:03:13 [INFO] Game Log: Ziele: 2 Minen befreien, 1 Festung erobern.

[90mstdout[2m | tests/core/game.test.js[2m > [22m[2mGame Core[2m > [22m[2mshould enter movement mode
[22m[39mAI Worker initialized
18:03:13 [INFO] 🔧 Debug Tools initialized. Access via window.game or window.debug
[Lazy] SoundManager initialized
18:03:13 [INFO] Game Log: Touch-Steuerung aktiviert
18:03:13 [INFO] Starting new game... Scenario: default
18:03:13 [INFO] Game Log: Runde 1: Tag
18:03:13 [INFO] Game Log: Szenario gestartet: Freiheit für die Minen
18:03:13 [INFO] Hero created: Goldyx (goldyx)
Spawned 9 enemies.
18:03:13 [DEBUG] Initial game state rendered.
18:03:13 [INFO] Game Log: Willkommen bei Mage Knight!
18:03:13 [INFO] Game Log: Ziele: 2 Minen befreien, 1 Festung erobern.

[90mstdout[2m | tests/coverage_extended.test.js[2m > [22m[2mCoverage Gap Fill[2m > [22m[2mGame: Statistics & Animation[2m > [22m[2mshould render session statistics
[22m[39mAI Worker initialized
18:03:13 [INFO] 🔧 Debug Tools initialized. Access via window.game or window.debug
[Lazy] SoundManager initialized
18:03:13 [INFO] Game Log: Touch-Steuerung aktiviert
18:03:13 [INFO] Starting new game... Scenario: default
18:03:13 [INFO] Game Log: Runde 1: Tag
18:03:13 [INFO] Game Log: Szenario gestartet: Freiheit für die Minen
18:03:13 [INFO] Hero created: Goldyx (goldyx)
Spawned 9 enemies.
18:03:13 [DEBUG] Initial game state rendered.
18:03:13 [INFO] Game Log: Willkommen bei Mage Knight!
18:03:13 [INFO] Game Log: Ziele: 2 Minen befreien, 1 Festung erobern.
[Lazy] StatisticsManager initialized

[90mstderr[2m | tests/coverage_extended.test.js[2m > [22m[2mCoverage Gap Fill[2m > [22m[2mGame: Statistics & Animation[2m > [22m[2mshould render session statistics
[22m[39mCanvas layer not found for particle system

[90mstdout[2m | tests/interaction_coverage.test.js[2m > [22m[2mInteractionController Coverage[2m > [22m[2mshould play card in combat when combat is active
[22m[39mAI Worker initialized
18:03:13 [INFO] 🔧 Debug Tools initialized. Access via window.game or window.debug
[Lazy] SoundManager initialized
18:03:13 [INFO] Game Log: Touch-Steuerung aktiviert
18:03:13 [INFO] Starting new game... Scenario: default
18:03:13 [INFO] Game Log: Runde 1: Tag
18:03:13 [INFO] Game Log: Szenario gestartet: Freiheit für die Minen
18:03:13 [INFO] Hero created: Goldyx (goldyx)
Spawned 8 enemies.
18:03:13 [DEBUG] Initial game state rendered.
18:03:13 [INFO] Game Log: Willkommen bei Mage Knight!
18:03:13 [INFO] Game Log: Ziele: 2 Minen befreien, 1 Festung erobern.

[90mstdout[2m | tests/combat/combat_edge_cases.test.js[2m > [22m[2mMageKnightGame Coverage Boost v2[2m > [22m[2mshould handle movement discovery (enemy)
[22m[39mAI Worker initialized
18:03:13 [INFO] 🔧 Debug Tools initialized. Access via window.game or window.debug
[Lazy] SoundManager initialized
18:03:13 [INFO] Game Log: Touch-Steuerung aktiviert
18:03:13 [INFO] Starting new game... Scenario: default
18:03:13 [INFO] Game Log: Runde 1: Tag
18:03:13 [INFO] Game Log: Szenario gestartet: Freiheit für die Minen
18:03:13 [INFO] Hero created: Goldyx (goldyx)
Spawned 3 enemies.
18:03:13 [DEBUG] Initial game state rendered.
18:03:13 [INFO] Game Log: Willkommen bei Mage Knight!
18:03:13 [INFO] Game Log: Ziele: 2 Minen befreien, 1 Festung erobern.
18:03:13 [INFO] Starting new game... Scenario: default
18:03:13 [INFO] Game Log: Runde 1: Tag
18:03:13 [INFO] Game Log: Szenario gestartet: Freiheit für die Minen
18:03:13 [INFO] Hero created: Goldyx (goldyx)
Spawned 8 enemies.
18:03:13 [DEBUG] Initial game state rendered.
18:03:13 [INFO] Game Log: Willkommen bei Mage Knight!
18:03:13 [INFO] Game Log: Ziele: 2 Minen befreien, 1 Festung erobern.

[90mstdout[2m | tests/core/game.test.js[2m > [22m[2mGame Core[2m > [22m[2mshould exit movement mode
[22m[39mAI Worker initialized
18:03:13 [INFO] 🔧 Debug Tools initialized. Access via window.game or window.debug
[Lazy] SoundManager initialized
18:03:13 [INFO] Game Log: Touch-Steuerung aktiviert
18:03:13 [INFO] Starting new game... Scenario: default
18:03:13 [INFO] Game Log: Runde 1: Tag
18:03:13 [INFO] Game Log: Szenario gestartet: Freiheit für die Minen
18:03:13 [INFO] Hero created: Goldyx (goldyx)
Spawned 9 enemies.
18:03:13 [DEBUG] Initial game state rendered.
18:03:13 [INFO] Game Log: Willkommen bei Mage Knight!
18:03:13 [INFO] Game Log: Ziele: 2 Minen befreien, 1 Festung erobern.

[90mstdout[2m | tests/combat/combat_edge_cases.test.js[2m > [22m[2mMageKnightGame Coverage Boost v2[2m > [22m[2mshould handle movement discovery (enemy)
[22m[39m18:03:13 [DEBUG] Saving checkpoint for undo/redo
18:03:13 [INFO] Hero moved from 0,0 to 1,0 (Cost: 1, Points left: 4)

[90mstdout[2m | tests/combat/combat_edge_cases.test.js[2m > [22m[2mMageKnightGame Coverage Boost v2[2m > [22m[2mshould handle movement discovery (enemy)
[22m[39m[Lazy] StatisticsManager initialized
[Lazy] AchievementManager initialized

[90mstdout[2m | tests/coverage_extended.test.js[2m > [22m[2mCoverage Gap Fill[2m > [22m[2mGame: Statistics & Animation[2m > [22m[2mshould handle moveHero animation and callbacks (Explore & Encounter)
[22m[39mAI Worker initialized
18:03:13 [INFO] 🔧 Debug Tools initialized. Access via window.game or window.debug
[Lazy] SoundManager initialized
18:03:13 [INFO] Game Log: Touch-Steuerung aktiviert
18:03:13 [INFO] Starting new game... Scenario: default
18:03:13 [INFO] Game Log: Runde 1: Tag
18:03:13 [INFO] Game Log: Szenario gestartet: Freiheit für die Minen
18:03:13 [INFO] Hero created: Goldyx (goldyx)
Spawned 1 enemies.
18:03:13 [DEBUG] Initial game state rendered.
18:03:13 [INFO] Game Log: Willkommen bei Mage Knight!
18:03:13 [INFO] Game Log: Ziele: 2 Minen befreien, 1 Festung erobern.

[90mstderr[2m | tests/coverage_extended.test.js[2m > [22m[2mCoverage Gap Fill[2m > [22m[2mGame: Statistics & Animation[2m > [22m[2mshould handle moveHero animation and callbacks (Explore & Encounter)
[22m[39mCanvas layer not found for particle system

[90mstdout[2m | tests/coverage_extended.test.js[2m > [22m[2mCoverage Gap Fill[2m > [22m[2mGame: Statistics & Animation[2m > [22m[2mshould handle moveHero animation and callbacks (Explore & Encounter)
[22m[39m18:03:13 [DEBUG] Saving checkpoint for undo/redo
18:03:13 [INFO] Hero moved from 0,0 to 1,0 (Cost: 2, Points left: 8)

[90mstdout[2m | tests/coverage_extended.test.js[2m > [22m[2mCoverage Gap Fill[2m > [22m[2mGame: Statistics & Animation[2m > [22m[2mshould handle moveHero animation and callbacks (Explore & Encounter)
[22m[39m[Lazy] StatisticsManager initialized
[Lazy] AchievementManager initialized

[90mstdout[2m | tests/interaction_coverage.test.js[2m > [22m[2mInteractionController Coverage[2m > [22m[2mshould play strong card in combat when affordable
[22m[39mAI Worker initialized
18:03:13 [INFO] 🔧 Debug Tools initialized. Access via window.game or window.debug
[Lazy] SoundManager initialized
18:03:13 [INFO] Game Log: Touch-Steuerung aktiviert
18:03:13 [INFO] Starting new game... Scenario: default
18:03:13 [INFO] Game Log: Runde 1: Tag
18:03:13 [INFO] Game Log: Szenario gestartet: Freiheit für die Minen
18:03:13 [INFO] Hero created: Goldyx (goldyx)
Spawned 11 enemies.
18:03:13 [DEBUG] Initial game state rendered.
18:03:13 [INFO] Game Log: Willkommen bei Mage Knight!
18:03:13 [INFO] Game Log: Ziele: 2 Minen befreien, 1 Festung erobern.

[90mstdout[2m | tests/interaction_coverage.test.js[2m > [22m[2mInteractionController Coverage[2m > [22m[2mshould play strong card in combat when affordable
[22m[39m18:03:13 [INFO] Finalizing card play: Strong Attack (Strong)

[90mstdout[2m | tests/coverage_extended.test.js[2m > [22m[2mCoverage Gap Fill[2m > [22m[2mGame: Statistics & Animation[2m > [22m[2mshould handle moveHero animation and callbacks (Explore & Encounter)
[22m[39m18:03:13 [DEBUG] Saving checkpoint for undo/redo
18:03:13 [INFO] Hero moved from 0,0 to 1,0 (Cost: 2, Points left: 6)

[90mstdout[2m | tests/coverage_extended.test.js[2m > [22m[2mCoverage Gap Fill[2m > [22m[2mGame: Statistics & Animation[2m > [22m[2mshould handle moveHero animation and callbacks (Explore & Encounter)
[22m[39m18:03:13 [DEBUG] Saving checkpoint for undo/redo
18:03:13 [INFO] Hero moved from 0,0 to 1,0 (Cost: 2, Points left: 4)

[90mstdout[2m | tests/core/game.test.js[2m > [22m[2mGame Core[2m > [22m[2mshould end turn
[22m[39mAI Worker initialized
18:03:13 [INFO] 🔧 Debug Tools initialized. Access via window.game or window.debug
[Lazy] SoundManager initialized
18:03:13 [INFO] Game Log: Touch-Steuerung aktiviert
18:03:13 [INFO] Starting new game... Scenario: default
18:03:13 [INFO] Game Log: Runde 1: Tag
18:03:13 [INFO] Game Log: Szenario gestartet: Freiheit für die Minen
18:03:13 [INFO] Hero created: Goldyx (goldyx)
Spawned 5 enemies.
18:03:13 [DEBUG] Initial game state rendered.
18:03:13 [INFO] Game Log: Willkommen bei Mage Knight!
18:03:13 [INFO] Game Log: Ziele: 2 Minen befreien, 1 Festung erobern.

[90mstdout[2m | tests/coverage_extended.test.js[2m > [22m[2mCoverage Gap Fill[2m > [22m[2mGame: Statistics & Animation[2m > [22m[2mshould handle moveHero animation and callbacks (Explore & Encounter)
[22m[39m18:03:13 [INFO] Game Log: 🏆 Achievement: Entdecker - Erkunde 3 neue Gebiete
18:03:13 [INFO] Game Log: Belohnung: +2 Ruhm

[90mstdout[2m | tests/core/game.test.js[2m > [22m[2mGame Core[2m > [22m[2mshould end turn
[22m[39m[Lazy] StatisticsManager initialized
18:03:13 [INFO] Game Log: --- Zug 1 beendet ---
18:03:13 [INFO] Game Log: Neue Karten gezogen
[Lazy] AchievementManager initialized
18:03:13 [INFO] Game Log: Zug beendet.

[90mstdout[2m | tests/combat/combat_edge_cases.test.js[2m > [22m[2mMageKnightGame Coverage Boost v2[2m > [22m[2mshould handle combat card play and effects
[22m[39mAI Worker initialized
18:03:13 [INFO] 🔧 Debug Tools initialized. Access via window.game or window.debug
[Lazy] SoundManager initialized
18:03:13 [INFO] Game Log: Touch-Steuerung aktiviert
18:03:13 [INFO] Starting new game... Scenario: default
18:03:13 [INFO] Game Log: Runde 1: Tag
18:03:13 [INFO] Game Log: Szenario gestartet: Freiheit für die Minen
18:03:13 [INFO] Hero created: Goldyx (goldyx)
Spawned 5 enemies.
18:03:13 [DEBUG] Initial game state rendered.
18:03:13 [INFO] Game Log: Willkommen bei Mage Knight!
18:03:13 [INFO] Game Log: Ziele: 2 Minen befreien, 1 Festung erobern.
18:03:13 [INFO] Starting new game... Scenario: default
18:03:13 [INFO] Game Log: Runde 1: Tag
18:03:13 [INFO] Game Log: Szenario gestartet: Freiheit für die Minen
18:03:13 [INFO] Hero created: Goldyx (goldyx)
Spawned 5 enemies.
18:03:13 [DEBUG] Initial game state rendered.
18:03:13 [INFO] Game Log: Willkommen bei Mage Knight!
18:03:13 [INFO] Game Log: Ziele: 2 Minen befreien, 1 Festung erobern.

[90mstdout[2m | tests/combat/combat_edge_cases.test.js[2m > [22m[2mMageKnightGame Coverage Boost v2[2m > [22m[2mshould handle combat card play and effects
[22m[39m18:03:13 [DEBUG] Saving checkpoint for undo/redo
18:03:13 [INFO] Game Log: Karte gespielt: {card}

[90mstdout[2m | tests/interaction_coverage.test.js[2m > [22m[2mInteractionController Coverage[2m > [22m[2mshould initiate combat when clicking enemy on same hex
[22m[39mAI Worker initialized
18:03:13 [INFO] 🔧 Debug Tools initialized. Access via window.game or window.debug
[Lazy] SoundManager initialized
18:03:13 [INFO] Game Log: Touch-Steuerung aktiviert
18:03:13 [INFO] Starting new game... Scenario: default
18:03:13 [INFO] Game Log: Runde 1: Tag
18:03:13 [INFO] Game Log: Szenario gestartet: Freiheit für die Minen
18:03:13 [INFO] Hero created: Goldyx (goldyx)
Spawned 4 enemies.
18:03:13 [DEBUG] Initial game state rendered.
18:03:13 [INFO] Game Log: Willkommen bei Mage Knight!
18:03:13 [INFO] Game Log: Ziele: 2 Minen befreien, 1 Festung erobern.

[90mstdout[2m | tests/interaction_coverage.test.js[2m > [22m[2mInteractionController Coverage[2m > [22m[2mshould initiate combat when clicking enemy on same hex
[22m[39m18:03:13 [INFO] Game Log: Feind gefunden: Orc (Rüstung: 2, Angriff: 3)
18:03:13 [INFO] Game Log: Hex ausgewählt: 0,0 - Ebenen

[90mstdout[2m | tests/coverage_extended.test.js[2m > [22m[2mCoverage Gap Fill[2m > [22m[2mUI: Additional Coverage[2m > [22m[2mshould handle reset
[22m[39mAI Worker initialized
18:03:13 [INFO] 🔧 Debug Tools initialized. Access via window.game or window.debug
[Lazy] SoundManager initialized
18:03:13 [INFO] Game Log: Touch-Steuerung aktiviert
18:03:13 [INFO] Starting new game... Scenario: default
18:03:13 [INFO] Game Log: Runde 1: Tag
18:03:13 [INFO] Game Log: Szenario gestartet: Freiheit für die Minen
18:03:13 [INFO] Hero created: Goldyx (goldyx)
Spawned 4 enemies.
18:03:13 [DEBUG] Initial game state rendered.
18:03:13 [INFO] Game Log: Willkommen bei Mage Knight!
18:03:13 [INFO] Game Log: Ziele: 2 Minen befreien, 1 Festung erobern.

[90mstderr[2m | tests/coverage_extended.test.js[2m > [22m[2mCoverage Gap Fill[2m > [22m[2mUI: Additional Coverage[2m > [22m[2mshould handle reset
[22m[39mCanvas layer not found for particle system

[90mstdout[2m | tests/core/game.test.js[2m > [22m[2mGame Core[2m > [22m[2mshould initiate combat
[22m[39mAI Worker initialized
18:03:13 [INFO] 🔧 Debug Tools initialized. Access via window.game or window.debug
[Lazy] SoundManager initialized
18:03:13 [INFO] Game Log: Touch-Steuerung aktiviert
18:03:13 [INFO] Starting new game... Scenario: default
18:03:13 [INFO] Game Log: Runde 1: Tag
18:03:13 [INFO] Game Log: Szenario gestartet: Freiheit für die Minen
18:03:13 [INFO] Hero created: Goldyx (goldyx)
Spawned 3 enemies.
18:03:13 [DEBUG] Initial game state rendered.
18:03:13 [INFO] Game Log: Willkommen bei Mage Knight!
18:03:13 [INFO] Game Log: Ziele: 2 Minen befreien, 1 Festung erobern.

[90mstdout[2m | tests/core/game.test.js[2m > [22m[2mGame Core[2m > [22m[2mshould initiate combat
[22m[39m18:03:13 [INFO] Game Log: Kampf gegen Orc!
18:03:13 [INFO] Combat started against 1 enemies

[90mstdout[2m | tests/interaction_coverage.test.js[2m > [22m[2mInteractionController Coverage[2m > [22m[2mshould handle wounds and invalid clicks
[22m[39mAI Worker initialized
18:03:13 [INFO] 🔧 Debug Tools initialized. Access via window.game or window.debug
[Lazy] SoundManager initialized
18:03:13 [INFO] Game Log: Touch-Steuerung aktiviert
18:03:13 [INFO] Starting new game... Scenario: default
18:03:13 [INFO] Game Log: Runde 1: Tag
18:03:13 [INFO] Game Log: Szenario gestartet: Freiheit für die Minen
18:03:13 [INFO] Hero created: Goldyx (goldyx)
Spawned 6 enemies.
18:03:13 [DEBUG] Initial game state rendered.
18:03:13 [INFO] Game Log: Willkommen bei Mage Knight!
18:03:13 [INFO] Game Log: Ziele: 2 Minen befreien, 1 Festung erobern.

[90mstdout[2m | tests/interaction_coverage.test.js[2m > [22m[2mInteractionController Coverage[2m > [22m[2mshould handle wounds and invalid clicks
[22m[39m18:03:13 [INFO] Game Log: Verletzungen können nicht gespielt werden.

[90mstdout[2m | tests/combat/combat_edge_cases.test.js[2m > [22m[2mMageKnightGame Coverage Boost v2[2m > [22m[2mshould render achievements with unlocked state
[22m[39mAI Worker initialized
18:03:13 [INFO] 🔧 Debug Tools initialized. Access via window.game or window.debug
[Lazy] SoundManager initialized
18:03:13 [INFO] Game Log: Touch-Steuerung aktiviert
18:03:13 [INFO] Starting new game... Scenario: default
18:03:13 [INFO] Game Log: Runde 1: Tag
18:03:13 [INFO] Game Log: Szenario gestartet: Freiheit für die Minen
18:03:13 [INFO] Hero created: Goldyx (goldyx)
Spawned 5 enemies.
18:03:13 [DEBUG] Initial game state rendered.
18:03:13 [INFO] Game Log: Willkommen bei Mage Knight!
18:03:13 [INFO] Game Log: Ziele: 2 Minen befreien, 1 Festung erobern.
18:03:13 [INFO] Starting new game... Scenario: default
18:03:13 [INFO] Game Log: Runde 1: Tag
18:03:13 [INFO] Game Log: Szenario gestartet: Freiheit für die Minen
18:03:13 [INFO] Hero created: Goldyx (goldyx)
Spawned 6 enemies.
18:03:13 [DEBUG] Initial game state rendered.
18:03:13 [INFO] Game Log: Willkommen bei Mage Knight!
18:03:13 [INFO] Game Log: Ziele: 2 Minen befreien, 1 Festung erobern.

[90mstdout[2m | tests/coverage_extended.test.js[2m > [22m[2mCoverage Gap Fill[2m > [22m[2mUI: Additional Coverage[2m > [22m[2mshould handle combat unit rendering and interactions
[22m[39mAI Worker initialized
18:03:13 [INFO] 🔧 Debug Tools initialized. Access via window.game or window.debug
[Lazy] SoundManager initialized
18:03:13 [INFO] Game Log: Touch-Steuerung aktiviert
18:03:13 [INFO] Starting new game... Scenario: default
18:03:13 [INFO] Game Log: Runde 1: Tag
18:03:13 [INFO] Game Log: Szenario gestartet: Freiheit für die Minen
18:03:13 [INFO] Hero created: Goldyx (goldyx)
Spawned 3 enemies.
18:03:13 [DEBUG] Initial game state rendered.
18:03:13 [INFO] Game Log: Willkommen bei Mage Knight!
18:03:13 [INFO] Game Log: Ziele: 2 Minen befreien, 1 Festung erobern.

[90mstderr[2m | tests/coverage_extended.test.js[2m > [22m[2mCoverage Gap Fill[2m > [22m[2mUI: Additional Coverage[2m > [22m[2mshould handle combat unit rendering and interactions
[22m[39mCanvas layer not found for particle system

[90mstdout[2m | tests/combat/combat_edge_cases.test.js[2m > [22m[2mMageKnightGame Coverage Boost v2[2m > [22m[2mshould render achievements with unlocked state
[22m[39m[Lazy] AchievementManager initialized

[90mstdout[2m | tests/core/game.test.js[2m > [22m[2mGame Core[2m > [22m[2mHealing Logic[2m > [22m[2mshould apply healing correctly
[22m[39mAI Worker initialized
18:03:13 [INFO] 🔧 Debug Tools initialized. Access via window.game or window.debug
[Lazy] SoundManager initialized
18:03:13 [INFO] Game Log: Touch-Steuerung aktiviert
18:03:13 [INFO] Starting new game... Scenario: default
18:03:13 [INFO] Game Log: Runde 1: Tag
18:03:13 [INFO] Game Log: Szenario gestartet: Freiheit für die Minen
18:03:13 [INFO] Hero created: Goldyx (goldyx)
Spawned 7 enemies.
18:03:13 [DEBUG] Initial game state rendered.
18:03:13 [INFO] Game Log: Willkommen bei Mage Knight!
18:03:13 [INFO] Game Log: Ziele: 2 Minen befreien, 1 Festung erobern.

[90mstdout[2m | tests/core/game.test.js[2m > [22m[2mGame Core[2m > [22m[2mHealing Logic[2m > [22m[2mshould apply healing correctly
[22m[39m18:03:13 [INFO] Game Log: Verletzung geheilt!

[90mstdout[2m | tests/interaction_coverage.test.js[2m > [22m[2mInteractionController Coverage[2m > [22m[2mshould close modal when clicking outside (on modal background)
[22m[39mAI Worker initialized
18:03:13 [INFO] 🔧 Debug Tools initialized. Access via window.game or window.debug
[Lazy] SoundManager initialized
18:03:13 [INFO] Game Log: Touch-Steuerung aktiviert
18:03:13 [INFO] Starting new game... Scenario: default
18:03:13 [INFO] Game Log: Runde 1: Tag
18:03:13 [INFO] Game Log: Szenario gestartet: Freiheit für die Minen
18:03:13 [INFO] Hero created: Goldyx (goldyx)
Spawned 4 enemies.
18:03:13 [DEBUG] Initial game state rendered.
18:03:13 [INFO] Game Log: Willkommen bei Mage Knight!
18:03:13 [INFO] Game Log: Ziele: 2 Minen befreien, 1 Festung erobern.

[90mstdout[2m | tests/core/game.test.js[2m > [22m[2mGame Core[2m > [22m[2mHealing Logic[2m > [22m[2mshould NOT apply healing if no wounds
[22m[39mAI Worker initialized
18:03:13 [INFO] 🔧 Debug Tools initialized. Access via window.game or window.debug
[Lazy] SoundManager initialized
18:03:13 [INFO] Game Log: Touch-Steuerung aktiviert
18:03:13 [INFO] Starting new game... Scenario: default
18:03:13 [INFO] Game Log: Runde 1: Tag
18:03:13 [INFO] Game Log: Szenario gestartet: Freiheit für die Minen
18:03:13 [INFO] Hero created: Goldyx (goldyx)
Spawned 6 enemies.
18:03:13 [DEBUG] Initial game state rendered.
18:03:13 [INFO] Game Log: Willkommen bei Mage Knight!
18:03:13 [INFO] Game Log: Ziele: 2 Minen befreien, 1 Festung erobern.

[90mstdout[2m | tests/core/game.test.js[2m > [22m[2mGame Core[2m > [22m[2mHealing Logic[2m > [22m[2mshould NOT apply healing if no wounds
[22m[39m18:03:13 [INFO] Game Log: Keine Verletzungen zum Heilen.

[90mstdout[2m | tests/combat/combat_edge_cases.test.js[2m > [22m[2mMageKnightGame Coverage Boost v2[2m > [22m[2mshould render session statistics
[22m[39mAI Worker initialized
18:03:13 [INFO] 🔧 Debug Tools initialized. Access via window.game or window.debug
[Lazy] SoundManager initialized
18:03:13 [INFO] Game Log: Touch-Steuerung aktiviert
18:03:13 [INFO] Starting new game... Scenario: default
18:03:13 [INFO] Game Log: Runde 1: Tag
18:03:13 [INFO] Game Log: Szenario gestartet: Freiheit für die Minen
18:03:13 [INFO] Hero created: Goldyx (goldyx)
Spawned 7 enemies.
18:03:13 [DEBUG] Initial game state rendered.
18:03:13 [INFO] Game Log: Willkommen bei Mage Knight!
18:03:13 [INFO] Game Log: Ziele: 2 Minen befreien, 1 Festung erobern.
18:03:13 [INFO] Starting new game... Scenario: default
18:03:13 [INFO] Game Log: Runde 1: Tag
18:03:13 [INFO] Game Log: Szenario gestartet: Freiheit für die Minen
18:03:13 [INFO] Hero created: Goldyx (goldyx)
Spawned 11 enemies.
18:03:13 [DEBUG] Initial game state rendered.
18:03:13 [INFO] Game Log: Willkommen bei Mage Knight!
18:03:13 [INFO] Game Log: Ziele: 2 Minen befreien, 1 Festung erobern.

[90mstdout[2m | tests/combat/combat_edge_cases.test.js[2m > [22m[2mMageKnightGame Coverage Boost v2[2m > [22m[2mshould render session statistics
[22m[39m[Lazy] StatisticsManager initialized

[90mstdout[2m | tests/coverage_extended.test.js[2m > [22m[2mCoverage Gap Fill[2m > [22m[2mGame: Deep Logic[2m > [22m[2mshould handle level up process
[22m[39mAI Worker initialized
18:03:13 [INFO] 🔧 Debug Tools initialized. Access via window.game or window.debug
[Lazy] SoundManager initialized
18:03:13 [INFO] Game Log: Touch-Steuerung aktiviert
18:03:13 [INFO] Starting new game... Scenario: default
18:03:13 [INFO] Game Log: Runde 1: Tag
18:03:13 [INFO] Game Log: Szenario gestartet: Freiheit für die Minen
18:03:13 [INFO] Hero created: Goldyx (goldyx)
Spawned 5 enemies.
18:03:13 [DEBUG] Initial game state rendered.
18:03:13 [INFO] Game Log: Willkommen bei Mage Knight!
18:03:13 [INFO] Game Log: Ziele: 2 Minen befreien, 1 Festung erobern.

[90mstderr[2m | tests/coverage_extended.test.js[2m > [22m[2mCoverage Gap Fill[2m > [22m[2mGame: Deep Logic[2m > [22m[2mshould handle level up process
[22m[39mCanvas layer not found for particle system

[90mstdout[2m | tests/interaction_coverage.test.js[2m > [22m[2mInteractionController Coverage[2m > [22m[2mshould prevent right-click actions in combat or on wounds
[22m[39mAI Worker initialized
18:03:13 [INFO] 🔧 Debug Tools initialized. Access via window.game or window.debug
[Lazy] SoundManager initialized
18:03:13 [INFO] Game Log: Touch-Steuerung aktiviert
18:03:13 [INFO] Starting new game... Scenario: default
18:03:13 [INFO] Game Log: Runde 1: Tag
18:03:13 [INFO] Game Log: Szenario gestartet: Freiheit für die Minen
18:03:13 [INFO] Hero created: Goldyx (goldyx)
Spawned 7 enemies.
18:03:13 [DEBUG] Initial game state rendered.
18:03:13 [INFO] Game Log: Willkommen bei Mage Knight!
18:03:13 [INFO] Game Log: Ziele: 2 Minen befreien, 1 Festung erobern.

[90mstdout[2m | tests/coverage_extended.test.js[2m > [22m[2mCoverage Gap Fill[2m > [22m[2mGame: Deep Logic[2m > [22m[2mshould handle level up process
[22m[39m18:03:13 [INFO] Game Log: Fertigkeit gelernt: undefined
18:03:13 [INFO] Game Log: Karte erhalten (auf die Hand): C1

[90mstdout[2m | tests/core/game.test.js[2m > [22m[2mGame Core[2m > [22m[2mSystem Transitions[2m > [22m[2mshould reset game state
[22m[39mAI Worker initialized
18:03:13 [INFO] 🔧 Debug Tools initialized. Access via window.game or window.debug
[Lazy] SoundManager initialized
18:03:13 [INFO] Game Log: Touch-Steuerung aktiviert
18:03:13 [INFO] Starting new game... Scenario: default
18:03:13 [INFO] Game Log: Runde 1: Tag
18:03:13 [INFO] Game Log: Szenario gestartet: Freiheit für die Minen
18:03:13 [INFO] Hero created: Goldyx (goldyx)
Spawned 7 enemies.
18:03:13 [DEBUG] Initial game state rendered.
18:03:13 [INFO] Game Log: Willkommen bei Mage Knight!
18:03:13 [INFO] Game Log: Ziele: 2 Minen befreien, 1 Festung erobern.

[90mstdout[2m | tests/interaction_coverage.test.js[2m > [22m[2mInteractionController Coverage[2m > [22m[2mshould handle sideways card play via modal
[22m[39mAI Worker initialized
18:03:13 [INFO] 🔧 Debug Tools initialized. Access via window.game or window.debug
[Lazy] SoundManager initialized
18:03:13 [INFO] Game Log: Touch-Steuerung aktiviert
18:03:13 [INFO] Starting new game... Scenario: default
18:03:13 [INFO] Game Log: Runde 1: Tag
18:03:13 [INFO] Game Log: Szenario gestartet: Freiheit für die Minen
18:03:13 [INFO] Hero created: Goldyx (goldyx)
Spawned 11 enemies.
18:03:13 [DEBUG] Initial game state rendered.
18:03:13 [INFO] Game Log: Willkommen bei Mage Knight!
18:03:13 [INFO] Game Log: Ziele: 2 Minen befreien, 1 Festung erobern.

[90mstdout[2m | tests/coverage_extended.test.js[2m > [22m[2mCoverage Gap Fill[2m > [22m[2mGame: Deep Logic[2m > [22m[2mshould handle debug teleport
[22m[39mAI Worker initialized
18:03:13 [INFO] 🔧 Debug Tools initialized. Access via window.game or window.debug
[Lazy] SoundManager initialized
18:03:13 [INFO] Game Log: Touch-Steuerung aktiviert
18:03:13 [INFO] Starting new game... Scenario: default
18:03:13 [INFO] Game Log: Runde 1: Tag
18:03:13 [INFO] Game Log: Szenario gestartet: Freiheit für die Minen
18:03:13 [INFO] Hero created: Goldyx (goldyx)
Spawned 7 enemies.
18:03:13 [DEBUG] Initial game state rendered.
18:03:13 [INFO] Game Log: Willkommen bei Mage Knight!
18:03:13 [INFO] Game Log: Ziele: 2 Minen befreien, 1 Festung erobern.

[90mstderr[2m | tests/coverage_extended.test.js[2m > [22m[2mCoverage Gap Fill[2m > [22m[2mGame: Deep Logic[2m > [22m[2mshould handle debug teleport
[22m[39mCanvas layer not found for particle system

[90mstdout[2m | tests/coverage_extended.test.js[2m > [22m[2mCoverage Gap Fill[2m > [22m[2mGame: Deep Logic[2m > [22m[2mshould handle debug teleport
[22m[39m18:03:13 [DEBUG] Grid clicked at 5,5
18:03:13 [INFO] Game Log: Debug: Teleported to 5,5

[90mstdout[2m | tests/interaction_coverage.test.js[2m > [22m[2mInteractionController Coverage[2m > [22m[2mshould handle sideways card play via modal
[22m[39m18:03:13 [INFO] Game Log: Normal seitlich gespielt: +1 👣

[90mstdout[2m | tests/combat/combat_edge_cases.test.js[2m > [22m[2mMageKnightGame Coverage Boost v2[2m > [22m[2mshould handle canvas mouse move for various hex contents
[22m[39mAI Worker initialized
18:03:13 [INFO] 🔧 Debug Tools initialized. Access via window.game or window.debug
[Lazy] SoundManager initialized
18:03:13 [INFO] Game Log: Touch-Steuerung aktiviert
18:03:13 [INFO] Starting new game... Scenario: default
18:03:13 [INFO] Game Log: Runde 1: Tag
18:03:13 [INFO] Game Log: Szenario gestartet: Freiheit für die Minen
18:03:13 [INFO] Hero created: Goldyx (goldyx)
Spawned 2 enemies.
18:03:13 [DEBUG] Initial game state rendered.
18:03:13 [INFO] Game Log: Willkommen bei Mage Knight!
18:03:13 [INFO] Game Log: Ziele: 2 Minen befreien, 1 Festung erobern.
18:03:13 [INFO] Starting new game... Scenario: default
18:03:13 [INFO] Game Log: Runde 1: Tag
18:03:13 [INFO] Game Log: Szenario gestartet: Freiheit für die Minen
18:03:13 [INFO] Hero created: Goldyx (goldyx)
Spawned 6 enemies.
18:03:13 [DEBUG] Initial game state rendered.
18:03:13 [INFO] Game Log: Willkommen bei Mage Knight!
18:03:13 [INFO] Game Log: Ziele: 2 Minen befreien, 1 Festung erobern.

 [32m✓[39m tests/interaction_coverage.test.js [2m([22m[2m11 tests[22m[2m)[22m[33m 1283[2mms[22m[39m
     [33m[2m✓[22m[39m should show card play modal when card has strong effect and hero can afford it [33m 302[2mms[22m[39m
[90mstdout[2m | tests/core/game.test.js[2m > [22m[2mGame Core[2m > [22m[2mSystem Transitions[2m > [22m[2mshould initialize system with touch controls
[22m[39mAI Worker initialized
18:03:13 [INFO] 🔧 Debug Tools initialized. Access via window.game or window.debug
[Lazy] SoundManager initialized
18:03:13 [INFO] Game Log: Touch-Steuerung aktiviert
18:03:13 [INFO] Starting new game... Scenario: default
18:03:13 [INFO] Game Log: Runde 1: Tag
18:03:13 [INFO] Game Log: Szenario gestartet: Freiheit für die Minen
18:03:13 [INFO] Hero created: Goldyx (goldyx)
Spawned 7 enemies.
18:03:13 [DEBUG] Initial game state rendered.
18:03:13 [INFO] Game Log: Willkommen bei Mage Knight!
18:03:13 [INFO] Game Log: Ziele: 2 Minen befreien, 1 Festung erobern.

[90mstdout[2m | tests/combat/combat_edge_cases.test.js[2m > [22m[2mMageKnightGame Coverage Boost v2[2m > [22m[2mshould hide tooltip when moving over empty revealed hex
[22m[39mAI Worker initialized
18:03:13 [INFO] 🔧 Debug Tools initialized. Access via window.game or window.debug
[Lazy] SoundManager initialized
18:03:13 [INFO] Game Log: Touch-Steuerung aktiviert
18:03:13 [INFO] Starting new game... Scenario: default
18:03:13 [INFO] Game Log: Runde 1: Tag
18:03:13 [INFO] Game Log: Szenario gestartet: Freiheit für die Minen
18:03:13 [INFO] Hero created: Goldyx (goldyx)
Spawned 8 enemies.
18:03:13 [DEBUG] Initial game state rendered.
18:03:13 [INFO] Game Log: Willkommen bei Mage Knight!
18:03:13 [INFO] Game Log: Ziele: 2 Minen befreien, 1 Festung erobern.
18:03:13 [INFO] Starting new game... Scenario: default
18:03:13 [INFO] Game Log: Runde 1: Tag
18:03:13 [INFO] Game Log: Szenario gestartet: Freiheit für die Minen
18:03:13 [INFO] Hero created: Goldyx (goldyx)
Spawned 6 enemies.
18:03:13 [DEBUG] Initial game state rendered.
18:03:13 [INFO] Game Log: Willkommen bei Mage Knight!
18:03:13 [INFO] Game Log: Ziele: 2 Minen befreien, 1 Festung erobern.

[90mstdout[2m | tests/core/game.test.js[2m > [22m[2mGame Core[2m > [22m[2mSystem Transitions[2m > [22m[2mshould initialize system with touch controls
[22m[39m18:03:13 [INFO] Game Log: Touch-Steuerung aktiviert

 [32m✓[39m tests/core/game.test.js [2m([22m[2m12 tests[22m[2m)[22m[33m 1432[2mms[22m[39m
     [33m[2m✓[22m[39m should initialize game state [33m 310[2mms[22m[39m
[90mstdout[2m | tests/coverage_extended.test.js[2m > [22m[2mCoverage Gap Fill[2m > [22m[2mGame: Deep Logic[2m > [22m[2mshould handle mana interaction
[22m[39mAI Worker initialized
18:03:13 [INFO] 🔧 Debug Tools initialized. Access via window.game or window.debug
[Lazy] SoundManager initialized
18:03:13 [INFO] Game Log: Touch-Steuerung aktiviert
18:03:13 [INFO] Starting new game... Scenario: default
18:03:13 [INFO] Game Log: Runde 1: Tag
18:03:13 [INFO] Game Log: Szenario gestartet: Freiheit für die Minen
18:03:13 [INFO] Hero created: Goldyx (goldyx)
Spawned 6 enemies.
18:03:13 [DEBUG] Initial game state rendered.
18:03:13 [INFO] Game Log: Willkommen bei Mage Knight!
18:03:13 [INFO] Game Log: Ziele: 2 Minen befreien, 1 Festung erobern.

[90mstderr[2m | tests/coverage_extended.test.js[2m > [22m[2mCoverage Gap Fill[2m > [22m[2mGame: Deep Logic[2m > [22m[2mshould handle mana interaction
[22m[39mCanvas layer not found for particle system

[90mstdout[2m | tests/coverage_extended.test.js[2m > [22m[2mCoverage Gap Fill[2m > [22m[2mGame: Deep Logic[2m > [22m[2mshould handle mana interaction
[22m[39m18:03:13 [DEBUG] Saving checkpoint for undo/redo
18:03:13 [INFO] Game Log: Mana genommen: red

[90mstdout[2m | tests/coverage_extended.test.js[2m > [22m[2mCoverage Gap Fill[2m > [22m[2mGame: Deep Logic[2m > [22m[2mshould handle endTurn and round reset
[22m[39mAI Worker initialized
18:03:13 [INFO] 🔧 Debug Tools initialized. Access via window.game or window.debug
[Lazy] SoundManager initialized
18:03:13 [INFO] Game Log: Touch-Steuerung aktiviert
18:03:13 [INFO] Starting new game... Scenario: default
18:03:14 [INFO] Game Log: Runde 1: Tag
18:03:14 [INFO] Game Log: Szenario gestartet: Freiheit für die Minen
18:03:14 [INFO] Hero created: Goldyx (goldyx)
Spawned 7 enemies.
18:03:14 [DEBUG] Initial game state rendered.
18:03:14 [INFO] Game Log: Willkommen bei Mage Knight!
18:03:14 [INFO] Game Log: Ziele: 2 Minen befreien, 1 Festung erobern.

[90mstderr[2m | tests/coverage_extended.test.js[2m > [22m[2mCoverage Gap Fill[2m > [22m[2mGame: Deep Logic[2m > [22m[2mshould handle endTurn and round reset
[22m[39mCanvas layer not found for particle system

[90mstdout[2m | tests/combat/combat_edge_cases.test.js[2m > [22m[2mMageKnightGame Coverage Boost v2[2m > [22m[2mshould handle canvas mouse move properly with hex exists check
[22m[39mAI Worker initialized
18:03:13 [INFO] 🔧 Debug Tools initialized. Access via window.game or window.debug
[Lazy] SoundManager initialized
18:03:13 [INFO] Game Log: Touch-Steuerung aktiviert
18:03:13 [INFO] Starting new game... Scenario: default
18:03:13 [INFO] Game Log: Runde 1: Tag
18:03:13 [INFO] Game Log: Szenario gestartet: Freiheit für die Minen
18:03:14 [INFO] Hero created: Goldyx (goldyx)
Spawned 7 enemies.
18:03:14 [DEBUG] Initial game state rendered.
18:03:14 [INFO] Game Log: Willkommen bei Mage Knight!
18:03:14 [INFO] Game Log: Ziele: 2 Minen befreien, 1 Festung erobern.
18:03:14 [INFO] Starting new game... Scenario: default
18:03:14 [INFO] Game Log: Runde 1: Tag
18:03:14 [INFO] Game Log: Szenario gestartet: Freiheit für die Minen
18:03:14 [INFO] Hero created: Goldyx (goldyx)
Spawned 2 enemies.
18:03:14 [DEBUG] Initial game state rendered.
18:03:14 [INFO] Game Log: Willkommen bei Mage Knight!
18:03:14 [INFO] Game Log: Ziele: 2 Minen befreien, 1 Festung erobern.

 [32m✓[39m tests/combat/combat_edge_cases.test.js [2m([22m[2m10 tests[22m[2m)[22m[33m 1641[2mms[22m[39m
     [33m[2m✓[22m[39m should handle sound toggle interactions [33m 361[2mms[22m[39m
[90mstdout[2m | tests/coverage_extended.test.js[2m > [22m[2mCoverage Gap Fill[2m > [22m[2mGame: Deep Logic[2m > [22m[2mshould handle endTurn and round reset
[22m[39m[Lazy] StatisticsManager initialized
18:03:14 [INFO] Game Log: --- Zug 1 beendet ---
18:03:14 [INFO] Game Log: Neue Karten gezogen
[Lazy] AchievementManager initialized
[SaveManager] Game saved to slot: slot_auto
18:03:14 [INFO] Game Log: Zug beendet.
[SaveManager] Game saved to slot: slot_auto

[90mstdout[2m | tests/coverage_extended.test.js[2m > [22m[2mCoverage Gap Fill[2m > [22m[2mGame: Deep Logic[2m > [22m[2mshould handle victory condition
[22m[39mAI Worker initialized
18:03:14 [INFO] 🔧 Debug Tools initialized. Access via window.game or window.debug
[Lazy] SoundManager initialized
18:03:14 [INFO] Game Log: Touch-Steuerung aktiviert
18:03:14 [INFO] Starting new game... Scenario: default
18:03:14 [INFO] Game Log: Runde 1: Tag
18:03:14 [INFO] Game Log: Szenario gestartet: Freiheit für die Minen
18:03:14 [INFO] Hero created: Goldyx (goldyx)
Spawned 9 enemies.
18:03:14 [DEBUG] Initial game state rendered.
18:03:14 [INFO] Game Log: Willkommen bei Mage Knight!
18:03:14 [INFO] Game Log: Ziele: 2 Minen befreien, 1 Festung erobern.

[90mstderr[2m | tests/coverage_extended.test.js[2m > [22m[2mCoverage Gap Fill[2m > [22m[2mGame: Deep Logic[2m > [22m[2mshould handle victory condition
[22m[39mCanvas layer not found for particle system

[90mstdout[2m | tests/coverage_extended.test.js[2m > [22m[2mCoverage Gap Fill[2m > [22m[2mGame: Deep Logic[2m > [22m[2mshould handle victory condition
[22m[39m18:03:14 [INFO] Game Log: --- Zug 2 beendet ---
18:03:14 [INFO] Game Log: Neue Karten gezogen
18:03:14 [INFO] Game Log: 🎉 SIEG! Alle Feinde wurden besiegt!
18:03:14 [INFO] Game Log: Zug beendet.

[90mstdout[2m | tests/coverage_extended.test.js[2m > [22m[2mCoverage Gap Fill[2m > [22m[2mGame: Deep Logic[2m > [22m[2mshould render boss tooltip
[22m[39mAI Worker initialized
18:03:14 [INFO] 🔧 Debug Tools initialized. Access via window.game or window.debug
[Lazy] SoundManager initialized
18:03:14 [INFO] Game Log: Touch-Steuerung aktiviert
18:03:14 [INFO] Starting new game... Scenario: default
18:03:14 [INFO] Game Log: Runde 1: Tag
18:03:14 [INFO] Game Log: Szenario gestartet: Freiheit für die Minen
18:03:14 [INFO] Hero created: Goldyx (goldyx)
Spawned 7 enemies.
18:03:14 [DEBUG] Initial game state rendered.
18:03:14 [INFO] Game Log: Willkommen bei Mage Knight!
18:03:14 [INFO] Game Log: Ziele: 2 Minen befreien, 1 Festung erobern.

[90mstderr[2m | tests/coverage_extended.test.js[2m > [22m[2mCoverage Gap Fill[2m > [22m[2mGame: Deep Logic[2m > [22m[2mshould render boss tooltip
[22m[39mCanvas layer not found for particle system

 [32m✓[39m tests/animations_coverage.test.js [2m([22m[2m3 tests[22m[2m)[22m[33m 1529[2mms[22m[39m
       [33m[2m✓[22m[39m should resolve after animation completes [33m 520[2mms[22m[39m
       [33m[2m✓[22m[39m should animate draw with delay [33m 603[2mms[22m[39m
       [33m[2m✓[22m[39m should remove element after animation [33m 403[2mms[22m[39m
[90mstdout[2m | tests/coverage_extended.test.js[2m > [22m[2mCoverage Gap Fill[2m > [22m[2mGame: Deep Logic[2m > [22m[2mshould cover updateStats logic
[22m[39mAI Worker initialized
18:03:14 [INFO] 🔧 Debug Tools initialized. Access via window.game or window.debug
[Lazy] SoundManager initialized
18:03:14 [INFO] Game Log: Touch-Steuerung aktiviert
18:03:14 [INFO] Starting new game... Scenario: default
18:03:14 [INFO] Game Log: Runde 1: Tag
18:03:14 [INFO] Game Log: Szenario gestartet: Freiheit für die Minen
18:03:14 [INFO] Hero created: Goldyx (goldyx)
Spawned 7 enemies.
18:03:14 [DEBUG] Initial game state rendered.
18:03:14 [INFO] Game Log: Willkommen bei Mage Knight!
18:03:14 [INFO] Game Log: Ziele: 2 Minen befreien, 1 Festung erobern.

[90mstderr[2m | tests/coverage_extended.test.js[2m > [22m[2mCoverage Gap Fill[2m > [22m[2mGame: Deep Logic[2m > [22m[2mshould cover updateStats logic
[22m[39mCanvas layer not found for particle system

[90mstdout[2m | tests/coverage_extended.test.js[2m > [22m[2mCoverage Gap Fill[2m > [22m[2mGame: Deep Logic[2m > [22m[2mshould handle complex combat card effects
[22m[39mAI Worker initialized
18:03:14 [INFO] 🔧 Debug Tools initialized. Access via window.game or window.debug
[Lazy] SoundManager initialized
18:03:14 [INFO] Game Log: Touch-Steuerung aktiviert
18:03:14 [INFO] Starting new game... Scenario: default
18:03:14 [INFO] Game Log: Runde 1: Tag
18:03:14 [INFO] Game Log: Szenario gestartet: Freiheit für die Minen
18:03:14 [INFO] Hero created: Goldyx (goldyx)
Spawned 4 enemies.
18:03:14 [DEBUG] Initial game state rendered.
18:03:14 [INFO] Game Log: Willkommen bei Mage Knight!
18:03:14 [INFO] Game Log: Ziele: 2 Minen befreien, 1 Festung erobern.

[90mstderr[2m | tests/coverage_extended.test.js[2m > [22m[2mCoverage Gap Fill[2m > [22m[2mGame: Deep Logic[2m > [22m[2mshould handle complex combat card effects
[22m[39mCanvas layer not found for particle system

[90mstdout[2m | tests/coverage_extended.test.js[2m > [22m[2mCoverage Gap Fill[2m > [22m[2mGame: Deep Logic[2m > [22m[2mshould handle complex combat card effects
[22m[39m18:03:14 [DEBUG] Saving checkpoint for undo/redo
18:03:14 [INFO] Game Log: Karte gespielt: Fireball
18:03:14 [DEBUG] Saving checkpoint for undo/redo
18:03:14 [INFO] Game Log: Karte gespielt: Catapult
18:03:14 [DEBUG] Saving checkpoint for undo/redo
18:03:14 [INFO] Game Log: Karte gespielt: Holy Strike
18:03:14 [DEBUG] Saving checkpoint for undo/redo
18:03:14 [INFO] Game Log: Karte gespielt: Shield

[90mstdout[2m | tests/coverage_extended.test.js[2m > [22m[2mCoverage Gap Fill[2m > [22m[2mGame: Deep Logic[2m > [22m[2mshould calculate reachable hexes correctly
[22m[39mAI Worker initialized
18:03:14 [INFO] 🔧 Debug Tools initialized. Access via window.game or window.debug
[Lazy] SoundManager initialized
18:03:14 [INFO] Game Log: Touch-Steuerung aktiviert
18:03:14 [INFO] Starting new game... Scenario: default
18:03:14 [INFO] Game Log: Runde 1: Tag
18:03:14 [INFO] Game Log: Szenario gestartet: Freiheit für die Minen
18:03:14 [INFO] Hero created: Goldyx (goldyx)
Spawned 5 enemies.
18:03:14 [DEBUG] Initial game state rendered.
18:03:14 [INFO] Game Log: Willkommen bei Mage Knight!
18:03:14 [INFO] Game Log: Ziele: 2 Minen befreien, 1 Festung erobern.

[90mstderr[2m | tests/coverage_extended.test.js[2m > [22m[2mCoverage Gap Fill[2m > [22m[2mGame: Deep Logic[2m > [22m[2mshould calculate reachable hexes correctly
[22m[39mCanvas layer not found for particle system

[90mstdout[2m | tests/coverage_extended.test.js[2m > [22m[2mCoverage Gap Fill[2m > [22m[2mGame: Deep Logic[2m > [22m[2mshould handle card clicks (play movement)
[22m[39mAI Worker initialized
18:03:14 [INFO] 🔧 Debug Tools initialized. Access via window.game or window.debug
[Lazy] SoundManager initialized
18:03:14 [INFO] Game Log: Touch-Steuerung aktiviert
18:03:14 [INFO] Starting new game... Scenario: default
18:03:14 [INFO] Game Log: Runde 1: Tag
18:03:14 [INFO] Game Log: Szenario gestartet: Freiheit für die Minen
18:03:14 [INFO] Hero created: Goldyx (goldyx)
Spawned 5 enemies.
18:03:14 [DEBUG] Initial game state rendered.
18:03:14 [INFO] Game Log: Willkommen bei Mage Knight!
18:03:14 [INFO] Game Log: Ziele: 2 Minen befreien, 1 Festung erobern.

[90mstderr[2m | tests/coverage_extended.test.js[2m > [22m[2mCoverage Gap Fill[2m > [22m[2mGame: Deep Logic[2m > [22m[2mshould handle card clicks (play movement)
[22m[39mCanvas layer not found for particle system

[90mstdout[2m | tests/coverage_extended.test.js[2m > [22m[2mCoverage Gap Fill[2m > [22m[2mGame: Deep Logic[2m > [22m[2mshould handle card clicks (play movement)
[22m[39m18:03:14 [INFO] Finalizing card play: Schlag (Basic)
18:03:14 [DEBUG] Saving checkpoint for undo/redo
18:03:14 [INFO] Game Log: Move 2 gespielt : +2 👣

[90mstdout[2m | tests/coverage_extended.test.js[2m > [22m[2mCoverage Gap Fill[2m > [22m[2mGame: Deep Logic[2m > [22m[2mshould handle card right click cancel
[22m[39mAI Worker initialized
18:03:15 [INFO] 🔧 Debug Tools initialized. Access via window.game or window.debug
[Lazy] SoundManager initialized
18:03:15 [INFO] Game Log: Touch-Steuerung aktiviert
18:03:15 [INFO] Starting new game... Scenario: default
18:03:15 [INFO] Game Log: Runde 1: Tag
18:03:15 [INFO] Game Log: Szenario gestartet: Freiheit für die Minen
18:03:15 [INFO] Hero created: Goldyx (goldyx)
Spawned 2 enemies.
18:03:15 [DEBUG] Initial game state rendered.
18:03:15 [INFO] Game Log: Willkommen bei Mage Knight!
18:03:15 [INFO] Game Log: Ziele: 2 Minen befreien, 1 Festung erobern.

[90mstderr[2m | tests/coverage_extended.test.js[2m > [22m[2mCoverage Gap Fill[2m > [22m[2mGame: Deep Logic[2m > [22m[2mshould handle card right click cancel
[22m[39mCanvas layer not found for particle system

[90mstdout[2m | tests/coverage_extended.test.js[2m > [22m[2mCoverage Gap Fill[2m > [22m[2mGame: Deep Logic[2m > [22m[2mshould handle save/load errors
[22m[39mAI Worker initialized
18:03:15 [INFO] 🔧 Debug Tools initialized. Access via window.game or window.debug
[Lazy] SoundManager initialized
18:03:15 [INFO] Game Log: Touch-Steuerung aktiviert
18:03:15 [INFO] Starting new game... Scenario: default
18:03:15 [INFO] Game Log: Runde 1: Tag
18:03:15 [INFO] Game Log: Szenario gestartet: Freiheit für die Minen
18:03:15 [INFO] Hero created: Goldyx (goldyx)
Spawned 9 enemies.
18:03:15 [DEBUG] Initial game state rendered.
18:03:15 [INFO] Game Log: Willkommen bei Mage Knight!
18:03:15 [INFO] Game Log: Ziele: 2 Minen befreien, 1 Festung erobern.

[90mstderr[2m | tests/coverage_extended.test.js[2m > [22m[2mCoverage Gap Fill[2m > [22m[2mGame: Deep Logic[2m > [22m[2mshould handle save/load errors
[22m[39mCanvas layer not found for particle system

[90mstdout[2m | tests/coverage_extended.test.js[2m > [22m[2mCoverage Gap Fill[2m > [22m[2mGame: Deep Logic[2m > [22m[2mshould hide tooltip on empty space
[22m[39mAI Worker initialized
18:03:15 [INFO] 🔧 Debug Tools initialized. Access via window.game or window.debug
[Lazy] SoundManager initialized
18:03:15 [INFO] Game Log: Touch-Steuerung aktiviert
18:03:15 [INFO] Starting new game... Scenario: default
18:03:15 [INFO] Game Log: Runde 1: Tag
18:03:15 [INFO] Game Log: Szenario gestartet: Freiheit für die Minen
18:03:15 [INFO] Hero created: Goldyx (goldyx)
Spawned 8 enemies.
18:03:15 [DEBUG] Initial game state rendered.
18:03:15 [INFO] Game Log: Willkommen bei Mage Knight!
18:03:15 [INFO] Game Log: Ziele: 2 Minen befreien, 1 Festung erobern.

[90mstderr[2m | tests/coverage_extended.test.js[2m > [22m[2mCoverage Gap Fill[2m > [22m[2mGame: Deep Logic[2m > [22m[2mshould hide tooltip on empty space
[22m[39mCanvas layer not found for particle system

[90mstdout[2m | tests/ui/ui_interactions.test.js[2m > [22m[2mAdvanced UI Interaction Coverage[2m > [22m[2mAchievementManager Edge Cases[2m > [22m[2mshould handle isUnlocked and duplicate unlocks
[22m[39mAI Worker initialized
18:03:15 [INFO] 🔧 Debug Tools initialized. Access via window.game or window.debug
[Lazy] SoundManager initialized
18:03:15 [INFO] Game Log: Touch-Steuerung aktiviert
18:03:15 [INFO] Starting new game... Scenario: default
18:03:15 [INFO] Game Log: Runde 1: Tag
18:03:15 [INFO] Game Log: Szenario gestartet: Freiheit für die Minen
18:03:15 [INFO] Hero created: Goldyx (goldyx)
Spawned 10 enemies.
18:03:15 [DEBUG] Initial game state rendered.
18:03:15 [INFO] Game Log: Welcome to Mage Knight!
18:03:15 [INFO] Game Log: Ziele: 2 Minen befreien, 1 Festung erobern.

[90mstderr[2m | tests/ui/ui_interactions.test.js[2m > [22m[2mAdvanced UI Interaction Coverage[2m > [22m[2mAchievementManager Edge Cases[2m > [22m[2mshould handle isUnlocked and duplicate unlocks
[22m[39mCanvas layer not found for particle system

[90mstdout[2m | tests/coverage_extended.test.js[2m > [22m[2mCoverage Gap Fill[2m > [22m[2mGame: Deep Logic[2m > [22m[2mshould handle card right click valid option
[22m[39mAI Worker initialized
18:03:15 [INFO] 🔧 Debug Tools initialized. Access via window.game or window.debug
[Lazy] SoundManager initialized
18:03:15 [INFO] Game Log: Touch-Steuerung aktiviert
18:03:15 [INFO] Starting new game... Scenario: default
18:03:15 [INFO] Game Log: Runde 1: Tag
18:03:15 [INFO] Game Log: Szenario gestartet: Freiheit für die Minen
18:03:15 [INFO] Hero created: Goldyx (goldyx)
Spawned 1 enemies.
18:03:15 [DEBUG] Initial game state rendered.
18:03:15 [INFO] Game Log: Willkommen bei Mage Knight!
18:03:15 [INFO] Game Log: Ziele: 2 Minen befreien, 1 Festung erobern.

[90mstderr[2m | tests/coverage_extended.test.js[2m > [22m[2mCoverage Gap Fill[2m > [22m[2mGame: Deep Logic[2m > [22m[2mshould handle card right click valid option
[22m[39mCanvas layer not found for particle system

[90mstdout[2m | tests/ui/ui_interactions.test.js[2m > [22m[2mAdvanced UI Interaction Coverage[2m > [22m[2mHelp Tab Interactions[2m > [22m[2mshould switch help tabs
[22m[39mAI Worker initialized
18:03:15 [INFO] 🔧 Debug Tools initialized. Access via window.game or window.debug
[Lazy] SoundManager initialized
18:03:15 [INFO] Game Log: Touch-Steuerung aktiviert
18:03:15 [INFO] Starting new game... Scenario: default
18:03:15 [INFO] Game Log: Runde 1: Tag
18:03:15 [INFO] Game Log: Szenario gestartet: Freiheit für die Minen
18:03:15 [INFO] Hero created: Goldyx (goldyx)
Spawned 6 enemies.
18:03:15 [DEBUG] Initial game state rendered.
18:03:15 [INFO] Game Log: Welcome to Mage Knight!
18:03:15 [INFO] Game Log: Ziele: 2 Minen befreien, 1 Festung erobern.

[90mstderr[2m | tests/ui/ui_interactions.test.js[2m > [22m[2mAdvanced UI Interaction Coverage[2m > [22m[2mHelp Tab Interactions[2m > [22m[2mshould switch help tabs
[22m[39mCanvas layer not found for particle system

[90mstdout[2m | tests/game_integration.test.js[2m > [22m[2mGame Integration[2m > [22m[2mshould execute a full turn lifecycle
[22m[39mAI Worker initialized
18:03:15 [INFO] 🔧 Debug Tools initialized. Access via window.game or window.debug
[Lazy] SoundManager initialized
18:03:15 [INFO] Game Log: Touch-Steuerung aktiviert
18:03:15 [INFO] Starting new game... Scenario: default
18:03:15 [INFO] Game Log: Runde 1: Tag
18:03:15 [INFO] Game Log: Szenario gestartet: Freiheit für die Minen
18:03:15 [INFO] Hero created: Goldyx (goldyx)
Spawned 6 enemies.
18:03:15 [DEBUG] Initial game state rendered.
18:03:15 [INFO] Game Log: Willkommen bei Mage Knight!
18:03:15 [INFO] Game Log: Ziele: 2 Minen befreien, 1 Festung erobern.
18:03:15 [INFO] Game Log: Touch-Steuerung aktiviert
18:03:15 [INFO] Starting new game... Scenario: default
18:03:15 [INFO] Game Log: Runde 1: Tag
18:03:15 [INFO] Game Log: Runde 1: Tag
18:03:15 [INFO] Game Log: Szenario gestartet: Freiheit für die Minen
18:03:15 [INFO] Hero created: Goldyx (goldyx)
Spawned 1 enemies.
18:03:15 [DEBUG] Initial game state rendered.
18:03:15 [INFO] Game Log: Willkommen bei Mage Knight!
18:03:15 [INFO] Game Log: Ziele: 2 Minen befreien, 1 Festung erobern.

[90mstdout[2m | tests/ui/ui_interactions.test.js[2m > [22m[2mAdvanced UI Interaction Coverage[2m > [22m[2mTutorial Visibility[2m > [22m[2mshould show tutorial
[22m[39mAI Worker initialized
18:03:15 [INFO] 🔧 Debug Tools initialized. Access via window.game or window.debug
[Lazy] SoundManager initialized
18:03:15 [INFO] Game Log: Touch-Steuerung aktiviert
18:03:15 [INFO] Starting new game... Scenario: default
18:03:15 [INFO] Game Log: Runde 1: Tag
18:03:15 [INFO] Game Log: Szenario gestartet: Freiheit für die Minen
18:03:15 [INFO] Hero created: Goldyx (goldyx)
Spawned 8 enemies.
18:03:15 [DEBUG] Initial game state rendered.
18:03:15 [INFO] Game Log: Welcome to Mage Knight!
18:03:15 [INFO] Game Log: Ziele: 2 Minen befreien, 1 Festung erobern.

[90mstderr[2m | tests/ui/ui_interactions.test.js[2m > [22m[2mAdvanced UI Interaction Coverage[2m > [22m[2mTutorial Visibility[2m > [22m[2mshould show tutorial
[22m[39mCanvas layer not found for particle system

[90mstdout[2m | tests/coverage_extended.test.js[2m > [22m[2mCoverage Gap Fill[2m > [22m[2mGame: Deep Logic[2m > [22m[2mshould handle full state load
[22m[39mAI Worker initialized
18:03:15 [INFO] 🔧 Debug Tools initialized. Access via window.game or window.debug
[Lazy] SoundManager initialized
18:03:15 [INFO] Game Log: Touch-Steuerung aktiviert
18:03:15 [INFO] Starting new game... Scenario: default
18:03:15 [INFO] Game Log: Runde 1: Tag
18:03:15 [INFO] Game Log: Szenario gestartet: Freiheit für die Minen
18:03:15 [INFO] Hero created: Goldyx (goldyx)
Spawned 9 enemies.
18:03:15 [DEBUG] Initial game state rendered.
18:03:15 [INFO] Game Log: Willkommen bei Mage Knight!
18:03:15 [INFO] Game Log: Ziele: 2 Minen befreien, 1 Festung erobern.

[90mstderr[2m | tests/coverage_extended.test.js[2m > [22m[2mCoverage Gap Fill[2m > [22m[2mGame: Deep Logic[2m > [22m[2mshould handle full state load
[22m[39mCanvas layer not found for particle system

[90mstdout[2m | tests/coverage_extended.test.js[2m > [22m[2mCoverage Gap Fill[2m > [22m[2mGame: Deep Logic[2m > [22m[2mshould handle full state load
[22m[39m[Lazy] StatisticsManager initialized

[90mstdout[2m | tests/game_logic.test.js[2m > [22m[2mMageKnightGame Core Logic[2m > [22m[2mInitialization[2m > [22m[2mshould initialize with default state
[22m[39mAI Worker initialized
18:03:15 [INFO] 🔧 Debug Tools initialized. Access via window.game or window.debug
[Lazy] SoundManager initialized
18:03:15 [INFO] Game Log: Touch-Steuerung aktiviert
18:03:15 [INFO] Starting new game... Scenario: default
18:03:15 [INFO] Game Log: Runde 1: Tag
18:03:15 [INFO] Game Log: Szenario gestartet: Freiheit für die Minen
18:03:15 [INFO] Hero created: Goldyx (goldyx)
Spawned 6 enemies.
18:03:15 [DEBUG] Initial game state rendered.
18:03:15 [INFO] Game Log: Welcome to Mage Knight!
18:03:15 [INFO] Game Log: Ziele: 2 Minen befreien, 1 Festung erobern.
18:03:15 [INFO] Starting new game... Scenario: default
18:03:15 [INFO] Game Log: Runde 1: Tag
18:03:15 [INFO] Game Log: Szenario gestartet: Freiheit für die Minen
18:03:15 [INFO] Hero created: Goldyx (goldyx)
Spawned 5 enemies.
18:03:15 [DEBUG] Initial game state rendered.
18:03:15 [INFO] Game Log: Welcome to Mage Knight!
18:03:15 [INFO] Game Log: Ziele: 2 Minen befreien, 1 Festung erobern.

[90mstdout[2m | tests/ui/ui_interactions.test.js[2m > [22m[2mAdvanced UI Interaction Coverage[2m > [22m[2mModal Interactions and Tabs[2m > [22m[2mshould handle Achievements modal close and tab switching
[22m[39mAI Worker initialized
18:03:15 [INFO] 🔧 Debug Tools initialized. Access via window.game or window.debug
[Lazy] SoundManager initialized
18:03:15 [INFO] Game Log: Touch-Steuerung aktiviert
18:03:15 [INFO] Starting new game... Scenario: default
18:03:15 [INFO] Game Log: Runde 1: Tag
18:03:15 [INFO] Game Log: Szenario gestartet: Freiheit für die Minen
18:03:15 [INFO] Hero created: Goldyx (goldyx)
Spawned 11 enemies.
18:03:15 [DEBUG] Initial game state rendered.
18:03:15 [INFO] Game Log: Welcome to Mage Knight!
18:03:15 [INFO] Game Log: Ziele: 2 Minen befreien, 1 Festung erobern.

[90mstderr[2m | tests/ui/ui_interactions.test.js[2m > [22m[2mAdvanced UI Interaction Coverage[2m > [22m[2mModal Interactions and Tabs[2m > [22m[2mshould handle Achievements modal close and tab switching
[22m[39mCanvas layer not found for particle system

[90mstdout[2m | tests/game_integration.test.js[2m > [22m[2mGame Integration[2m > [22m[2mshould execute a full turn lifecycle
[22m[39m[Lazy] StatisticsManager initialized
18:03:15 [INFO] Game Log: --- Zug 1 beendet ---
18:03:15 [INFO] Game Log: Neue Karten gezogen
[Lazy] AchievementManager initialized
[SaveManager] Game saved to slot: slot_auto
18:03:15 [INFO] Game Log: Zug beendet.
[SaveManager] Game saved to slot: slot_auto

[90mstdout[2m | tests/game_logic.test.js[2m > [22m[2mMageKnightGame Core Logic[2m > [22m[2mInitialization[2m > [22m[2mshould create hero with cards
[22m[39mAI Worker initialized
18:03:15 [INFO] 🔧 Debug Tools initialized. Access via window.game or window.debug
[Lazy] SoundManager initialized
18:03:15 [INFO] Game Log: Touch-Steuerung aktiviert
18:03:15 [INFO] Starting new game... Scenario: default
18:03:15 [INFO] Game Log: Runde 1: Tag
18:03:15 [INFO] Game Log: Szenario gestartet: Freiheit für die Minen
18:03:15 [INFO] Hero created: Goldyx (goldyx)
Spawned 6 enemies.
18:03:15 [DEBUG] Initial game state rendered.
18:03:15 [INFO] Game Log: Welcome to Mage Knight!
18:03:15 [INFO] Game Log: Ziele: 2 Minen befreien, 1 Festung erobern.
18:03:15 [INFO] Starting new game... Scenario: default
18:03:15 [INFO] Game Log: Runde 1: Tag
18:03:15 [INFO] Game Log: Szenario gestartet: Freiheit für die Minen
18:03:15 [INFO] Hero created: Goldyx (goldyx)
Spawned 7 enemies.
18:03:15 [DEBUG] Initial game state rendered.
18:03:15 [INFO] Game Log: Welcome to Mage Knight!
18:03:15 [INFO] Game Log: Ziele: 2 Minen befreien, 1 Festung erobern.

[90mstdout[2m | tests/coverage_extended.test.js[2m > [22m[2mCoverage Gap Fill[2m > [22m[2mGame: Deep Logic[2m > [22m[2mshould handle card right click invalid input
[22m[39mAI Worker initialized
18:03:15 [INFO] 🔧 Debug Tools initialized. Access via window.game or window.debug
[Lazy] SoundManager initialized
18:03:15 [INFO] Game Log: Touch-Steuerung aktiviert
18:03:15 [INFO] Starting new game... Scenario: default
18:03:15 [INFO] Game Log: Runde 1: Tag
18:03:15 [INFO] Game Log: Szenario gestartet: Freiheit für die Minen
18:03:15 [INFO] Hero created: Goldyx (goldyx)
Spawned 4 enemies.
18:03:15 [DEBUG] Initial game state rendered.
18:03:15 [INFO] Game Log: Willkommen bei Mage Knight!
18:03:15 [INFO] Game Log: Ziele: 2 Minen befreien, 1 Festung erobern.

[90mstderr[2m | tests/coverage_extended.test.js[2m > [22m[2mCoverage Gap Fill[2m > [22m[2mGame: Deep Logic[2m > [22m[2mshould handle card right click invalid input
[22m[39mCanvas layer not found for particle system

[90mstdout[2m | tests/ui/ui_interactions.test.js[2m > [22m[2mAdvanced UI Interaction Coverage[2m > [22m[2mModal Interactions and Tabs[2m > [22m[2mshould handle Statistics modal close and tab switching
[22m[39mAI Worker initialized
18:03:15 [INFO] 🔧 Debug Tools initialized. Access via window.game or window.debug
[Lazy] SoundManager initialized
18:03:15 [INFO] Game Log: Touch-Steuerung aktiviert
18:03:15 [INFO] Starting new game... Scenario: default
18:03:15 [INFO] Game Log: Runde 1: Tag
18:03:15 [INFO] Game Log: Szenario gestartet: Freiheit für die Minen
18:03:15 [INFO] Hero created: Goldyx (goldyx)
Spawned 7 enemies.
18:03:15 [DEBUG] Initial game state rendered.
18:03:15 [INFO] Game Log: Welcome to Mage Knight!
18:03:15 [INFO] Game Log: Ziele: 2 Minen befreien, 1 Festung erobern.

[90mstderr[2m | tests/ui/ui_interactions.test.js[2m > [22m[2mAdvanced UI Interaction Coverage[2m > [22m[2mModal Interactions and Tabs[2m > [22m[2mshould handle Statistics modal close and tab switching
[22m[39mCanvas layer not found for particle system

[90mstdout[2m | tests/ui/ui_interactions.test.js[2m > [22m[2mAdvanced UI Interaction Coverage[2m > [22m[2mModal Interactions and Tabs[2m > [22m[2mshould handle Statistics modal close and tab switching
[22m[39m[Lazy] StatisticsManager initialized

[90mstdout[2m | tests/ui/ui_interactions.test.js[2m > [22m[2mAdvanced UI Interaction Coverage[2m > [22m[2mModal Interactions and Tabs[2m > [22m[2mshould close modals on outside click
[22m[39mAI Worker initialized
18:03:15 [INFO] 🔧 Debug Tools initialized. Access via window.game or window.debug
[Lazy] SoundManager initialized
18:03:15 [INFO] Game Log: Touch-Steuerung aktiviert
18:03:15 [INFO] Starting new game... Scenario: default
18:03:15 [INFO] Game Log: Runde 1: Tag
18:03:15 [INFO] Game Log: Szenario gestartet: Freiheit für die Minen
18:03:15 [INFO] Hero created: Goldyx (goldyx)
Spawned 8 enemies.
18:03:15 [DEBUG] Initial game state rendered.
18:03:15 [INFO] Game Log: Welcome to Mage Knight!
18:03:15 [INFO] Game Log: Ziele: 2 Minen befreien, 1 Festung erobern.

[90mstderr[2m | tests/ui/ui_interactions.test.js[2m > [22m[2mAdvanced UI Interaction Coverage[2m > [22m[2mModal Interactions and Tabs[2m > [22m[2mshould close modals on outside click
[22m[39mCanvas layer not found for particle system

[90mstdout[2m | tests/game_logic.test.js[2m > [22m[2mMageKnightGame Core Logic[2m > [22m[2mInitialization[2m > [22m[2mshould spawn enemies
[22m[39mAI Worker initialized
18:03:15 [INFO] 🔧 Debug Tools initialized. Access via window.game or window.debug
[Lazy] SoundManager initialized
18:03:15 [INFO] Game Log: Touch-Steuerung aktiviert
18:03:15 [INFO] Starting new game... Scenario: default
18:03:15 [INFO] Game Log: Runde 1: Tag
18:03:15 [INFO] Game Log: Szenario gestartet: Freiheit für die Minen
18:03:15 [INFO] Hero created: Goldyx (goldyx)
Spawned 8 enemies.
18:03:15 [DEBUG] Initial game state rendered.
18:03:15 [INFO] Game Log: Welcome to Mage Knight!
18:03:15 [INFO] Game Log: Ziele: 2 Minen befreien, 1 Festung erobern.
18:03:15 [INFO] Starting new game... Scenario: default
18:03:15 [INFO] Game Log: Runde 1: Tag
18:03:15 [INFO] Game Log: Szenario gestartet: Freiheit für die Minen
18:03:15 [INFO] Hero created: Goldyx (goldyx)
Spawned 10 enemies.
18:03:15 [DEBUG] Initial game state rendered.
18:03:15 [INFO] Game Log: Welcome to Mage Knight!
18:03:15 [INFO] Game Log: Ziele: 2 Minen befreien, 1 Festung erobern.

[90mstdout[2m | tests/coverage_extended.test.js[2m > [22m[2mCoverage Gap Fill[2m > [22m[2mGame: Deep Logic[2m > [22m[2mshould cover remaining UI branches (Unit filters, Non-Boss)
[22m[39mAI Worker initialized
18:03:15 [INFO] 🔧 Debug Tools initialized. Access via window.game or window.debug
[Lazy] SoundManager initialized
18:03:15 [INFO] Game Log: Touch-Steuerung aktiviert
18:03:15 [INFO] Starting new game... Scenario: default
18:03:15 [INFO] Game Log: Runde 1: Tag
18:03:15 [INFO] Game Log: Szenario gestartet: Freiheit für die Minen
18:03:15 [INFO] Hero created: Goldyx (goldyx)
Spawned 9 enemies.
18:03:15 [DEBUG] Initial game state rendered.
18:03:15 [INFO] Game Log: Willkommen bei Mage Knight!
18:03:15 [INFO] Game Log: Ziele: 2 Minen befreien, 1 Festung erobern.

[90mstderr[2m | tests/coverage_extended.test.js[2m > [22m[2mCoverage Gap Fill[2m > [22m[2mGame: Deep Logic[2m > [22m[2mshould cover remaining UI branches (Unit filters, Non-Boss)
[22m[39mCanvas layer not found for particle system

[90mstdout[2m | tests/game_integration.test.js[2m > [22m[2mGame Integration[2m > [22m[2mshould handle combat flow
[22m[39mAI Worker initialized
18:03:15 [INFO] 🔧 Debug Tools initialized. Access via window.game or window.debug
[Lazy] SoundManager initialized
18:03:15 [INFO] Game Log: Touch-Steuerung aktiviert
18:03:15 [INFO] Starting new game... Scenario: default
18:03:15 [INFO] Game Log: Runde 1: Tag
18:03:15 [INFO] Game Log: Szenario gestartet: Freiheit für die Minen
18:03:15 [INFO] Hero created: Goldyx (goldyx)
Spawned 5 enemies.
18:03:15 [DEBUG] Initial game state rendered.
18:03:15 [INFO] Game Log: Willkommen bei Mage Knight!
18:03:15 [INFO] Game Log: Ziele: 2 Minen befreien, 1 Festung erobern.
18:03:15 [INFO] Game Log: Touch-Steuerung aktiviert
18:03:15 [INFO] Starting new game... Scenario: default
18:03:15 [INFO] Game Log: Runde 1: Tag
18:03:15 [INFO] Game Log: Runde 1: Tag
18:03:15 [INFO] Game Log: Szenario gestartet: Freiheit für die Minen
18:03:15 [INFO] Hero created: Goldyx (goldyx)
Spawned 4 enemies.
18:03:15 [DEBUG] Initial game state rendered.
18:03:15 [INFO] Game Log: Willkommen bei Mage Knight!
18:03:15 [INFO] Game Log: Ziele: 2 Minen befreien, 1 Festung erobern.

[90mstdout[2m | tests/ui/ui_interactions.test.js[2m > [22m[2mAdvanced UI Interaction Coverage[2m > [22m[2mEnhanced Tooltip Coverage[2m > [22m[2mshould handle canvas mouse move tooltip branches
[22m[39mAI Worker initialized
18:03:15 [INFO] 🔧 Debug Tools initialized. Access via window.game or window.debug
[Lazy] SoundManager initialized
18:03:15 [INFO] Game Log: Touch-Steuerung aktiviert
18:03:15 [INFO] Starting new game... Scenario: default
18:03:15 [INFO] Game Log: Runde 1: Tag
18:03:15 [INFO] Game Log: Szenario gestartet: Freiheit für die Minen
18:03:15 [INFO] Hero created: Goldyx (goldyx)
Spawned 6 enemies.
18:03:15 [DEBUG] Initial game state rendered.
18:03:15 [INFO] Game Log: Welcome to Mage Knight!
18:03:15 [INFO] Game Log: Ziele: 2 Minen befreien, 1 Festung erobern.

[90mstderr[2m | tests/ui/ui_interactions.test.js[2m > [22m[2mAdvanced UI Interaction Coverage[2m > [22m[2mEnhanced Tooltip Coverage[2m > [22m[2mshould handle canvas mouse move tooltip branches
[22m[39mCanvas layer not found for particle system

Not implemented: Window's alert() method
[90mstdout[2m | tests/game_logic.test.js[2m > [22m[2mMageKnightGame Core Logic[2m > [22m[2mTurn Management[2m > [22m[2mshould start day turn
[22m[39mAI Worker initialized
18:03:15 [INFO] 🔧 Debug Tools initialized. Access via window.game or window.debug
[Lazy] SoundManager initialized
18:03:15 [INFO] Game Log: Touch-Steuerung aktiviert
18:03:15 [INFO] Starting new game... Scenario: default
18:03:15 [INFO] Game Log: Runde 1: Tag
18:03:15 [INFO] Game Log: Szenario gestartet: Freiheit für die Minen
18:03:15 [INFO] Hero created: Goldyx (goldyx)
Spawned 8 enemies.
18:03:15 [DEBUG] Initial game state rendered.
18:03:15 [INFO] Game Log: Welcome to Mage Knight!
18:03:15 [INFO] Game Log: Ziele: 2 Minen befreien, 1 Festung erobern.
18:03:15 [INFO] Starting new game... Scenario: default
18:03:15 [INFO] Game Log: Runde 1: Tag
18:03:15 [INFO] Game Log: Szenario gestartet: Freiheit für die Minen
18:03:15 [INFO] Hero created: Goldyx (goldyx)
Spawned 5 enemies.
18:03:15 [DEBUG] Initial game state rendered.
18:03:15 [INFO] Game Log: Welcome to Mage Knight!
18:03:15 [INFO] Game Log: Ziele: 2 Minen befreien, 1 Festung erobern.

[90mstdout[2m | tests/ui/ui_interactions.test.js[2m > [22m[2mAdvanced UI Interaction Coverage[2m > [22m[2mSound & Menu Interaction[2m > [22m[2mshould handle sound toggle click
[22m[39mAI Worker initialized
18:03:15 [INFO] 🔧 Debug Tools initialized. Access via window.game or window.debug
[Lazy] SoundManager initialized
18:03:15 [INFO] Game Log: Touch-Steuerung aktiviert
18:03:15 [INFO] Starting new game... Scenario: default
18:03:15 [INFO] Game Log: Runde 1: Tag
18:03:15 [INFO] Game Log: Szenario gestartet: Freiheit für die Minen
18:03:15 [INFO] Hero created: Goldyx (goldyx)
Spawned 6 enemies.
18:03:15 [DEBUG] Initial game state rendered.
18:03:15 [INFO] Game Log: Welcome to Mage Knight!
18:03:15 [INFO] Game Log: Ziele: 2 Minen befreien, 1 Festung erobern.

[90mstderr[2m | tests/ui/ui_interactions.test.js[2m > [22m[2mAdvanced UI Interaction Coverage[2m > [22m[2mSound & Menu Interaction[2m > [22m[2mshould handle sound toggle click
[22m[39mCanvas layer not found for particle system

[90mstdout[2m | tests/ui/ui_interactions.test.js[2m > [22m[2mAdvanced UI Interaction Coverage[2m > [22m[2mSound & Menu Interaction[2m > [22m[2mshould handle sound toggle click
[22m[39m18:03:15 [INFO] Game Log: Sound aktiviert
18:03:16 [INFO] Game Log: Sound deaktiviert

[90mstdout[2m | tests/game_integration.test.js[2m > [22m[2mGame Integration[2m > [22m[2mshould handle combat flow
[22m[39m18:03:15 [INFO] Game Log: Kampf gegen Orc!
18:03:15 [INFO] Combat started against 1 enemies
18:03:15 [INFO] Damage phase: Total damage 3 vs Armor 2 = 2 wounds
18:03:15 [INFO] Game Log: 1 Feinde besiegt!
18:03:15 [INFO] Game Log: Sieg über Orc!
[Lazy] StatisticsManager initialized
18:03:15 [INFO] Game Log: +2 Ruhm für den Sieg.
[Lazy] AchievementManager initialized
18:03:15 [INFO] Game Log: 🏆 Achievement: Erste Beute - Besiege deinen ersten Feind
18:03:16 [INFO] Game Log: Belohnung: +1 Ruhm

[90mstdout[2m | tests/fuzz_game.test.js[2m > [22m[2mGame Fuzzing[2m > [22m[2mshould survive random input sequences with resets
[22m[39mAI Worker initialized
18:03:12 [INFO] 🔧 Debug Tools initialized. Access via window.game or window.debug
[Lazy] SoundManager initialized
18:03:12 [INFO] Game Log: Touch-Steuerung aktiviert
18:03:12 [INFO] Starting new game... Scenario: default
18:03:12 [INFO] Game Log: Runde 1: Tag
18:03:12 [INFO] Game Log: Szenario gestartet: Freiheit für die Minen
18:03:12 [INFO] Hero created: Goldyx (goldyx)
Spawned 10 enemies.
18:03:12 [DEBUG] Initial game state rendered.
18:03:12 [INFO] Game Log: Willkommen bei Mage Knight!
18:03:12 [INFO] Game Log: Ziele: 2 Minen befreien, 1 Festung erobern.
18:03:12 [INFO] Game Log: Touch-Steuerung aktiviert
18:03:12 [INFO] Starting new game... Scenario: default
18:03:12 [INFO] Game Log: Runde 1: Tag
18:03:12 [INFO] Game Log: Runde 1: Tag
18:03:12 [INFO] Game Log: Szenario gestartet: Freiheit für die Minen
18:03:12 [INFO] Hero created: Goldyx (goldyx)
Spawned 4 enemies.
18:03:12 [DEBUG] Initial game state rendered.
18:03:12 [INFO] Game Log: Willkommen bei Mage Knight!
18:03:12 [INFO] Game Log: Ziele: 2 Minen befreien, 1 Festung erobern.
    Running 300 fuzz iterations with resets...
[Lazy] StatisticsManager initialized
18:03:12 [INFO] Game Log: --- Zug 1 beendet ---
18:03:12 [INFO] Game Log: Neue Karten gezogen
[Lazy] AchievementManager initialized
[SaveManager] Game saved to slot: slot_auto
18:03:12 [INFO] Game Log: Zug beendet.
[SaveManager] Game saved to slot: slot_auto
AI Worker initialized
18:03:12 [INFO] 🔧 Debug Tools initialized. Access via window.game or window.debug
[Lazy] SoundManager initialized
18:03:12 [INFO] Game Log: Touch-Steuerung aktiviert
18:03:12 [INFO] Starting new game... Scenario: default
18:03:12 [INFO] Game Log: Runde 1: Tag
18:03:12 [INFO] Game Log: Szenario gestartet: Freiheit für die Minen
18:03:12 [INFO] Hero created: Goldyx (goldyx)
Spawned 5 enemies.
18:03:12 [DEBUG] Initial game state rendered.
18:03:12 [INFO] Game Log: Willkommen bei Mage Knight!
18:03:12 [INFO] Game Log: Ziele: 2 Minen befreien, 1 Festung erobern.
18:03:12 [INFO] Game Log: Touch-Steuerung aktiviert
18:03:12 [INFO] Starting new game... Scenario: default
18:03:12 [INFO] Game Log: Runde 1: Tag
18:03:12 [INFO] Game Log: Runde 1: Tag
18:03:13 [INFO] Game Log: Szenario gestartet: Freiheit für die Minen
18:03:13 [INFO] Hero created: Goldyx (goldyx)
Spawned 5 enemies.
18:03:13 [DEBUG] Initial game state rendered.
18:03:13 [INFO] Game Log: Willkommen bei Mage Knight!
18:03:13 [INFO] Game Log: Ziele: 2 Minen befreien, 1 Festung erobern.
18:03:13 [DEBUG] Grid clicked at 0,1
18:03:13 [INFO] Game Log: Hex ausgewählt: 0,1 - Ödland
[Lazy] StatisticsManager initialized
18:03:13 [INFO] Game Log: --- Zug 1 beendet ---
18:03:13 [INFO] Game Log: Neue Karten gezogen
[Lazy] AchievementManager initialized
[SaveManager] Game saved to slot: slot_auto
18:03:13 [INFO] Game Log: Zug beendet.
[SaveManager] Game saved to slot: slot_auto
18:03:13 [INFO] Game Log: --- Zug 2 beendet ---
18:03:13 [INFO] Game Log: Neue Karten gezogen
[SaveManager] Game saved to slot: slot_auto
18:03:13 [INFO] Game Log: Zug beendet.
[SaveManager] Game saved to slot: slot_auto
18:03:13 [INFO] Game Log: Runde 2: Nacht
18:03:13 [INFO] Game Log: Runde 2: Nacht
18:03:13 [INFO] Game Log: 🌙 Runde beendet! Es ist jetzt Nacht.
18:03:13 [INFO] Game Log: --- Zug 3 beendet ---
18:03:13 [INFO] Game Log: Neue Karten gezogen
[SaveManager] Game saved to slot: slot_auto
18:03:13 [INFO] Game Log: Zug beendet.
[SaveManager] Game saved to slot: slot_auto
18:03:13 [INFO] Game Log: --- Zug 4 beendet ---
18:03:13 [INFO] Game Log: Neue Karten gezogen
[SaveManager] Game saved to slot: slot_auto
18:03:13 [INFO] Game Log: Zug beendet.
[SaveManager] Game saved to slot: slot_auto
AI Worker initialized
18:03:13 [INFO] 🔧 Debug Tools initialized. Access via window.game or window.debug
[Lazy] SoundManager initialized
18:03:13 [INFO] Game Log: Touch-Steuerung aktiviert
18:03:13 [INFO] Starting new game... Scenario: default
18:03:13 [INFO] Game Log: Runde 1: Tag
18:03:13 [INFO] Game Log: Szenario gestartet: Freiheit für die Minen
18:03:13 [INFO] Hero created: Goldyx (goldyx)
Spawned 5 enemies.
18:03:13 [DEBUG] Initial game state rendered.
18:03:13 [INFO] Game Log: Willkommen bei Mage Knight!
18:03:13 [INFO] Game Log: Ziele: 2 Minen befreien, 1 Festung erobern.
18:03:13 [INFO] Game Log: Touch-Steuerung aktiviert
18:03:13 [INFO] Starting new game... Scenario: default
18:03:13 [INFO] Game Log: Runde 1: Tag
18:03:13 [INFO] Game Log: Runde 1: Tag
18:03:13 [INFO] Game Log: Szenario gestartet: Freiheit für die Minen
18:03:13 [INFO] Hero created: Goldyx (goldyx)
Spawned 5 enemies.
18:03:13 [DEBUG] Initial game state rendered.
18:03:13 [INFO] Game Log: Willkommen bei Mage Knight!
18:03:13 [INFO] Game Log: Ziele: 2 Minen befreien, 1 Festung erobern.
[Lazy] StatisticsManager initialized
18:03:13 [INFO] Game Log: --- Zug 1 beendet ---
18:03:13 [INFO] Game Log: Neue Karten gezogen
[Lazy] AchievementManager initialized
[SaveManager] Game saved to slot: slot_auto
18:03:13 [INFO] Game Log: Zug beendet.
[SaveManager] Game saved to slot: slot_auto
18:03:13 [INFO] Game Log: --- Zug 2 beendet ---
18:03:13 [INFO] Game Log: Neue Karten gezogen
[SaveManager] Game saved to slot: slot_auto
18:03:13 [INFO] Game Log: Zug beendet.
[SaveManager] Game saved to slot: slot_auto
18:03:13 [INFO] Game Log: Neues Gebiet entdeckt!
Spawned 12 enemies.
18:03:13 [INFO] Game Log: Runde 2: Nacht
18:03:13 [INFO] Game Log: Runde 2: Nacht
18:03:13 [INFO] Game Log: 🌙 Runde beendet! Es ist jetzt Nacht.
18:03:13 [INFO] Game Log: --- Zug 3 beendet ---
18:03:13 [INFO] Game Log: Neue Karten gezogen
[SaveManager] Game saved to slot: slot_auto
18:03:13 [INFO] Game Log: 🏆 Achievement: Entdecker - Erkunde 3 neue Gebiete
18:03:13 [INFO] Game Log: Belohnung: +2 Ruhm
18:03:13 [INFO] Game Log: 🏆 Achievement: Kartograph - Erkunde 10 neue Gebiete
18:03:13 [INFO] Game Log: Belohnung: +5 Ruhm
18:03:13 [INFO] Game Log: Zug beendet.
[SaveManager] Game saved to slot: slot_auto
18:03:13 [INFO] Game Log: --- Zug 4 beendet ---
18:03:13 [INFO] Game Log: Neue Karten gezogen
[SaveManager] Game saved to slot: slot_auto
18:03:13 [INFO] Game Log: Zug beendet.
[SaveManager] Game saved to slot: slot_auto
18:03:13 [DEBUG] Grid clicked at -2,0
18:03:13 [INFO] Game Log: Hex ausgewählt: -2,0 - Ebenen
18:03:13 [INFO] Game Log: --- Zug 5 beendet ---
18:03:13 [INFO] Game Log: Neue Karten gezogen
[SaveManager] Game saved to slot: slot_auto
18:03:13 [INFO] Game Log: Zug beendet.
[SaveManager] Game saved to slot: slot_auto
18:03:13 [INFO] Game Log: Runde 3: Tag
18:03:13 [INFO] Game Log: Runde 3: Tag
18:03:13 [INFO] Game Log: 🌙 Runde beendet! Es ist jetzt Tag.
18:03:13 [INFO] Game Log: --- Zug 6 beendet ---
18:03:13 [INFO] Game Log: Neue Karten gezogen
[SaveManager] Game saved to slot: slot_auto
18:03:14 [INFO] Game Log: Zug beendet.
[SaveManager] Game saved to slot: slot_auto
18:03:14 [INFO] Game Log: --- Zug 7 beendet ---
18:03:14 [INFO] Game Log: Neue Karten gezogen
[SaveManager] Game saved to slot: slot_auto
18:03:14 [INFO] Game Log: Zug beendet.
[SaveManager] Game saved to slot: slot_auto
18:03:14 [INFO] Game Log: Neues Gebiet entdeckt!
Spawned 12 enemies.
18:03:14 [INFO] Game Log: Runde 4: Nacht
18:03:14 [INFO] Game Log: Runde 4: Nacht
18:03:14 [INFO] Game Log: 🌙 Runde beendet! Es ist jetzt Nacht.
18:03:14 [INFO] Game Log: --- Zug 8 beendet ---
18:03:14 [INFO] Game Log: Neue Karten gezogen
[SaveManager] Game saved to slot: slot_auto
18:03:14 [INFO] Game Log: Zug beendet.
[SaveManager] Game saved to slot: slot_auto
18:03:14 [INFO] Game Log: --- Zug 9 beendet ---
18:03:14 [INFO] Game Log: Neue Karten gezogen
[SaveManager] Game saved to slot: slot_auto
18:03:14 [INFO] Game Log: Zug beendet.
[SaveManager] Game saved to slot: slot_auto
18:03:14 [INFO] Game Log: --- Zug 10 beendet ---
18:03:14 [INFO] Game Log: Neue Karten gezogen
[SaveManager] Game saved to slot: slot_auto
18:03:14 [INFO] Game Log: Zug beendet.
[SaveManager] Game saved to slot: slot_auto
18:03:14 [INFO] Game Log: Runde 5: Tag
18:03:14 [INFO] Game Log: Runde 5: Tag
18:03:14 [INFO] Game Log: 🌙 Runde beendet! Es ist jetzt Tag.
18:03:14 [INFO] Game Log: --- Zug 11 beendet ---
18:03:14 [INFO] Game Log: Neue Karten gezogen
[SaveManager] Game saved to slot: slot_auto
18:03:14 [INFO] Game Log: Zug beendet.
[SaveManager] Game saved to slot: slot_auto
18:03:14 [INFO] Game Log: Neues Gebiet entdeckt!
Spawned 16 enemies.
18:03:14 [INFO] Game Log: --- Zug 12 beendet ---
18:03:14 [INFO] Game Log: Neue Karten gezogen
[SaveManager] Game saved to slot: slot_auto
18:03:14 [INFO] Game Log: Zug beendet.
[SaveManager] Game saved to slot: slot_auto
18:03:14 [INFO] Game Log: Runde 6: Nacht
18:03:14 [INFO] Game Log: Runde 6: Nacht
18:03:14 [INFO] Game Log: 🌙 Runde beendet! Es ist jetzt Nacht.
18:03:14 [INFO] Game Log: --- Zug 13 beendet ---
18:03:14 [INFO] Game Log: Neue Karten gezogen
[SaveManager] Game saved to slot: slot_auto
18:03:14 [INFO] Game Log: Zug beendet.
[SaveManager] Game saved to slot: slot_auto
18:03:14 [INFO] Game Log: --- Zug 14 beendet ---
18:03:14 [INFO] Game Log: Neue Karten gezogen
[SaveManager] Game saved to slot: slot_auto
18:03:14 [INFO] Game Log: Zug beendet.
[SaveManager] Game saved to slot: slot_auto
18:03:14 [INFO] Game Log: Neues Gebiet entdeckt!
Spawned 13 enemies.
18:03:14 [INFO] Game Log: --- Zug 15 beendet ---
18:03:14 [INFO] Game Log: Neue Karten gezogen
[SaveManager] Game saved to slot: slot_auto
18:03:14 [INFO] Game Log: Zug beendet.
[SaveManager] Game saved to slot: slot_auto
18:03:14 [INFO] Game Log: Neues Gebiet entdeckt!
Spawned 20 enemies.
18:03:14 [DEBUG] Grid clicked at -4,-2
18:03:14 [INFO] Game Log: Hex ausgewählt: -4,-2 - Ödland
18:03:14 [INFO] Game Log: Runde 7: Tag
18:03:14 [INFO] Game Log: Runde 7: Tag
18:03:14 [INFO] Game Log: 🌙 Runde beendet! Es ist jetzt Tag.
18:03:14 [INFO] Game Log: --- Zug 16 beendet ---
18:03:14 [INFO] Game Log: Neue Karten gezogen
[SaveManager] Game saved to slot: slot_auto
18:03:14 [INFO] Game Log: Zug beendet.
[SaveManager] Game saved to slot: slot_auto
18:03:14 [INFO] Game Log: --- Zug 17 beendet ---
18:03:14 [INFO] Game Log: Neue Karten gezogen
[SaveManager] Game saved to slot: slot_auto
18:03:14 [INFO] Game Log: Zug beendet.
[SaveManager] Game saved to slot: slot_auto
18:03:14 [DEBUG] Grid clicked at 2,1
18:03:14 [INFO] Game Log: Hex ausgewählt: 2,1 - Hügel
18:03:14 [INFO] Game Log: --- Zug 18 beendet ---
18:03:14 [INFO] Game Log: Neue Karten gezogen
[SaveManager] Game saved to slot: slot_auto
18:03:14 [INFO] Game Log: Zug beendet.
[SaveManager] Game saved to slot: slot_auto
18:03:15 [INFO] Game Log: Runde 8: Nacht
18:03:15 [INFO] Game Log: Runde 8: Nacht
18:03:15 [INFO] Game Log: 🌙 Runde beendet! Es ist jetzt Nacht.
18:03:15 [INFO] Game Log: --- Zug 19 beendet ---
18:03:15 [INFO] Game Log: Neue Karten gezogen
[SaveManager] Game saved to slot: slot_auto
18:03:15 [INFO] Game Log: Zug beendet.
[SaveManager] Game saved to slot: slot_auto
18:03:15 [DEBUG] Grid clicked at 4,0
18:03:15 [INFO] Game Log: Feind gefunden: Ork (Rüstung: 3, Angriff: 2)
18:03:15 [INFO] Game Log: Hex ausgewählt: 4,0 - Hügel
18:03:15 [INFO] Game Log: --- Zug 20 beendet ---
18:03:15 [INFO] Game Log: Neue Karten gezogen
[SaveManager] Game saved to slot: slot_auto
18:03:15 [INFO] Game Log: Zug beendet.
[SaveManager] Game saved to slot: slot_auto
AI Worker initialized
18:03:15 [INFO] 🔧 Debug Tools initialized. Access via window.game or window.debug
[Lazy] SoundManager initialized
18:03:15 [INFO] Game Log: Touch-Steuerung aktiviert
18:03:15 [INFO] Starting new game... Scenario: default
18:03:15 [INFO] Game Log: Runde 1: Tag
18:03:15 [INFO] Game Log: Szenario gestartet: Freiheit für die Minen
18:03:15 [INFO] Hero created: Goldyx (goldyx)
Spawned 4 enemies.
18:03:15 [DEBUG] Initial game state rendered.
18:03:15 [INFO] Game Log: Willkommen bei Mage Knight!
18:03:15 [INFO] Game Log: Ziele: 2 Minen befreien, 1 Festung erobern.
18:03:15 [INFO] Game Log: Touch-Steuerung aktiviert
18:03:15 [INFO] Starting new game... Scenario: default
18:03:15 [INFO] Game Log: Runde 1: Tag
18:03:15 [INFO] Game Log: Runde 1: Tag
18:03:15 [INFO] Game Log: Szenario gestartet: Freiheit für die Minen
18:03:15 [INFO] Hero created: Goldyx (goldyx)
Spawned 5 enemies.
18:03:15 [DEBUG] Initial game state rendered.
18:03:15 [INFO] Game Log: Willkommen bei Mage Knight!
18:03:15 [INFO] Game Log: Ziele: 2 Minen befreien, 1 Festung erobern.
[Lazy] StatisticsManager initialized
18:03:15 [INFO] Game Log: --- Zug 1 beendet ---
18:03:15 [INFO] Game Log: Neue Karten gezogen
[Lazy] AchievementManager initialized
[SaveManager] Game saved to slot: slot_auto
18:03:15 [INFO] Game Log: Zug beendet.
[SaveManager] Game saved to slot: slot_auto
18:03:15 [INFO] Game Log: Neues Gebiet entdeckt!
Spawned 8 enemies.
18:03:15 [INFO] Game Log: Neues Gebiet entdeckt!
Spawned 12 enemies.
18:03:15 [INFO] Game Log: Runde 2: Nacht
18:03:15 [INFO] Game Log: Runde 2: Nacht
18:03:15 [INFO] Game Log: 🌙 Runde beendet! Es ist jetzt Nacht.
18:03:15 [INFO] Game Log: --- Zug 2 beendet ---
18:03:15 [INFO] Game Log: Neue Karten gezogen
[SaveManager] Game saved to slot: slot_auto
18:03:15 [INFO] Game Log: Zug beendet.
[SaveManager] Game saved to slot: slot_auto
18:03:15 [INFO] Game Log: --- Zug 3 beendet ---
18:03:15 [INFO] Game Log: Neue Karten gezogen
[SaveManager] Game saved to slot: slot_auto
18:03:15 [INFO] Game Log: Zug beendet.
[SaveManager] Game saved to slot: slot_auto
18:03:15 [DEBUG] Grid clicked at -3,1
18:03:15 [INFO] Game Log: Hex ausgewählt: -3,1 - Ebenen
18:03:15 [INFO] Game Log: Runde 3: Tag
18:03:15 [INFO] Game Log: Runde 3: Tag
18:03:15 [INFO] Game Log: 🌙 Runde beendet! Es ist jetzt Tag.
18:03:15 [INFO] Game Log: --- Zug 4 beendet ---
18:03:15 [INFO] Game Log: Neue Karten gezogen
[SaveManager] Game saved to slot: slot_auto
18:03:15 [INFO] Game Log: Zug beendet.
[SaveManager] Game saved to slot: slot_auto
18:03:15 [INFO] Game Log: Neues Gebiet entdeckt!
Spawned 9 enemies.
18:03:15 [INFO] Game Log: --- Zug 5 beendet ---
18:03:15 [INFO] Game Log: Neue Karten gezogen
[SaveManager] Game saved to slot: slot_auto
18:03:15 [INFO] Game Log: Zug beendet.
[SaveManager] Game saved to slot: slot_auto
18:03:15 [INFO] Game Log: Neues Gebiet entdeckt!
Spawned 18 enemies.
18:03:15 [INFO] Game Log: Neues Gebiet entdeckt!
Spawned 18 enemies.
18:03:15 [INFO] Game Log: --- Zug 6 beendet ---
18:03:15 [INFO] Game Log: Neue Karten gezogen
[SaveManager] Game saved to slot: slot_auto
18:03:15 [INFO] Game Log: Zug beendet.
[SaveManager] Game saved to slot: slot_auto
18:03:15 [INFO] Game Log: Neues Gebiet entdeckt!
Spawned 14 enemies.
18:03:15 [INFO] Game Log: Runde 4: Nacht
18:03:15 [INFO] Game Log: Runde 4: Nacht
18:03:15 [INFO] Game Log: 🌙 Runde beendet! Es ist jetzt Nacht.
18:03:15 [INFO] Game Log: --- Zug 7 beendet ---
18:03:15 [INFO] Game Log: Neue Karten gezogen
[SaveManager] Game saved to slot: slot_auto
18:03:16 [INFO] Game Log: Zug beendet.
[SaveManager] Game saved to slot: slot_auto

[90mstdout[2m | tests/coverage_extended.test.js[2m > [22m[2mCoverage Gap Fill[2m > [22m[2mGame: Deep Logic[2m > [22m[2mshould cover game statistics else branches
[22m[39mAI Worker initialized
18:03:15 [INFO] 🔧 Debug Tools initialized. Access via window.game or window.debug
[Lazy] SoundManager initialized
18:03:15 [INFO] Game Log: Touch-Steuerung aktiviert
18:03:15 [INFO] Starting new game... Scenario: default
18:03:15 [INFO] Game Log: Runde 1: Tag
18:03:15 [INFO] Game Log: Szenario gestartet: Freiheit für die Minen
18:03:16 [INFO] Hero created: Goldyx (goldyx)
Spawned 3 enemies.
18:03:16 [DEBUG] Initial game state rendered.
18:03:16 [INFO] Game Log: Willkommen bei Mage Knight!
18:03:16 [INFO] Game Log: Ziele: 2 Minen befreien, 1 Festung erobern.

[90mstderr[2m | tests/coverage_extended.test.js[2m > [22m[2mCoverage Gap Fill[2m > [22m[2mGame: Deep Logic[2m > [22m[2mshould cover game statistics else branches
[22m[39mCanvas layer not found for particle system

[90mstdout[2m | tests/coverage_extended.test.js[2m > [22m[2mCoverage Gap Fill[2m > [22m[2mGame: Deep Logic[2m > [22m[2mshould cover game statistics else branches
[22m[39m[Lazy] StatisticsManager initialized

[90mstdout[2m | tests/game_logic.test.js[2m > [22m[2mMageKnightGame Core Logic[2m > [22m[2mTurn Management[2m > [22m[2mshould end turn and cycle time
[22m[39mAI Worker initialized
18:03:15 [INFO] 🔧 Debug Tools initialized. Access via window.game or window.debug
[Lazy] SoundManager initialized
18:03:15 [INFO] Game Log: Touch-Steuerung aktiviert
18:03:15 [INFO] Starting new game... Scenario: default
18:03:15 [INFO] Game Log: Runde 1: Tag
18:03:15 [INFO] Game Log: Szenario gestartet: Freiheit für die Minen
18:03:16 [INFO] Hero created: Goldyx (goldyx)
Spawned 5 enemies.
18:03:16 [DEBUG] Initial game state rendered.
18:03:16 [INFO] Game Log: Welcome to Mage Knight!
18:03:16 [INFO] Game Log: Ziele: 2 Minen befreien, 1 Festung erobern.
18:03:16 [INFO] Starting new game... Scenario: default
18:03:16 [INFO] Game Log: Runde 1: Tag
18:03:16 [INFO] Game Log: Szenario gestartet: Freiheit für die Minen
18:03:16 [INFO] Hero created: Goldyx (goldyx)
Spawned 8 enemies.
18:03:16 [DEBUG] Initial game state rendered.
18:03:16 [INFO] Game Log: Welcome to Mage Knight!
18:03:16 [INFO] Game Log: Ziele: 2 Minen befreien, 1 Festung erobern.

[90mstdout[2m | tests/game_logic.test.js[2m > [22m[2mMageKnightGame Core Logic[2m > [22m[2mTurn Management[2m > [22m[2mshould end turn and cycle time
[22m[39m[Lazy] StatisticsManager initialized
18:03:16 [INFO] Game Log: 🌙 Runde beendet! Es ist jetzt Nacht.
18:03:16 [INFO] Game Log: --- Zug 1 beendet ---
18:03:16 [INFO] Game Log: Neue Karten gezogen
[Lazy] AchievementManager initialized
[SaveManager] Game saved to slot: slot_auto
18:03:16 [INFO] Game Log: Zug beendet.
[SaveManager] Game saved to slot: slot_auto

[90mstdout[2m | tests/ui/ui_interactions.test.js[2m > [22m[2mAdvanced UI Interaction Coverage[2m > [22m[2mSound & Menu Interaction[2m > [22m[2mshould create sound toggle button if it does not exist
[22m[39mAI Worker initialized
18:03:16 [INFO] 🔧 Debug Tools initialized. Access via window.game or window.debug
[Lazy] SoundManager initialized
18:03:16 [INFO] Game Log: Touch-Steuerung aktiviert
18:03:16 [INFO] Starting new game... Scenario: default
18:03:16 [INFO] Game Log: Runde 1: Tag
18:03:16 [INFO] Game Log: Szenario gestartet: Freiheit für die Minen
18:03:16 [INFO] Hero created: Goldyx (goldyx)
Spawned 5 enemies.
18:03:16 [DEBUG] Initial game state rendered.
18:03:16 [INFO] Game Log: Welcome to Mage Knight!
18:03:16 [INFO] Game Log: Ziele: 2 Minen befreien, 1 Festung erobern.

[90mstderr[2m | tests/ui/ui_interactions.test.js[2m > [22m[2mAdvanced UI Interaction Coverage[2m > [22m[2mSound & Menu Interaction[2m > [22m[2mshould create sound toggle button if it does not exist
[22m[39mCanvas layer not found for particle system

[90mstdout[2m | tests/fuzz_game.test.js
[22m[39m[Lazy] TutorialManager initialized
18:03:16 [INFO] Game Log: 🎓 Tutorial gestartet

[90mstdout[2m | tests/fuzz_game.test.js
[22m[39m[Lazy] TutorialManager initialized
18:03:16 [INFO] Game Log: 🎓 Tutorial gestartet

[90mstdout[2m | tests/fuzz_game.test.js
[22m[39m[Lazy] TutorialManager initialized
18:03:16 [INFO] Game Log: 🎓 Tutorial gestartet

 [32m✓[39m tests/fuzz_game.test.js [2m([22m[2m1 test[22m[2m)[22m[33m 3603[2mms[22m[39m
     [33m[2m✓[22m[39m should survive random input sequences with resets [33m 3601[2mms[22m[39m
[90mstdout[2m | tests/ui/ui_interactions.test.js[2m > [22m[2mAdvanced UI Interaction Coverage[2m > [22m[2mSound & Menu Interaction[2m > [22m[2mshould open Achievements modal on button click
[22m[39mAI Worker initialized
18:03:16 [INFO] 🔧 Debug Tools initialized. Access via window.game or window.debug
[Lazy] SoundManager initialized
18:03:16 [INFO] Game Log: Touch-Steuerung aktiviert
18:03:16 [INFO] Starting new game... Scenario: default
18:03:16 [INFO] Game Log: Runde 1: Tag
18:03:16 [INFO] Game Log: Szenario gestartet: Freiheit für die Minen
18:03:16 [INFO] Hero created: Goldyx (goldyx)
Spawned 5 enemies.
18:03:16 [DEBUG] Initial game state rendered.
18:03:16 [INFO] Game Log: Welcome to Mage Knight!
18:03:16 [INFO] Game Log: Ziele: 2 Minen befreien, 1 Festung erobern.

[90mstderr[2m | tests/ui/ui_interactions.test.js[2m > [22m[2mAdvanced UI Interaction Coverage[2m > [22m[2mSound & Menu Interaction[2m > [22m[2mshould open Achievements modal on button click
[22m[39mCanvas layer not found for particle system

[90mstdout[2m | tests/touchController.test.js[2m > [22m[2mTouch Controller[2m > [22m[2mshould handle resize
[22m[39mCanvas resized to 1000x800

[90mstdout[2m | tests/coverage_extended.test.js[2m > [22m[2mCoverage Gap Fill[2m > [22m[2mCoverage Boost v4 - Consolidated[2m > [22m[2mTerrain[2m > [22m[2mshould handle unknown terrain types
[22m[39mAI Worker initialized
18:03:16 [INFO] 🔧 Debug Tools initialized. Access via window.game or window.debug
[Lazy] SoundManager initialized
18:03:16 [INFO] Game Log: Touch-Steuerung aktiviert
18:03:16 [INFO] Starting new game... Scenario: default
18:03:16 [INFO] Game Log: Runde 1: Tag
18:03:16 [INFO] Game Log: Szenario gestartet: Freiheit für die Minen
18:03:16 [INFO] Hero created: Goldyx (goldyx)
Spawned 8 enemies.
18:03:16 [DEBUG] Initial game state rendered.
18:03:16 [INFO] Game Log: Willkommen bei Mage Knight!
18:03:16 [INFO] Game Log: Ziele: 2 Minen befreien, 1 Festung erobern.

[90mstderr[2m | tests/coverage_extended.test.js[2m > [22m[2mCoverage Gap Fill[2m > [22m[2mCoverage Boost v4 - Consolidated[2m > [22m[2mTerrain[2m > [22m[2mshould handle unknown terrain types
[22m[39mCanvas layer not found for particle system

 [32m✓[39m tests/ui/ui_interactions.test.js [2m([22m[2m10 tests[22m[2m)[22m[33m 901[2mms[22m[39m
[90mstdout[2m | tests/game_integration.test.js[2m > [22m[2mGame Integration[2m > [22m[2mshould save and load game state
[22m[39mAI Worker initialized
18:03:16 [INFO] 🔧 Debug Tools initialized. Access via window.game or window.debug
[Lazy] SoundManager initialized
18:03:16 [INFO] Game Log: Touch-Steuerung aktiviert
18:03:16 [INFO] Starting new game... Scenario: default
18:03:16 [INFO] Game Log: Runde 1: Tag
18:03:16 [INFO] Game Log: Szenario gestartet: Freiheit für die Minen
18:03:16 [INFO] Hero created: Goldyx (goldyx)
Spawned 5 enemies.
18:03:16 [DEBUG] Initial game state rendered.
18:03:16 [INFO] Game Log: Willkommen bei Mage Knight!
18:03:16 [INFO] Game Log: Ziele: 2 Minen befreien, 1 Festung erobern.
18:03:16 [INFO] Game Log: Touch-Steuerung aktiviert
18:03:16 [INFO] Starting new game... Scenario: default
18:03:16 [INFO] Game Log: Runde 1: Tag
18:03:16 [INFO] Game Log: Runde 1: Tag
18:03:16 [INFO] Game Log: Szenario gestartet: Freiheit für die Minen
18:03:16 [INFO] Hero created: Goldyx (goldyx)
Spawned 7 enemies.
18:03:16 [DEBUG] Initial game state rendered.
18:03:16 [INFO] Game Log: Willkommen bei Mage Knight!
18:03:16 [INFO] Game Log: Ziele: 2 Minen befreien, 1 Festung erobern.

[90mstdout[2m | tests/game_logic.test.js[2m > [22m[2mMageKnightGame Core Logic[2m > [22m[2mGame Flow[2m > [22m[2mshould enter movement mode
[22m[39mAI Worker initialized
18:03:16 [INFO] 🔧 Debug Tools initialized. Access via window.game or window.debug
[Lazy] SoundManager initialized
18:03:16 [INFO] Game Log: Touch-Steuerung aktiviert
18:03:16 [INFO] Starting new game... Scenario: default
18:03:16 [INFO] Game Log: Runde 1: Tag
18:03:16 [INFO] Game Log: Szenario gestartet: Freiheit für die Minen
18:03:16 [INFO] Hero created: Goldyx (goldyx)
Spawned 7 enemies.
18:03:16 [DEBUG] Initial game state rendered.
18:03:16 [INFO] Game Log: Welcome to Mage Knight!
18:03:16 [INFO] Game Log: Ziele: 2 Minen befreien, 1 Festung erobern.
18:03:16 [INFO] Starting new game... Scenario: default
18:03:16 [INFO] Game Log: Runde 1: Tag
18:03:16 [INFO] Game Log: Szenario gestartet: Freiheit für die Minen
18:03:16 [INFO] Hero created: Goldyx (goldyx)
Spawned 9 enemies.
18:03:16 [DEBUG] Initial game state rendered.
18:03:16 [INFO] Game Log: Welcome to Mage Knight!
18:03:16 [INFO] Game Log: Ziele: 2 Minen befreien, 1 Festung erobern.

[90mstderr[2m | tests/game_integration.test.js[2m > [22m[2mGame Integration[2m > [22m[2mshould save and load game state
[22m[39mLoad failed TypeError: hexData.site.getIcon is not a function
    at HexGridRenderer.render [90m(/home/tobber/.gemini/antigravity/scratch/mageknight/[39mjs/hexgrid/HexGridRenderer.js:95:73[90m)[39m
    at HexGrid.render [90m(/home/tobber/.gemini/antigravity/scratch/mageknight/[39mjs/hexgrid.js:155:23[90m)[39m
    at MageKnightGame.render [90m(/home/tobber/.gemini/antigravity/scratch/mageknight/[39mjs/game.js:653:26[90m)[39m
    at [90m/home/tobber/.gemini/antigravity/scratch/mageknight/[39mjs/game/PhaseManager.js:169:27
    at [90m/home/tobber/.gemini/antigravity/scratch/mageknight/[39mjs/timeManager.js:52:44
    at Array.forEach (<anonymous>)
    at TimeManager.notifyListeners [90m(/home/tobber/.gemini/antigravity/scratch/mageknight/[39mjs/timeManager.js:52:24[90m)[39m
    at TimeManager.loadState [90m(/home/tobber/.gemini/antigravity/scratch/mageknight/[39mjs/timeManager.js:71:14[90m)[39m
    at GameStateManager.loadGameState [90m(/home/tobber/.gemini/antigravity/scratch/mageknight/[39mjs/game/GameStateManager.js:90:51[90m)[39m
    at GameStateManager.loadGame [90m(/home/tobber/.gemini/antigravity/scratch/mageknight/[39mjs/game/GameStateManager.js:44:25[90m)[39m
Load failed TypeError: hexData.site.getIcon is not a function
    at HexGridRenderer.render [90m(/home/tobber/.gemini/antigravity/scratch/mageknight/[39mjs/hexgrid/HexGridRenderer.js:95:73[90m)[39m
    at HexGrid.render [90m(/home/tobber/.gemini/antigravity/scratch/mageknight/[39mjs/hexgrid.js:155:23[90m)[39m
    at MageKnightGame.render [90m(/home/tobber/.gemini/antigravity/scratch/mageknight/[39mjs/game.js:653:26[90m)[39m
    at [90m/home/tobber/.gemini/antigravity/scratch/mageknight/[39mjs/game/PhaseManager.js:169:27
    at [90m/home/tobber/.gemini/antigravity/scratch/mageknight/[39mjs/timeManager.js:52:44
    at Array.forEach (<anonymous>)
    at TimeManager.notifyListeners [90m(/home/tobber/.gemini/antigravity/scratch/mageknight/[39mjs/timeManager.js:52:24[90m)[39m
    at TimeManager.loadState [90m(/home/tobber/.gemini/antigravity/scratch/mageknight/[39mjs/timeManager.js:71:14[90m)[39m
    at GameStateManager.loadGameState [90m(/home/tobber/.gemini/antigravity/scratch/mageknight/[39mjs/game/GameStateManager.js:90:51[90m)[39m
    at MageKnightGame.loadGameState [90m(/home/tobber/.gemini/antigravity/scratch/mageknight/[39mjs/game.js:681:46[90m)[39m

[90mstdout[2m | tests/game_integration.test.js[2m > [22m[2mGame Integration[2m > [22m[2mshould save and load game state
[22m[39m[Lazy] StatisticsManager initialized
[Lazy] AchievementManager initialized
[SaveManager] Game saved to slot: slot_0
AI Worker initialized
18:03:16 [INFO] 🔧 Debug Tools initialized. Access via window.game or window.debug
[Lazy] SoundManager initialized
18:03:16 [INFO] Game Log: Touch-Steuerung aktiviert
18:03:16 [INFO] Starting new game... Scenario: default
18:03:16 [INFO] Game Log: Runde 1: Tag
18:03:16 [INFO] Game Log: Szenario gestartet: Freiheit für die Minen
18:03:16 [INFO] Hero created: Goldyx (goldyx)
Spawned 6 enemies.
18:03:16 [DEBUG] Initial game state rendered.
18:03:16 [INFO] Game Log: Willkommen bei Mage Knight!
18:03:16 [INFO] Game Log: Ziele: 2 Minen befreien, 1 Festung erobern.
[SaveManager] Game loaded from slot: slot_0
[Lazy] StatisticsManager initialized
[Lazy] AchievementManager initialized

[90mstdout[2m | tests/game_logic.test.js[2m > [22m[2mMageKnightGame Core Logic[2m > [22m[2mGame Flow[2m > [22m[2mshould exit movement mode
[22m[39mAI Worker initialized
18:03:16 [INFO] 🔧 Debug Tools initialized. Access via window.game or window.debug
[Lazy] SoundManager initialized
18:03:16 [INFO] Game Log: Touch-Steuerung aktiviert
18:03:16 [INFO] Starting new game... Scenario: default
18:03:16 [INFO] Game Log: Runde 1: Tag
18:03:16 [INFO] Game Log: Szenario gestartet: Freiheit für die Minen
18:03:16 [INFO] Hero created: Goldyx (goldyx)
Spawned 5 enemies.
18:03:16 [DEBUG] Initial game state rendered.
18:03:16 [INFO] Game Log: Welcome to Mage Knight!
18:03:16 [INFO] Game Log: Ziele: 2 Minen befreien, 1 Festung erobern.
18:03:16 [INFO] Starting new game... Scenario: default
18:03:16 [INFO] Game Log: Runde 1: Tag
18:03:16 [INFO] Game Log: Szenario gestartet: Freiheit für die Minen
18:03:16 [INFO] Hero created: Goldyx (goldyx)
Spawned 5 enemies.
18:03:16 [DEBUG] Initial game state rendered.
18:03:16 [INFO] Game Log: Welcome to Mage Knight!
18:03:16 [INFO] Game Log: Ziele: 2 Minen befreien, 1 Festung erobern.

[90mstdout[2m | tests/touchController.test.js[2m > [22m[2mTouch Controller[2m > [22m[2mshould resize particle canvas if present
[22m[39mCanvas resized to 500x400

[90mstdout[2m | tests/touchController.test.js[2m > [22m[2mTouch Controller[2m > [22m[2mshould render on resize if hero present
[22m[39mCanvas resized to 1000x800

[90mstdout[2m | tests/coverage_extended.test.js[2m > [22m[2mCoverage Gap Fill[2m > [22m[2mCoverage Boost v4 - Consolidated[2m > [22m[2mHero: Reputation and Crystals[2m > [22m[2mshould clamp reputation correctly
[22m[39mAI Worker initialized
18:03:16 [INFO] 🔧 Debug Tools initialized. Access via window.game or window.debug
[Lazy] SoundManager initialized
18:03:16 [INFO] Game Log: Touch-Steuerung aktiviert
18:03:16 [INFO] Starting new game... Scenario: default
18:03:16 [INFO] Game Log: Runde 1: Tag
18:03:16 [INFO] Game Log: Szenario gestartet: Freiheit für die Minen
18:03:16 [INFO] Hero created: Goldyx (goldyx)
Spawned 7 enemies.
18:03:16 [DEBUG] Initial game state rendered.
18:03:16 [INFO] Game Log: Willkommen bei Mage Knight!
18:03:16 [INFO] Game Log: Ziele: 2 Minen befreien, 1 Festung erobern.

[90mstderr[2m | tests/coverage_extended.test.js[2m > [22m[2mCoverage Gap Fill[2m > [22m[2mCoverage Boost v4 - Consolidated[2m > [22m[2mHero: Reputation and Crystals[2m > [22m[2mshould clamp reputation correctly
[22m[39mCanvas layer not found for particle system

 [32m✓[39m tests/touchController.test.js [2m([22m[2m18 tests[22m[2m)[22m[33m 988[2mms[22m[39m
     [33m[2m✓[22m[39m should handle long press [33m 609[2mms[22m[39m
[90mstdout[2m | tests/game_logic.test.js[2m > [22m[2mMageKnightGame Core Logic[2m > [22m[2mSave/Load interaction[2m > [22m[2mshould open save dialog
[22m[39mAI Worker initialized
18:03:16 [INFO] 🔧 Debug Tools initialized. Access via window.game or window.debug
[Lazy] SoundManager initialized
18:03:16 [INFO] Game Log: Touch-Steuerung aktiviert
18:03:16 [INFO] Starting new game... Scenario: default
18:03:16 [INFO] Game Log: Runde 1: Tag
18:03:16 [INFO] Game Log: Szenario gestartet: Freiheit für die Minen
18:03:16 [INFO] Hero created: Goldyx (goldyx)
Spawned 7 enemies.
18:03:16 [DEBUG] Initial game state rendered.
18:03:16 [INFO] Game Log: Welcome to Mage Knight!
18:03:16 [INFO] Game Log: Ziele: 2 Minen befreien, 1 Festung erobern.
18:03:16 [INFO] Starting new game... Scenario: default
18:03:16 [INFO] Game Log: Runde 1: Tag
18:03:16 [INFO] Game Log: Szenario gestartet: Freiheit für die Minen
18:03:16 [INFO] Hero created: Goldyx (goldyx)
Spawned 5 enemies.
18:03:16 [DEBUG] Initial game state rendered.
18:03:16 [INFO] Game Log: Welcome to Mage Knight!
18:03:16 [INFO] Game Log: Ziele: 2 Minen befreien, 1 Festung erobern.

 [32m✓[39m tests/game_logic.test.js [2m([22m[2m8 tests[22m[2m)[22m[33m 974[2mms[22m[39m
[90mstdout[2m | tests/game_integration.test.js[2m > [22m[2mGame Integration[2m > [22m[2mshould handle level up rewards
[22m[39mAI Worker initialized
18:03:16 [INFO] 🔧 Debug Tools initialized. Access via window.game or window.debug
[Lazy] SoundManager initialized
18:03:16 [INFO] Game Log: Touch-Steuerung aktiviert
18:03:16 [INFO] Starting new game... Scenario: default
18:03:16 [INFO] Game Log: Runde 1: Tag
18:03:16 [INFO] Game Log: Szenario gestartet: Freiheit für die Minen
18:03:16 [INFO] Hero created: Goldyx (goldyx)
Spawned 7 enemies.
18:03:16 [DEBUG] Initial game state rendered.
18:03:16 [INFO] Game Log: Willkommen bei Mage Knight!
18:03:16 [INFO] Game Log: Ziele: 2 Minen befreien, 1 Festung erobern.
18:03:16 [INFO] Game Log: Touch-Steuerung aktiviert
18:03:16 [INFO] Starting new game... Scenario: default
18:03:16 [INFO] Game Log: Runde 1: Tag
18:03:16 [INFO] Game Log: Runde 1: Tag
18:03:16 [INFO] Game Log: Szenario gestartet: Freiheit für die Minen
18:03:16 [INFO] Hero created: Goldyx (goldyx)
Spawned 8 enemies.
18:03:16 [DEBUG] Initial game state rendered.
18:03:16 [INFO] Game Log: Willkommen bei Mage Knight!
18:03:16 [INFO] Game Log: Ziele: 2 Minen befreien, 1 Festung erobern.

[90mstderr[2m | js/ui.js:57:37
[22m[39mFailed to load FloatingTextManager TypeError: The provided value is not of type 'Element'.
    at Object.exports.convert [90m(/home/tobber/.gemini/antigravity/scratch/mageknight/[39mnode_modules/[4mjsdom[24m/lib/jsdom/living/generated/Element.js:26:9[90m)[39m
    at window.getComputedStyle [90m(/home/tobber/.gemini/antigravity/scratch/mageknight/[39mnode_modules/[4mjsdom[24m/lib/jsdom/browser/Window.js:909:19[90m)[39m
    at new FloatingTextManager [90m(/home/tobber/.gemini/antigravity/scratch/mageknight/[39mjs/ui/FloatingTextManager.js:20:34[90m)[39m
    at [90m/home/tobber/.gemini/antigravity/scratch/mageknight/[39mjs/ui.js:55:37
[90m    at processTicksAndRejections (node:internal/process/task_queues:103:5)[39m
Failed to load FloatingTextManager TypeError: The provided value is not of type 'Element'.
    at Object.exports.convert [90m(/home/tobber/.gemini/antigravity/scratch/mageknight/[39mnode_modules/[4mjsdom[24m/lib/jsdom/living/generated/Element.js:26:9[90m)[39m
    at window.getComputedStyle [90m(/home/tobber/.gemini/antigravity/scratch/mageknight/[39mnode_modules/[4mjsdom[24m/lib/jsdom/browser/Window.js:909:19[90m)[39m
    at new FloatingTextManager [90m(/home/tobber/.gemini/antigravity/scratch/mageknight/[39mjs/ui/FloatingTextManager.js:20:34[90m)[39m
    at [90m/home/tobber/.gemini/antigravity/scratch/mageknight/[39mjs/ui.js:55:37
[90m    at processTicksAndRejections (node:internal/process/task_queues:103:5)[39m
Failed to load FloatingTextManager TypeError: The provided value is not of type 'Element'.
    at Object.exports.convert [90m(/home/tobber/.gemini/antigravity/scratch/mageknight/[39mnode_modules/[4mjsdom[24m/lib/jsdom/living/generated/Element.js:26:9[90m)[39m
    at window.getComputedStyle [90m(/home/tobber/.gemini/antigravity/scratch/mageknight/[39mnode_modules/[4mjsdom[24m/lib/jsdom/browser/Window.js:909:19[90m)[39m
    at new FloatingTextManager [90m(/home/tobber/.gemini/antigravity/scratch/mageknight/[39mjs/ui/FloatingTextManager.js:20:34[90m)[39m
    at [90m/home/tobber/.gemini/antigravity/scratch/mageknight/[39mjs/ui.js:55:37
[90m    at processTicksAndRejections (node:internal/process/task_queues:103:5)[39m
Failed to load FloatingTextManager TypeError: The provided value is not of type 'Element'.
    at Object.exports.convert [90m(/home/tobber/.gemini/antigravity/scratch/mageknight/[39mnode_modules/[4mjsdom[24m/lib/jsdom/living/generated/Element.js:26:9[90m)[39m
    at window.getComputedStyle [90m(/home/tobber/.gemini/antigravity/scratch/mageknight/[39mnode_modules/[4mjsdom[24m/lib/jsdom/browser/Window.js:909:19[90m)[39m
    at new FloatingTextManager [90m(/home/tobber/.gemini/antigravity/scratch/mageknight/[39mjs/ui/FloatingTextManager.js:20:34[90m)[39m
    at [90m/home/tobber/.gemini/antigravity/scratch/mageknight/[39mjs/ui.js:55:37
[90m    at processTicksAndRejections (node:internal/process/task_queues:103:5)[39m
Failed to load FloatingTextManager TypeError: The provided value is not of type 'Element'.
    at Object.exports.convert [90m(/home/tobber/.gemini/antigravity/scratch/mageknight/[39mnode_modules/[4mjsdom[24m/lib/jsdom/living/generated/Element.js:26:9[90m)[39m
    at window.getComputedStyle [90m(/home/tobber/.gemini/antigravity/scratch/mageknight/[39mnode_modules/[4mjsdom[24m/lib/jsdom/browser/Window.js:909:19[90m)[39m
    at new FloatingTextManager [90m(/home/tobber/.gemini/antigravity/scratch/mageknight/[39mjs/ui/FloatingTextManager.js:20:34[90m)[39m
    at [90m/home/tobber/.gemini/antigravity/scratch/mageknight/[39mjs/ui.js:55:37
[90m    at processTicksAndRejections (node:internal/process/task_queues:103:5)[39m
Failed to load FloatingTextManager TypeError: The provided value is not of type 'Element'.
    at Object.exports.convert [90m(/home/tobber/.gemini/antigravity/scratch/mageknight/[39mnode_modules/[4mjsdom[24m/lib/jsdom/living/generated/Element.js:26:9[90m)[39m
    at window.getComputedStyle [90m(/home/tobber/.gemini/antigravity/scratch/mageknight/[39mnode_modules/[4mjsdom[24m/lib/jsdom/browser/Window.js:909:19[90m)[39m
    at new FloatingTextManager [90m(/home/tobber/.gemini/antigravity/scratch/mageknight/[39mjs/ui/FloatingTextManager.js:20:34[90m)[39m
    at [90m/home/tobber/.gemini/antigravity/scratch/mageknight/[39mjs/ui.js:55:37
[90m    at processTicksAndRejections (node:internal/process/task_queues:103:5)[39m
Failed to load FloatingTextManager TypeError: The provided value is not of type 'Element'.
    at Object.exports.convert [90m(/home/tobber/.gemini/antigravity/scratch/mageknight/[39mnode_modules/[4mjsdom[24m/lib/jsdom/living/generated/Element.js:26:9[90m)[39m
    at window.getComputedStyle [90m(/home/tobber/.gemini/antigravity/scratch/mageknight/[39mnode_modules/[4mjsdom[24m/lib/jsdom/browser/Window.js:909:19[90m)[39m
    at new FloatingTextManager [90m(/home/tobber/.gemini/antigravity/scratch/mageknight/[39mjs/ui/FloatingTextManager.js:20:34[90m)[39m
    at [90m/home/tobber/.gemini/antigravity/scratch/mageknight/[39mjs/ui.js:55:37
[90m    at processTicksAndRejections (node:internal/process/task_queues:103:5)[39m
Failed to load FloatingTextManager TypeError: The provided value is not of type 'Element'.
    at Object.exports.convert [90m(/home/tobber/.gemini/antigravity/scratch/mageknight/[39mnode_modules/[4mjsdom[24m/lib/jsdom/living/generated/Element.js:26:9[90m)[39m
    at window.getComputedStyle [90m(/home/tobber/.gemini/antigravity/scratch/mageknight/[39mnode_modules/[4mjsdom[24m/lib/jsdom/browser/Window.js:909:19[90m)[39m
    at new FloatingTextManager [90m(/home/tobber/.gemini/antigravity/scratch/mageknight/[39mjs/ui/FloatingTextManager.js:20:34[90m)[39m
    at [90m/home/tobber/.gemini/antigravity/scratch/mageknight/[39mjs/ui.js:55:37
[90m    at processTicksAndRejections (node:internal/process/task_queues:103:5)[39m

[90mstderr[2m | tests/game_integration.test.js[2m > [22m[2mGame Integration[2m > [22m[2mshould handle level up rewards
[22m[39mLevel up modal elements not found

[90mstdout[2m | tests/game_integration.test.js[2m > [22m[2mGame Integration[2m > [22m[2mshould handle level up rewards
[22m[39m[Lazy] StatisticsManager initialized
18:03:16 [INFO] Game Log: 🎉 STUFENAUFSTIEG! Stufe 2 erreicht!
18:03:16 [INFO] Game Log: Skill gelernt: Flug
18:03:16 [INFO] Game Log: Karte gelernt: Hartes Training

 [32m✓[39m tests/game_integration.test.js [2m([22m[2m4 tests[22m[2m)[22m[33m 1276[2mms[22m[39m
     [33m[2m✓[22m[39m should execute a full turn lifecycle [33m 483[2mms[22m[39m
     [33m[2m✓[22m[39m should handle combat flow [32m 300[2mms[22m[39m
[90mstdout[2m | tests/coverage_extended.test.js[2m > [22m[2mCoverage Gap Fill[2m > [22m[2mCoverage Boost v4 - Consolidated[2m > [22m[2mHero: Reputation and Crystals[2m > [22m[2mshould cap crystals at 3
[22m[39mAI Worker initialized
18:03:16 [INFO] 🔧 Debug Tools initialized. Access via window.game or window.debug
[Lazy] SoundManager initialized
18:03:16 [INFO] Game Log: Touch-Steuerung aktiviert
18:03:16 [INFO] Starting new game... Scenario: default
18:03:16 [INFO] Game Log: Runde 1: Tag
18:03:16 [INFO] Game Log: Szenario gestartet: Freiheit für die Minen
18:03:16 [INFO] Hero created: Goldyx (goldyx)
Spawned 11 enemies.
18:03:16 [DEBUG] Initial game state rendered.
18:03:16 [INFO] Game Log: Willkommen bei Mage Knight!
18:03:16 [INFO] Game Log: Ziele: 2 Minen befreien, 1 Festung erobern.

[90mstderr[2m | tests/coverage_extended.test.js[2m > [22m[2mCoverage Gap Fill[2m > [22m[2mCoverage Boost v4 - Consolidated[2m > [22m[2mHero: Reputation and Crystals[2m > [22m[2mshould cap crystals at 3
[22m[39mCanvas layer not found for particle system

 [31m❯[39m tests/coverage_extended.test.js [2m([22m[2m28 tests[22m[2m | [22m[31m1 failed[39m[2m)[22m[33m 4083[2mms[22m[39m
       [33m[2m✓[22m[39m should handle level up modal flow [33m 305[2mms[22m[39m
       [32m✓[39m should show tooltip for enemy, site, and terrain[32m 93[2mms[22m[39m
       [32m✓[39m should initiate combat correctly[32m 98[2mms[22m[39m
       [32m✓[39m should render session statistics[32m 184[2mms[22m[39m
       [32m✓[39m should handle moveHero animation and callbacks (Explore & Encounter)[32m 188[2mms[22m[39m
       [32m✓[39m should handle reset[32m 81[2mms[22m[39m
       [32m✓[39m should handle combat unit rendering and interactions[32m 115[2mms[22m[39m
       [32m✓[39m should handle level up process[32m 134[2mms[22m[39m
       [32m✓[39m should handle debug teleport[32m 72[2mms[22m[39m
       [32m✓[39m should handle mana interaction[32m 198[2mms[22m[39m
       [32m✓[39m should handle endTurn and round reset[32m 182[2mms[22m[39m
       [32m✓[39m should handle victory condition[32m 130[2mms[22m[39m
       [32m✓[39m should render boss tooltip[32m 151[2mms[22m[39m
       [32m✓[39m should cover updateStats logic[32m 140[2mms[22m[39m
       [32m✓[39m should handle complex combat card effects[32m 191[2mms[22m[39m
       [32m✓[39m should calculate reachable hexes correctly[32m 90[2mms[22m[39m
       [32m✓[39m should handle card clicks (play movement)[32m 173[2mms[22m[39m
       [32m✓[39m should handle card right click cancel[32m 129[2mms[22m[39m
       [32m✓[39m should handle save/load errors[32m 119[2mms[22m[39m
       [32m✓[39m should hide tooltip on empty space[32m 152[2mms[22m[39m
[31m       [31m×[31m should handle card right click valid option[39m[32m 124[2mms[22m[39m
       [32m✓[39m should handle full state load[32m 146[2mms[22m[39m
       [32m✓[39m should handle card right click invalid input[32m 116[2mms[22m[39m
       [32m✓[39m should cover remaining UI branches (Unit filters, Non-Boss)[32m 128[2mms[22m[39m
       [32m✓[39m should cover game statistics else branches[32m 140[2mms[22m[39m
         [32m✓[39m should handle unknown terrain types[32m 123[2mms[22m[39m
         [32m✓[39m should clamp reputation correctly[32m 182[2mms[22m[39m
         [32m✓[39m should cap crystals at 3[32m 195[2mms[22m[39m
[90mstdout[2m | MageKnightGame.get tutorial [as tutorial] (/home/tobber/.gemini/antigravity/scratch/mageknight/js/game.js:231:21)
[22m[39m[Lazy] TutorialManager initialized

[90mstdout[2m | Logger.printToConsole (/home/tobber/.gemini/antigravity/scratch/mageknight/js/logger.js:79:21)
[22m[39m18:03:16 [INFO] Game Log: 🎓 Tutorial gestartet

[90mstdout[2m | MageKnightGame.get tutorial [as tutorial] (/home/tobber/.gemini/antigravity/scratch/mageknight/js/game.js:231:21)
[22m[39m[Lazy] TutorialManager initialized

[90mstdout[2m | Logger.printToConsole (/home/tobber/.gemini/antigravity/scratch/mageknight/js/logger.js:79:21)
[22m[39m18:03:16 [INFO] Game Log: 🎓 Tutorial gestartet

[90mstdout[2m | MageKnightGame.get tutorial [as tutorial] (/home/tobber/.gemini/antigravity/scratch/mageknight/js/game.js:231:21)
[22m[39m[Lazy] TutorialManager initialized

[90mstdout[2m | Logger.printToConsole (/home/tobber/.gemini/antigravity/scratch/mageknight/js/logger.js:79:21)
[22m[39m18:03:16 [INFO] Game Log: 🎓 Tutorial gestartet

[90mstdout[2m | MageKnightGame.get tutorial [as tutorial] (/home/tobber/.gemini/antigravity/scratch/mageknight/js/game.js:231:21)
[22m[39m[Lazy] TutorialManager initialized

[90mstdout[2m | Logger.printToConsole (/home/tobber/.gemini/antigravity/scratch/mageknight/js/logger.js:79:21)
[22m[39m18:03:16 [INFO] Game Log: 🎓 Tutorial gestartet

[90mstdout[2m | MageKnightGame.get tutorial [as tutorial] (/home/tobber/.gemini/antigravity/scratch/mageknight/js/game.js:231:21)
[22m[39m[Lazy] TutorialManager initialized

[90mstdout[2m | Logger.printToConsole (/home/tobber/.gemini/antigravity/scratch/mageknight/js/logger.js:79:21)
[22m[39m18:03:16 [INFO] Game Log: 🎓 Tutorial gestartet

[90mstdout[2m | MageKnightGame.get tutorial [as tutorial] (/home/tobber/.gemini/antigravity/scratch/mageknight/js/game.js:231:21)
[22m[39m[Lazy] TutorialManager initialized

[90mstdout[2m | Logger.printToConsole (/home/tobber/.gemini/antigravity/scratch/mageknight/js/logger.js:79:21)
[22m[39m18:03:16 [INFO] Game Log: 🎓 Tutorial gestartet

[90mstdout[2m | MageKnightGame.get tutorial [as tutorial] (/home/tobber/.gemini/antigravity/scratch/mageknight/js/game.js:231:21)
[22m[39m[Lazy] TutorialManager initialized

[90mstdout[2m | Logger.printToConsole (/home/tobber/.gemini/antigravity/scratch/mageknight/js/logger.js:79:21)
[22m[39m18:03:16 [INFO] Game Log: 🎓 Tutorial gestartet

[90mstdout[2m | MageKnightGame.get tutorial [as tutorial] (/home/tobber/.gemini/antigravity/scratch/mageknight/js/game.js:231:21)
[22m[39m[Lazy] TutorialManager initialized

[90mstdout[2m | Logger.printToConsole (/home/tobber/.gemini/antigravity/scratch/mageknight/js/logger.js:79:21)
[22m[39m18:03:16 [INFO] Game Log: 🎓 Tutorial gestartet

[90mstdout[2m | MageKnightGame.get tutorial [as tutorial] (/home/tobber/.gemini/antigravity/scratch/mageknight/js/game.js:231:21)
[22m[39m[Lazy] TutorialManager initialized

[90mstdout[2m | Logger.printToConsole (/home/tobber/.gemini/antigravity/scratch/mageknight/js/logger.js:79:21)
[22m[39m18:03:16 [INFO] Game Log: 🎓 Tutorial gestartet

[90mstdout[2m | MageKnightGame.get tutorial [as tutorial] (/home/tobber/.gemini/antigravity/scratch/mageknight/js/game.js:231:21)
[22m[39m[Lazy] TutorialManager initialized

[90mstdout[2m | Logger.printToConsole (/home/tobber/.gemini/antigravity/scratch/mageknight/js/logger.js:79:21)
[22m[39m18:03:16 [INFO] Game Log: 🎓 Tutorial gestartet

[90mstdout[2m | MageKnightGame.get tutorial [as tutorial] (/home/tobber/.gemini/antigravity/scratch/mageknight/js/game.js:231:21)
[22m[39m[Lazy] TutorialManager initialized

[90mstdout[2m | Logger.printToConsole (/home/tobber/.gemini/antigravity/scratch/mageknight/js/logger.js:79:21)
[22m[39m18:03:16 [INFO] Game Log: 🎓 Tutorial gestartet

[90mstdout[2m | MageKnightGame.get tutorial [as tutorial] (/home/tobber/.gemini/antigravity/scratch/mageknight/js/game.js:231:21)
[22m[39m[Lazy] TutorialManager initialized

[90mstdout[2m | Logger.printToConsole (/home/tobber/.gemini/antigravity/scratch/mageknight/js/logger.js:79:21)
[22m[39m18:03:16 [INFO] Game Log: 🎓 Tutorial gestartet

[90mstdout[2m | MageKnightGame.get tutorial [as tutorial] (/home/tobber/.gemini/antigravity/scratch/mageknight/js/game.js:231:21)
[22m[39m[Lazy] TutorialManager initialized

[90mstdout[2m | Logger.printToConsole (/home/tobber/.gemini/antigravity/scratch/mageknight/js/logger.js:79:21)
[22m[39m18:03:17 [INFO] Game Log: 🎓 Tutorial gestartet

[90mstdout[2m | MageKnightGame.get tutorial [as tutorial] (/home/tobber/.gemini/antigravity/scratch/mageknight/js/game.js:231:21)
[22m[39m[Lazy] TutorialManager initialized

[90mstdout[2m | Logger.printToConsole (/home/tobber/.gemini/antigravity/scratch/mageknight/js/logger.js:79:21)
[22m[39m18:03:17 [INFO] Game Log: 🎓 Tutorial gestartet

[90mstdout[2m | MageKnightGame.get tutorial [as tutorial] (/home/tobber/.gemini/antigravity/scratch/mageknight/js/game.js:231:21)
[22m[39m[Lazy] TutorialManager initialized

[90mstdout[2m | Logger.printToConsole (/home/tobber/.gemini/antigravity/scratch/mageknight/js/logger.js:79:21)
[22m[39m18:03:17 [INFO] Game Log: 🎓 Tutorial gestartet

[90mstdout[2m | MageKnightGame.get tutorial [as tutorial] (/home/tobber/.gemini/antigravity/scratch/mageknight/js/game.js:231:21)
[22m[39m[Lazy] TutorialManager initialized

[90mstdout[2m | Logger.printToConsole (/home/tobber/.gemini/antigravity/scratch/mageknight/js/logger.js:79:21)
[22m[39m18:03:17 [INFO] Game Log: 🎓 Tutorial gestartet

[90mstdout[2m | MageKnightGame.get tutorial [as tutorial] (/home/tobber/.gemini/antigravity/scratch/mageknight/js/game.js:231:21)
[22m[39m[Lazy] TutorialManager initialized

[90mstdout[2m | Logger.printToConsole (/home/tobber/.gemini/antigravity/scratch/mageknight/js/logger.js:79:21)
[22m[39m18:03:17 [INFO] Game Log: 🎓 Tutorial gestartet

[90mstdout[2m | MageKnightGame.get tutorial [as tutorial] (/home/tobber/.gemini/antigravity/scratch/mageknight/js/game.js:231:21)
[22m[39m[Lazy] TutorialManager initialized

[90mstdout[2m | Logger.printToConsole (/home/tobber/.gemini/antigravity/scratch/mageknight/js/logger.js:79:21)
[22m[39m18:03:17 [INFO] Game Log: 🎓 Tutorial gestartet

[90mstdout[2m | MageKnightGame.get tutorial [as tutorial] (/home/tobber/.gemini/antigravity/scratch/mageknight/js/game.js:231:21)
[22m[39m[Lazy] TutorialManager initialized

[90mstdout[2m | Logger.printToConsole (/home/tobber/.gemini/antigravity/scratch/mageknight/js/logger.js:79:21)
[22m[39m18:03:17 [INFO] Game Log: 🎓 Tutorial gestartet

[90mstdout[2m | MageKnightGame.get tutorial [as tutorial] (/home/tobber/.gemini/antigravity/scratch/mageknight/js/game.js:231:21)
[22m[39m[Lazy] TutorialManager initialized

[90mstdout[2m | Logger.printToConsole (/home/tobber/.gemini/antigravity/scratch/mageknight/js/logger.js:79:21)
[22m[39m18:03:17 [INFO] Game Log: 🎓 Tutorial gestartet

[90mstdout[2m | MageKnightGame.get tutorial [as tutorial] (/home/tobber/.gemini/antigravity/scratch/mageknight/js/game.js:231:21)
[22m[39m[Lazy] TutorialManager initialized

[90mstdout[2m | Logger.printToConsole (/home/tobber/.gemini/antigravity/scratch/mageknight/js/logger.js:79:21)
[22m[39m18:03:17 [INFO] Game Log: 🎓 Tutorial gestartet

[90mstdout[2m | MageKnightGame.get tutorial [as tutorial] (/home/tobber/.gemini/antigravity/scratch/mageknight/js/game.js:231:21)
[22m[39m[Lazy] TutorialManager initialized

[90mstdout[2m | Logger.printToConsole (/home/tobber/.gemini/antigravity/scratch/mageknight/js/logger.js:79:21)
[22m[39m18:03:17 [INFO] Game Log: 🎓 Tutorial gestartet

[90mstdout[2m | MageKnightGame.get tutorial [as tutorial] (/home/tobber/.gemini/antigravity/scratch/mageknight/js/game.js:231:21)
[22m[39m[Lazy] TutorialManager initialized

[90mstdout[2m | Logger.printToConsole (/home/tobber/.gemini/antigravity/scratch/mageknight/js/logger.js:79:21)
[22m[39m18:03:17 [INFO] Game Log: 🎓 Tutorial gestartet

[90mstdout[2m | tests/enemy_spawning.test.js[2m > [22m[2mEnemy Spawning[2m > [22m[2mshould spawn enemies on the initial board
[22m[39mAI Worker initialized
18:03:17 [INFO] 🔧 Debug Tools initialized. Access via window.game or window.debug
[Lazy] SoundManager initialized
18:03:17 [INFO] Game Log: Touch-Steuerung aktiviert
18:03:17 [INFO] Starting new game... Scenario: default
18:03:17 [INFO] Game Log: Runde 1: Tag
18:03:17 [INFO] Game Log: Szenario gestartet: Freiheit für die Minen
18:03:17 [INFO] Hero created: Goldyx (goldyx)
Spawned 8 enemies.
18:03:17 [DEBUG] Initial game state rendered.
18:03:17 [INFO] Game Log: Welcome to Mage Knight!
18:03:17 [INFO] Game Log: Ziele: 2 Minen befreien, 1 Festung erobern.

[90mstderr[2m | tests/enemy_spawning.test.js[2m > [22m[2mEnemy Spawning[2m > [22m[2mshould spawn enemies on the initial board
[22m[39mGame canvas not found, creating fallback.
Canvas layer not found for particle system

[90mstdout[2m | tests/enemy_spawning.test.js[2m > [22m[2mEnemy Spawning[2m > [22m[2mshould not spawn enemies in starting area
[22m[39mAI Worker initialized
18:03:17 [INFO] 🔧 Debug Tools initialized. Access via window.game or window.debug
[Lazy] SoundManager initialized
18:03:17 [INFO] Game Log: Touch-Steuerung aktiviert
18:03:17 [INFO] Starting new game... Scenario: default
18:03:17 [INFO] Game Log: Runde 1: Tag
18:03:17 [INFO] Game Log: Szenario gestartet: Freiheit für die Minen
18:03:17 [INFO] Hero created: Goldyx (goldyx)
Spawned 4 enemies.
18:03:17 [DEBUG] Initial game state rendered.
18:03:17 [INFO] Game Log: Welcome to Mage Knight!
18:03:17 [INFO] Game Log: Ziele: 2 Minen befreien, 1 Festung erobern.

[90mstderr[2m | tests/enemy_spawning.test.js[2m > [22m[2mEnemy Spawning[2m > [22m[2mshould not spawn enemies in starting area
[22m[39mGame canvas not found, creating fallback.
Canvas layer not found for particle system

[90mstdout[2m | tests/enemy_spawning.test.js[2m > [22m[2mEnemy Spawning[2m > [22m[2mshould spawn enemies with valid positions
[22m[39mAI Worker initialized
18:03:17 [INFO] 🔧 Debug Tools initialized. Access via window.game or window.debug
[Lazy] SoundManager initialized
18:03:17 [INFO] Game Log: Touch-Steuerung aktiviert
18:03:17 [INFO] Starting new game... Scenario: default
18:03:17 [INFO] Game Log: Runde 1: Tag
18:03:17 [INFO] Game Log: Szenario gestartet: Freiheit für die Minen
18:03:17 [INFO] Hero created: Goldyx (goldyx)
Spawned 4 enemies.
18:03:17 [DEBUG] Initial game state rendered.
18:03:17 [INFO] Game Log: Welcome to Mage Knight!
18:03:17 [INFO] Game Log: Ziele: 2 Minen befreien, 1 Festung erobern.

[90mstderr[2m | tests/enemy_spawning.test.js[2m > [22m[2mEnemy Spawning[2m > [22m[2mshould spawn enemies with valid positions
[22m[39mGame canvas not found, creating fallback.
Canvas layer not found for particle system

[90mstdout[2m | tests/enemy_spawning.test.js[2m > [22m[2mEnemy Spawning[2m > [22m[2mshould spawn enemies with valid stats
[22m[39mAI Worker initialized
18:03:17 [INFO] 🔧 Debug Tools initialized. Access via window.game or window.debug
[Lazy] SoundManager initialized
18:03:17 [INFO] Game Log: Touch-Steuerung aktiviert
18:03:17 [INFO] Starting new game... Scenario: default
18:03:17 [INFO] Game Log: Runde 1: Tag
18:03:17 [INFO] Game Log: Szenario gestartet: Freiheit für die Minen
18:03:17 [INFO] Hero created: Goldyx (goldyx)
Spawned 7 enemies.
18:03:17 [DEBUG] Initial game state rendered.
18:03:17 [INFO] Game Log: Welcome to Mage Knight!
18:03:17 [INFO] Game Log: Ziele: 2 Minen befreien, 1 Festung erobern.

[90mstderr[2m | tests/enemy_spawning.test.js[2m > [22m[2mEnemy Spawning[2m > [22m[2mshould spawn enemies with valid stats
[22m[39mGame canvas not found, creating fallback.
Canvas layer not found for particle system

[90mstdout[2m | tests/enemy_spawning.test.js[2m > [22m[2mEnemy Spawning[2m > [22m[2mshould spawn enemies on special terrain types
[22m[39mAI Worker initialized
18:03:17 [INFO] 🔧 Debug Tools initialized. Access via window.game or window.debug
[Lazy] SoundManager initialized
18:03:17 [INFO] Game Log: Touch-Steuerung aktiviert
18:03:17 [INFO] Starting new game... Scenario: default
18:03:17 [INFO] Game Log: Runde 1: Tag
18:03:17 [INFO] Game Log: Szenario gestartet: Freiheit für die Minen
18:03:17 [INFO] Hero created: Goldyx (goldyx)
Spawned 4 enemies.
18:03:17 [DEBUG] Initial game state rendered.
18:03:17 [INFO] Game Log: Welcome to Mage Knight!
18:03:17 [INFO] Game Log: Ziele: 2 Minen befreien, 1 Festung erobern.

[90mstderr[2m | tests/enemy_spawning.test.js[2m > [22m[2mEnemy Spawning[2m > [22m[2mshould spawn enemies on special terrain types
[22m[39mGame canvas not found, creating fallback.
Canvas layer not found for particle system

[90mstdout[2m | tests/long_session.test.js[2m > [22m[2mLong Session - Integration[2m > [22m[2mshould maintain state over a 3-turn sequence
[22m[39mAI Worker initialized
18:03:17 [INFO] 🔧 Debug Tools initialized. Access via window.game or window.debug
[Lazy] SoundManager initialized
18:03:17 [INFO] Game Log: Touch-Steuerung aktiviert
18:03:17 [INFO] Starting new game... Scenario: default
18:03:17 [INFO] Game Log: Runde 1: Tag
18:03:17 [INFO] Game Log: Szenario gestartet: Freiheit für die Minen
18:03:17 [INFO] Hero created: Goldyx (goldyx)
Spawned 4 enemies.
18:03:17 [DEBUG] Initial game state rendered.
18:03:17 [INFO] Game Log: Willkommen bei Mage Knight!
18:03:17 [INFO] Game Log: Ziele: 2 Minen befreien, 1 Festung erobern.

[90mstdout[2m | tests/game_reset.test.js[2m > [22m[2mGame Reset[2m > [22m[2mshould reset game state on reset()
[22m[39mAI Worker initialized
18:03:17 [INFO] 🔧 Debug Tools initialized. Access via window.game or window.debug
[Lazy] SoundManager initialized
18:03:17 [INFO] Game Log: Touch-Steuerung aktiviert
18:03:17 [INFO] Starting new game... Scenario: default
18:03:17 [INFO] Game Log: Runde 1: Tag
18:03:17 [INFO] Game Log: Szenario gestartet: Freiheit für die Minen
18:03:18 [INFO] Hero created: Goldyx (goldyx)
Spawned 1 enemies.
18:03:18 [DEBUG] Initial game state rendered.
18:03:18 [INFO] Game Log: Willkommen bei Mage Knight!
18:03:18 [INFO] Game Log: Ziele: 2 Minen befreien, 1 Festung erobern.

[90mstdout[2m | tests/achievements_integration.test.js[2m > [22m[2mAchievements Integration[2m > [22m[2mshould unlock "FIRST_BLOOD" achievement upon first kill
[22m[39mAI Worker initialized
18:03:17 [INFO] 🔧 Debug Tools initialized. Access via window.game or window.debug
[Lazy] SoundManager initialized
18:03:17 [INFO] Game Log: Touch-Steuerung aktiviert
18:03:17 [INFO] Starting new game... Scenario: default
18:03:17 [INFO] Game Log: Runde 1: Tag
18:03:17 [INFO] Game Log: Szenario gestartet: Freiheit für die Minen
18:03:18 [INFO] Hero created: Goldyx (goldyx)
Spawned 6 enemies.
18:03:18 [DEBUG] Initial game state rendered.
18:03:18 [INFO] Game Log: Willkommen bei Mage Knight!
18:03:18 [INFO] Game Log: Ziele: 2 Minen befreien, 1 Festung erobern.
[Lazy] AchievementManager initialized

[90mstdout[2m | tests/game_reset.test.js[2m > [22m[2mGame Reset[2m > [22m[2mshould reset game state on reset()
[22m[39m18:03:18 [INFO] Starting new game... Scenario: default
18:03:18 [INFO] Game Log: Runde 1: Tag
18:03:18 [INFO] Game Log: Szenario gestartet: Freiheit für die Minen
18:03:18 [INFO] Hero created: Goldyx (goldyx)
Spawned 10 enemies.
18:03:18 [DEBUG] Initial game state rendered.
18:03:18 [INFO] Game Log: Willkommen bei Mage Knight!
18:03:18 [INFO] Game Log: Ziele: 2 Minen befreien, 1 Festung erobern.

[90mstdout[2m | tests/achievements_integration.test.js[2m > [22m[2mAchievements Integration[2m > [22m[2mshould unlock "FIRST_BLOOD" achievement upon first kill
[22m[39m[Lazy] StatisticsManager initialized
18:03:18 [INFO] Game Log: 🏆 Achievement: Erste Beute - Besiege deinen ersten Feind
18:03:18 [INFO] Game Log: Belohnung: +1 Ruhm

[90mstderr[2m | tests/long_session.test.js[2m > [22m[2mLong Session - Integration[2m > [22m[2mshould maintain state over a 3-turn sequence
[22m[39mLevel up modal elements not found

[90mstdout[2m | tests/long_session.test.js[2m > [22m[2mLong Session - Integration[2m > [22m[2mshould maintain state over a 3-turn sequence
[22m[39m[Lazy] StatisticsManager initialized
18:03:18 [INFO] Game Log: --- Zug 1 beendet ---
18:03:18 [INFO] Game Log: Neue Karten gezogen
[Lazy] AchievementManager initialized
[SaveManager] Game saved to slot: slot_auto
18:03:18 [INFO] Game Log: Zug beendet.
[SaveManager] Game saved to slot: slot_auto
18:03:18 [INFO] Game Log: 🎉 STUFENAUFSTIEG! Stufe 2 erreicht!
18:03:18 [INFO] Game Log: Skill gelernt: Flug
18:03:18 [INFO] Game Log: Karte gelernt: Hartes Training
18:03:18 [INFO] Game Log: --- Zug 2 beendet ---
18:03:18 [INFO] Game Log: Neue Karten gezogen
[SaveManager] Game saved to slot: slot_auto
18:03:18 [INFO] Game Log: 🏆 Achievement: Aufsteigend - Erreiche Level 2
18:03:18 [INFO] Game Log: Belohnung: +2 Ruhm
18:03:18 [INFO] Game Log: Zug beendet.
[SaveManager] Game saved to slot: slot_auto

 [32m✓[39m tests/ui/ui_coverage_final.test.js [2m([22m[2m14 tests[22m[2m)[22m[33m 691[2mms[22m[39m
       [33m[2m✓[22m[39m should hide tooltip [33m 321[2mms[22m[39m
[90mstdout[2m | tests/game_reset.test.js[2m > [22m[2mGame Reset[2m > [22m[2mshould re-initialize hero and map on reset()
[22m[39mAI Worker initialized
18:03:18 [INFO] 🔧 Debug Tools initialized. Access via window.game or window.debug
[Lazy] SoundManager initialized
18:03:18 [INFO] Game Log: Touch-Steuerung aktiviert
18:03:18 [INFO] Starting new game... Scenario: default
18:03:18 [INFO] Game Log: Runde 1: Tag
18:03:18 [INFO] Game Log: Szenario gestartet: Freiheit für die Minen
18:03:18 [INFO] Hero created: Goldyx (goldyx)
Spawned 4 enemies.
18:03:18 [DEBUG] Initial game state rendered.
18:03:18 [INFO] Game Log: Willkommen bei Mage Knight!
18:03:18 [INFO] Game Log: Ziele: 2 Minen befreien, 1 Festung erobern.

[90mstdout[2m | tests/achievements_integration.test.js[2m > [22m[2mAchievements Integration[2m > [22m[2mshould not notify if already unlocked
[22m[39mAI Worker initialized
18:03:18 [INFO] 🔧 Debug Tools initialized. Access via window.game or window.debug
[Lazy] SoundManager initialized
18:03:18 [INFO] Game Log: Touch-Steuerung aktiviert
18:03:18 [INFO] Starting new game... Scenario: default
18:03:18 [INFO] Game Log: Runde 1: Tag
18:03:18 [INFO] Game Log: Szenario gestartet: Freiheit für die Minen
18:03:18 [INFO] Hero created: Goldyx (goldyx)
Spawned 8 enemies.
18:03:18 [DEBUG] Initial game state rendered.
18:03:18 [INFO] Game Log: Willkommen bei Mage Knight!
18:03:18 [INFO] Game Log: Ziele: 2 Minen befreien, 1 Festung erobern.
[Lazy] AchievementManager initialized

[90mstdout[2m | tests/achievements_integration.test.js[2m > [22m[2mAchievements Integration[2m > [22m[2mshould not notify if already unlocked
[22m[39m[Lazy] StatisticsManager initialized

[90mstdout[2m | tests/long_session.test.js[2m > [22m[2mLong Session - Integration[2m > [22m[2mshould survive save/load in the middle of a session
[22m[39mAI Worker initialized
18:03:18 [INFO] 🔧 Debug Tools initialized. Access via window.game or window.debug
[Lazy] SoundManager initialized
18:03:18 [INFO] Game Log: Touch-Steuerung aktiviert
18:03:18 [INFO] Starting new game... Scenario: default
18:03:18 [INFO] Game Log: Runde 1: Tag
18:03:18 [INFO] Game Log: Szenario gestartet: Freiheit für die Minen
18:03:18 [INFO] Hero created: Goldyx (goldyx)
Spawned 6 enemies.
18:03:18 [DEBUG] Initial game state rendered.
18:03:18 [INFO] Game Log: Willkommen bei Mage Knight!
18:03:18 [INFO] Game Log: Ziele: 2 Minen befreien, 1 Festung erobern.

[90mstdout[2m | tests/game_reset.test.js[2m > [22m[2mGame Reset[2m > [22m[2mshould re-initialize hero and map on reset()
[22m[39m18:03:18 [INFO] Starting new game... Scenario: default
18:03:18 [INFO] Game Log: Runde 1: Tag
18:03:18 [INFO] Game Log: Szenario gestartet: Freiheit für die Minen
18:03:18 [INFO] Hero created: Goldyx (goldyx)
Spawned 7 enemies.
18:03:18 [DEBUG] Initial game state rendered.
18:03:18 [INFO] Game Log: Willkommen bei Mage Knight!
18:03:18 [INFO] Game Log: Ziele: 2 Minen befreien, 1 Festung erobern.

[90mstdout[2m | tests/achievements_integration.test.js[2m > [22m[2mAchievements Integration[2m > [22m[2mshould unlock multiple achievements
[22m[39mAI Worker initialized
18:03:18 [INFO] 🔧 Debug Tools initialized. Access via window.game or window.debug
[Lazy] SoundManager initialized
18:03:18 [INFO] Game Log: Touch-Steuerung aktiviert
18:03:18 [INFO] Starting new game... Scenario: default
18:03:18 [INFO] Game Log: Runde 1: Tag
18:03:18 [INFO] Game Log: Szenario gestartet: Freiheit für die Minen
18:03:18 [INFO] Hero created: Goldyx (goldyx)
Spawned 8 enemies.
18:03:18 [DEBUG] Initial game state rendered.
18:03:18 [INFO] Game Log: Willkommen bei Mage Knight!
18:03:18 [INFO] Game Log: Ziele: 2 Minen befreien, 1 Festung erobern.
[Lazy] AchievementManager initialized

[90mstderr[2m | tests/enemy_spawning.test.js[2m > [22m[2mEnemy Spawning[2m > [22m[2mshould spawn enemies on special terrain types
[22m[39mGame canvas not found, creating fallback.
Canvas layer not found for particle system
Game canvas not found, creating fallback.
Canvas layer not found for particle system
Game canvas not found, creating fallback.
Canvas layer not found for particle system
Game canvas not found, creating fallback.
Canvas layer not found for particle system
Game canvas not found, creating fallback.
Canvas layer not found for particle system

[90mstdout[2m | tests/enemy_spawning.test.js[2m > [22m[2mEnemy Spawning[2m > [22m[2mshould spawn enemies on special terrain types
[22m[39mAI Worker initialized
18:03:17 [INFO] 🔧 Debug Tools initialized. Access via window.game or window.debug
[Lazy] SoundManager initialized
18:03:17 [INFO] Game Log: Touch-Steuerung aktiviert
18:03:17 [INFO] Starting new game... Scenario: default
18:03:17 [INFO] Game Log: Runde 1: Tag
18:03:17 [INFO] Game Log: Szenario gestartet: Freiheit für die Minen
18:03:17 [INFO] Hero created: Goldyx (goldyx)
Spawned 5 enemies.
18:03:17 [DEBUG] Initial game state rendered.
18:03:17 [INFO] Game Log: Welcome to Mage Knight!
18:03:17 [INFO] Game Log: Ziele: 2 Minen befreien, 1 Festung erobern.
AI Worker initialized
18:03:18 [INFO] 🔧 Debug Tools initialized. Access via window.game or window.debug
[Lazy] SoundManager initialized
18:03:18 [INFO] Game Log: Touch-Steuerung aktiviert
18:03:18 [INFO] Starting new game... Scenario: default
18:03:18 [INFO] Game Log: Runde 1: Tag
18:03:18 [INFO] Game Log: Szenario gestartet: Freiheit für die Minen
18:03:18 [INFO] Hero created: Goldyx (goldyx)
Spawned 7 enemies.
18:03:18 [DEBUG] Initial game state rendered.
18:03:18 [INFO] Game Log: Welcome to Mage Knight!
18:03:18 [INFO] Game Log: Ziele: 2 Minen befreien, 1 Festung erobern.
AI Worker initialized
18:03:18 [INFO] 🔧 Debug Tools initialized. Access via window.game or window.debug
[Lazy] SoundManager initialized
18:03:18 [INFO] Game Log: Touch-Steuerung aktiviert
18:03:18 [INFO] Starting new game... Scenario: default
18:03:18 [INFO] Game Log: Runde 1: Tag
18:03:18 [INFO] Game Log: Szenario gestartet: Freiheit für die Minen
18:03:18 [INFO] Hero created: Goldyx (goldyx)
Spawned 5 enemies.
18:03:18 [DEBUG] Initial game state rendered.
18:03:18 [INFO] Game Log: Welcome to Mage Knight!
18:03:18 [INFO] Game Log: Ziele: 2 Minen befreien, 1 Festung erobern.
AI Worker initialized
18:03:18 [INFO] 🔧 Debug Tools initialized. Access via window.game or window.debug
[Lazy] SoundManager initialized
18:03:18 [INFO] Game Log: Touch-Steuerung aktiviert
18:03:18 [INFO] Starting new game... Scenario: default
18:03:18 [INFO] Game Log: Runde 1: Tag
18:03:18 [INFO] Game Log: Szenario gestartet: Freiheit für die Minen
18:03:18 [INFO] Hero created: Goldyx (goldyx)
Spawned 5 enemies.
18:03:18 [DEBUG] Initial game state rendered.
18:03:18 [INFO] Game Log: Welcome to Mage Knight!
18:03:18 [INFO] Game Log: Ziele: 2 Minen befreien, 1 Festung erobern.
AI Worker initialized
18:03:18 [INFO] 🔧 Debug Tools initialized. Access via window.game or window.debug
[Lazy] SoundManager initialized
18:03:18 [INFO] Game Log: Touch-Steuerung aktiviert
18:03:18 [INFO] Starting new game... Scenario: default
18:03:18 [INFO] Game Log: Runde 1: Tag
18:03:18 [INFO] Game Log: Szenario gestartet: Freiheit für die Minen
18:03:18 [INFO] Hero created: Goldyx (goldyx)
Spawned 4 enemies.
18:03:18 [DEBUG] Initial game state rendered.
18:03:18 [INFO] Game Log: Welcome to Mage Knight!
18:03:18 [INFO] Game Log: Ziele: 2 Minen befreien, 1 Festung erobern.

[90mstdout[2m | tests/long_session.test.js[2m > [22m[2mLong Session - Integration[2m > [22m[2mshould survive save/load in the middle of a session
[22m[39m[Lazy] StatisticsManager initialized
[Lazy] AchievementManager initialized
AI Worker initialized
18:03:18 [INFO] 🔧 Debug Tools initialized. Access via window.game or window.debug
[Lazy] SoundManager initialized
18:03:18 [INFO] Game Log: Touch-Steuerung aktiviert
18:03:18 [INFO] Starting new game... Scenario: default
18:03:18 [INFO] Game Log: Runde 1: Tag
18:03:18 [INFO] Game Log: Szenario gestartet: Freiheit für die Minen
18:03:18 [INFO] Hero created: Goldyx (goldyx)
Spawned 4 enemies.
18:03:18 [DEBUG] Initial game state rendered.
18:03:18 [INFO] Game Log: Willkommen bei Mage Knight!
18:03:18 [INFO] Game Log: Ziele: 2 Minen befreien, 1 Festung erobern.
18:03:18 [INFO] Game Log: Runde 1: Tag
[Lazy] StatisticsManager initialized
[Lazy] AchievementManager initialized

 [32m✓[39m tests/long_session.test.js [2m([22m[2m2 tests[22m[2m)[22m[33m 787[2mms[22m[39m
     [33m[2m✓[22m[39m should maintain state over a 3-turn sequence [33m 607[2mms[22m[39m
[90mstdout[2m | tests/game_reset.test.js[2m > [22m[2mGame Reset[2m > [22m[2mshould not reset if confirm is cancelled
[22m[39mAI Worker initialized
18:03:18 [INFO] 🔧 Debug Tools initialized. Access via window.game or window.debug
[Lazy] SoundManager initialized
18:03:18 [INFO] Game Log: Touch-Steuerung aktiviert
18:03:18 [INFO] Starting new game... Scenario: default
18:03:18 [INFO] Game Log: Runde 1: Tag
18:03:18 [INFO] Game Log: Szenario gestartet: Freiheit für die Minen
18:03:18 [INFO] Hero created: Goldyx (goldyx)
Spawned 6 enemies.
18:03:18 [DEBUG] Initial game state rendered.
18:03:18 [INFO] Game Log: Willkommen bei Mage Knight!
18:03:18 [INFO] Game Log: Ziele: 2 Minen befreien, 1 Festung erobern.

[90mstdout[2m | tests/game_reset.test.js[2m > [22m[2mGame Reset[2m > [22m[2mshould not reset if confirm is cancelled
[22m[39m18:03:18 [DEBUG] Scenario Selection Modal shown

 [32m✓[39m tests/game_reset.test.js [2m([22m[2m3 tests[22m[2m)[22m[33m 779[2mms[22m[39m
     [33m[2m✓[22m[39m should reset game state on reset() [33m 518[2mms[22m[39m
[90mstdout[2m | tests/performance.test.js[2m > [22m[2mPerformance Tests[2m > [22m[2mPerformance: HexGrid Rendering Stress Test
[22m[39mDrew grid in 13.58ms

[90mstdout[2m | tests/performance.test.js[2m > [22m[2mPerformance Tests[2m > [22m[2mPerformance: Particle System Stress Test
[22m[39mUpdated all particles in 1.31ms

[90mstdout[2m | tests/enemy_spawning.test.js[2m > [22m[2mEnemy Spawning[2m > [22m[2mshould assign appropriate levels based on distance
[22m[39mAI Worker initialized
18:03:18 [INFO] 🔧 Debug Tools initialized. Access via window.game or window.debug
[Lazy] SoundManager initialized
18:03:18 [INFO] Game Log: Touch-Steuerung aktiviert
18:03:18 [INFO] Starting new game... Scenario: default
18:03:18 [INFO] Game Log: Runde 1: Tag
18:03:18 [INFO] Game Log: Szenario gestartet: Freiheit für die Minen
18:03:18 [INFO] Hero created: Goldyx (goldyx)
Spawned 6 enemies.
18:03:18 [DEBUG] Initial game state rendered.
18:03:18 [INFO] Game Log: Welcome to Mage Knight!
18:03:18 [INFO] Game Log: Ziele: 2 Minen befreien, 1 Festung erobern.

[90mstderr[2m | tests/enemy_spawning.test.js[2m > [22m[2mEnemy Spawning[2m > [22m[2mshould assign appropriate levels based on distance
[22m[39mGame canvas not found, creating fallback.
Canvas layer not found for particle system

[90mstdout[2m | tests/achievements_integration.test.js[2m > [22m[2mAchievements Integration[2m > [22m[2mshould unlock multiple achievements
[22m[39m[Lazy] StatisticsManager initialized
18:03:18 [INFO] Game Log: 🏆 Achievement: Erste Beute - Besiege deinen ersten Feind
18:03:18 [INFO] Game Log: Belohnung: +1 Ruhm
18:03:18 [INFO] Game Log: 🏆 Achievement: Schlächter - Besiege 10 Feinde
18:03:18 [INFO] Game Log: Belohnung: +5 Ruhm
18:03:18 [INFO] Game Log: 🏆 Achievement: Entdecker - Erkunde 3 neue Gebiete
18:03:18 [INFO] Game Log: Belohnung: +2 Ruhm
18:03:18 [INFO] Game Log: 🏆 Achievement: Kartograph - Erkunde 10 neue Gebiete
18:03:18 [INFO] Game Log: Belohnung: +5 Ruhm
18:03:18 [INFO] Game Log: ⭐ Level 2 erreicht!

 [32m✓[39m tests/achievements_integration.test.js [2m([22m[2m3 tests[22m[2m)[22m[33m 680[2mms[22m[39m
     [33m[2m✓[22m[39m should unlock "FIRST_BLOOD" achievement upon first kill [33m 386[2mms[22m[39m
 [32m✓[39m tests/cardAnimations.test.js [2m([22m[2m15 tests[22m[2m)[22m[33m 6555[2mms[22m[39m
       [33m[2m✓[22m[39m should set initial transform and opacity [33m 615[2mms[22m[39m
       [33m[2m✓[22m[39m should animate to final state [33m 604[2mms[22m[39m
       [33m[2m✓[22m[39m should stagger animation based on index [33m 765[2mms[22m[39m
       [33m[2m✓[22m[39m should apply discard transform [33m 413[2mms[22m[39m
       [33m[2m✓[22m[39m should remove element after animation [33m 401[2mms[22m[39m
       [33m[2m✓[22m[39m should add and remove shake class [33m 508[2mms[22m[39m
       [33m[2m✓[22m[39m should apply flip transform [33m 603[2mms[22m[39m
       [33m[2m✓[22m[39m should complete flip animation [33m 603[2mms[22m[39m
       [33m[2m✓[22m[39m should add and remove highlight class [33m 1002[2mms[22m[39m
       [33m[2m✓[22m[39m should hide original card during animation [33m 512[2mms[22m[39m
       [33m[2m✓[22m[39m should clean up clone after animation [33m 513[2mms[22m[39m
[90mstdout[2m | tests/enemy_spawning.test.js[2m > [22m[2mEnemy Spawning[2m > [22m[2mshould have unique enemy IDs
[22m[39mAI Worker initialized
18:03:18 [INFO] 🔧 Debug Tools initialized. Access via window.game or window.debug
[Lazy] SoundManager initialized
18:03:18 [INFO] Game Log: Touch-Steuerung aktiviert
18:03:18 [INFO] Starting new game... Scenario: default
18:03:18 [INFO] Game Log: Runde 1: Tag
18:03:18 [INFO] Game Log: Szenario gestartet: Freiheit für die Minen
18:03:18 [INFO] Hero created: Goldyx (goldyx)
Spawned 8 enemies.
18:03:18 [DEBUG] Initial game state rendered.
18:03:18 [INFO] Game Log: Welcome to Mage Knight!
18:03:18 [INFO] Game Log: Ziele: 2 Minen befreien, 1 Festung erobern.

[90mstderr[2m | tests/enemy_spawning.test.js[2m > [22m[2mEnemy Spawning[2m > [22m[2mshould have unique enemy IDs
[22m[39mGame canvas not found, creating fallback.
Canvas layer not found for particle system

[90mstdout[2m | tests/enemy_spawning.test.js[2m > [22m[2mEnemy Spawning[2m > [22m[2mshould render enemies on the hex grid
[22m[39mAI Worker initialized
18:03:18 [INFO] 🔧 Debug Tools initialized. Access via window.game or window.debug
[Lazy] SoundManager initialized
18:03:18 [INFO] Game Log: Touch-Steuerung aktiviert
18:03:18 [INFO] Starting new game... Scenario: default
18:03:18 [INFO] Game Log: Runde 1: Tag
18:03:18 [INFO] Game Log: Szenario gestartet: Freiheit für die Minen
18:03:18 [INFO] Hero created: Goldyx (goldyx)
Spawned 8 enemies.
18:03:18 [DEBUG] Initial game state rendered.
18:03:18 [INFO] Game Log: Welcome to Mage Knight!
18:03:18 [INFO] Game Log: Ziele: 2 Minen befreien, 1 Festung erobern.

[90mstderr[2m | tests/enemy_spawning.test.js[2m > [22m[2mEnemy Spawning[2m > [22m[2mshould render enemies on the hex grid
[22m[39mGame canvas not found, creating fallback.
Canvas layer not found for particle system

[90mstdout[2m | tests/enemy_spawning.test.js[2m > [22m[2mEnemy Spawning[2m > [22m[2mshould remove defeated enemies
[22m[39mAI Worker initialized
18:03:18 [INFO] 🔧 Debug Tools initialized. Access via window.game or window.debug
[Lazy] SoundManager initialized
18:03:18 [INFO] Game Log: Touch-Steuerung aktiviert
18:03:18 [INFO] Starting new game... Scenario: default
18:03:18 [INFO] Game Log: Runde 1: Tag
18:03:18 [INFO] Game Log: Szenario gestartet: Freiheit für die Minen
18:03:18 [INFO] Hero created: Goldyx (goldyx)
Spawned 8 enemies.
18:03:18 [DEBUG] Initial game state rendered.
18:03:18 [INFO] Game Log: Welcome to Mage Knight!
18:03:18 [INFO] Game Log: Ziele: 2 Minen befreien, 1 Festung erobern.

[90mstderr[2m | tests/enemy_spawning.test.js[2m > [22m[2mEnemy Spawning[2m > [22m[2mshould remove defeated enemies
[22m[39mGame canvas not found, creating fallback.
Canvas layer not found for particle system

 [32m✓[39m tests/enemy_spawning.test.js [2m([22m[2m9 tests[22m[2m)[22m[33m 1292[2mms[22m[39m
     [33m[2m✓[22m[39m should spawn enemies on special terrain types [33m 566[2mms[22m[39m
[90mstdout[2m | tests/performance.test.js[2m > [22m[2mPerformance Tests[2m > [22m[2mResilience: Multi-Reset Memory Isolation
[22m[39mAI Worker initialized
18:03:18 [INFO] 🔧 Debug Tools initialized. Access via window.game or window.debug
[Lazy] SoundManager initialized
18:03:18 [INFO] Starting new game... Scenario: default
18:03:18 [INFO] Game Log: Runde 1: Tag
18:03:18 [INFO] Game Log: Szenario gestartet: Freiheit für die Minen
18:03:18 [INFO] Hero created: Goldyx (goldyx)
Spawned 6 enemies.
18:03:18 [DEBUG] Initial game state rendered.
18:03:18 [INFO] Game Log: Welcome to Mage Knight!
18:03:18 [INFO] Game Log: Ziele: 2 Minen befreien, 1 Festung erobern.
18:03:18 [INFO] Starting new game... Scenario: default
18:03:18 [INFO] Game Log: Runde 1: Tag
18:03:18 [INFO] Game Log: Runde 1: Tag
18:03:18 [INFO] Game Log: Szenario gestartet: Freiheit für die Minen
18:03:18 [INFO] Hero created: Goldyx (goldyx)
Spawned 6 enemies.
18:03:18 [DEBUG] Initial game state rendered.
18:03:18 [INFO] Game Log: Welcome to Mage Knight!
18:03:18 [INFO] Game Log: Ziele: 2 Minen befreien, 1 Festung erobern.
18:03:18 [INFO] Starting new game... Scenario: default
18:03:18 [INFO] Game Log: Runde 1: Tag
18:03:18 [INFO] Game Log: Runde 1: Tag
18:03:18 [INFO] Game Log: Runde 1: Tag
18:03:18 [INFO] Game Log: Szenario gestartet: Freiheit für die Minen
18:03:18 [INFO] Hero created: Goldyx (goldyx)
Spawned 7 enemies.
18:03:18 [DEBUG] Initial game state rendered.
18:03:18 [INFO] Game Log: Welcome to Mage Knight!
18:03:18 [INFO] Game Log: Ziele: 2 Minen befreien, 1 Festung erobern.
18:03:18 [INFO] Starting new game... Scenario: default
18:03:18 [INFO] Game Log: Runde 1: Tag
18:03:18 [INFO] Game Log: Runde 1: Tag
18:03:18 [INFO] Game Log: Runde 1: Tag
18:03:18 [INFO] Game Log: Runde 1: Tag
18:03:18 [INFO] Game Log: Szenario gestartet: Freiheit für die Minen
18:03:18 [INFO] Hero created: Goldyx (goldyx)
Spawned 6 enemies.
18:03:18 [DEBUG] Initial game state rendered.
18:03:18 [INFO] Game Log: Welcome to Mage Knight!
18:03:18 [INFO] Game Log: Ziele: 2 Minen befreien, 1 Festung erobern.
18:03:18 [INFO] Starting new game... Scenario: default
18:03:18 [INFO] Game Log: Runde 1: Tag
18:03:18 [INFO] Game Log: Runde 1: Tag
18:03:18 [INFO] Game Log: Runde 1: Tag
18:03:18 [INFO] Game Log: Runde 1: Tag
18:03:18 [INFO] Game Log: Runde 1: Tag
18:03:18 [INFO] Game Log: Szenario gestartet: Freiheit für die Minen
18:03:18 [INFO] Hero created: Goldyx (goldyx)
Spawned 4 enemies.
18:03:18 [DEBUG] Initial game state rendered.
18:03:18 [INFO] Game Log: Welcome to Mage Knight!
18:03:18 [INFO] Game Log: Ziele: 2 Minen befreien, 1 Festung erobern.
18:03:18 [INFO] Starting new game... Scenario: default
18:03:18 [INFO] Game Log: Runde 1: Tag
18:03:18 [INFO] Game Log: Runde 1: Tag
18:03:18 [INFO] Game Log: Runde 1: Tag
18:03:18 [INFO] Game Log: Runde 1: Tag
18:03:18 [INFO] Game Log: Runde 1: Tag
18:03:18 [INFO] Game Log: Runde 1: Tag
18:03:18 [INFO] Game Log: Szenario gestartet: Freiheit für die Minen
18:03:18 [INFO] Hero created: Goldyx (goldyx)
Spawned 7 enemies.
18:03:18 [DEBUG] Initial game state rendered.
18:03:18 [INFO] Game Log: Welcome to Mage Knight!
18:03:18 [INFO] Game Log: Ziele: 2 Minen befreien, 1 Festung erobern.
18:03:18 [INFO] Starting new game... Scenario: default
18:03:18 [INFO] Game Log: Runde 1: Tag
18:03:18 [INFO] Game Log: Runde 1: Tag
18:03:18 [INFO] Game Log: Runde 1: Tag
18:03:18 [INFO] Game Log: Runde 1: Tag
18:03:18 [INFO] Game Log: Runde 1: Tag
18:03:18 [INFO] Game Log: Runde 1: Tag
18:03:18 [INFO] Game Log: Runde 1: Tag
18:03:18 [INFO] Game Log: Szenario gestartet: Freiheit für die Minen
18:03:18 [INFO] Hero created: Goldyx (goldyx)
Spawned 8 enemies.
18:03:18 [DEBUG] Initial game state rendered.
18:03:18 [INFO] Game Log: Welcome to Mage Knight!
18:03:18 [INFO] Game Log: Ziele: 2 Minen befreien, 1 Festung erobern.
18:03:18 [INFO] Starting new game... Scenario: default
18:03:18 [INFO] Game Log: Runde 1: Tag
18:03:18 [INFO] Game Log: Runde 1: Tag
18:03:18 [INFO] Game Log: Runde 1: Tag
18:03:18 [INFO] Game Log: Runde 1: Tag
18:03:18 [INFO] Game Log: Runde 1: Tag
18:03:18 [INFO] Game Log: Runde 1: Tag
18:03:18 [INFO] Game Log: Runde 1: Tag
18:03:18 [INFO] Game Log: Runde 1: Tag
18:03:18 [INFO] Game Log: Szenario gestartet: Freiheit für die Minen
18:03:18 [INFO] Hero created: Goldyx (goldyx)
Spawned 3 enemies.
18:03:18 [DEBUG] Initial game state rendered.
18:03:18 [INFO] Game Log: Welcome to Mage Knight!
18:03:18 [INFO] Game Log: Ziele: 2 Minen befreien, 1 Festung erobern.
18:03:18 [INFO] Starting new game... Scenario: default
18:03:18 [INFO] Game Log: Runde 1: Tag
18:03:18 [INFO] Game Log: Runde 1: Tag
18:03:18 [INFO] Game Log: Runde 1: Tag
18:03:18 [INFO] Game Log: Runde 1: Tag
18:03:18 [INFO] Game Log: Runde 1: Tag
18:03:18 [INFO] Game Log: Runde 1: Tag
18:03:18 [INFO] Game Log: Runde 1: Tag
18:03:18 [INFO] Game Log: Runde 1: Tag
18:03:18 [INFO] Game Log: Runde 1: Tag
18:03:18 [INFO] Game Log: Szenario gestartet: Freiheit für die Minen
18:03:18 [INFO] Hero created: Goldyx (goldyx)
Spawned 10 enemies.
18:03:18 [DEBUG] Initial game state rendered.
18:03:18 [INFO] Game Log: Welcome to Mage Knight!
18:03:18 [INFO] Game Log: Ziele: 2 Minen befreien, 1 Festung erobern.
18:03:18 [INFO] Starting new game... Scenario: default
18:03:18 [INFO] Game Log: Runde 1: Tag
18:03:18 [INFO] Game Log: Runde 1: Tag
18:03:18 [INFO] Game Log: Runde 1: Tag
18:03:18 [INFO] Game Log: Runde 1: Tag
18:03:18 [INFO] Game Log: Runde 1: Tag
18:03:18 [INFO] Game Log: Runde 1: Tag
18:03:18 [INFO] Game Log: Runde 1: Tag
18:03:18 [INFO] Game Log: Runde 1: Tag
18:03:18 [INFO] Game Log: Runde 1: Tag
18:03:18 [INFO] Game Log: Runde 1: Tag
18:03:18 [INFO] Game Log: Szenario gestartet: Freiheit für die Minen
18:03:18 [INFO] Hero created: Goldyx (goldyx)
Spawned 6 enemies.
18:03:18 [DEBUG] Initial game state rendered.
18:03:18 [INFO] Game Log: Welcome to Mage Knight!
18:03:18 [INFO] Game Log: Ziele: 2 Minen befreien, 1 Festung erobern.
18:03:18 [INFO] Starting new game... Scenario: default
18:03:18 [INFO] Game Log: Runde 1: Tag
18:03:18 [INFO] Game Log: Runde 1: Tag
18:03:18 [INFO] Game Log: Runde 1: Tag
18:03:18 [INFO] Game Log: Runde 1: Tag
18:03:18 [INFO] Game Log: Runde 1: Tag
18:03:18 [INFO] Game Log: Runde 1: Tag
18:03:18 [INFO] Game Log: Runde 1: Tag
18:03:18 [INFO] Game Log: Runde 1: Tag
18:03:18 [INFO] Game Log: Runde 1: Tag
18:03:18 [INFO] Game Log: Runde 1: Tag
18:03:18 [INFO] Game Log: Runde 1: Tag
18:03:18 [INFO] Game Log: Szenario gestartet: Freiheit für die Minen
18:03:18 [INFO] Hero created: Goldyx (goldyx)
Spawned 8 enemies.
18:03:18 [DEBUG] Initial game state rendered.
18:03:18 [INFO] Game Log: Welcome to Mage Knight!
18:03:18 [INFO] Game Log: Ziele: 2 Minen befreien, 1 Festung erobern.
18:03:18 [INFO] Starting new game... Scenario: default
18:03:18 [INFO] Game Log: Runde 1: Tag
18:03:18 [INFO] Game Log: Runde 1: Tag
18:03:18 [INFO] Game Log: Runde 1: Tag
18:03:18 [INFO] Game Log: Runde 1: Tag
18:03:18 [INFO] Game Log: Runde 1: Tag
18:03:18 [INFO] Game Log: Runde 1: Tag
18:03:18 [INFO] Game Log: Runde 1: Tag
18:03:18 [INFO] Game Log: Runde 1: Tag
18:03:18 [INFO] Game Log: Runde 1: Tag
18:03:18 [INFO] Game Log: Runde 1: Tag
18:03:18 [INFO] Game Log: Runde 1: Tag
18:03:18 [INFO] Game Log: Runde 1: Tag
18:03:18 [INFO] Game Log: Szenario gestartet: Freiheit für die Minen
18:03:18 [INFO] Hero created: Goldyx (goldyx)
Spawned 6 enemies.
18:03:18 [DEBUG] Initial game state rendered.
18:03:18 [INFO] Game Log: Welcome to Mage Knight!
18:03:18 [INFO] Game Log: Ziele: 2 Minen befreien, 1 Festung erobern.
18:03:18 [INFO] Starting new game... Scenario: default
18:03:18 [INFO] Game Log: Runde 1: Tag
18:03:18 [INFO] Game Log: Runde 1: Tag
18:03:18 [INFO] Game Log: Runde 1: Tag
18:03:18 [INFO] Game Log: Runde 1: Tag
18:03:18 [INFO] Game Log: Runde 1: Tag
18:03:18 [INFO] Game Log: Runde 1: Tag
18:03:18 [INFO] Game Log: Runde 1: Tag
18:03:18 [INFO] Game Log: Runde 1: Tag
18:03:18 [INFO] Game Log: Runde 1: Tag
18:03:18 [INFO] Game Log: Runde 1: Tag
18:03:18 [INFO] Game Log: Runde 1: Tag
18:03:18 [INFO] Game Log: Runde 1: Tag
18:03:18 [INFO] Game Log: Runde 1: Tag
18:03:18 [INFO] Game Log: Szenario gestartet: Freiheit für die Minen
18:03:18 [INFO] Hero created: Goldyx (goldyx)
Spawned 4 enemies.
18:03:18 [DEBUG] Initial game state rendered.
18:03:18 [INFO] Game Log: Welcome to Mage Knight!
18:03:18 [INFO] Game Log: Ziele: 2 Minen befreien, 1 Festung erobern.
18:03:18 [INFO] Starting new game... Scenario: default
18:03:18 [INFO] Game Log: Runde 1: Tag
18:03:18 [INFO] Game Log: Runde 1: Tag
18:03:18 [INFO] Game Log: Runde 1: Tag
18:03:18 [INFO] Game Log: Runde 1: Tag
18:03:18 [INFO] Game Log: Runde 1: Tag
18:03:18 [INFO] Game Log: Runde 1: Tag
18:03:18 [INFO] Game Log: Runde 1: Tag
18:03:18 [INFO] Game Log: Runde 1: Tag
18:03:18 [INFO] Game Log: Runde 1: Tag
18:03:18 [INFO] Game Log: Runde 1: Tag
18:03:18 [INFO] Game Log: Runde 1: Tag
18:03:18 [INFO] Game Log: Runde 1: Tag
18:03:18 [INFO] Game Log: Runde 1: Tag
18:03:18 [INFO] Game Log: Runde 1: Tag
18:03:18 [INFO] Game Log: Szenario gestartet: Freiheit für die Minen
18:03:18 [INFO] Hero created: Goldyx (goldyx)
Spawned 5 enemies.
18:03:18 [DEBUG] Initial game state rendered.
18:03:18 [INFO] Game Log: Welcome to Mage Knight!
18:03:18 [INFO] Game Log: Ziele: 2 Minen befreien, 1 Festung erobern.
18:03:18 [INFO] Starting new game... Scenario: default
18:03:18 [INFO] Game Log: Runde 1: Tag
18:03:18 [INFO] Game Log: Runde 1: Tag
18:03:18 [INFO] Game Log: Runde 1: Tag
18:03:18 [INFO] Game Log: Runde 1: Tag
18:03:18 [INFO] Game Log: Runde 1: Tag
18:03:18 [INFO] Game Log: Runde 1: Tag
18:03:18 [INFO] Game Log: Runde 1: Tag
18:03:18 [INFO] Game Log: Runde 1: Tag
18:03:18 [INFO] Game Log: Runde 1: Tag
18:03:18 [INFO] Game Log: Runde 1: Tag
18:03:18 [INFO] Game Log: Runde 1: Tag
18:03:18 [INFO] Game Log: Runde 1: Tag
18:03:18 [INFO] Game Log: Runde 1: Tag
18:03:18 [INFO] Game Log: Runde 1: Tag
18:03:18 [INFO] Game Log: Runde 1: Tag
18:03:18 [INFO] Game Log: Szenario gestartet: Freiheit für die Minen
18:03:18 [INFO] Hero created: Goldyx (goldyx)
Spawned 4 enemies.
18:03:18 [DEBUG] Initial game state rendered.
18:03:18 [INFO] Game Log: Welcome to Mage Knight!
18:03:18 [INFO] Game Log: Ziele: 2 Minen befreien, 1 Festung erobern.
18:03:18 [INFO] Starting new game... Scenario: default
18:03:18 [INFO] Game Log: Runde 1: Tag
18:03:18 [INFO] Game Log: Runde 1: Tag
18:03:18 [INFO] Game Log: Runde 1: Tag
18:03:18 [INFO] Game Log: Runde 1: Tag
18:03:18 [INFO] Game Log: Runde 1: Tag
18:03:18 [INFO] Game Log: Runde 1: Tag
18:03:18 [INFO] Game Log: Runde 1: Tag
18:03:18 [INFO] Game Log: Runde 1: Tag
18:03:18 [INFO] Game Log: Runde 1: Tag
18:03:18 [INFO] Game Log: Runde 1: Tag
18:03:18 [INFO] Game Log: Runde 1: Tag
18:03:18 [INFO] Game Log: Runde 1: Tag
18:03:18 [INFO] Game Log: Runde 1: Tag
18:03:18 [INFO] Game Log: Runde 1: Tag
18:03:18 [INFO] Game Log: Runde 1: Tag
18:03:18 [INFO] Game Log: Runde 1: Tag
18:03:18 [INFO] Game Log: Szenario gestartet: Freiheit für die Minen
18:03:18 [INFO] Hero created: Goldyx (goldyx)
Spawned 5 enemies.
18:03:18 [DEBUG] Initial game state rendered.
18:03:18 [INFO] Game Log: Welcome to Mage Knight!
18:03:18 [INFO] Game Log: Ziele: 2 Minen befreien, 1 Festung erobern.
18:03:18 [INFO] Starting new game... Scenario: default
18:03:18 [INFO] Game Log: Runde 1: Tag
18:03:18 [INFO] Game Log: Runde 1: Tag
18:03:18 [INFO] Game Log: Runde 1: Tag
18:03:18 [INFO] Game Log: Runde 1: Tag
18:03:18 [INFO] Game Log: Runde 1: Tag
18:03:18 [INFO] Game Log: Runde 1: Tag
18:03:18 [INFO] Game Log: Runde 1: Tag
18:03:18 [INFO] Game Log: Runde 1: Tag
18:03:18 [INFO] Game Log: Runde 1: Tag
18:03:18 [INFO] Game Log: Runde 1: Tag
18:03:18 [INFO] Game Log: Runde 1: Tag
18:03:18 [INFO] Game Log: Runde 1: Tag
18:03:18 [INFO] Game Log: Runde 1: Tag
18:03:18 [INFO] Game Log: Runde 1: Tag
18:03:18 [INFO] Game Log: Runde 1: Tag
18:03:18 [INFO] Game Log: Runde 1: Tag
18:03:18 [INFO] Game Log: Runde 1: Tag
18:03:18 [INFO] Game Log: Szenario gestartet: Freiheit für die Minen
18:03:18 [INFO] Hero created: Goldyx (goldyx)
Spawned 6 enemies.
18:03:18 [DEBUG] Initial game state rendered.
18:03:18 [INFO] Game Log: Welcome to Mage Knight!
18:03:18 [INFO] Game Log: Ziele: 2 Minen befreien, 1 Festung erobern.
18:03:18 [INFO] Starting new game... Scenario: default
18:03:18 [INFO] Game Log: Runde 1: Tag
18:03:18 [INFO] Game Log: Runde 1: Tag
18:03:18 [INFO] Game Log: Runde 1: Tag
18:03:18 [INFO] Game Log: Runde 1: Tag
18:03:18 [INFO] Game Log: Runde 1: Tag
18:03:18 [INFO] Game Log: Runde 1: Tag
18:03:18 [INFO] Game Log: Runde 1: Tag
18:03:18 [INFO] Game Log: Runde 1: Tag
18:03:18 [INFO] Game Log: Runde 1: Tag
18:03:18 [INFO] Game Log: Runde 1: Tag
18:03:18 [INFO] Game Log: Runde 1: Tag
18:03:18 [INFO] Game Log: Runde 1: Tag
18:03:18 [INFO] Game Log: Runde 1: Tag
18:03:18 [INFO] Game Log: Runde 1: Tag
18:03:18 [INFO] Game Log: Runde 1: Tag
18:03:18 [INFO] Game Log: Runde 1: Tag
18:03:18 [INFO] Game Log: Runde 1: Tag
18:03:18 [INFO] Game Log: Runde 1: Tag
18:03:18 [INFO] Game Log: Szenario gestartet: Freiheit für die Minen
18:03:18 [INFO] Hero created: Goldyx (goldyx)
Spawned 9 enemies.
18:03:18 [DEBUG] Initial game state rendered.
18:03:18 [INFO] Game Log: Welcome to Mage Knight!
18:03:18 [INFO] Game Log: Ziele: 2 Minen befreien, 1 Festung erobern.
18:03:18 [INFO] Starting new game... Scenario: default
18:03:18 [INFO] Game Log: Runde 1: Tag
18:03:18 [INFO] Game Log: Runde 1: Tag
18:03:18 [INFO] Game Log: Runde 1: Tag
18:03:18 [INFO] Game Log: Runde 1: Tag
18:03:18 [INFO] Game Log: Runde 1: Tag
18:03:18 [INFO] Game Log: Runde 1: Tag
18:03:18 [INFO] Game Log: Runde 1: Tag
18:03:18 [INFO] Game Log: Runde 1: Tag
18:03:18 [INFO] Game Log: Runde 1: Tag
18:03:18 [INFO] Game Log: Runde 1: Tag
18:03:18 [INFO] Game Log: Runde 1: Tag
18:03:18 [INFO] Game Log: Runde 1: Tag
18:03:18 [INFO] Game Log: Runde 1: Tag
18:03:18 [INFO] Game Log: Runde 1: Tag
18:03:18 [INFO] Game Log: Runde 1: Tag
18:03:18 [INFO] Game Log: Runde 1: Tag
18:03:18 [INFO] Game Log: Runde 1: Tag
18:03:18 [INFO] Game Log: Runde 1: Tag
18:03:18 [INFO] Game Log: Runde 1: Tag
18:03:18 [INFO] Game Log: Szenario gestartet: Freiheit für die Minen
18:03:18 [INFO] Hero created: Goldyx (goldyx)
Spawned 5 enemies.
18:03:18 [DEBUG] Initial game state rendered.
18:03:18 [INFO] Game Log: Welcome to Mage Knight!
18:03:18 [INFO] Game Log: Ziele: 2 Minen befreien, 1 Festung erobern.
18:03:18 [INFO] Starting new game... Scenario: default
18:03:18 [INFO] Game Log: Runde 1: Tag
18:03:18 [INFO] Game Log: Runde 1: Tag
18:03:18 [INFO] Game Log: Runde 1: Tag
18:03:18 [INFO] Game Log: Runde 1: Tag
18:03:18 [INFO] Game Log: Runde 1: Tag
18:03:18 [INFO] Game Log: Runde 1: Tag
18:03:18 [INFO] Game Log: Runde 1: Tag
18:03:18 [INFO] Game Log: Runde 1: Tag
18:03:18 [INFO] Game Log: Runde 1: Tag
18:03:18 [INFO] Game Log: Runde 1: Tag
18:03:18 [INFO] Game Log: Runde 1: Tag
18:03:18 [INFO] Game Log: Runde 1: Tag
18:03:18 [INFO] Game Log: Runde 1: Tag
18:03:18 [INFO] Game Log: Runde 1: Tag
18:03:18 [INFO] Game Log: Runde 1: Tag
18:03:18 [INFO] Game Log: Runde 1: Tag
18:03:18 [INFO] Game Log: Runde 1: Tag
18:03:18 [INFO] Game Log: Runde 1: Tag
18:03:18 [INFO] Game Log: Runde 1: Tag
18:03:18 [INFO] Game Log: Runde 1: Tag
18:03:18 [INFO] Game Log: Szenario gestartet: Freiheit für die Minen
18:03:18 [INFO] Hero created: Goldyx (goldyx)
Spawned 8 enemies.
18:03:18 [DEBUG] Initial game state rendered.
18:03:18 [INFO] Game Log: Welcome to Mage Knight!
18:03:18 [INFO] Game Log: Ziele: 2 Minen befreien, 1 Festung erobern.
18:03:18 [INFO] Starting new game... Scenario: default
18:03:18 [INFO] Game Log: Runde 1: Tag
18:03:18 [INFO] Game Log: Runde 1: Tag
18:03:18 [INFO] Game Log: Runde 1: Tag
18:03:18 [INFO] Game Log: Runde 1: Tag
18:03:18 [INFO] Game Log: Runde 1: Tag
18:03:18 [INFO] Game Log: Runde 1: Tag
18:03:18 [INFO] Game Log: Runde 1: Tag
18:03:18 [INFO] Game Log: Runde 1: Tag
18:03:18 [INFO] Game Log: Runde 1: Tag
18:03:18 [INFO] Game Log: Runde 1: Tag
18:03:18 [INFO] Game Log: Runde 1: Tag
18:03:18 [INFO] Game Log: Runde 1: Tag
18:03:18 [INFO] Game Log: Runde 1: Tag
18:03:18 [INFO] Game Log: Runde 1: Tag
18:03:18 [INFO] Game Log: Runde 1: Tag
18:03:18 [INFO] Game Log: Runde 1: Tag
18:03:18 [INFO] Game Log: Runde 1: Tag
18:03:18 [INFO] Game Log: Runde 1: Tag
18:03:18 [INFO] Game Log: Runde 1: Tag
18:03:18 [INFO] Game Log: Runde 1: Tag
18:03:18 [INFO] Game Log: Runde 1: Tag
18:03:18 [INFO] Game Log: Szenario gestartet: Freiheit für die Minen
18:03:18 [INFO] Hero created: Goldyx (goldyx)
Spawned 7 enemies.
18:03:18 [DEBUG] Initial game state rendered.
18:03:18 [INFO] Game Log: Welcome to Mage Knight!
18:03:18 [INFO] Game Log: Ziele: 2 Minen befreien, 1 Festung erobern.
18:03:18 [INFO] Starting new game... Scenario: default
18:03:18 [INFO] Game Log: Runde 1: Tag
18:03:18 [INFO] Game Log: Runde 1: Tag
18:03:18 [INFO] Game Log: Runde 1: Tag
18:03:18 [INFO] Game Log: Runde 1: Tag
18:03:18 [INFO] Game Log: Runde 1: Tag
18:03:18 [INFO] Game Log: Runde 1: Tag
18:03:18 [INFO] Game Log: Runde 1: Tag
18:03:18 [INFO] Game Log: Runde 1: Tag
18:03:18 [INFO] Game Log: Runde 1: Tag
18:03:18 [INFO] Game Log: Runde 1: Tag
18:03:18 [INFO] Game Log: Runde 1: Tag
18:03:18 [INFO] Game Log: Runde 1: Tag
18:03:18 [INFO] Game Log: Runde 1: Tag
18:03:18 [INFO] Game Log: Runde 1: Tag
18:03:18 [INFO] Game Log: Runde 1: Tag
18:03:18 [INFO] Game Log: Runde 1: Tag
18:03:18 [INFO] Game Log: Runde 1: Tag
18:03:18 [INFO] Game Log: Runde 1: Tag
18:03:18 [INFO] Game Log: Runde 1: Tag
18:03:18 [INFO] Game Log: Runde 1: Tag
18:03:18 [INFO] Game Log: Runde 1: Tag
18:03:18 [INFO] Game Log: Runde 1: Tag
18:03:18 [INFO] Game Log: Szenario gestartet: Freiheit für die Minen
18:03:18 [INFO] Hero created: Goldyx (goldyx)
Spawned 8 enemies.
18:03:18 [DEBUG] Initial game state rendered.
18:03:18 [INFO] Game Log: Welcome to Mage Knight!
18:03:18 [INFO] Game Log: Ziele: 2 Minen befreien, 1 Festung erobern.
18:03:18 [INFO] Starting new game... Scenario: default
18:03:18 [INFO] Game Log: Runde 1: Tag
18:03:18 [INFO] Game Log: Runde 1: Tag
18:03:18 [INFO] Game Log: Runde 1: Tag
18:03:18 [INFO] Game Log: Runde 1: Tag
18:03:18 [INFO] Game Log: Runde 1: Tag
18:03:18 [INFO] Game Log: Runde 1: Tag
18:03:18 [INFO] Game Log: Runde 1: Tag
18:03:18 [INFO] Game Log: Runde 1: Tag
18:03:18 [INFO] Game Log: Runde 1: Tag
18:03:18 [INFO] Game Log: Runde 1: Tag
18:03:18 [INFO] Game Log: Runde 1: Tag
18:03:18 [INFO] Game Log: Runde 1: Tag
18:03:18 [INFO] Game Log: Runde 1: Tag
18:03:18 [INFO] Game Log: Runde 1: Tag
18:03:18 [INFO] Game Log: Runde 1: Tag
18:03:18 [INFO] Game Log: Runde 1: Tag
18:03:18 [INFO] Game Log: Runde 1: Tag
18:03:18 [INFO] Game Log: Runde 1: Tag
18:03:18 [INFO] Game Log: Runde 1: Tag
18:03:18 [INFO] Game Log: Runde 1: Tag
18:03:18 [INFO] Game Log: Runde 1: Tag
18:03:18 [INFO] Game Log: Runde 1: Tag
18:03:18 [INFO] Game Log: Runde 1: Tag
18:03:18 [INFO] Game Log: Szenario gestartet: Freiheit für die Minen
18:03:18 [INFO] Hero created: Goldyx (goldyx)
Spawned 5 enemies.
18:03:18 [DEBUG] Initial game state rendered.
18:03:18 [INFO] Game Log: Welcome to Mage Knight!
18:03:18 [INFO] Game Log: Ziele: 2 Minen befreien, 1 Festung erobern.
18:03:18 [INFO] Starting new game... Scenario: default
18:03:18 [INFO] Game Log: Runde 1: Tag
18:03:18 [INFO] Game Log: Runde 1: Tag
18:03:18 [INFO] Game Log: Runde 1: Tag
18:03:18 [INFO] Game Log: Runde 1: Tag
18:03:18 [INFO] Game Log: Runde 1: Tag
18:03:18 [INFO] Game Log: Runde 1: Tag
18:03:18 [INFO] Game Log: Runde 1: Tag
18:03:18 [INFO] Game Log: Runde 1: Tag
18:03:18 [INFO] Game Log: Runde 1: Tag
18:03:18 [INFO] Game Log: Runde 1: Tag
18:03:18 [INFO] Game Log: Runde 1: Tag
18:03:18 [INFO] Game Log: Runde 1: Tag
18:03:18 [INFO] Game Log: Runde 1: Tag
18:03:18 [INFO] Game Log: Runde 1: Tag
18:03:18 [INFO] Game Log: Runde 1: Tag
18:03:18 [INFO] Game Log: Runde 1: Tag
18:03:18 [INFO] Game Log: Runde 1: Tag
18:03:18 [INFO] Game Log: Runde 1: Tag
18:03:18 [INFO] Game Log: Runde 1: Tag
18:03:18 [INFO] Game Log: Runde 1: Tag
18:03:18 [INFO] Game Log: Runde 1: Tag
18:03:18 [INFO] Game Log: Runde 1: Tag
18:03:18 [INFO] Game Log: Runde 1: Tag
18:03:18 [INFO] Game Log: Runde 1: Tag
18:03:18 [INFO] Game Log: Szenario gestartet: Freiheit für die Minen
18:03:18 [INFO] Hero created: Goldyx (goldyx)
Spawned 10 enemies.
18:03:18 [DEBUG] Initial game state rendered.
18:03:18 [INFO] Game Log: Welcome to Mage Knight!
18:03:18 [INFO] Game Log: Ziele: 2 Minen befreien, 1 Festung erobern.
18:03:18 [INFO] Starting new game... Scenario: default
18:03:18 [INFO] Game Log: Runde 1: Tag
18:03:18 [INFO] Game Log: Runde 1: Tag
18:03:18 [INFO] Game Log: Runde 1: Tag
18:03:18 [INFO] Game Log: Runde 1: Tag
18:03:18 [INFO] Game Log: Runde 1: Tag
18:03:18 [INFO] Game Log: Runde 1: Tag
18:03:18 [INFO] Game Log: Runde 1: Tag
18:03:18 [INFO] Game Log: Runde 1: Tag
18:03:18 [INFO] Game Log: Runde 1: Tag
18:03:18 [INFO] Game Log: Runde 1: Tag
18:03:18 [INFO] Game Log: Runde 1: Tag
18:03:18 [INFO] Game Log: Runde 1: Tag
18:03:18 [INFO] Game Log: Runde 1: Tag
18:03:18 [INFO] Game Log: Runde 1: Tag
18:03:18 [INFO] Game Log: Runde 1: Tag
18:03:18 [INFO] Game Log: Runde 1: Tag
18:03:18 [INFO] Game Log: Runde 1: Tag
18:03:18 [INFO] Game Log: Runde 1: Tag
18:03:18 [INFO] Game Log: Runde 1: Tag
18:03:18 [INFO] Game Log: Runde 1: Tag
18:03:18 [INFO] Game Log: Runde 1: Tag
18:03:18 [INFO] Game Log: Runde 1: Tag
18:03:18 [INFO] Game Log: Runde 1: Tag
18:03:18 [INFO] Game Log: Runde 1: Tag
18:03:18 [INFO] Game Log: Runde 1: Tag
18:03:18 [INFO] Game Log: Szenario gestartet: Freiheit für die Minen
18:03:18 [INFO] Hero created: Goldyx (goldyx)
Spawned 4 enemies.
18:03:18 [DEBUG] Initial game state rendered.
18:03:18 [INFO] Game Log: Welcome to Mage Knight!
18:03:18 [INFO] Game Log: Ziele: 2 Minen befreien, 1 Festung erobern.
18:03:18 [INFO] Starting new game... Scenario: default
18:03:18 [INFO] Game Log: Runde 1: Tag
18:03:18 [INFO] Game Log: Runde 1: Tag
18:03:18 [INFO] Game Log: Runde 1: Tag
18:03:18 [INFO] Game Log: Runde 1: Tag
18:03:18 [INFO] Game Log: Runde 1: Tag
18:03:18 [INFO] Game Log: Runde 1: Tag
18:03:18 [INFO] Game Log: Runde 1: Tag
18:03:18 [INFO] Game Log: Runde 1: Tag
18:03:18 [INFO] Game Log: Runde 1: Tag
18:03:18 [INFO] Game Log: Runde 1: Tag
18:03:18 [INFO] Game Log: Runde 1: Tag
18:03:18 [INFO] Game Log: Runde 1: Tag
18:03:18 [INFO] Game Log: Runde 1: Tag
18:03:18 [INFO] Game Log: Runde 1: Tag
18:03:18 [INFO] Game Log: Runde 1: Tag
18:03:18 [INFO] Game Log: Runde 1: Tag
18:03:18 [INFO] Game Log: Runde 1: Tag
18:03:18 [INFO] Game Log: Runde 1: Tag
18:03:18 [INFO] Game Log: Runde 1: Tag
18:03:18 [INFO] Game Log: Runde 1: Tag
18:03:18 [INFO] Game Log: Runde 1: Tag
18:03:18 [INFO] Game Log: Runde 1: Tag
18:03:18 [INFO] Game Log: Runde 1: Tag
18:03:18 [INFO] Game Log: Runde 1: Tag
18:03:18 [INFO] Game Log: Runde 1: Tag
18:03:18 [INFO] Game Log: Runde 1: Tag
18:03:18 [INFO] Game Log: Szenario gestartet: Freiheit für die Minen
18:03:18 [INFO] Hero created: Goldyx (goldyx)
Spawned 4 enemies.
18:03:18 [DEBUG] Initial game state rendered.
18:03:18 [INFO] Game Log: Welcome to Mage Knight!
18:03:18 [INFO] Game Log: Ziele: 2 Minen befreien, 1 Festung erobern.
18:03:18 [INFO] Starting new game... Scenario: default
18:03:18 [INFO] Game Log: Runde 1: Tag
18:03:18 [INFO] Game Log: Runde 1: Tag
18:03:18 [INFO] Game Log: Runde 1: Tag
18:03:18 [INFO] Game Log: Runde 1: Tag
18:03:18 [INFO] Game Log: Runde 1: Tag
18:03:18 [INFO] Game Log: Runde 1: Tag
18:03:18 [INFO] Game Log: Runde 1: Tag
18:03:18 [INFO] Game Log: Runde 1: Tag
18:03:18 [INFO] Game Log: Runde 1: Tag
18:03:18 [INFO] Game Log: Runde 1: Tag
18:03:18 [INFO] Game Log: Runde 1: Tag
18:03:18 [INFO] Game Log: Runde 1: Tag
18:03:18 [INFO] Game Log: Runde 1: Tag
18:03:18 [INFO] Game Log: Runde 1: Tag
18:03:18 [INFO] Game Log: Runde 1: Tag
18:03:18 [INFO] Game Log: Runde 1: Tag
18:03:18 [INFO] Game Log: Runde 1: Tag
18:03:18 [INFO] Game Log: Runde 1: Tag
18:03:18 [INFO] Game Log: Runde 1: Tag
18:03:18 [INFO] Game Log: Runde 1: Tag
18:03:18 [INFO] Game Log: Runde 1: Tag
18:03:18 [INFO] Game Log: Runde 1: Tag
18:03:18 [INFO] Game Log: Runde 1: Tag
18:03:18 [INFO] Game Log: Runde 1: Tag
18:03:18 [INFO] Game Log: Runde 1: Tag
18:03:18 [INFO] Game Log: Runde 1: Tag
18:03:18 [INFO] Game Log: Runde 1: Tag
18:03:18 [INFO] Game Log: Szenario gestartet: Freiheit für die Minen
18:03:18 [INFO] Hero created: Goldyx (goldyx)
Spawned 8 enemies.
18:03:18 [DEBUG] Initial game state rendered.
18:03:18 [INFO] Game Log: Welcome to Mage Knight!
18:03:18 [INFO] Game Log: Ziele: 2 Minen befreien, 1 Festung erobern.
18:03:18 [INFO] Starting new game... Scenario: default
18:03:18 [INFO] Game Log: Runde 1: Tag
18:03:18 [INFO] Game Log: Runde 1: Tag
18:03:18 [INFO] Game Log: Runde 1: Tag
18:03:18 [INFO] Game Log: Runde 1: Tag
18:03:18 [INFO] Game Log: Runde 1: Tag
18:03:18 [INFO] Game Log: Runde 1: Tag
18:03:18 [INFO] Game Log: Runde 1: Tag
18:03:18 [INFO] Game Log: Runde 1: Tag
18:03:18 [INFO] Game Log: Runde 1: Tag
18:03:18 [INFO] Game Log: Runde 1: Tag
18:03:18 [INFO] Game Log: Runde 1: Tag
18:03:18 [INFO] Game Log: Runde 1: Tag
18:03:18 [INFO] Game Log: Runde 1: Tag
18:03:18 [INFO] Game Log: Runde 1: Tag
18:03:18 [INFO] Game Log: Runde 1: Tag
18:03:18 [INFO] Game Log: Runde 1: Tag
18:03:18 [INFO] Game Log: Runde 1: Tag
18:03:18 [INFO] Game Log: Runde 1: Tag
18:03:18 [INFO] Game Log: Runde 1: Tag
18:03:18 [INFO] Game Log: Runde 1: Tag
18:03:18 [INFO] Game Log: Runde 1: Tag
18:03:18 [INFO] Game Log: Runde 1: Tag
18:03:18 [INFO] Game Log: Runde 1: Tag
18:03:18 [INFO] Game Log: Runde 1: Tag
18:03:18 [INFO] Game Log: Runde 1: Tag
18:03:18 [INFO] Game Log: Runde 1: Tag
18:03:18 [INFO] Game Log: Runde 1: Tag
18:03:18 [INFO] Game Log: Runde 1: Tag
18:03:18 [INFO] Game Log: Szenario gestartet: Freiheit für die Minen
18:03:18 [INFO] Hero created: Goldyx (goldyx)
Spawned 9 enemies.
18:03:18 [DEBUG] Initial game state rendered.
18:03:18 [INFO] Game Log: Welcome to Mage Knight!
18:03:18 [INFO] Game Log: Ziele: 2 Minen befreien, 1 Festung erobern.
18:03:18 [INFO] Starting new game... Scenario: default
18:03:18 [INFO] Game Log: Runde 1: Tag
18:03:18 [INFO] Game Log: Runde 1: Tag
18:03:18 [INFO] Game Log: Runde 1: Tag
18:03:18 [INFO] Game Log: Runde 1: Tag
18:03:18 [INFO] Game Log: Runde 1: Tag
18:03:18 [INFO] Game Log: Runde 1: Tag
18:03:18 [INFO] Game Log: Runde 1: Tag
18:03:18 [INFO] Game Log: Runde 1: Tag
18:03:18 [INFO] Game Log: Runde 1: Tag
18:03:18 [INFO] Game Log: Runde 1: Tag
18:03:18 [INFO] Game Log: Runde 1: Tag
18:03:18 [INFO] Game Log: Runde 1: Tag
18:03:18 [INFO] Game Log: Runde 1: Tag
18:03:18 [INFO] Game Log: Runde 1: Tag
18:03:18 [INFO] Game Log: Runde 1: Tag
18:03:18 [INFO] Game Log: Runde 1: Tag
18:03:18 [INFO] Game Log: Runde 1: Tag
18:03:18 [INFO] Game Log: Runde 1: Tag
18:03:18 [INFO] Game Log: Runde 1: Tag
18:03:18 [INFO] Game Log: Runde 1: Tag
18:03:18 [INFO] Game Log: Runde 1: Tag
18:03:18 [INFO] Game Log: Runde 1: Tag
18:03:18 [INFO] Game Log: Runde 1: Tag
18:03:18 [INFO] Game Log: Runde 1: Tag
18:03:18 [INFO] Game Log: Runde 1: Tag
18:03:18 [INFO] Game Log: Runde 1: Tag
18:03:18 [INFO] Game Log: Runde 1: Tag
18:03:18 [INFO] Game Log: Runde 1: Tag
18:03:18 [INFO] Game Log: Runde 1: Tag
18:03:18 [INFO] Game Log: Szenario gestartet: Freiheit für die Minen
18:03:18 [INFO] Hero created: Goldyx (goldyx)
Spawned 3 enemies.
18:03:18 [DEBUG] Initial game state rendered.
18:03:18 [INFO] Game Log: Welcome to Mage Knight!
18:03:18 [INFO] Game Log: Ziele: 2 Minen befreien, 1 Festung erobern.
18:03:18 [INFO] Starting new game... Scenario: default
18:03:18 [INFO] Game Log: Runde 1: Tag
18:03:18 [INFO] Game Log: Runde 1: Tag
18:03:18 [INFO] Game Log: Runde 1: Tag
18:03:18 [INFO] Game Log: Runde 1: Tag
18:03:18 [INFO] Game Log: Runde 1: Tag
18:03:18 [INFO] Game Log: Runde 1: Tag
18:03:18 [INFO] Game Log: Runde 1: Tag
18:03:18 [INFO] Game Log: Runde 1: Tag
18:03:18 [INFO] Game Log: Runde 1: Tag
18:03:18 [INFO] Game Log: Runde 1: Tag
18:03:18 [INFO] Game Log: Runde 1: Tag
18:03:18 [INFO] Game Log: Runde 1: Tag
18:03:18 [INFO] Game Log: Runde 1: Tag
18:03:18 [INFO] Game Log: Runde 1: Tag
18:03:18 [INFO] Game Log: Runde 1: Tag
18:03:18 [INFO] Game Log: Runde 1: Tag
18:03:18 [INFO] Game Log: Runde 1: Tag
18:03:18 [INFO] Game Log: Runde 1: Tag
18:03:18 [INFO] Game Log: Runde 1: Tag
18:03:18 [INFO] Game Log: Runde 1: Tag
18:03:18 [INFO] Game Log: Runde 1: Tag
18:03:18 [INFO] Game Log: Runde 1: Tag
18:03:18 [INFO] Game Log: Runde 1: Tag
18:03:18 [INFO] Game Log: Runde 1: Tag
18:03:18 [INFO] Game Log: Runde 1: Tag
18:03:18 [INFO] Game Log: Runde 1: Tag
18:03:18 [INFO] Game Log: Runde 1: Tag
18:03:18 [INFO] Game Log: Runde 1: Tag
18:03:18 [INFO] Game Log: Runde 1: Tag
18:03:18 [INFO] Game Log: Runde 1: Tag
18:03:18 [INFO] Game Log: Szenario gestartet: Freiheit für die Minen
18:03:18 [INFO] Hero created: Goldyx (goldyx)
Spawned 6 enemies.
18:03:18 [DEBUG] Initial game state rendered.
18:03:18 [INFO] Game Log: Welcome to Mage Knight!
18:03:18 [INFO] Game Log: Ziele: 2 Minen befreien, 1 Festung erobern.
18:03:18 [INFO] Starting new game... Scenario: default
18:03:18 [INFO] Game Log: Runde 1: Tag
18:03:18 [INFO] Game Log: Runde 1: Tag
18:03:18 [INFO] Game Log: Runde 1: Tag
18:03:18 [INFO] Game Log: Runde 1: Tag
18:03:18 [INFO] Game Log: Runde 1: Tag
18:03:18 [INFO] Game Log: Runde 1: Tag
18:03:18 [INFO] Game Log: Runde 1: Tag
18:03:18 [INFO] Game Log: Runde 1: Tag
18:03:18 [INFO] Game Log: Runde 1: Tag
18:03:18 [INFO] Game Log: Runde 1: Tag
18:03:18 [INFO] Game Log: Runde 1: Tag
18:03:18 [INFO] Game Log: Runde 1: Tag
18:03:18 [INFO] Game Log: Runde 1: Tag
18:03:18 [INFO] Game Log: Runde 1: Tag
18:03:18 [INFO] Game Log: Runde 1: Tag
18:03:18 [INFO] Game Log: Runde 1: Tag
18:03:18 [INFO] Game Log: Runde 1: Tag
18:03:18 [INFO] Game Log: Runde 1: Tag
18:03:18 [INFO] Game Log: Runde 1: Tag
18:03:18 [INFO] Game Log: Runde 1: Tag
18:03:18 [INFO] Game Log: Runde 1: Tag
18:03:18 [INFO] Game Log: Runde 1: Tag
18:03:18 [INFO] Game Log: Runde 1: Tag
18:03:18 [INFO] Game Log: Runde 1: Tag
18:03:18 [INFO] Game Log: Runde 1: Tag
18:03:18 [INFO] Game Log: Runde 1: Tag
18:03:18 [INFO] Game Log: Runde 1: Tag
18:03:18 [INFO] Game Log: Runde 1: Tag
18:03:18 [INFO] Game Log: Runde 1: Tag
18:03:18 [INFO] Game Log: Runde 1: Tag
18:03:18 [INFO] Game Log: Runde 1: Tag
18:03:18 [INFO] Game Log: Szenario gestartet: Freiheit für die Minen
18:03:18 [INFO] Hero created: Goldyx (goldyx)
Spawned 8 enemies.
18:03:18 [DEBUG] Initial game state rendered.
18:03:18 [INFO] Game Log: Welcome to Mage Knight!
18:03:18 [INFO] Game Log: Ziele: 2 Minen befreien, 1 Festung erobern.
18:03:18 [INFO] Starting new game... Scenario: default
18:03:18 [INFO] Game Log: Runde 1: Tag
18:03:18 [INFO] Game Log: Runde 1: Tag
18:03:18 [INFO] Game Log: Runde 1: Tag
18:03:18 [INFO] Game Log: Runde 1: Tag
18:03:18 [INFO] Game Log: Runde 1: Tag
18:03:18 [INFO] Game Log: Runde 1: Tag
18:03:18 [INFO] Game Log: Runde 1: Tag
18:03:18 [INFO] Game Log: Runde 1: Tag
18:03:18 [INFO] Game Log: Runde 1: Tag
18:03:18 [INFO] Game Log: Runde 1: Tag
18:03:18 [INFO] Game Log: Runde 1: Tag
18:03:18 [INFO] Game Log: Runde 1: Tag
18:03:18 [INFO] Game Log: Runde 1: Tag
18:03:18 [INFO] Game Log: Runde 1: Tag
18:03:18 [INFO] Game Log: Runde 1: Tag
18:03:18 [INFO] Game Log: Runde 1: Tag
18:03:18 [INFO] Game Log: Runde 1: Tag
18:03:18 [INFO] Game Log: Runde 1: Tag
18:03:18 [INFO] Game Log: Runde 1: Tag
18:03:18 [INFO] Game Log: Runde 1: Tag
18:03:18 [INFO] Game Log: Runde 1: Tag
18:03:18 [INFO] Game Log: Runde 1: Tag
18:03:18 [INFO] Game Log: Runde 1: Tag
18:03:18 [INFO] Game Log: Runde 1: Tag
18:03:18 [INFO] Game Log: Runde 1: Tag
18:03:18 [INFO] Game Log: Runde 1: Tag
18:03:18 [INFO] Game Log: Runde 1: Tag
18:03:18 [INFO] Game Log: Runde 1: Tag
18:03:18 [INFO] Game Log: Runde 1: Tag
18:03:18 [INFO] Game Log: Runde 1: Tag
18:03:18 [INFO] Game Log: Runde 1: Tag
18:03:18 [INFO] Game Log: Runde 1: Tag
18:03:19 [INFO] Game Log: Szenario gestartet: Freiheit für die Minen
18:03:19 [INFO] Hero created: Goldyx (goldyx)
Spawned 7 enemies.
18:03:19 [DEBUG] Initial game state rendered.
18:03:19 [INFO] Game Log: Welcome to Mage Knight!
18:03:19 [INFO] Game Log: Ziele: 2 Minen befreien, 1 Festung erobern.
18:03:19 [INFO] Starting new game... Scenario: default
18:03:19 [INFO] Game Log: Runde 1: Tag
18:03:19 [INFO] Game Log: Runde 1: Tag
18:03:19 [INFO] Game Log: Runde 1: Tag
18:03:19 [INFO] Game Log: Runde 1: Tag
18:03:19 [INFO] Game Log: Runde 1: Tag
18:03:19 [INFO] Game Log: Runde 1: Tag
18:03:19 [INFO] Game Log: Runde 1: Tag
18:03:19 [INFO] Game Log: Runde 1: Tag
18:03:19 [INFO] Game Log: Runde 1: Tag
18:03:19 [INFO] Game Log: Runde 1: Tag
18:03:19 [INFO] Game Log: Runde 1: Tag
18:03:19 [INFO] Game Log: Runde 1: Tag
18:03:19 [INFO] Game Log: Runde 1: Tag
18:03:19 [INFO] Game Log: Runde 1: Tag
18:03:19 [INFO] Game Log: Runde 1: Tag
18:03:19 [INFO] Game Log: Runde 1: Tag
18:03:19 [INFO] Game Log: Runde 1: Tag
18:03:19 [INFO] Game Log: Runde 1: Tag
18:03:19 [INFO] Game Log: Runde 1: Tag
18:03:19 [INFO] Game Log: Runde 1: Tag
18:03:19 [INFO] Game Log: Runde 1: Tag
18:03:19 [INFO] Game Log: Runde 1: Tag
18:03:19 [INFO] Game Log: Runde 1: Tag
18:03:19 [INFO] Game Log: Runde 1: Tag
18:03:19 [INFO] Game Log: Runde 1: Tag
18:03:19 [INFO] Game Log: Runde 1: Tag
18:03:19 [INFO] Game Log: Runde 1: Tag
18:03:19 [INFO] Game Log: Runde 1: Tag
18:03:19 [INFO] Game Log: Runde 1: Tag
18:03:19 [INFO] Game Log: Runde 1: Tag
18:03:19 [INFO] Game Log: Runde 1: Tag
18:03:19 [INFO] Game Log: Runde 1: Tag
18:03:19 [INFO] Game Log: Runde 1: Tag
18:03:19 [INFO] Game Log: Szenario gestartet: Freiheit für die Minen
18:03:19 [INFO] Hero created: Goldyx (goldyx)
Spawned 7 enemies.
18:03:19 [DEBUG] Initial game state rendered.
18:03:19 [INFO] Game Log: Welcome to Mage Knight!
18:03:19 [INFO] Game Log: Ziele: 2 Minen befreien, 1 Festung erobern.
18:03:19 [INFO] Starting new game... Scenario: default
18:03:19 [INFO] Game Log: Runde 1: Tag
18:03:19 [INFO] Game Log: Runde 1: Tag
18:03:19 [INFO] Game Log: Runde 1: Tag
18:03:19 [INFO] Game Log: Runde 1: Tag
18:03:19 [INFO] Game Log: Runde 1: Tag
18:03:19 [INFO] Game Log: Runde 1: Tag
18:03:19 [INFO] Game Log: Runde 1: Tag
18:03:19 [INFO] Game Log: Runde 1: Tag
18:03:19 [INFO] Game Log: Runde 1: Tag
18:03:19 [INFO] Game Log: Runde 1: Tag
18:03:19 [INFO] Game Log: Runde 1: Tag
18:03:19 [INFO] Game Log: Runde 1: Tag
18:03:19 [INFO] Game Log: Runde 1: Tag
18:03:19 [INFO] Game Log: Runde 1: Tag
18:03:19 [INFO] Game Log: Runde 1: Tag
18:03:19 [INFO] Game Log: Runde 1: Tag
18:03:19 [INFO] Game Log: Runde 1: Tag
18:03:19 [INFO] Game Log: Runde 1: Tag
18:03:19 [INFO] Game Log: Runde 1: Tag
18:03:19 [INFO] Game Log: Runde 1: Tag
18:03:19 [INFO] Game Log: Runde 1: Tag
18:03:19 [INFO] Game Log: Runde 1: Tag
18:03:19 [INFO] Game Log: Runde 1: Tag
18:03:19 [INFO] Game Log: Runde 1: Tag
18:03:19 [INFO] Game Log: Runde 1: Tag
18:03:19 [INFO] Game Log: Runde 1: Tag
18:03:19 [INFO] Game Log: Runde 1: Tag
18:03:19 [INFO] Game Log: Runde 1: Tag
18:03:19 [INFO] Game Log: Runde 1: Tag
18:03:19 [INFO] Game Log: Runde 1: Tag
18:03:19 [INFO] Game Log: Runde 1: Tag
18:03:19 [INFO] Game Log: Runde 1: Tag
18:03:19 [INFO] Game Log: Runde 1: Tag
18:03:19 [INFO] Game Log: Runde 1: Tag
18:03:19 [INFO] Game Log: Szenario gestartet: Freiheit für die Minen
18:03:19 [INFO] Hero created: Goldyx (goldyx)
Spawned 6 enemies.
18:03:19 [DEBUG] Initial game state rendered.
18:03:19 [INFO] Game Log: Welcome to Mage Knight!
18:03:19 [INFO] Game Log: Ziele: 2 Minen befreien, 1 Festung erobern.
18:03:19 [INFO] Starting new game... Scenario: default
18:03:19 [INFO] Game Log: Runde 1: Tag
18:03:19 [INFO] Game Log: Runde 1: Tag
18:03:19 [INFO] Game Log: Runde 1: Tag
18:03:19 [INFO] Game Log: Runde 1: Tag
18:03:19 [INFO] Game Log: Runde 1: Tag
18:03:19 [INFO] Game Log: Runde 1: Tag
18:03:19 [INFO] Game Log: Runde 1: Tag
18:03:19 [INFO] Game Log: Runde 1: Tag
18:03:19 [INFO] Game Log: Runde 1: Tag
18:03:19 [INFO] Game Log: Runde 1: Tag
18:03:19 [INFO] Game Log: Runde 1: Tag
18:03:19 [INFO] Game Log: Runde 1: Tag
18:03:19 [INFO] Game Log: Runde 1: Tag
18:03:19 [INFO] Game Log: Runde 1: Tag
18:03:19 [INFO] Game Log: Runde 1: Tag
18:03:19 [INFO] Game Log: Runde 1: Tag
18:03:19 [INFO] Game Log: Runde 1: Tag
18:03:19 [INFO] Game Log: Runde 1: Tag
18:03:19 [INFO] Game Log: Runde 1: Tag
18:03:19 [INFO] Game Log: Runde 1: Tag
18:03:19 [INFO] Game Log: Runde 1: Tag
18:03:19 [INFO] Game Log: Runde 1: Tag
18:03:19 [INFO] Game Log: Runde 1: Tag
18:03:19 [INFO] Game Log: Runde 1: Tag
18:03:19 [INFO] Game Log: Runde 1: Tag
18:03:19 [INFO] Game Log: Runde 1: Tag
18:03:19 [INFO] Game Log: Runde 1: Tag
18:03:19 [INFO] Game Log: Runde 1: Tag
18:03:19 [INFO] Game Log: Runde 1: Tag
18:03:19 [INFO] Game Log: Runde 1: Tag
18:03:19 [INFO] Game Log: Runde 1: Tag
18:03:19 [INFO] Game Log: Runde 1: Tag
18:03:19 [INFO] Game Log: Runde 1: Tag
18:03:19 [INFO] Game Log: Runde 1: Tag
18:03:19 [INFO] Game Log: Runde 1: Tag
18:03:19 [INFO] Game Log: Szenario gestartet: Freiheit für die Minen
18:03:19 [INFO] Hero created: Goldyx (goldyx)
Spawned 10 enemies.
18:03:19 [DEBUG] Initial game state rendered.
18:03:19 [INFO] Game Log: Welcome to Mage Knight!
18:03:19 [INFO] Game Log: Ziele: 2 Minen befreien, 1 Festung erobern.
18:03:19 [INFO] Starting new game... Scenario: default
18:03:19 [INFO] Game Log: Runde 1: Tag
18:03:19 [INFO] Game Log: Runde 1: Tag
18:03:19 [INFO] Game Log: Runde 1: Tag
18:03:19 [INFO] Game Log: Runde 1: Tag
18:03:19 [INFO] Game Log: Runde 1: Tag
18:03:19 [INFO] Game Log: Runde 1: Tag
18:03:19 [INFO] Game Log: Runde 1: Tag
18:03:19 [INFO] Game Log: Runde 1: Tag
18:03:19 [INFO] Game Log: Runde 1: Tag
18:03:19 [INFO] Game Log: Runde 1: Tag
18:03:19 [INFO] Game Log: Runde 1: Tag
18:03:19 [INFO] Game Log: Runde 1: Tag
18:03:19 [INFO] Game Log: Runde 1: Tag
18:03:19 [INFO] Game Log: Runde 1: Tag
18:03:19 [INFO] Game Log: Runde 1: Tag
18:03:19 [INFO] Game Log: Runde 1: Tag
18:03:19 [INFO] Game Log: Runde 1: Tag
18:03:19 [INFO] Game Log: Runde 1: Tag
18:03:19 [INFO] Game Log: Runde 1: Tag
18:03:19 [INFO] Game Log: Runde 1: Tag
18:03:19 [INFO] Game Log: Runde 1: Tag
18:03:19 [INFO] Game Log: Runde 1: Tag
18:03:19 [INFO] Game Log: Runde 1: Tag
18:03:19 [INFO] Game Log: Runde 1: Tag
18:03:19 [INFO] Game Log: Runde 1: Tag
18:03:19 [INFO] Game Log: Runde 1: Tag
18:03:19 [INFO] Game Log: Runde 1: Tag
18:03:19 [INFO] Game Log: Runde 1: Tag
18:03:19 [INFO] Game Log: Runde 1: Tag
18:03:19 [INFO] Game Log: Runde 1: Tag
18:03:19 [INFO] Game Log: Runde 1: Tag
18:03:19 [INFO] Game Log: Runde 1: Tag
18:03:19 [INFO] Game Log: Runde 1: Tag
18:03:19 [INFO] Game Log: Runde 1: Tag
18:03:19 [INFO] Game Log: Runde 1: Tag
18:03:19 [INFO] Game Log: Runde 1: Tag
18:03:19 [INFO] Game Log: Szenario gestartet: Freiheit für die Minen
18:03:19 [INFO] Hero created: Goldyx (goldyx)
Spawned 6 enemies.
18:03:19 [DEBUG] Initial game state rendered.
18:03:19 [INFO] Game Log: Welcome to Mage Knight!
18:03:19 [INFO] Game Log: Ziele: 2 Minen befreien, 1 Festung erobern.
18:03:19 [INFO] Starting new game... Scenario: default
18:03:19 [INFO] Game Log: Runde 1: Tag
18:03:19 [INFO] Game Log: Runde 1: Tag
18:03:19 [INFO] Game Log: Runde 1: Tag
18:03:19 [INFO] Game Log: Runde 1: Tag
18:03:19 [INFO] Game Log: Runde 1: Tag
18:03:19 [INFO] Game Log: Runde 1: Tag
18:03:19 [INFO] Game Log: Runde 1: Tag
18:03:19 [INFO] Game Log: Runde 1: Tag
18:03:19 [INFO] Game Log: Runde 1: Tag
18:03:19 [INFO] Game Log: Runde 1: Tag
18:03:19 [INFO] Game Log: Runde 1: Tag
18:03:19 [INFO] Game Log: Runde 1: Tag
18:03:19 [INFO] Game Log: Runde 1: Tag
18:03:19 [INFO] Game Log: Runde 1: Tag
18:03:19 [INFO] Game Log: Runde 1: Tag
18:03:19 [INFO] Game Log: Runde 1: Tag
18:03:19 [INFO] Game Log: Runde 1: Tag
18:03:19 [INFO] Game Log: Runde 1: Tag
18:03:19 [INFO] Game Log: Runde 1: Tag
18:03:19 [INFO] Game Log: Runde 1: Tag
18:03:19 [INFO] Game Log: Runde 1: Tag
18:03:19 [INFO] Game Log: Runde 1: Tag
18:03:19 [INFO] Game Log: Runde 1: Tag
18:03:19 [INFO] Game Log: Runde 1: Tag
18:03:19 [INFO] Game Log: Runde 1: Tag
18:03:19 [INFO] Game Log: Runde 1: Tag
18:03:19 [INFO] Game Log: Runde 1: Tag
18:03:19 [INFO] Game Log: Runde 1: Tag
18:03:19 [INFO] Game Log: Runde 1: Tag
18:03:19 [INFO] Game Log: Runde 1: Tag
18:03:19 [INFO] Game Log: Runde 1: Tag
18:03:19 [INFO] Game Log: Runde 1: Tag
18:03:19 [INFO] Game Log: Runde 1: Tag
18:03:19 [INFO] Game Log: Runde 1: Tag
18:03:19 [INFO] Game Log: Runde 1: Tag
18:03:19 [INFO] Game Log: Runde 1: Tag
18:03:19 [INFO] Game Log: Runde 1: Tag
18:03:19 [INFO] Game Log: Szenario gestartet: Freiheit für die Minen
18:03:19 [INFO] Hero created: Goldyx (goldyx)
Spawned 5 enemies.
18:03:19 [DEBUG] Initial game state rendered.
18:03:19 [INFO] Game Log: Welcome to Mage Knight!
18:03:19 [INFO] Game Log: Ziele: 2 Minen befreien, 1 Festung erobern.
18:03:19 [INFO] Starting new game... Scenario: default
18:03:19 [INFO] Game Log: Runde 1: Tag
18:03:19 [INFO] Game Log: Runde 1: Tag
18:03:19 [INFO] Game Log: Runde 1: Tag
18:03:19 [INFO] Game Log: Runde 1: Tag
18:03:19 [INFO] Game Log: Runde 1: Tag
18:03:19 [INFO] Game Log: Runde 1: Tag
18:03:19 [INFO] Game Log: Runde 1: Tag
18:03:19 [INFO] Game Log: Runde 1: Tag
18:03:19 [INFO] Game Log: Runde 1: Tag
18:03:19 [INFO] Game Log: Runde 1: Tag
18:03:19 [INFO] Game Log: Runde 1: Tag
18:03:19 [INFO] Game Log: Runde 1: Tag
18:03:19 [INFO] Game Log: Runde 1: Tag
18:03:19 [INFO] Game Log: Runde 1: Tag
18:03:19 [INFO] Game Log: Runde 1: Tag
18:03:19 [INFO] Game Log: Runde 1: Tag
18:03:19 [INFO] Game Log: Runde 1: Tag
18:03:19 [INFO] Game Log: Runde 1: Tag
18:03:19 [INFO] Game Log: Runde 1: Tag
18:03:19 [INFO] Game Log: Runde 1: Tag
18:03:19 [INFO] Game Log: Runde 1: Tag
18:03:19 [INFO] Game Log: Runde 1: Tag
18:03:19 [INFO] Game Log: Runde 1: Tag
18:03:19 [INFO] Game Log: Runde 1: Tag
18:03:19 [INFO] Game Log: Runde 1: Tag
18:03:19 [INFO] Game Log: Runde 1: Tag
18:03:19 [INFO] Game Log: Runde 1: Tag
18:03:19 [INFO] Game Log: Runde 1: Tag
18:03:19 [INFO] Game Log: Runde 1: Tag
18:03:19 [INFO] Game Log: Runde 1: Tag
18:03:19 [INFO] Game Log: Runde 1: Tag
18:03:19 [INFO] Game Log: Runde 1: Tag
18:03:19 [INFO] Game Log: Runde 1: Tag
18:03:19 [INFO] Game Log: Runde 1: Tag
18:03:19 [INFO] Game Log: Runde 1: Tag
18:03:19 [INFO] Game Log: Runde 1: Tag
18:03:19 [INFO] Game Log: Runde 1: Tag
18:03:19 [INFO] Game Log: Runde 1: Tag
18:03:19 [INFO] Game Log: Szenario gestartet: Freiheit für die Minen
18:03:19 [INFO] Hero created: Goldyx (goldyx)
Spawned 10 enemies.
18:03:19 [DEBUG] Initial game state rendered.
18:03:19 [INFO] Game Log: Welcome to Mage Knight!
18:03:19 [INFO] Game Log: Ziele: 2 Minen befreien, 1 Festung erobern.
18:03:19 [INFO] Starting new game... Scenario: default
18:03:19 [INFO] Game Log: Runde 1: Tag
18:03:19 [INFO] Game Log: Runde 1: Tag
18:03:19 [INFO] Game Log: Runde 1: Tag
18:03:19 [INFO] Game Log: Runde 1: Tag
18:03:19 [INFO] Game Log: Runde 1: Tag
18:03:19 [INFO] Game Log: Runde 1: Tag
18:03:19 [INFO] Game Log: Runde 1: Tag
18:03:19 [INFO] Game Log: Runde 1: Tag
18:03:19 [INFO] Game Log: Runde 1: Tag
18:03:19 [INFO] Game Log: Runde 1: Tag
18:03:19 [INFO] Game Log: Runde 1: Tag
18:03:19 [INFO] Game Log: Runde 1: Tag
18:03:19 [INFO] Game Log: Runde 1: Tag
18:03:19 [INFO] Game Log: Runde 1: Tag
18:03:19 [INFO] Game Log: Runde 1: Tag
18:03:19 [INFO] Game Log: Runde 1: Tag
18:03:19 [INFO] Game Log: Runde 1: Tag
18:03:19 [INFO] Game Log: Runde 1: Tag
18:03:19 [INFO] Game Log: Runde 1: Tag
18:03:19 [INFO] Game Log: Runde 1: Tag
18:03:19 [INFO] Game Log: Runde 1: Tag
18:03:19 [INFO] Game Log: Runde 1: Tag
18:03:19 [INFO] Game Log: Runde 1: Tag
18:03:19 [INFO] Game Log: Runde 1: Tag
18:03:19 [INFO] Game Log: Runde 1: Tag
18:03:19 [INFO] Game Log: Runde 1: Tag
18:03:19 [INFO] Game Log: Runde 1: Tag
18:03:19 [INFO] Game Log: Runde 1: Tag
18:03:19 [INFO] Game Log: Runde 1: Tag
18:03:19 [INFO] Game Log: Runde 1: Tag
18:03:19 [INFO] Game Log: Runde 1: Tag
18:03:19 [INFO] Game Log: Runde 1: Tag
18:03:19 [INFO] Game Log: Runde 1: Tag
18:03:19 [INFO] Game Log: Runde 1: Tag
18:03:19 [INFO] Game Log: Runde 1: Tag
18:03:19 [INFO] Game Log: Runde 1: Tag
18:03:19 [INFO] Game Log: Runde 1: Tag
18:03:19 [INFO] Game Log: Runde 1: Tag
18:03:19 [INFO] Game Log: Runde 1: Tag
18:03:19 [INFO] Game Log: Szenario gestartet: Freiheit für die Minen
18:03:19 [INFO] Hero created: Goldyx (goldyx)
Spawned 8 enemies.
18:03:19 [DEBUG] Initial game state rendered.
18:03:19 [INFO] Game Log: Welcome to Mage Knight!
18:03:19 [INFO] Game Log: Ziele: 2 Minen befreien, 1 Festung erobern.
18:03:19 [INFO] Starting new game... Scenario: default
18:03:19 [INFO] Game Log: Runde 1: Tag
18:03:19 [INFO] Game Log: Runde 1: Tag
18:03:19 [INFO] Game Log: Runde 1: Tag
18:03:19 [INFO] Game Log: Runde 1: Tag
18:03:19 [INFO] Game Log: Runde 1: Tag
18:03:19 [INFO] Game Log: Runde 1: Tag
18:03:19 [INFO] Game Log: Runde 1: Tag
18:03:19 [INFO] Game Log: Runde 1: Tag
18:03:19 [INFO] Game Log: Runde 1: Tag
18:03:19 [INFO] Game Log: Runde 1: Tag
18:03:19 [INFO] Game Log: Runde 1: Tag
18:03:19 [INFO] Game Log: Runde 1: Tag
18:03:19 [INFO] Game Log: Runde 1: Tag
18:03:19 [INFO] Game Log: Runde 1: Tag
18:03:19 [INFO] Game Log: Runde 1: Tag
18:03:19 [INFO] Game Log: Runde 1: Tag
18:03:19 [INFO] Game Log: Runde 1: Tag
18:03:19 [INFO] Game Log: Runde 1: Tag
18:03:19 [INFO] Game Log: Runde 1: Tag
18:03:19 [INFO] Game Log: Runde 1: Tag
18:03:19 [INFO] Game Log: Runde 1: Tag
18:03:19 [INFO] Game Log: Runde 1: Tag
18:03:19 [INFO] Game Log: Runde 1: Tag
18:03:19 [INFO] Game Log: Runde 1: Tag
18:03:19 [INFO] Game Log: Runde 1: Tag
18:03:19 [INFO] Game Log: Runde 1: Tag
18:03:19 [INFO] Game Log: Runde 1: Tag
18:03:19 [INFO] Game Log: Runde 1: Tag
18:03:19 [INFO] Game Log: Runde 1: Tag
18:03:19 [INFO] Game Log: Runde 1: Tag
18:03:19 [INFO] Game Log: Runde 1: Tag
18:03:19 [INFO] Game Log: Runde 1: Tag
18:03:19 [INFO] Game Log: Runde 1: Tag
18:03:19 [INFO] Game Log: Runde 1: Tag
18:03:19 [INFO] Game Log: Runde 1: Tag
18:03:19 [INFO] Game Log: Runde 1: Tag
18:03:19 [INFO] Game Log: Runde 1: Tag
18:03:19 [INFO] Game Log: Runde 1: Tag
18:03:19 [INFO] Game Log: Runde 1: Tag
18:03:19 [INFO] Game Log: Runde 1: Tag
18:03:19 [INFO] Game Log: Szenario gestartet: Freiheit für die Minen
18:03:19 [INFO] Hero created: Goldyx (goldyx)
Spawned 6 enemies.
18:03:19 [DEBUG] Initial game state rendered.
18:03:19 [INFO] Game Log: Welcome to Mage Knight!
18:03:19 [INFO] Game Log: Ziele: 2 Minen befreien, 1 Festung erobern.
18:03:19 [INFO] Starting new game... Scenario: default
18:03:19 [INFO] Game Log: Runde 1: Tag
18:03:19 [INFO] Game Log: Runde 1: Tag
18:03:19 [INFO] Game Log: Runde 1: Tag
18:03:19 [INFO] Game Log: Runde 1: Tag
18:03:19 [INFO] Game Log: Runde 1: Tag
18:03:19 [INFO] Game Log: Runde 1: Tag
18:03:19 [INFO] Game Log: Runde 1: Tag
18:03:19 [INFO] Game Log: Runde 1: Tag
18:03:19 [INFO] Game Log: Runde 1: Tag
18:03:19 [INFO] Game Log: Runde 1: Tag
18:03:19 [INFO] Game Log: Runde 1: Tag
18:03:19 [INFO] Game Log: Runde 1: Tag
18:03:19 [INFO] Game Log: Runde 1: Tag
18:03:19 [INFO] Game Log: Runde 1: Tag
18:03:19 [INFO] Game Log: Runde 1: Tag
18:03:19 [INFO] Game Log: Runde 1: Tag
18:03:19 [INFO] Game Log: Runde 1: Tag
18:03:19 [INFO] Game Log: Runde 1: Tag
18:03:19 [INFO] Game Log: Runde 1: Tag
18:03:19 [INFO] Game Log: Runde 1: Tag
18:03:19 [INFO] Game Log: Runde 1: Tag
18:03:19 [INFO] Game Log: Runde 1: Tag
18:03:19 [INFO] Game Log: Runde 1: Tag
18:03:19 [INFO] Game Log: Runde 1: Tag
18:03:19 [INFO] Game Log: Runde 1: Tag
18:03:19 [INFO] Game Log: Runde 1: Tag
18:03:19 [INFO] Game Log: Runde 1: Tag
18:03:19 [INFO] Game Log: Runde 1: Tag
18:03:19 [INFO] Game Log: Runde 1: Tag
18:03:19 [INFO] Game Log: Runde 1: Tag
18:03:19 [INFO] Game Log: Runde 1: Tag
18:03:19 [INFO] Game Log: Runde 1: Tag
18:03:19 [INFO] Game Log: Runde 1: Tag
18:03:19 [INFO] Game Log: Runde 1: Tag
18:03:19 [INFO] Game Log: Runde 1: Tag
18:03:19 [INFO] Game Log: Runde 1: Tag
18:03:19 [INFO] Game Log: Runde 1: Tag
18:03:19 [INFO] Game Log: Runde 1: Tag
18:03:19 [INFO] Game Log: Runde 1: Tag
18:03:19 [INFO] Game Log: Runde 1: Tag
18:03:19 [INFO] Game Log: Runde 1: Tag
18:03:19 [INFO] Game Log: Szenario gestartet: Freiheit für die Minen
18:03:19 [INFO] Hero created: Goldyx (goldyx)
Spawned 8 enemies.
18:03:19 [DEBUG] Initial game state rendered.
18:03:19 [INFO] Game Log: Welcome to Mage Knight!
18:03:19 [INFO] Game Log: Ziele: 2 Minen befreien, 1 Festung erobern.
18:03:19 [INFO] Starting new game... Scenario: default
18:03:19 [INFO] Game Log: Runde 1: Tag
18:03:19 [INFO] Game Log: Runde 1: Tag
18:03:19 [INFO] Game Log: Runde 1: Tag
18:03:19 [INFO] Game Log: Runde 1: Tag
18:03:19 [INFO] Game Log: Runde 1: Tag
18:03:19 [INFO] Game Log: Runde 1: Tag
18:03:19 [INFO] Game Log: Runde 1: Tag
18:03:19 [INFO] Game Log: Runde 1: Tag
18:03:19 [INFO] Game Log: Runde 1: Tag
18:03:19 [INFO] Game Log: Runde 1: Tag
18:03:19 [INFO] Game Log: Runde 1: Tag
18:03:19 [INFO] Game Log: Runde 1: Tag
18:03:19 [INFO] Game Log: Runde 1: Tag
18:03:19 [INFO] Game Log: Runde 1: Tag
18:03:19 [INFO] Game Log: Runde 1: Tag
18:03:19 [INFO] Game Log: Runde 1: Tag
18:03:19 [INFO] Game Log: Runde 1: Tag
18:03:19 [INFO] Game Log: Runde 1: Tag
18:03:19 [INFO] Game Log: Runde 1: Tag
18:03:19 [INFO] Game Log: Runde 1: Tag
18:03:19 [INFO] Game Log: Runde 1: Tag
18:03:19 [INFO] Game Log: Runde 1: Tag
18:03:19 [INFO] Game Log: Runde 1: Tag
18:03:19 [INFO] Game Log: Runde 1: Tag
18:03:19 [INFO] Game Log: Runde 1: Tag
18:03:19 [INFO] Game Log: Runde 1: Tag
18:03:19 [INFO] Game Log: Runde 1: Tag
18:03:19 [INFO] Game Log: Runde 1: Tag
18:03:19 [INFO] Game Log: Runde 1: Tag
18:03:19 [INFO] Game Log: Runde 1: Tag
18:03:19 [INFO] Game Log: Runde 1: Tag
18:03:19 [INFO] Game Log: Runde 1: Tag
18:03:19 [INFO] Game Log: Runde 1: Tag
18:03:19 [INFO] Game Log: Runde 1: Tag
18:03:19 [INFO] Game Log: Runde 1: Tag
18:03:19 [INFO] Game Log: Runde 1: Tag
18:03:19 [INFO] Game Log: Runde 1: Tag
18:03:19 [INFO] Game Log: Runde 1: Tag
18:03:19 [INFO] Game Log: Runde 1: Tag
18:03:19 [INFO] Game Log: Runde 1: Tag
18:03:19 [INFO] Game Log: Runde 1: Tag
18:03:19 [INFO] Game Log: Runde 1: Tag
18:03:19 [INFO] Game Log: Szenario gestartet: Freiheit für die Minen
18:03:19 [INFO] Hero created: Goldyx (goldyx)
Spawned 9 enemies.
18:03:19 [DEBUG] Initial game state rendered.
18:03:19 [INFO] Game Log: Welcome to Mage Knight!
18:03:19 [INFO] Game Log: Ziele: 2 Minen befreien, 1 Festung erobern.
18:03:19 [INFO] Starting new game... Scenario: default
18:03:19 [INFO] Game Log: Runde 1: Tag
18:03:19 [INFO] Game Log: Runde 1: Tag
18:03:19 [INFO] Game Log: Runde 1: Tag
18:03:19 [INFO] Game Log: Runde 1: Tag
18:03:19 [INFO] Game Log: Runde 1: Tag
18:03:19 [INFO] Game Log: Runde 1: Tag
18:03:19 [INFO] Game Log: Runde 1: Tag
18:03:19 [INFO] Game Log: Runde 1: Tag
18:03:19 [INFO] Game Log: Runde 1: Tag
18:03:19 [INFO] Game Log: Runde 1: Tag
18:03:19 [INFO] Game Log: Runde 1: Tag
18:03:19 [INFO] Game Log: Runde 1: Tag
18:03:19 [INFO] Game Log: Runde 1: Tag
18:03:19 [INFO] Game Log: Runde 1: Tag
18:03:19 [INFO] Game Log: Runde 1: Tag
18:03:19 [INFO] Game Log: Runde 1: Tag
18:03:19 [INFO] Game Log: Runde 1: Tag
18:03:19 [INFO] Game Log: Runde 1: Tag
18:03:19 [INFO] Game Log: Runde 1: Tag
18:03:19 [INFO] Game Log: Runde 1: Tag
18:03:19 [INFO] Game Log: Runde 1: Tag
18:03:19 [INFO] Game Log: Runde 1: Tag
18:03:19 [INFO] Game Log: Runde 1: Tag
18:03:19 [INFO] Game Log: Runde 1: Tag
18:03:19 [INFO] Game Log: Runde 1: Tag
18:03:19 [INFO] Game Log: Runde 1: Tag
18:03:19 [INFO] Game Log: Runde 1: Tag
18:03:19 [INFO] Game Log: Runde 1: Tag
18:03:19 [INFO] Game Log: Runde 1: Tag
18:03:19 [INFO] Game Log: Runde 1: Tag
18:03:19 [INFO] Game Log: Runde 1: Tag
18:03:19 [INFO] Game Log: Runde 1: Tag
18:03:19 [INFO] Game Log: Runde 1: Tag
18:03:19 [INFO] Game Log: Runde 1: Tag
18:03:19 [INFO] Game Log: Runde 1: Tag
18:03:19 [INFO] Game Log: Runde 1: Tag
18:03:19 [INFO] Game Log: Runde 1: Tag
18:03:19 [INFO] Game Log: Runde 1: Tag
18:03:19 [INFO] Game Log: Runde 1: Tag
18:03:19 [INFO] Game Log: Runde 1: Tag
18:03:19 [INFO] Game Log: Runde 1: Tag
18:03:19 [INFO] Game Log: Runde 1: Tag
18:03:19 [INFO] Game Log: Runde 1: Tag
18:03:19 [INFO] Game Log: Szenario gestartet: Freiheit für die Minen
18:03:19 [INFO] Hero created: Goldyx (goldyx)
Spawned 6 enemies.
18:03:19 [DEBUG] Initial game state rendered.
18:03:19 [INFO] Game Log: Welcome to Mage Knight!
18:03:19 [INFO] Game Log: Ziele: 2 Minen befreien, 1 Festung erobern.
18:03:19 [INFO] Starting new game... Scenario: default
18:03:19 [INFO] Game Log: Runde 1: Tag
18:03:19 [INFO] Game Log: Runde 1: Tag
18:03:19 [INFO] Game Log: Runde 1: Tag
18:03:19 [INFO] Game Log: Runde 1: Tag
18:03:19 [INFO] Game Log: Runde 1: Tag
18:03:19 [INFO] Game Log: Runde 1: Tag
18:03:19 [INFO] Game Log: Runde 1: Tag
18:03:19 [INFO] Game Log: Runde 1: Tag
18:03:19 [INFO] Game Log: Runde 1: Tag
18:03:19 [INFO] Game Log: Runde 1: Tag
18:03:19 [INFO] Game Log: Runde 1: Tag
18:03:19 [INFO] Game Log: Runde 1: Tag
18:03:19 [INFO] Game Log: Runde 1: Tag
18:03:19 [INFO] Game Log: Runde 1: Tag
18:03:19 [INFO] Game Log: Runde 1: Tag
18:03:19 [INFO] Game Log: Runde 1: Tag
18:03:19 [INFO] Game Log: Runde 1: Tag
18:03:19 [INFO] Game Log: Runde 1: Tag
18:03:19 [INFO] Game Log: Runde 1: Tag
18:03:19 [INFO] Game Log: Runde 1: Tag
18:03:19 [INFO] Game Log: Runde 1: Tag
18:03:19 [INFO] Game Log: Runde 1: Tag
18:03:19 [INFO] Game Log: Runde 1: Tag
18:03:19 [INFO] Game Log: Runde 1: Tag
18:03:19 [INFO] Game Log: Runde 1: Tag
18:03:19 [INFO] Game Log: Runde 1: Tag
18:03:19 [INFO] Game Log: Runde 1: Tag
18:03:19 [INFO] Game Log: Runde 1: Tag
18:03:19 [INFO] Game Log: Runde 1: Tag
18:03:19 [INFO] Game Log: Runde 1: Tag
18:03:19 [INFO] Game Log: Runde 1: Tag
18:03:19 [INFO] Game Log: Runde 1: Tag
18:03:19 [INFO] Game Log: Runde 1: Tag
18:03:19 [INFO] Game Log: Runde 1: Tag
18:03:19 [INFO] Game Log: Runde 1: Tag
18:03:19 [INFO] Game Log: Runde 1: Tag
18:03:19 [INFO] Game Log: Runde 1: Tag
18:03:19 [INFO] Game Log: Runde 1: Tag
18:03:19 [INFO] Game Log: Runde 1: Tag
18:03:19 [INFO] Game Log: Runde 1: Tag
18:03:19 [INFO] Game Log: Runde 1: Tag
18:03:19 [INFO] Game Log: Runde 1: Tag
18:03:19 [INFO] Game Log: Runde 1: Tag
18:03:19 [INFO] Game Log: Runde 1: Tag
18:03:19 [INFO] Game Log: Szenario gestartet: Freiheit für die Minen
18:03:19 [INFO] Hero created: Goldyx (goldyx)
Spawned 11 enemies.
18:03:19 [DEBUG] Initial game state rendered.
18:03:19 [INFO] Game Log: Welcome to Mage Knight!
18:03:19 [INFO] Game Log: Ziele: 2 Minen befreien, 1 Festung erobern.
18:03:19 [INFO] Starting new game... Scenario: default
18:03:19 [INFO] Game Log: Runde 1: Tag
18:03:19 [INFO] Game Log: Runde 1: Tag
18:03:19 [INFO] Game Log: Runde 1: Tag
18:03:19 [INFO] Game Log: Runde 1: Tag
18:03:19 [INFO] Game Log: Runde 1: Tag
18:03:19 [INFO] Game Log: Runde 1: Tag
18:03:19 [INFO] Game Log: Runde 1: Tag
18:03:19 [INFO] Game Log: Runde 1: Tag
18:03:19 [INFO] Game Log: Runde 1: Tag
18:03:19 [INFO] Game Log: Runde 1: Tag
18:03:19 [INFO] Game Log: Runde 1: Tag
18:03:19 [INFO] Game Log: Runde 1: Tag
18:03:19 [INFO] Game Log: Runde 1: Tag
18:03:19 [INFO] Game Log: Runde 1: Tag
18:03:19 [INFO] Game Log: Runde 1: Tag
18:03:19 [INFO] Game Log: Runde 1: Tag
18:03:19 [INFO] Game Log: Runde 1: Tag
18:03:19 [INFO] Game Log: Runde 1: Tag
18:03:19 [INFO] Game Log: Runde 1: Tag
18:03:19 [INFO] Game Log: Runde 1: Tag
18:03:19 [INFO] Game Log: Runde 1: Tag
18:03:19 [INFO] Game Log: Runde 1: Tag
18:03:19 [INFO] Game Log: Runde 1: Tag
18:03:19 [INFO] Game Log: Runde 1: Tag
18:03:19 [INFO] Game Log: Runde 1: Tag
18:03:19 [INFO] Game Log: Runde 1: Tag
18:03:19 [INFO] Game Log: Runde 1: Tag
18:03:19 [INFO] Game Log: Runde 1: Tag
18:03:19 [INFO] Game Log: Runde 1: Tag
18:03:19 [INFO] Game Log: Runde 1: Tag
18:03:19 [INFO] Game Log: Runde 1: Tag
18:03:19 [INFO] Game Log: Runde 1: Tag
18:03:19 [INFO] Game Log: Runde 1: Tag
18:03:19 [INFO] Game Log: Runde 1: Tag
18:03:19 [INFO] Game Log: Runde 1: Tag
18:03:19 [INFO] Game Log: Runde 1: Tag
18:03:19 [INFO] Game Log: Runde 1: Tag
18:03:19 [INFO] Game Log: Runde 1: Tag
18:03:19 [INFO] Game Log: Runde 1: Tag
18:03:19 [INFO] Game Log: Runde 1: Tag
18:03:19 [INFO] Game Log: Runde 1: Tag
18:03:19 [INFO] Game Log: Runde 1: Tag
18:03:19 [INFO] Game Log: Runde 1: Tag
18:03:19 [INFO] Game Log: Runde 1: Tag
18:03:19 [INFO] Game Log: Runde 1: Tag
18:03:19 [INFO] Game Log: Szenario gestartet: Freiheit für die Minen
18:03:19 [INFO] Hero created: Goldyx (goldyx)
Spawned 3 enemies.
18:03:19 [DEBUG] Initial game state rendered.
18:03:19 [INFO] Game Log: Welcome to Mage Knight!
18:03:19 [INFO] Game Log: Ziele: 2 Minen befreien, 1 Festung erobern.
18:03:19 [INFO] Starting new game... Scenario: default
18:03:19 [INFO] Game Log: Runde 1: Tag
18:03:19 [INFO] Game Log: Runde 1: Tag
18:03:19 [INFO] Game Log: Runde 1: Tag
18:03:19 [INFO] Game Log: Runde 1: Tag
18:03:19 [INFO] Game Log: Runde 1: Tag
18:03:19 [INFO] Game Log: Runde 1: Tag
18:03:19 [INFO] Game Log: Runde 1: Tag
18:03:19 [INFO] Game Log: Runde 1: Tag
18:03:19 [INFO] Game Log: Runde 1: Tag
18:03:19 [INFO] Game Log: Runde 1: Tag
18:03:19 [INFO] Game Log: Runde 1: Tag
18:03:19 [INFO] Game Log: Runde 1: Tag
18:03:19 [INFO] Game Log: Runde 1: Tag
18:03:19 [INFO] Game Log: Runde 1: Tag
18:03:19 [INFO] Game Log: Runde 1: Tag
18:03:19 [INFO] Game Log: Runde 1: Tag
18:03:19 [INFO] Game Log: Runde 1: Tag
18:03:19 [INFO] Game Log: Runde 1: Tag
18:03:19 [INFO] Game Log: Runde 1: Tag
18:03:19 [INFO] Game Log: Runde 1: Tag
18:03:19 [INFO] Game Log: Runde 1: Tag
18:03:19 [INFO] Game Log: Runde 1: Tag
18:03:19 [INFO] Game Log: Runde 1: Tag
18:03:19 [INFO] Game Log: Runde 1: Tag
18:03:19 [INFO] Game Log: Runde 1: Tag
18:03:19 [INFO] Game Log: Runde 1: Tag
18:03:19 [INFO] Game Log: Runde 1: Tag
18:03:19 [INFO] Game Log: Runde 1: Tag
18:03:19 [INFO] Game Log: Runde 1: Tag
18:03:19 [INFO] Game Log: Runde 1: Tag
18:03:19 [INFO] Game Log: Runde 1: Tag
18:03:19 [INFO] Game Log: Runde 1: Tag
18:03:19 [INFO] Game Log: Runde 1: Tag
18:03:19 [INFO] Game Log: Runde 1: Tag
18:03:19 [INFO] Game Log: Runde 1: Tag
18:03:19 [INFO] Game Log: Runde 1: Tag
18:03:19 [INFO] Game Log: Runde 1: Tag
18:03:19 [INFO] Game Log: Runde 1: Tag
18:03:19 [INFO] Game Log: Runde 1: Tag
18:03:19 [INFO] Game Log: Runde 1: Tag
18:03:19 [INFO] Game Log: Runde 1: Tag
18:03:19 [INFO] Game Log: Runde 1: Tag
18:03:19 [INFO] Game Log: Runde 1: Tag
18:03:19 [INFO] Game Log: Runde 1: Tag
18:03:19 [INFO] Game Log: Runde 1: Tag
18:03:19 [INFO] Game Log: Runde 1: Tag
18:03:19 [INFO] Game Log: Szenario gestartet: Freiheit für die Minen
18:03:19 [INFO] Hero created: Goldyx (goldyx)
Spawned 4 enemies.
18:03:19 [DEBUG] Initial game state rendered.
18:03:19 [INFO] Game Log: Welcome to Mage Knight!
18:03:19 [INFO] Game Log: Ziele: 2 Minen befreien, 1 Festung erobern.
18:03:19 [INFO] Starting new game... Scenario: default
18:03:19 [INFO] Game Log: Runde 1: Tag
18:03:19 [INFO] Game Log: Runde 1: Tag
18:03:19 [INFO] Game Log: Runde 1: Tag
18:03:19 [INFO] Game Log: Runde 1: Tag
18:03:19 [INFO] Game Log: Runde 1: Tag
18:03:19 [INFO] Game Log: Runde 1: Tag
18:03:19 [INFO] Game Log: Runde 1: Tag
18:03:19 [INFO] Game Log: Runde 1: Tag
18:03:19 [INFO] Game Log: Runde 1: Tag
18:03:19 [INFO] Game Log: Runde 1: Tag
18:03:19 [INFO] Game Log: Runde 1: Tag
18:03:19 [INFO] Game Log: Runde 1: Tag
18:03:19 [INFO] Game Log: Runde 1: Tag
18:03:19 [INFO] Game Log: Runde 1: Tag
18:03:19 [INFO] Game Log: Runde 1: Tag
18:03:19 [INFO] Game Log: Runde 1: Tag
18:03:19 [INFO] Game Log: Runde 1: Tag
18:03:19 [INFO] Game Log: Runde 1: Tag
18:03:19 [INFO] Game Log: Runde 1: Tag
18:03:19 [INFO] Game Log: Runde 1: Tag
18:03:19 [INFO] Game Log: Runde 1: Tag
18:03:19 [INFO] Game Log: Runde 1: Tag
18:03:19 [INFO] Game Log: Runde 1: Tag
18:03:19 [INFO] Game Log: Runde 1: Tag
18:03:19 [INFO] Game Log: Runde 1: Tag
18:03:19 [INFO] Game Log: Runde 1: Tag
18:03:19 [INFO] Game Log: Runde 1: Tag
18:03:19 [INFO] Game Log: Runde 1: Tag
18:03:19 [INFO] Game Log: Runde 1: Tag
18:03:19 [INFO] Game Log: Runde 1: Tag
18:03:19 [INFO] Game Log: Runde 1: Tag
18:03:19 [INFO] Game Log: Runde 1: Tag
18:03:19 [INFO] Game Log: Runde 1: Tag
18:03:19 [INFO] Game Log: Runde 1: Tag
18:03:19 [INFO] Game Log: Runde 1: Tag
18:03:19 [INFO] Game Log: Runde 1: Tag
18:03:19 [INFO] Game Log: Runde 1: Tag
18:03:19 [INFO] Game Log: Runde 1: Tag
18:03:19 [INFO] Game Log: Runde 1: Tag
18:03:19 [INFO] Game Log: Runde 1: Tag
18:03:19 [INFO] Game Log: Runde 1: Tag
18:03:19 [INFO] Game Log: Runde 1: Tag
18:03:19 [INFO] Game Log: Runde 1: Tag
18:03:19 [INFO] Game Log: Runde 1: Tag
18:03:19 [INFO] Game Log: Runde 1: Tag
18:03:19 [INFO] Game Log: Runde 1: Tag
18:03:19 [INFO] Game Log: Runde 1: Tag
18:03:19 [INFO] Game Log: Szenario gestartet: Freiheit für die Minen
18:03:19 [INFO] Hero created: Goldyx (goldyx)
Spawned 8 enemies.
18:03:19 [DEBUG] Initial game state rendered.
18:03:19 [INFO] Game Log: Welcome to Mage Knight!
18:03:19 [INFO] Game Log: Ziele: 2 Minen befreien, 1 Festung erobern.
18:03:19 [INFO] Starting new game... Scenario: default
18:03:19 [INFO] Game Log: Runde 1: Tag
18:03:19 [INFO] Game Log: Runde 1: Tag
18:03:19 [INFO] Game Log: Runde 1: Tag
18:03:19 [INFO] Game Log: Runde 1: Tag
18:03:19 [INFO] Game Log: Runde 1: Tag
18:03:19 [INFO] Game Log: Runde 1: Tag
18:03:19 [INFO] Game Log: Runde 1: Tag
18:03:19 [INFO] Game Log: Runde 1: Tag
18:03:19 [INFO] Game Log: Runde 1: Tag
18:03:19 [INFO] Game Log: Runde 1: Tag
18:03:19 [INFO] Game Log: Runde 1: Tag
18:03:19 [INFO] Game Log: Runde 1: Tag
18:03:19 [INFO] Game Log: Runde 1: Tag
18:03:19 [INFO] Game Log: Runde 1: Tag
18:03:19 [INFO] Game Log: Runde 1: Tag
18:03:19 [INFO] Game Log: Runde 1: Tag
18:03:19 [INFO] Game Log: Runde 1: Tag
18:03:19 [INFO] Game Log: Runde 1: Tag
18:03:19 [INFO] Game Log: Runde 1: Tag
18:03:19 [INFO] Game Log: Runde 1: Tag
18:03:19 [INFO] Game Log: Runde 1: Tag
18:03:19 [INFO] Game Log: Runde 1: Tag
18:03:19 [INFO] Game Log: Runde 1: Tag
18:03:19 [INFO] Game Log: Runde 1: Tag
18:03:19 [INFO] Game Log: Runde 1: Tag
18:03:19 [INFO] Game Log: Runde 1: Tag
18:03:19 [INFO] Game Log: Runde 1: Tag
18:03:19 [INFO] Game Log: Runde 1: Tag
18:03:19 [INFO] Game Log: Runde 1: Tag
18:03:19 [INFO] Game Log: Runde 1: Tag
18:03:19 [INFO] Game Log: Runde 1: Tag
18:03:19 [INFO] Game Log: Runde 1: Tag
18:03:19 [INFO] Game Log: Runde 1: Tag
18:03:19 [INFO] Game Log: Runde 1: Tag
18:03:19 [INFO] Game Log: Runde 1: Tag
18:03:19 [INFO] Game Log: Runde 1: Tag
18:03:19 [INFO] Game Log: Runde 1: Tag
18:03:19 [INFO] Game Log: Runde 1: Tag
18:03:19 [INFO] Game Log: Runde 1: Tag
18:03:19 [INFO] Game Log: Runde 1: Tag
18:03:19 [INFO] Game Log: Runde 1: Tag
18:03:19 [INFO] Game Log: Runde 1: Tag
18:03:19 [INFO] Game Log: Runde 1: Tag
18:03:19 [INFO] Game Log: Runde 1: Tag
18:03:19 [INFO] Game Log: Runde 1: Tag
18:03:19 [INFO] Game Log: Runde 1: Tag
18:03:19 [INFO] Game Log: Runde 1: Tag
18:03:19 [INFO] Game Log: Runde 1: Tag
18:03:19 [INFO] Game Log: Szenario gestartet: Freiheit für die Minen
18:03:19 [INFO] Hero created: Goldyx (goldyx)
Spawned 8 enemies.
18:03:19 [DEBUG] Initial game state rendered.
18:03:19 [INFO] Game Log: Welcome to Mage Knight!
18:03:19 [INFO] Game Log: Ziele: 2 Minen befreien, 1 Festung erobern.
18:03:19 [INFO] Starting new game... Scenario: default
18:03:19 [INFO] Game Log: Runde 1: Tag
18:03:19 [INFO] Game Log: Runde 1: Tag
18:03:19 [INFO] Game Log: Runde 1: Tag
18:03:19 [INFO] Game Log: Runde 1: Tag
18:03:19 [INFO] Game Log: Runde 1: Tag
18:03:19 [INFO] Game Log: Runde 1: Tag
18:03:19 [INFO] Game Log: Runde 1: Tag
18:03:19 [INFO] Game Log: Runde 1: Tag
18:03:19 [INFO] Game Log: Runde 1: Tag
18:03:19 [INFO] Game Log: Runde 1: Tag
18:03:19 [INFO] Game Log: Runde 1: Tag
18:03:19 [INFO] Game Log: Runde 1: Tag
18:03:19 [INFO] Game Log: Runde 1: Tag
18:03:19 [INFO] Game Log: Runde 1: Tag
18:03:19 [INFO] Game Log: Runde 1: Tag
18:03:19 [INFO] Game Log: Runde 1: Tag
18:03:19 [INFO] Game Log: Runde 1: Tag
18:03:19 [INFO] Game Log: Runde 1: Tag
18:03:19 [INFO] Game Log: Runde 1: Tag
18:03:19 [INFO] Game Log: Runde 1: Tag
18:03:19 [INFO] Game Log: Runde 1: Tag
18:03:19 [INFO] Game Log: Runde 1: Tag
18:03:19 [INFO] Game Log: Runde 1: Tag
18:03:19 [INFO] Game Log: Runde 1: Tag
18:03:19 [INFO] Game Log: Runde 1: Tag
18:03:19 [INFO] Game Log: Runde 1: Tag
18:03:19 [INFO] Game Log: Runde 1: Tag
18:03:19 [INFO] Game Log: Runde 1: Tag
18:03:19 [INFO] Game Log: Runde 1: Tag
18:03:19 [INFO] Game Log: Runde 1: Tag
18:03:19 [INFO] Game Log: Runde 1: Tag
18:03:19 [INFO] Game Log: Runde 1: Tag
18:03:19 [INFO] Game Log: Runde 1: Tag
18:03:19 [INFO] Game Log: Runde 1: Tag
18:03:19 [INFO] Game Log: Runde 1: Tag
18:03:19 [INFO] Game Log: Runde 1: Tag
18:03:19 [INFO] Game Log: Runde 1: Tag
18:03:19 [INFO] Game Log: Runde 1: Tag
18:03:19 [INFO] Game Log: Runde 1: Tag
18:03:19 [INFO] Game Log: Runde 1: Tag
18:03:19 [INFO] Game Log: Runde 1: Tag
18:03:19 [INFO] Game Log: Runde 1: Tag
18:03:19 [INFO] Game Log: Runde 1: Tag
18:03:19 [INFO] Game Log: Runde 1: Tag
18:03:19 [INFO] Game Log: Runde 1: Tag
18:03:19 [INFO] Game Log: Runde 1: Tag
18:03:19 [INFO] Game Log: Runde 1: Tag
18:03:19 [INFO] Game Log: Runde 1: Tag
18:03:19 [INFO] Game Log: Runde 1: Tag
18:03:19 [INFO] Game Log: Szenario gestartet: Freiheit für die Minen
18:03:19 [INFO] Hero created: Goldyx (goldyx)
Spawned 11 enemies.
18:03:19 [DEBUG] Initial game state rendered.
18:03:19 [INFO] Game Log: Welcome to Mage Knight!
18:03:19 [INFO] Game Log: Ziele: 2 Minen befreien, 1 Festung erobern.
18:03:19 [INFO] Starting new game... Scenario: default
18:03:19 [INFO] Game Log: Runde 1: Tag
18:03:19 [INFO] Game Log: Runde 1: Tag
18:03:19 [INFO] Game Log: Runde 1: Tag
18:03:19 [INFO] Game Log: Runde 1: Tag
18:03:19 [INFO] Game Log: Runde 1: Tag
18:03:19 [INFO] Game Log: Runde 1: Tag
18:03:19 [INFO] Game Log: Runde 1: Tag
18:03:19 [INFO] Game Log: Runde 1: Tag
18:03:19 [INFO] Game Log: Runde 1: Tag
18:03:19 [INFO] Game Log: Runde 1: Tag
18:03:19 [INFO] Game Log: Runde 1: Tag
18:03:19 [INFO] Game Log: Runde 1: Tag
18:03:19 [INFO] Game Log: Runde 1: Tag
18:03:19 [INFO] Game Log: Runde 1: Tag
18:03:19 [INFO] Game Log: Runde 1: Tag
18:03:19 [INFO] Game Log: Runde 1: Tag
18:03:19 [INFO] Game Log: Runde 1: Tag
18:03:19 [INFO] Game Log: Runde 1: Tag
18:03:19 [INFO] Game Log: Runde 1: Tag
18:03:19 [INFO] Game Log: Runde 1: Tag
18:03:19 [INFO] Game Log: Runde 1: Tag
18:03:19 [INFO] Game Log: Runde 1: Tag
18:03:19 [INFO] Game Log: Runde 1: Tag
18:03:19 [INFO] Game Log: Runde 1: Tag
18:03:19 [INFO] Game Log: Runde 1: Tag
18:03:19 [INFO] Game Log: Runde 1: Tag
18:03:19 [INFO] Game Log: Runde 1: Tag
18:03:19 [INFO] Game Log: Runde 1: Tag
18:03:19 [INFO] Game Log: Runde 1: Tag
18:03:19 [INFO] Game Log: Runde 1: Tag
18:03:19 [INFO] Game Log: Runde 1: Tag
18:03:19 [INFO] Game Log: Runde 1: Tag
18:03:19 [INFO] Game Log: Runde 1: Tag
18:03:19 [INFO] Game Log: Runde 1: Tag
18:03:19 [INFO] Game Log: Runde 1: Tag
18:03:19 [INFO] Game Log: Runde 1: Tag
18:03:19 [INFO] Game Log: Runde 1: Tag
18:03:19 [INFO] Game Log: Runde 1: Tag
18:03:19 [INFO] Game Log: Runde 1: Tag
18:03:19 [INFO] Game Log: Runde 1: Tag
18:03:19 [INFO] Game Log: Runde 1: Tag
18:03:19 [INFO] Game Log: Runde 1: Tag
18:03:19 [INFO] Game Log: Runde 1: Tag
18:03:19 [INFO] Game Log: Runde 1: Tag
18:03:19 [INFO] Game Log: Runde 1: Tag
18:03:19 [INFO] Game Log: Runde 1: Tag
18:03:19 [INFO] Game Log: Runde 1: Tag
18:03:19 [INFO] Game Log: Runde 1: Tag
18:03:19 [INFO] Game Log: Runde 1: Tag
18:03:19 [INFO] Game Log: Runde 1: Tag
18:03:19 [INFO] Game Log: Szenario gestartet: Freiheit für die Minen
18:03:19 [INFO] Hero created: Goldyx (goldyx)
Spawned 6 enemies.
18:03:19 [DEBUG] Initial game state rendered.
18:03:19 [INFO] Game Log: Welcome to Mage Knight!
18:03:19 [INFO] Game Log: Ziele: 2 Minen befreien, 1 Festung erobern.
18:03:19 [INFO] Starting new game... Scenario: default
18:03:19 [INFO] Game Log: Runde 1: Tag
18:03:19 [INFO] Game Log: Runde 1: Tag
18:03:19 [INFO] Game Log: Runde 1: Tag
18:03:19 [INFO] Game Log: Runde 1: Tag
18:03:19 [INFO] Game Log: Runde 1: Tag
18:03:19 [INFO] Game Log: Runde 1: Tag
18:03:19 [INFO] Game Log: Runde 1: Tag
18:03:19 [INFO] Game Log: Runde 1: Tag
18:03:19 [INFO] Game Log: Runde 1: Tag
18:03:19 [INFO] Game Log: Runde 1: Tag
18:03:19 [INFO] Game Log: Runde 1: Tag
18:03:19 [INFO] Game Log: Runde 1: Tag
18:03:19 [INFO] Game Log: Runde 1: Tag
18:03:19 [INFO] Game Log: Runde 1: Tag
18:03:19 [INFO] Game Log: Runde 1: Tag
18:03:19 [INFO] Game Log: Runde 1: Tag
18:03:19 [INFO] Game Log: Runde 1: Tag
18:03:19 [INFO] Game Log: Runde 1: Tag
18:03:19 [INFO] Game Log: Runde 1: Tag
18:03:19 [INFO] Game Log: Runde 1: Tag
18:03:19 [INFO] Game Log: Runde 1: Tag
18:03:19 [INFO] Game Log: Runde 1: Tag
18:03:19 [INFO] Game Log: Runde 1: Tag
18:03:19 [INFO] Game Log: Runde 1: Tag
18:03:19 [INFO] Game Log: Runde 1: Tag
18:03:19 [INFO] Game Log: Runde 1: Tag
18:03:19 [INFO] Game Log: Runde 1: Tag
18:03:19 [INFO] Game Log: Runde 1: Tag
18:03:19 [INFO] Game Log: Runde 1: Tag
18:03:19 [INFO] Game Log: Runde 1: Tag
18:03:19 [INFO] Game Log: Runde 1: Tag
18:03:19 [INFO] Game Log: Runde 1: Tag
18:03:19 [INFO] Game Log: Runde 1: Tag
18:03:19 [INFO] Game Log: Runde 1: Tag
18:03:19 [INFO] Game Log: Runde 1: Tag
18:03:19 [INFO] Game Log: Runde 1: Tag
18:03:19 [INFO] Game Log: Runde 1: Tag
18:03:19 [INFO] Game Log: Runde 1: Tag
18:03:19 [INFO] Game Log: Runde 1: Tag
18:03:19 [INFO] Game Log: Runde 1: Tag
18:03:19 [INFO] Game Log: Runde 1: Tag
18:03:19 [INFO] Game Log: Runde 1: Tag
18:03:19 [INFO] Game Log: Runde 1: Tag
18:03:19 [INFO] Game Log: Runde 1: Tag
18:03:19 [INFO] Game Log: Runde 1: Tag
18:03:19 [INFO] Game Log: Runde 1: Tag
18:03:19 [INFO] Game Log: Runde 1: Tag
18:03:19 [INFO] Game Log: Runde 1: Tag
18:03:19 [INFO] Game Log: Runde 1: Tag
18:03:19 [INFO] Game Log: Runde 1: Tag
18:03:19 [INFO] Game Log: Runde 1: Tag
18:03:19 [INFO] Game Log: Szenario gestartet: Freiheit für die Minen
18:03:19 [INFO] Hero created: Goldyx (goldyx)
Spawned 10 enemies.
18:03:19 [DEBUG] Initial game state rendered.
18:03:19 [INFO] Game Log: Welcome to Mage Knight!
18:03:19 [INFO] Game Log: Ziele: 2 Minen befreien, 1 Festung erobern.
Completed 50 full game resets in 748.87ms

 [32m✓[39m tests/performance.test.js [2m([22m[2m3 tests[22m[2m)[22m[33m 876[2mms[22m[39m
     [33m[2m✓[22m[39m Resilience: Multi-Reset Memory Isolation [33m 843[2mms[22m[39m
[90mstderr[2m | js/ui.js:57:37
[22m[39mFailed to load FloatingTextManager TypeError: window.getComputedStyle is not a function
    at new FloatingTextManager [90m(/home/tobber/.gemini/antigravity/scratch/mageknight/[39mjs/ui/FloatingTextManager.js:20:34[90m)[39m
    at [90m/home/tobber/.gemini/antigravity/scratch/mageknight/[39mjs/ui.js:55:37
[90m    at processTicksAndRejections (node:internal/process/task_queues:103:5)[39m

[90mstdout[2m | tests/rewards.test.js[2m > [22m[2mReward System & Ruins[2m > [22m[2mRuin site information is correctly defined
[22m[39mAI Worker initialized
18:03:19 [INFO] 🔧 Debug Tools initialized. Access via window.game or window.debug
[Lazy] SoundManager initialized
18:03:19 [INFO] Game Log: Touch-Steuerung aktiviert
18:03:19 [INFO] Starting new game... Scenario: default
18:03:19 [INFO] Game Log: Runde 1: Tag
18:03:19 [INFO] Game Log: Szenario gestartet: Freiheit für die Minen
18:03:19 [INFO] Hero created: Goldyx (goldyx)
Spawned 8 enemies.
18:03:20 [DEBUG] Initial game state rendered.
18:03:20 [INFO] Game Log: Willkommen bei Mage Knight!
18:03:20 [INFO] Game Log: Ziele: 2 Minen befreien, 1 Festung erobern.

[90mstderr[2m | tests/rewards.test.js[2m > [22m[2mReward System & Ruins[2m > [22m[2mRuin site information is correctly defined
[22m[39mCanvas layer not found for particle system

[90mstdout[2m | tests/rewards.test.js[2m > [22m[2mReward System & Ruins[2m > [22m[2mExplore Ruin initiates combat with correct enemies
[22m[39mAI Worker initialized
18:03:20 [INFO] 🔧 Debug Tools initialized. Access via window.game or window.debug
[Lazy] SoundManager initialized
18:03:20 [INFO] Game Log: Touch-Steuerung aktiviert
18:03:20 [INFO] Starting new game... Scenario: default
18:03:20 [INFO] Game Log: Runde 1: Tag
18:03:20 [INFO] Game Log: Szenario gestartet: Freiheit für die Minen
18:03:20 [INFO] Hero created: Goldyx (goldyx)
Spawned 6 enemies.
18:03:20 [DEBUG] Initial game state rendered.
18:03:20 [INFO] Game Log: Willkommen bei Mage Knight!
18:03:20 [INFO] Game Log: Ziele: 2 Minen befreien, 1 Festung erobern.

[90mstderr[2m | tests/rewards.test.js[2m > [22m[2mReward System & Ruins[2m > [22m[2mExplore Ruin initiates combat with correct enemies
[22m[39mCanvas layer not found for particle system

[90mstdout[2m | tests/rewards.test.js[2m > [22m[2mReward System & Ruins[2m > [22m[2mDefeating Dungeon enemy triggers reward selection
[22m[39mAI Worker initialized
18:03:20 [INFO] 🔧 Debug Tools initialized. Access via window.game or window.debug
[Lazy] SoundManager initialized
18:03:20 [INFO] Game Log: Touch-Steuerung aktiviert
18:03:20 [INFO] Starting new game... Scenario: default
18:03:20 [INFO] Game Log: Runde 1: Tag
18:03:20 [INFO] Game Log: Szenario gestartet: Freiheit für die Minen
18:03:20 [INFO] Hero created: Goldyx (goldyx)
Spawned 5 enemies.
18:03:20 [DEBUG] Initial game state rendered.
18:03:20 [INFO] Game Log: Willkommen bei Mage Knight!
18:03:20 [INFO] Game Log: Ziele: 2 Minen befreien, 1 Festung erobern.

[90mstderr[2m | tests/rewards.test.js[2m > [22m[2mReward System & Ruins[2m > [22m[2mDefeating Dungeon enemy triggers reward selection
[22m[39mCanvas layer not found for particle system

[90mstdout[2m | tests/rewards.test.js[2m > [22m[2mReward System & Ruins[2m > [22m[2mDefeating Dungeon enemy triggers reward selection
[22m[39m[Lazy] AchievementManager initialized

[90mstdout[2m | tests/rewards.test.js[2m > [22m[2mReward System & Ruins[2m > [22m[2mDefeating Ruin enemy triggers reward selection
[22m[39mAI Worker initialized
18:03:20 [INFO] 🔧 Debug Tools initialized. Access via window.game or window.debug
[Lazy] SoundManager initialized
18:03:20 [INFO] Game Log: Touch-Steuerung aktiviert
18:03:20 [INFO] Starting new game... Scenario: default
18:03:20 [INFO] Game Log: Runde 1: Tag
18:03:20 [INFO] Game Log: Szenario gestartet: Freiheit für die Minen
18:03:20 [INFO] Hero created: Goldyx (goldyx)
Spawned 5 enemies.
18:03:20 [DEBUG] Initial game state rendered.
18:03:20 [INFO] Game Log: Willkommen bei Mage Knight!
18:03:20 [INFO] Game Log: Ziele: 2 Minen befreien, 1 Festung erobern.

[90mstderr[2m | tests/rewards.test.js[2m > [22m[2mReward System & Ruins[2m > [22m[2mDefeating Ruin enemy triggers reward selection
[22m[39mCanvas layer not found for particle system

[90mstdout[2m | tests/rewards.test.js[2m > [22m[2mReward System & Ruins[2m > [22m[2mDefeating Ruin enemy triggers reward selection
[22m[39m[Lazy] AchievementManager initialized

[90mstdout[2m | tests/logging_robustness.test.js[2m > [22m[2mLogging & Initialization Robustness[2m > [22m[2maddLog protection[2m > [22m[2mshould ignore undefined messages
[22m[39mAI Worker initialized
18:03:20 [INFO] 🔧 Debug Tools initialized. Access via window.game or window.debug
[Lazy] SoundManager initialized
18:03:20 [INFO] Game Log: Touch-Steuerung aktiviert
18:03:20 [INFO] Starting new game... Scenario: default
18:03:20 [INFO] Game Log: Runde 1: Tag
18:03:20 [INFO] Game Log: Szenario gestartet: Freiheit für die Minen
18:03:20 [INFO] Hero created: Goldyx (goldyx)
Spawned 4 enemies.
18:03:20 [DEBUG] Initial game state rendered.
18:03:20 [INFO] Game Log: Welcome to Mage Knight!
18:03:20 [INFO] Game Log: Ziele: 2 Minen befreien, 1 Festung erobern.

[90mstderr[2m | tests/logging_robustness.test.js[2m > [22m[2mLogging & Initialization Robustness[2m > [22m[2maddLog protection[2m > [22m[2mshould ignore undefined messages
[22m[39mGame canvas not found, creating fallback.
Canvas layer not found for particle system

[90mstdout[2m | tests/rewards.test.js[2m > [22m[2mReward System & Ruins[2m > [22m[2mSelecting artifact adds it to deck
[22m[39mAI Worker initialized
18:03:20 [INFO] 🔧 Debug Tools initialized. Access via window.game or window.debug
[Lazy] SoundManager initialized
18:03:20 [INFO] Game Log: Touch-Steuerung aktiviert
18:03:20 [INFO] Starting new game... Scenario: default
18:03:20 [INFO] Game Log: Runde 1: Tag
18:03:20 [INFO] Game Log: Szenario gestartet: Freiheit für die Minen
18:03:20 [INFO] Hero created: Goldyx (goldyx)
Spawned 5 enemies.
18:03:20 [DEBUG] Initial game state rendered.
18:03:20 [INFO] Game Log: Willkommen bei Mage Knight!
18:03:20 [INFO] Game Log: Ziele: 2 Minen befreien, 1 Festung erobern.

[90mstderr[2m | tests/rewards.test.js[2m > [22m[2mReward System & Ruins[2m > [22m[2mSelecting artifact adds it to deck
[22m[39mCanvas layer not found for particle system

 [32m✓[39m tests/rewards.test.js [2m([22m[2m5 tests[22m[2m)[22m[33m 482[2mms[22m[39m
[90mstdout[2m | tests/combat/combat_elemental.test.js[2m > [22m[2mElemental Combat[2m > [22m[2mshould block Physical Attack efficiently (1:1)
[22m[39mAI Worker initialized
18:03:20 [INFO] 🔧 Debug Tools initialized. Access via window.game or window.debug
[Lazy] SoundManager initialized
18:03:20 [INFO] Game Log: Touch-Steuerung aktiviert
18:03:20 [INFO] Starting new game... Scenario: default
18:03:20 [INFO] Game Log: Runde 1: Tag
18:03:20 [INFO] Game Log: Szenario gestartet: Freiheit für die Minen
18:03:20 [INFO] Hero created: Goldyx (goldyx)
Spawned 3 enemies.
18:03:20 [DEBUG] Initial game state rendered.
18:03:20 [INFO] Game Log: Welcome to Mage Knight!
18:03:20 [INFO] Game Log: Ziele: 2 Minen befreien, 1 Festung erobern.

[90mstderr[2m | tests/combat/combat_elemental.test.js[2m > [22m[2mElemental Combat[2m > [22m[2mshould block Physical Attack efficiently (1:1)
[22m[39mCanvas layer not found for particle system

[90mstdout[2m | tests/combat/combat_elemental.test.js[2m > [22m[2mElemental Combat[2m > [22m[2mshould block Physical Attack efficiently (1:1)
[22m[39m18:03:20 [DEBUG] Block vs Orc (physical): Input total 3 -> Effective total 3. Required: 3

[90mstdout[2m | tests/logging_robustness.test.js[2m > [22m[2mLogging & Initialization Robustness[2m > [22m[2maddLog protection[2m > [22m[2mshould ignore null messages
[22m[39mAI Worker initialized
18:03:20 [INFO] 🔧 Debug Tools initialized. Access via window.game or window.debug
[Lazy] SoundManager initialized
18:03:20 [INFO] Game Log: Touch-Steuerung aktiviert
18:03:20 [INFO] Starting new game... Scenario: default
18:03:20 [INFO] Game Log: Runde 1: Tag
18:03:20 [INFO] Game Log: Szenario gestartet: Freiheit für die Minen
18:03:20 [INFO] Hero created: Goldyx (goldyx)
Spawned 12 enemies.
18:03:20 [DEBUG] Initial game state rendered.
18:03:20 [INFO] Game Log: Welcome to Mage Knight!
18:03:20 [INFO] Game Log: Ziele: 2 Minen befreien, 1 Festung erobern.

[90mstderr[2m | tests/logging_robustness.test.js[2m > [22m[2mLogging & Initialization Robustness[2m > [22m[2maddLog protection[2m > [22m[2mshould ignore null messages
[22m[39mGame canvas not found, creating fallback.
Canvas layer not found for particle system

[90mstdout[2m | tests/combat/combat_elemental.test.js[2m > [22m[2mElemental Combat[2m > [22m[2mshould block Fire Attack inefficiently with Physical (2:1)
[22m[39mAI Worker initialized
18:03:20 [INFO] 🔧 Debug Tools initialized. Access via window.game or window.debug
[Lazy] SoundManager initialized
18:03:20 [INFO] Game Log: Touch-Steuerung aktiviert
18:03:20 [INFO] Starting new game... Scenario: default
18:03:20 [INFO] Game Log: Runde 1: Tag
18:03:20 [INFO] Game Log: Szenario gestartet: Freiheit für die Minen
18:03:20 [INFO] Hero created: Goldyx (goldyx)
Spawned 8 enemies.
18:03:20 [DEBUG] Initial game state rendered.
18:03:20 [INFO] Game Log: Welcome to Mage Knight!
18:03:20 [INFO] Game Log: Ziele: 2 Minen befreien, 1 Festung erobern.

[90mstderr[2m | tests/combat/combat_elemental.test.js[2m > [22m[2mElemental Combat[2m > [22m[2mshould block Fire Attack inefficiently with Physical (2:1)
[22m[39mCanvas layer not found for particle system

[90mstdout[2m | tests/combat/combat_ranged.test.js[2m > [22m[2mCombat Ranged Phase Integration[2m > [22m[2mshould start in RANGED phase
[22m[39mAI Worker initialized
18:03:20 [INFO] 🔧 Debug Tools initialized. Access via window.game or window.debug
[Lazy] SoundManager initialized
18:03:20 [INFO] Game Log: Touch-Steuerung aktiviert
18:03:20 [INFO] Starting new game... Scenario: default
18:03:20 [INFO] Game Log: Runde 1: Tag
18:03:20 [INFO] Game Log: Szenario gestartet: Freiheit für die Minen
18:03:20 [INFO] Hero created: Goldyx (goldyx)
Spawned 7 enemies.
18:03:20 [DEBUG] Initial game state rendered.
18:03:20 [INFO] Game Log: Willkommen bei Mage Knight!
18:03:20 [INFO] Game Log: Ziele: 2 Minen befreien, 1 Festung erobern.
18:03:20 [INFO] Combat started against 1 enemies

[90mstdout[2m | tests/combat/combat_elemental.test.js[2m > [22m[2mElemental Combat[2m > [22m[2mshould block Fire Attack inefficiently with Physical (2:1)
[22m[39m18:03:20 [DEBUG] Block vs Orc (fire): Input total 4 -> Effective total 2. Required: 3
18:03:20 [DEBUG] Block vs Orc (fire): Input total 6 -> Effective total 3. Required: 3

[90mstdout[2m | tests/logging_robustness.test.js[2m > [22m[2mLogging & Initialization Robustness[2m > [22m[2maddLog protection[2m > [22m[2mshould ignore empty string messages
[22m[39mAI Worker initialized
18:03:20 [INFO] 🔧 Debug Tools initialized. Access via window.game or window.debug
[Lazy] SoundManager initialized
18:03:20 [INFO] Game Log: Touch-Steuerung aktiviert
18:03:20 [INFO] Starting new game... Scenario: default
18:03:20 [INFO] Game Log: Runde 1: Tag
18:03:20 [INFO] Game Log: Szenario gestartet: Freiheit für die Minen
18:03:20 [INFO] Hero created: Goldyx (goldyx)
Spawned 9 enemies.
18:03:20 [DEBUG] Initial game state rendered.
18:03:20 [INFO] Game Log: Welcome to Mage Knight!
18:03:20 [INFO] Game Log: Ziele: 2 Minen befreien, 1 Festung erobern.

[90mstderr[2m | tests/logging_robustness.test.js[2m > [22m[2mLogging & Initialization Robustness[2m > [22m[2maddLog protection[2m > [22m[2mshould ignore empty string messages
[22m[39mGame canvas not found, creating fallback.
Canvas layer not found for particle system

[90mstdout[2m | tests/combat/combat_elemental.test.js[2m > [22m[2mElemental Combat[2m > [22m[2mshould block Fire Attack efficiently with Ice (1:1)
[22m[39mAI Worker initialized
18:03:20 [INFO] 🔧 Debug Tools initialized. Access via window.game or window.debug
[Lazy] SoundManager initialized
18:03:20 [INFO] Game Log: Touch-Steuerung aktiviert
18:03:20 [INFO] Starting new game... Scenario: default
18:03:20 [INFO] Game Log: Runde 1: Tag
18:03:20 [INFO] Game Log: Szenario gestartet: Freiheit für die Minen
18:03:20 [INFO] Hero created: Goldyx (goldyx)
Spawned 11 enemies.
18:03:20 [DEBUG] Initial game state rendered.
18:03:20 [INFO] Game Log: Welcome to Mage Knight!
18:03:20 [INFO] Game Log: Ziele: 2 Minen befreien, 1 Festung erobern.

[90mstderr[2m | tests/combat/combat_elemental.test.js[2m > [22m[2mElemental Combat[2m > [22m[2mshould block Fire Attack efficiently with Ice (1:1)
[22m[39mCanvas layer not found for particle system

[90mstdout[2m | tests/combat/combat_elemental.test.js[2m > [22m[2mElemental Combat[2m > [22m[2mshould block Fire Attack efficiently with Ice (1:1)
[22m[39m18:03:20 [DEBUG] Block vs Orc (fire): Input total 3 -> Effective total 3. Required: 3

 [32m✓[39m tests/ui/ui.test.js [2m([22m[2m33 tests[22m[2m)[22m[33m 680[2mms[22m[39m
 [32m✓[39m tests/touchController_extended.test.js [2m([22m[2m6 tests[22m[2m)[22m[33m 623[2mms[22m[39m
     [33m[2m✓[22m[39m should handle card long press [33m 602[2mms[22m[39m
[90mstdout[2m | tests/logging_robustness.test.js[2m > [22m[2mLogging & Initialization Robustness[2m > [22m[2maddLog protection[2m > [22m[2mshould process valid messages
[22m[39mAI Worker initialized
18:03:20 [INFO] 🔧 Debug Tools initialized. Access via window.game or window.debug
[Lazy] SoundManager initialized
18:03:20 [INFO] Game Log: Touch-Steuerung aktiviert
18:03:20 [INFO] Starting new game... Scenario: default
18:03:20 [INFO] Game Log: Runde 1: Tag
18:03:20 [INFO] Game Log: Szenario gestartet: Freiheit für die Minen
18:03:20 [INFO] Hero created: Goldyx (goldyx)
Spawned 10 enemies.
18:03:20 [DEBUG] Initial game state rendered.
18:03:20 [INFO] Game Log: Welcome to Mage Knight!
18:03:20 [INFO] Game Log: Ziele: 2 Minen befreien, 1 Festung erobern.

[90mstderr[2m | tests/logging_robustness.test.js[2m > [22m[2mLogging & Initialization Robustness[2m > [22m[2maddLog protection[2m > [22m[2mshould process valid messages
[22m[39mGame canvas not found, creating fallback.
Canvas layer not found for particle system

[90mstdout[2m | tests/logging_robustness.test.js[2m > [22m[2mLogging & Initialization Robustness[2m > [22m[2maddLog protection[2m > [22m[2mshould process valid messages
[22m[39m18:03:20 [INFO] Game Log: Test Message

[90mstdout[2m | tests/combat/combat_elemental.test.js[2m > [22m[2mElemental Combat[2m > [22m[2mshould block Ice Attack efficiently with Fire (1:1)
[22m[39mAI Worker initialized
18:03:20 [INFO] 🔧 Debug Tools initialized. Access via window.game or window.debug
[Lazy] SoundManager initialized
18:03:20 [INFO] Game Log: Touch-Steuerung aktiviert
18:03:20 [INFO] Starting new game... Scenario: default
18:03:20 [INFO] Game Log: Runde 1: Tag
18:03:20 [INFO] Game Log: Szenario gestartet: Freiheit für die Minen
18:03:20 [INFO] Hero created: Goldyx (goldyx)
Spawned 11 enemies.
18:03:20 [DEBUG] Initial game state rendered.
18:03:20 [INFO] Game Log: Welcome to Mage Knight!
18:03:20 [INFO] Game Log: Ziele: 2 Minen befreien, 1 Festung erobern.

[90mstderr[2m | tests/combat/combat_elemental.test.js[2m > [22m[2mElemental Combat[2m > [22m[2mshould block Ice Attack efficiently with Fire (1:1)
[22m[39mCanvas layer not found for particle system

[90mstdout[2m | tests/combat/combat_elemental.test.js[2m > [22m[2mElemental Combat[2m > [22m[2mshould block Ice Attack efficiently with Fire (1:1)
[22m[39m18:03:20 [DEBUG] Block vs Orc (ice): Input total 3 -> Effective total 3. Required: 3

[90mstdout[2m | tests/combat/combat_ranged.test.js[2m > [22m[2mCombat Ranged Phase Integration[2m > [22m[2mshould transition to BLOCK phase when executeAttackAction (End Phase) is called
[22m[39mAI Worker initialized
18:03:20 [INFO] 🔧 Debug Tools initialized. Access via window.game or window.debug
[Lazy] SoundManager initialized
18:03:20 [INFO] Game Log: Touch-Steuerung aktiviert
18:03:20 [INFO] Starting new game... Scenario: default
18:03:20 [INFO] Game Log: Runde 1: Tag
18:03:20 [INFO] Game Log: Szenario gestartet: Freiheit für die Minen
18:03:20 [INFO] Hero created: Goldyx (goldyx)
Spawned 2 enemies.
18:03:20 [DEBUG] Initial game state rendered.
18:03:20 [INFO] Game Log: Willkommen bei Mage Knight!
18:03:20 [INFO] Game Log: Ziele: 2 Minen befreien, 1 Festung erobern.
18:03:20 [INFO] Combat started against 1 enemies

[90mstdout[2m | tests/combat/combat_elemental.test.js[2m > [22m[2mElemental Combat[2m > [22m[2mshould handle Cold Fire complexity (Ice/Fire = Inefficient)
[22m[39mAI Worker initialized
18:03:20 [INFO] 🔧 Debug Tools initialized. Access via window.game or window.debug
[Lazy] SoundManager initialized
18:03:20 [INFO] Game Log: Touch-Steuerung aktiviert
18:03:20 [INFO] Starting new game... Scenario: default
18:03:20 [INFO] Game Log: Runde 1: Tag
18:03:20 [INFO] Game Log: Szenario gestartet: Freiheit für die Minen
18:03:20 [INFO] Hero created: Goldyx (goldyx)
Spawned 4 enemies.
18:03:20 [DEBUG] Initial game state rendered.
18:03:20 [INFO] Game Log: Welcome to Mage Knight!
18:03:20 [INFO] Game Log: Ziele: 2 Minen befreien, 1 Festung erobern.

[90mstderr[2m | tests/combat/combat_elemental.test.js[2m > [22m[2mElemental Combat[2m > [22m[2mshould handle Cold Fire complexity (Ice/Fire = Inefficient)
[22m[39mCanvas layer not found for particle system

[90mstdout[2m | tests/combat/combat_elemental.test.js[2m > [22m[2mElemental Combat[2m > [22m[2mshould handle Cold Fire complexity (Ice/Fire = Inefficient)
[22m[39m18:03:20 [DEBUG] Block vs Orc (cold_fire): Input total 4 -> Effective total 2. Required: 4
18:03:20 [DEBUG] Block vs Orc (cold_fire): Input total 4 -> Effective total 4. Required: 4

[90mstdout[2m | tests/logging_robustness.test.js[2m > [22m[2mLogging & Initialization Robustness[2m > [22m[2mInitialization & EventBus[2m > [22m[2mshould have a clean event bus on new game instance
[22m[39mAI Worker initialized
18:03:20 [INFO] 🔧 Debug Tools initialized. Access via window.game or window.debug
[Lazy] SoundManager initialized
18:03:20 [INFO] Game Log: Touch-Steuerung aktiviert
18:03:20 [INFO] Starting new game... Scenario: default
18:03:20 [INFO] Game Log: Runde 1: Tag
18:03:20 [INFO] Game Log: Szenario gestartet: Freiheit für die Minen
18:03:20 [INFO] Hero created: Goldyx (goldyx)
Spawned 9 enemies.
18:03:20 [DEBUG] Initial game state rendered.
18:03:20 [INFO] Game Log: Welcome to Mage Knight!
18:03:20 [INFO] Game Log: Ziele: 2 Minen befreien, 1 Festung erobern.

[90mstderr[2m | tests/logging_robustness.test.js[2m > [22m[2mLogging & Initialization Robustness[2m > [22m[2mInitialization & EventBus[2m > [22m[2mshould have a clean event bus on new game instance
[22m[39mGame canvas not found, creating fallback.
Canvas layer not found for particle system

[90mstdout[2m | tests/combat/combat_ranged.test.js[2m > [22m[2mCombat Ranged Phase Integration[2m > [22m[2mshould handle Ranged Attack properly
[22m[39mAI Worker initialized
18:03:20 [INFO] 🔧 Debug Tools initialized. Access via window.game or window.debug
[Lazy] SoundManager initialized
18:03:20 [INFO] Game Log: Touch-Steuerung aktiviert
18:03:20 [INFO] Starting new game... Scenario: default
18:03:20 [INFO] Game Log: Runde 1: Tag
18:03:20 [INFO] Game Log: Szenario gestartet: Freiheit für die Minen
18:03:20 [INFO] Hero created: Goldyx (goldyx)
Spawned 4 enemies.
18:03:20 [DEBUG] Initial game state rendered.
18:03:20 [INFO] Game Log: Willkommen bei Mage Knight!
18:03:20 [INFO] Game Log: Ziele: 2 Minen befreien, 1 Festung erobern.
18:03:20 [INFO] Combat started against 1 enemies

[90mstdout[2m | tests/combat/combat_elemental.test.js[2m > [22m[2mElemental Combat[2m > [22m[2mshould combine multiple block sources
[22m[39mAI Worker initialized
18:03:20 [INFO] 🔧 Debug Tools initialized. Access via window.game or window.debug
[Lazy] SoundManager initialized
18:03:20 [INFO] Game Log: Touch-Steuerung aktiviert
18:03:20 [INFO] Starting new game... Scenario: default
18:03:20 [INFO] Game Log: Runde 1: Tag
18:03:20 [INFO] Game Log: Szenario gestartet: Freiheit für die Minen
18:03:20 [INFO] Hero created: Goldyx (goldyx)
Spawned 7 enemies.
18:03:20 [DEBUG] Initial game state rendered.
18:03:20 [INFO] Game Log: Welcome to Mage Knight!
18:03:20 [INFO] Game Log: Ziele: 2 Minen befreien, 1 Festung erobern.

[90mstderr[2m | tests/combat/combat_elemental.test.js[2m > [22m[2mElemental Combat[2m > [22m[2mshould combine multiple block sources
[22m[39mCanvas layer not found for particle system

[90mstdout[2m | tests/combat/combat_ranged.test.js[2m > [22m[2mCombat Ranged Phase Integration[2m > [22m[2mshould handle Ranged Attack properly
[22m[39m18:03:20 [DEBUG] Ranged attack: 5 vs 4 (Armor: 4, Multiplier: 1)
[Lazy] StatisticsManager initialized
[Lazy] AchievementManager initialized

[90mstdout[2m | tests/combat/combat_elemental.test.js[2m > [22m[2mElemental Combat[2m > [22m[2mshould combine multiple block sources
[22m[39m18:03:20 [DEBUG] Block vs Orc (fire): Input total 4 -> Effective total 3. Required: 3

[90mstderr[2m | tests/logging_robustness.test.js[2m > [22m[2mLogging & Initialization Robustness[2m > [22m[2mInitialization & EventBus[2m > [22m[2mshould have a clean event bus on new game instance
[22m[39mGame canvas not found, creating fallback.
Canvas layer not found for particle system

[90mstdout[2m | tests/logging_robustness.test.js[2m > [22m[2mLogging & Initialization Robustness[2m > [22m[2mInitialization & EventBus[2m > [22m[2mshould have a clean event bus on new game instance
[22m[39mAI Worker initialized
18:03:20 [INFO] 🔧 Debug Tools initialized. Access via window.game or window.debug
[Lazy] SoundManager initialized
18:03:20 [INFO] Game Log: Touch-Steuerung aktiviert
18:03:20 [INFO] Starting new game... Scenario: default
18:03:20 [INFO] Game Log: Runde 1: Tag
18:03:20 [INFO] Game Log: Szenario gestartet: Freiheit für die Minen
18:03:20 [INFO] Hero created: Goldyx (goldyx)
Spawned 5 enemies.
18:03:20 [DEBUG] Initial game state rendered.
18:03:20 [INFO] Game Log: Welcome to Mage Knight!
18:03:20 [INFO] Game Log: Ziele: 2 Minen befreien, 1 Festung erobern.

 [32m✓[39m tests/logging_robustness.test.js [2m([22m[2m5 tests[22m[2m)[22m[33m 760[2mms[22m[39m
       [33m[2m✓[22m[39m should have a clean event bus on new game instance [33m 329[2mms[22m[39m
[90mstdout[2m | tests/combat/combat_ranged.test.js[2m > [22m[2mCombat Ranged Phase Integration[2m > [22m[2mshould FAIL Ranged Attack if insufficient damage
[22m[39mAI Worker initialized
18:03:20 [INFO] 🔧 Debug Tools initialized. Access via window.game or window.debug
[Lazy] SoundManager initialized
18:03:20 [INFO] Game Log: Touch-Steuerung aktiviert
18:03:20 [INFO] Starting new game... Scenario: default
18:03:20 [INFO] Game Log: Runde 1: Tag
18:03:20 [INFO] Game Log: Szenario gestartet: Freiheit für die Minen
18:03:20 [INFO] Hero created: Goldyx (goldyx)
Spawned 7 enemies.
18:03:20 [DEBUG] Initial game state rendered.
18:03:20 [INFO] Game Log: Willkommen bei Mage Knight!
18:03:20 [INFO] Game Log: Ziele: 2 Minen befreien, 1 Festung erobern.
18:03:21 [INFO] Combat started against 1 enemies

[90mstdout[2m | tests/combat/combat_ranged.test.js[2m > [22m[2mCombat Ranged Phase Integration[2m > [22m[2mshould FAIL Ranged Attack if insufficient damage
[22m[39m18:03:21 [DEBUG] Ranged attack: 2 vs 4 (Armor: 4, Multiplier: 1)

 [32m✓[39m tests/combat/combat_ranged.test.js [2m([22m[2m4 tests[22m[2m)[22m[33m 943[2mms[22m[39m
     [33m[2m✓[22m[39m should start in RANGED phase [33m 379[2mms[22m[39m
 [32m✓[39m tests/combat/combat_elemental.test.js [2m([22m[2m6 tests[22m[2m)[22m[33m 683[2mms[22m[39m
[90mstdout[2m | tests/global_events.test.js[2m > [22m[2mGlobal Events & Shortcuts[2m > [22m[2mKeyboard Shortcuts[2m > [22m[2mshould handle various keyboard shortcuts
[22m[39mAI Worker initialized
18:03:21 [INFO] 🔧 Debug Tools initialized. Access via window.game or window.debug
[Lazy] SoundManager initialized
18:03:21 [INFO] Game Log: Touch-Steuerung aktiviert
18:03:21 [INFO] Starting new game... Scenario: default
18:03:21 [INFO] Game Log: Runde 1: Tag
18:03:21 [INFO] Game Log: Szenario gestartet: Freiheit für die Minen
18:03:21 [INFO] Hero created: Goldyx (goldyx)
Spawned 8 enemies.
18:03:21 [DEBUG] Initial game state rendered.
18:03:21 [INFO] Game Log: Willkommen bei Mage Knight!
18:03:21 [INFO] Game Log: Ziele: 2 Minen befreien, 1 Festung erobern.

[90mstderr[2m | tests/global_events.test.js[2m > [22m[2mGlobal Events & Shortcuts[2m > [22m[2mKeyboard Shortcuts[2m > [22m[2mshould handle various keyboard shortcuts
[22m[39mCanvas layer not found for particle system

[90mstdout[2m | tests/global_events.test.js[2m > [22m[2mGlobal Events & Shortcuts[2m > [22m[2mKeyboard Shortcuts[2m > [22m[2mshould handle various keyboard shortcuts
[22m[39m18:03:21 [INFO] Game Log: Bewegungsmodus abgebrochen

[90mstdout[2m | tests/global_events.test.js[2m > [22m[2mGlobal Events & Shortcuts[2m > [22m[2mApp Startup[2m > [22m[2mshould instantiate game on DOMContentLoaded
[22m[39mAI Worker initialized
18:03:21 [INFO] 🔧 Debug Tools initialized. Access via window.game or window.debug
[Lazy] SoundManager initialized
18:03:21 [INFO] Game Log: Touch-Steuerung aktiviert
18:03:21 [INFO] Starting new game... Scenario: default
18:03:21 [INFO] Game Log: Runde 1: Tag
18:03:21 [INFO] Game Log: Szenario gestartet: Freiheit für die Minen
18:03:21 [INFO] Hero created: Goldyx (goldyx)
Spawned 6 enemies.
18:03:21 [DEBUG] Initial game state rendered.
18:03:21 [INFO] Game Log: Willkommen bei Mage Knight!
18:03:21 [INFO] Game Log: Ziele: 2 Minen befreien, 1 Festung erobern.

[90mstderr[2m | tests/global_events.test.js[2m > [22m[2mGlobal Events & Shortcuts[2m > [22m[2mApp Startup[2m > [22m[2mshould instantiate game on DOMContentLoaded
[22m[39mCanvas layer not found for particle system

 [32m✓[39m tests/global_events.test.js [2m([22m[2m2 tests[22m[2m)[22m[33m 606[2mms[22m[39m
       [33m[2m✓[22m[39m should handle various keyboard shortcuts [33m 435[2mms[22m[39m
[90mstdout[2m | tests/site_rewards.test.js[2m > [22m[2mSite Rewards interactions[2m > [22m[2mshould offer Recruitment at Conquered Keeps
[22m[39mAI Worker initialized
18:03:22 [INFO] 🔧 Debug Tools initialized. Access via window.game or window.debug
[Lazy] SoundManager initialized
18:03:22 [INFO] Game Log: Touch-Steuerung aktiviert
18:03:22 [INFO] Starting new game... Scenario: default
18:03:22 [INFO] Game Log: Runde 1: Tag
18:03:22 [INFO] Game Log: Szenario gestartet: Freiheit für die Minen
18:03:22 [INFO] Hero created: Goldyx (goldyx)
Spawned 8 enemies.
18:03:22 [DEBUG] Initial game state rendered.
18:03:22 [INFO] Game Log: Welcome to Mage Knight!
18:03:22 [INFO] Game Log: Ziele: 2 Minen befreien, 1 Festung erobern.

[90mstderr[2m | tests/site_rewards.test.js[2m > [22m[2mSite Rewards interactions[2m > [22m[2mshould offer Recruitment at Conquered Keeps
[22m[39mGame canvas not found, creating fallback.
Canvas layer not found for particle system

[90mstdout[2m | tests/site_rewards.test.js[2m > [22m[2mSite Rewards interactions[2m > [22m[2mshould allow buying Spells at CONQUERED Mage Tower with Mana + Influence
[22m[39mAI Worker initialized
18:03:22 [INFO] 🔧 Debug Tools initialized. Access via window.game or window.debug
[Lazy] SoundManager initialized
18:03:22 [INFO] Game Log: Touch-Steuerung aktiviert
18:03:22 [INFO] Starting new game... Scenario: default
18:03:22 [INFO] Game Log: Runde 1: Tag
18:03:22 [INFO] Game Log: Szenario gestartet: Freiheit für die Minen
18:03:22 [INFO] Hero created: Goldyx (goldyx)
Spawned 8 enemies.
18:03:22 [DEBUG] Initial game state rendered.
18:03:22 [INFO] Game Log: Welcome to Mage Knight!
18:03:22 [INFO] Game Log: Ziele: 2 Minen befreien, 1 Festung erobern.

[90mstderr[2m | tests/site_rewards.test.js[2m > [22m[2mSite Rewards interactions[2m > [22m[2mshould allow buying Spells at CONQUERED Mage Tower with Mana + Influence
[22m[39mGame canvas not found, creating fallback.
Canvas layer not found for particle system

[90mstdout[2m | tests/site_rewards.test.js[2m > [22m[2mSite Rewards interactions[2m > [22m[2mshould allow buying Spells at CONQUERED Mage Tower with Mana + Influence
[22m[39m18:03:22 [INFO] Game Log: Karte Feuerball gelernt!

[90mstdout[2m | tests/site_rewards.test.js[2m > [22m[2mSite Rewards interactions[2m > [22m[2mshould offer attack option at UNCONQUERED Mage Tower
[22m[39mAI Worker initialized
18:03:22 [INFO] 🔧 Debug Tools initialized. Access via window.game or window.debug
[Lazy] SoundManager initialized
18:03:22 [INFO] Game Log: Touch-Steuerung aktiviert
18:03:22 [INFO] Starting new game... Scenario: default
18:03:22 [INFO] Game Log: Runde 1: Tag
18:03:22 [INFO] Game Log: Szenario gestartet: Freiheit für die Minen
18:03:22 [INFO] Hero created: Goldyx (goldyx)
Spawned 5 enemies.
18:03:22 [DEBUG] Initial game state rendered.
18:03:22 [INFO] Game Log: Welcome to Mage Knight!
18:03:22 [INFO] Game Log: Ziele: 2 Minen befreien, 1 Festung erobern.

[90mstderr[2m | tests/site_rewards.test.js[2m > [22m[2mSite Rewards interactions[2m > [22m[2mshould offer attack option at UNCONQUERED Mage Tower
[22m[39mGame canvas not found, creating fallback.
Canvas layer not found for particle system

[90mstdout[2m | tests/site_rewards.test.js[2m > [22m[2mSite Rewards interactions[2m > [22m[2mshould FAIL buying Spells if missing Mana
[22m[39mAI Worker initialized
18:03:22 [INFO] 🔧 Debug Tools initialized. Access via window.game or window.debug
[Lazy] SoundManager initialized
18:03:22 [INFO] Game Log: Touch-Steuerung aktiviert
18:03:22 [INFO] Starting new game... Scenario: default
18:03:22 [INFO] Game Log: Runde 1: Tag
18:03:22 [INFO] Game Log: Szenario gestartet: Freiheit für die Minen
18:03:22 [INFO] Hero created: Goldyx (goldyx)
Spawned 5 enemies.
18:03:22 [DEBUG] Initial game state rendered.
18:03:22 [INFO] Game Log: Welcome to Mage Knight!
18:03:22 [INFO] Game Log: Ziele: 2 Minen befreien, 1 Festung erobern.

[90mstderr[2m | tests/site_rewards.test.js[2m > [22m[2mSite Rewards interactions[2m > [22m[2mshould FAIL buying Spells if missing Mana
[22m[39mGame canvas not found, creating fallback.
Canvas layer not found for particle system

[90mstdout[2m | tests/site_rewards.test.js[2m > [22m[2mSite Rewards interactions[2m > [22m[2mshould allow healing at Monastery
[22m[39mAI Worker initialized
18:03:22 [INFO] 🔧 Debug Tools initialized. Access via window.game or window.debug
[Lazy] SoundManager initialized
18:03:22 [INFO] Game Log: Touch-Steuerung aktiviert
18:03:22 [INFO] Starting new game... Scenario: default
18:03:22 [INFO] Game Log: Runde 1: Tag
18:03:22 [INFO] Game Log: Szenario gestartet: Freiheit für die Minen
18:03:22 [INFO] Hero created: Goldyx (goldyx)
Spawned 5 enemies.
18:03:22 [DEBUG] Initial game state rendered.
18:03:22 [INFO] Game Log: Welcome to Mage Knight!
18:03:22 [INFO] Game Log: Ziele: 2 Minen befreien, 1 Festung erobern.

[90mstderr[2m | tests/site_rewards.test.js[2m > [22m[2mSite Rewards interactions[2m > [22m[2mshould allow healing at Monastery
[22m[39mGame canvas not found, creating fallback.
Canvas layer not found for particle system

[90mstdout[2m | tests/site_rewards.test.js[2m > [22m[2mSite Rewards interactions[2m > [22m[2mshould allow healing at Monastery
[22m[39m18:03:22 [INFO] Game Log: Wunde geheilt!

 [32m✓[39m tests/site_rewards.test.js [2m([22m[2m5 tests[22m[2m)[22m[33m 537[2mms[22m[39m
 [32m✓[39m tests/notification_manager.test.js [2m([22m[2m28 tests[22m[2m)[22m[33m 447[2mms[22m[39m
[90mstdout[2m | tests/visual_snapshots.test.js[2m > [22m[2mVisual Rendering Snapshots[2m > [22m[2mshould call fillRect and stroke during hex rendering
[22m[39mAI Worker initialized
18:03:22 [INFO] 🔧 Debug Tools initialized. Access via window.game or window.debug
[Lazy] SoundManager initialized
18:03:22 [INFO] Game Log: Touch-Steuerung aktiviert
18:03:22 [INFO] Starting new game... Scenario: default
18:03:22 [INFO] Game Log: Runde 1: Tag
18:03:22 [INFO] Game Log: Szenario gestartet: Freiheit für die Minen
18:03:22 [INFO] Hero created: Goldyx (goldyx)
Spawned 6 enemies.
18:03:22 [DEBUG] Initial game state rendered.
18:03:22 [INFO] Game Log: Willkommen bei Mage Knight!
18:03:22 [INFO] Game Log: Ziele: 2 Minen befreien, 1 Festung erobern.

[90mstdout[2m | tests/visual_snapshots.test.js[2m > [22m[2mVisual Rendering Snapshots[2m > [22m[2mshould render game logs to the UI
[22m[39mAI Worker initialized
18:03:22 [INFO] 🔧 Debug Tools initialized. Access via window.game or window.debug
[Lazy] SoundManager initialized
18:03:22 [INFO] Game Log: Touch-Steuerung aktiviert
18:03:22 [INFO] Starting new game... Scenario: default
18:03:22 [INFO] Game Log: Runde 1: Tag
18:03:22 [INFO] Game Log: Szenario gestartet: Freiheit für die Minen
18:03:22 [INFO] Hero created: Goldyx (goldyx)
Spawned 3 enemies.
18:03:22 [DEBUG] Initial game state rendered.
18:03:22 [INFO] Game Log: Willkommen bei Mage Knight!
18:03:22 [INFO] Game Log: Ziele: 2 Minen befreien, 1 Festung erobern.

 [32m✓[39m tests/visual_snapshots.test.js [2m([22m[2m2 tests[22m[2m)[22m[33m 474[2mms[22m[39m
     [33m[2m✓[22m[39m should call fillRect and stroke during hex rendering [33m 357[2mms[22m[39m
[90mstdout[2m | tests/integration_advanced.test.js[2m > [22m[2mIntegration - Complete Game Workflow[2m > [22m[2mshould complete a full turn cycle
[22m[39mAI Worker initialized
18:03:23 [INFO] 🔧 Debug Tools initialized. Access via window.game or window.debug
[Lazy] SoundManager initialized
18:03:23 [INFO] Starting new game... Scenario: default
18:03:23 [INFO] Game Log: Runde 1: Tag
18:03:23 [INFO] Game Log: Szenario gestartet: Freiheit für die Minen
18:03:23 [INFO] Hero created: Goldyx (goldyx)
Spawned 6 enemies.
18:03:23 [DEBUG] Initial game state rendered.
18:03:23 [INFO] Game Log: Welcome to Mage Knight!
18:03:23 [INFO] Game Log: Ziele: 2 Minen befreien, 1 Festung erobern.

[90mstdout[2m | tests/integration_advanced.test.js[2m > [22m[2mIntegration - Complete Game Workflow[2m > [22m[2mshould handle exploration and map expansion
[22m[39mAI Worker initialized
18:03:23 [INFO] 🔧 Debug Tools initialized. Access via window.game or window.debug
[Lazy] SoundManager initialized
18:03:23 [INFO] Starting new game... Scenario: default
18:03:23 [INFO] Game Log: Runde 1: Tag
18:03:23 [INFO] Game Log: Szenario gestartet: Freiheit für die Minen
18:03:23 [INFO] Hero created: Goldyx (goldyx)
Spawned 5 enemies.
18:03:23 [DEBUG] Initial game state rendered.
18:03:23 [INFO] Game Log: Welcome to Mage Knight!
18:03:23 [INFO] Game Log: Ziele: 2 Minen befreien, 1 Festung erobern.

[90mstdout[2m | tests/integration_advanced.test.js[2m > [22m[2mIntegration - Complete Game Workflow[2m > [22m[2mshould handle complete combat sequence
[22m[39mAI Worker initialized
18:03:23 [INFO] 🔧 Debug Tools initialized. Access via window.game or window.debug
[Lazy] SoundManager initialized
18:03:23 [INFO] Starting new game... Scenario: default
18:03:23 [INFO] Game Log: Runde 1: Tag
18:03:23 [INFO] Game Log: Szenario gestartet: Freiheit für die Minen
18:03:23 [INFO] Hero created: Goldyx (goldyx)
Spawned 6 enemies.
18:03:23 [DEBUG] Initial game state rendered.
18:03:23 [INFO] Game Log: Welcome to Mage Knight!
18:03:23 [INFO] Game Log: Ziele: 2 Minen befreien, 1 Festung erobern.

[90mstdout[2m | tests/integration_advanced.test.js[2m > [22m[2mIntegration - Complete Game Workflow[2m > [22m[2mshould handle complete combat sequence
[22m[39m18:03:23 [INFO] Game Log: Fight against Mock Enemy!
18:03:23 [INFO] Combat started against 1 enemies
18:03:23 [DEBUG] Block vs Mock Enemy (physical): Input total 3 -> Effective total 3. Required: 3

[90mstdout[2m | tests/pbt_combat.test.js[2m > [22m[2mProperty-Based Combat Tests[2m > [22m[2mshould maintain invariants over 100 randomized iterations
[22m[39mAI Worker initialized
18:03:22 [INFO] 🔧 Debug Tools initialized. Access via window.game or window.debug
[Lazy] SoundManager initialized
18:03:22 [INFO] Game Log: Touch-Steuerung aktiviert
18:03:22 [INFO] Starting new game... Scenario: default
18:03:23 [INFO] Game Log: Runde 1: Tag
18:03:23 [INFO] Game Log: Szenario gestartet: Freiheit für die Minen
18:03:23 [INFO] Hero created: Goldyx (goldyx)
Spawned 6 enemies.
18:03:23 [DEBUG] Initial game state rendered.
18:03:23 [INFO] Game Log: Willkommen bei Mage Knight!
18:03:23 [INFO] Game Log: Ziele: 2 Minen befreien, 1 Festung erobern.

 [32m✓[39m tests/pbt_combat.test.js [2m([22m[2m1 test[22m[2m)[22m[33m 365[2mms[22m[39m
     [33m[2m✓[22m[39m should maintain invariants over 100 randomized iterations [33m 362[2mms[22m[39m
[90mstdout[2m | tests/integration_advanced.test.js[2m > [22m[2mIntegration - State Persistence[2m > [22m[2mshould save and load complete game state
[22m[39mAI Worker initialized
18:03:23 [INFO] 🔧 Debug Tools initialized. Access via window.game or window.debug
[Lazy] SoundManager initialized
18:03:23 [INFO] Starting new game... Scenario: default
18:03:23 [INFO] Game Log: Runde 1: Tag
18:03:23 [INFO] Game Log: Szenario gestartet: Freiheit für die Minen
18:03:23 [INFO] Hero created: Goldyx (goldyx)
Spawned 0 enemies.
18:03:23 [DEBUG] Initial game state rendered.
18:03:23 [INFO] Game Log: Welcome to Mage Knight!
18:03:23 [INFO] Game Log: Ziele: 2 Minen befreien, 1 Festung erobern.
[Lazy] StatisticsManager initialized
[Lazy] AchievementManager initialized
[SaveManager] Game saved to slot: slot_0
[SaveManager] Game loaded from slot: slot_0
18:03:23 [INFO] Game Log: Runde 1: Tag

[90mstderr[2m | tests/integration_advanced.test.js[2m > [22m[2mIntegration - State Persistence[2m > [22m[2mshould save and load complete game state
[22m[39mLoad failed TypeError: hexData.site.getIcon is not a function
    at HexGridRenderer.render [90m(/home/tobber/.gemini/antigravity/scratch/mageknight/[39mjs/hexgrid/HexGridRenderer.js:95:73[90m)[39m
    at HexGrid.render [90m(/home/tobber/.gemini/antigravity/scratch/mageknight/[39mjs/hexgrid.js:155:23[90m)[39m
    at MageKnightGame.render [90m(/home/tobber/.gemini/antigravity/scratch/mageknight/[39mjs/game.js:653:26[90m)[39m
    at GameStateManager.loadGameState [90m(/home/tobber/.gemini/antigravity/scratch/mageknight/[39mjs/game/GameStateManager.js:100:23[90m)[39m
    at GameStateManager.loadGame [90m(/home/tobber/.gemini/antigravity/scratch/mageknight/[39mjs/game/GameStateManager.js:44:25[90m)[39m
    at MageKnightGame.loadGame [90m(/home/tobber/.gemini/antigravity/scratch/mageknight/[39mjs/game.js:669:49[90m)[39m
    at [90m/home/tobber/.gemini/antigravity/scratch/mageknight/[39mtests/integration_advanced.test.js:124:33
    at [90mfile:///home/tobber/.gemini/antigravity/scratch/mageknight/[39mnode_modules/[4m@vitest/runner[24m/dist/index.js:145:11
    at [90mfile:///home/tobber/.gemini/antigravity/scratch/mageknight/[39mnode_modules/[4m@vitest/runner[24m/dist/index.js:915:26
    at [90mfile:///home/tobber/.gemini/antigravity/scratch/mageknight/[39mnode_modules/[4m@vitest/runner[24m/dist/index.js:1243:20

[90mstdout[2m | tests/integration_advanced.test.js[2m > [22m[2mIntegration - State Persistence[2m > [22m[2mshould handle corrupt save data gracefully
[22m[39mAI Worker initialized
18:03:23 [INFO] 🔧 Debug Tools initialized. Access via window.game or window.debug
[Lazy] SoundManager initialized
18:03:23 [INFO] Starting new game... Scenario: default
18:03:23 [INFO] Game Log: Runde 1: Tag
18:03:23 [INFO] Game Log: Szenario gestartet: Freiheit für die Minen
18:03:23 [INFO] Hero created: Goldyx (goldyx)
Spawned 6 enemies.
18:03:23 [DEBUG] Initial game state rendered.
18:03:23 [INFO] Game Log: Welcome to Mage Knight!
18:03:23 [INFO] Game Log: Ziele: 2 Minen befreien, 1 Festung erobern.

[90mstdout[2m | tests/combat/combat_advanced.test.js[2m > [22m[2mAdvanced Combat Coverage[2m > [22m[2mCombat Logic Deep Dive[2m > [22m[2mshould handle activateUnitInCombat correctly
[22m[39mAI Worker initialized
18:03:23 [INFO] 🔧 Debug Tools initialized. Access via window.game or window.debug
[Lazy] SoundManager initialized
18:03:23 [INFO] Game Log: Touch-Steuerung aktiviert
18:03:23 [INFO] Starting new game... Scenario: default
18:03:23 [INFO] Game Log: Runde 1: Tag
18:03:23 [INFO] Game Log: Szenario gestartet: Freiheit für die Minen
18:03:23 [INFO] Hero created: Goldyx (goldyx)
Spawned 7 enemies.
18:03:23 [DEBUG] Initial game state rendered.
18:03:23 [INFO] Game Log: Welcome to Mage Knight!
18:03:23 [INFO] Game Log: Ziele: 2 Minen befreien, 1 Festung erobern.

[90mstderr[2m | tests/combat/combat_advanced.test.js[2m > [22m[2mAdvanced Combat Coverage[2m > [22m[2mCombat Logic Deep Dive[2m > [22m[2mshould handle activateUnitInCombat correctly
[22m[39mCanvas layer not found for particle system

[90mstdout[2m | tests/integration_advanced.test.js[2m > [22m[2mIntegration - State Persistence[2m > [22m[2mshould preserve complex game state across save/load
[22m[39mAI Worker initialized
18:03:23 [INFO] 🔧 Debug Tools initialized. Access via window.game or window.debug
[Lazy] SoundManager initialized
18:03:23 [INFO] Starting new game... Scenario: default
18:03:23 [INFO] Game Log: Runde 1: Tag
18:03:23 [INFO] Game Log: Szenario gestartet: Freiheit für die Minen
18:03:23 [INFO] Hero created: Goldyx (goldyx)
Spawned 6 enemies.
18:03:23 [DEBUG] Initial game state rendered.
18:03:23 [INFO] Game Log: Welcome to Mage Knight!
18:03:23 [INFO] Game Log: Ziele: 2 Minen befreien, 1 Festung erobern.
[Lazy] StatisticsManager initialized
[Lazy] AchievementManager initialized
[SaveManager] Game saved to slot: slot_0
AI Worker initialized
18:03:23 [INFO] 🔧 Debug Tools initialized. Access via window.game or window.debug
[Lazy] SoundManager initialized
18:03:23 [INFO] Starting new game... Scenario: default
18:03:23 [INFO] Game Log: Runde 1: Tag
18:03:23 [INFO] Game Log: Szenario gestartet: Freiheit für die Minen
18:03:23 [INFO] Hero created: Goldyx (goldyx)
Spawned 4 enemies.
18:03:23 [DEBUG] Initial game state rendered.
18:03:23 [INFO] Game Log: Welcome to Mage Knight!
18:03:23 [INFO] Game Log: Ziele: 2 Minen befreien, 1 Festung erobern.
[SaveManager] Game loaded from slot: slot_0
18:03:23 [INFO] Game Log: Runde 1: Tag
[Lazy] StatisticsManager initialized
[Lazy] AchievementManager initialized

[90mstderr[2m | tests/integration_advanced.test.js[2m > [22m[2mIntegration - State Persistence[2m > [22m[2mshould preserve complex game state across save/load
[22m[39mLoad failed TypeError: hexData.site.getIcon is not a function
    at HexGridRenderer.render [90m(/home/tobber/.gemini/antigravity/scratch/mageknight/[39mjs/hexgrid/HexGridRenderer.js:95:73[90m)[39m
    at HexGrid.render [90m(/home/tobber/.gemini/antigravity/scratch/mageknight/[39mjs/hexgrid.js:155:23[90m)[39m
    at MageKnightGame.render [90m(/home/tobber/.gemini/antigravity/scratch/mageknight/[39mjs/game.js:653:26[90m)[39m
    at GameStateManager.loadGameState [90m(/home/tobber/.gemini/antigravity/scratch/mageknight/[39mjs/game/GameStateManager.js:100:23[90m)[39m
    at GameStateManager.loadGame [90m(/home/tobber/.gemini/antigravity/scratch/mageknight/[39mjs/game/GameStateManager.js:44:25[90m)[39m
    at MageKnightGame.loadGame [90m(/home/tobber/.gemini/antigravity/scratch/mageknight/[39mjs/game.js:669:49[90m)[39m
    at [90m/home/tobber/.gemini/antigravity/scratch/mageknight/[39mtests/integration_advanced.test.js:167:40
    at [90mfile:///home/tobber/.gemini/antigravity/scratch/mageknight/[39mnode_modules/[4m@vitest/runner[24m/dist/index.js:145:11
    at [90mfile:///home/tobber/.gemini/antigravity/scratch/mageknight/[39mnode_modules/[4m@vitest/runner[24m/dist/index.js:915:26
    at [90mfile:///home/tobber/.gemini/antigravity/scratch/mageknight/[39mnode_modules/[4m@vitest/runner[24m/dist/index.js:1243:20

[90mstdout[2m | tests/integration_advanced.test.js[2m > [22m[2mIntegration - Combat Scenarios[2m > [22m[2mshould handle multi-enemy combat with partial blocking
[22m[39m18:03:23 [INFO] Combat started against 3 enemies
18:03:23 [DEBUG] Block vs Goblin (physical): Input total 3 -> Effective total 3. Required: 3
18:03:23 [INFO] Damage phase: Total damage 6 vs Armor 2 = 3 wounds

[90mstdout[2m | tests/integration_advanced.test.js[2m > [22m[2mIntegration - Combat Scenarios[2m > [22m[2mshould handle swift enemy combat
[22m[39m18:03:23 [INFO] Combat started against 1 enemies
18:03:23 [DEBUG] Block vs Swift Scout (physical): Input total 3 -> Effective total 3. Required: 6
18:03:23 [DEBUG] Block vs Swift Scout (physical): Input total 6 -> Effective total 6. Required: 6

[90mstdout[2m | tests/integration_advanced.test.js[2m > [22m[2mIntegration - Combat Scenarios[2m > [22m[2mshould track enemy abilities and apply effects
[22m[39m18:03:23 [INFO] Combat started against 1 enemies
18:03:23 [INFO] Damage phase: Total damage 3 vs Armor 3 = 1 wounds

[90mstdout[2m | tests/integration_advanced.test.js[2m > [22m[2mIntegration - MapManager and Exploration[2m > [22m[2mshould maintain map consistency during expansion
[22m[39mAI Worker initialized
18:03:23 [INFO] 🔧 Debug Tools initialized. Access via window.game or window.debug
[Lazy] SoundManager initialized
18:03:23 [INFO] Starting new game... Scenario: default
18:03:23 [INFO] Game Log: Runde 1: Tag
18:03:23 [INFO] Game Log: Szenario gestartet: Freiheit für die Minen
18:03:23 [INFO] Hero created: Goldyx (goldyx)
Spawned 5 enemies.
18:03:23 [DEBUG] Initial game state rendered.
18:03:23 [INFO] Game Log: Welcome to Mage Knight!
18:03:23 [INFO] Game Log: Ziele: 2 Minen befreien, 1 Festung erobern.

[90mstdout[2m | tests/integration_advanced.test.js[2m > [22m[2mIntegration - MapManager and Exploration[2m > [22m[2mshould spawn enemies on revealed distant hexes
[22m[39mAI Worker initialized
18:03:23 [INFO] 🔧 Debug Tools initialized. Access via window.game or window.debug
[Lazy] SoundManager initialized
18:03:23 [INFO] Starting new game... Scenario: default
18:03:23 [INFO] Game Log: Runde 1: Tag
18:03:23 [INFO] Game Log: Szenario gestartet: Freiheit für die Minen
18:03:23 [INFO] Hero created: Goldyx (goldyx)
Spawned 7 enemies.
18:03:23 [DEBUG] Initial game state rendered.
18:03:23 [INFO] Game Log: Welcome to Mage Knight!
18:03:23 [INFO] Game Log: Ziele: 2 Minen befreien, 1 Festung erobern.
Spawned 9 enemies.

[90mstdout[2m | tests/combat/combat_advanced.test.js[2m > [22m[2mAdvanced Combat Coverage[2m > [22m[2mCombat Logic Deep Dive[2m > [22m[2mshould handle endBlockPhase with enemy blocking
[22m[39mAI Worker initialized
18:03:23 [INFO] 🔧 Debug Tools initialized. Access via window.game or window.debug
[Lazy] SoundManager initialized
18:03:23 [INFO] Game Log: Touch-Steuerung aktiviert
18:03:23 [INFO] Starting new game... Scenario: default
18:03:23 [INFO] Game Log: Runde 1: Tag
18:03:23 [INFO] Game Log: Szenario gestartet: Freiheit für die Minen
18:03:23 [INFO] Hero created: Goldyx (goldyx)
Spawned 8 enemies.
18:03:23 [DEBUG] Initial game state rendered.
18:03:23 [INFO] Game Log: Welcome to Mage Knight!
18:03:23 [INFO] Game Log: Ziele: 2 Minen befreien, 1 Festung erobern.

[90mstderr[2m | tests/combat/combat_advanced.test.js[2m > [22m[2mAdvanced Combat Coverage[2m > [22m[2mCombat Logic Deep Dive[2m > [22m[2mshould handle endBlockPhase with enemy blocking
[22m[39mCanvas layer not found for particle system

[90mstdout[2m | tests/integration_advanced.test.js[2m > [22m[2mIntegration - Time and Day/Night Cycle[2m > [22m[2mshould track round progression
[22m[39mAI Worker initialized
18:03:23 [INFO] 🔧 Debug Tools initialized. Access via window.game or window.debug
[Lazy] SoundManager initialized
18:03:23 [INFO] Starting new game... Scenario: default
18:03:23 [INFO] Game Log: Runde 1: Tag
18:03:23 [INFO] Game Log: Szenario gestartet: Freiheit für die Minen
18:03:23 [INFO] Hero created: Goldyx (goldyx)
Spawned 4 enemies.
18:03:23 [DEBUG] Initial game state rendered.
18:03:23 [INFO] Game Log: Welcome to Mage Knight!
18:03:23 [INFO] Game Log: Ziele: 2 Minen befreien, 1 Festung erobern.

[90mstdout[2m | tests/integration_advanced.test.js[2m > [22m[2mIntegration - Error Recovery[2m > [22m[2mshould handle missing hex data gracefully
[22m[39mAI Worker initialized
18:03:23 [INFO] 🔧 Debug Tools initialized. Access via window.game or window.debug
[Lazy] SoundManager initialized
18:03:23 [INFO] Starting new game... Scenario: default
18:03:23 [INFO] Game Log: Runde 1: Tag
18:03:23 [INFO] Game Log: Szenario gestartet: Freiheit für die Minen
18:03:23 [INFO] Hero created: Goldyx (goldyx)
Spawned 7 enemies.
18:03:23 [DEBUG] Initial game state rendered.
18:03:23 [INFO] Game Log: Welcome to Mage Knight!
18:03:23 [INFO] Game Log: Ziele: 2 Minen befreien, 1 Festung erobern.

[90mstdout[2m | tests/integration_advanced.test.js[2m > [22m[2mIntegration - Error Recovery[2m > [22m[2mshould handle invalid combat targets
[22m[39m18:03:23 [INFO] Combat started against 1 enemies
18:03:23 [DEBUG] Block vs Mock Enemy (physical): Input total 5 -> Effective total 5. Required: 4

 [32m✓[39m tests/ui/floating_text.test.js [2m([22m[2m5 tests[22m[2m)[22m[33m 315[2mms[22m[39m
[90mstdout[2m | tests/combat/combat_advanced.test.js[2m > [22m[2mAdvanced Combat Coverage[2m > [22m[2mCombat Logic Deep Dive[2m > [22m[2mshould handle executeAttackAction variants
[22m[39mAI Worker initialized
18:03:23 [INFO] 🔧 Debug Tools initialized. Access via window.game or window.debug
[Lazy] SoundManager initialized
18:03:23 [INFO] Game Log: Touch-Steuerung aktiviert
18:03:23 [INFO] Starting new game... Scenario: default
18:03:23 [INFO] Game Log: Runde 1: Tag
18:03:23 [INFO] Game Log: Szenario gestartet: Freiheit für die Minen
18:03:23 [INFO] Hero created: Goldyx (goldyx)
Spawned 3 enemies.
18:03:23 [DEBUG] Initial game state rendered.
18:03:23 [INFO] Game Log: Welcome to Mage Knight!
18:03:23 [INFO] Game Log: Ziele: 2 Minen befreien, 1 Festung erobern.

[90mstderr[2m | tests/combat/combat_advanced.test.js[2m > [22m[2mAdvanced Combat Coverage[2m > [22m[2mCombat Logic Deep Dive[2m > [22m[2mshould handle executeAttackAction variants
[22m[39mCanvas layer not found for particle system

[90mstdout[2m | tests/combat/combat_advanced.test.js[2m > [22m[2mAdvanced Combat Coverage[2m > [22m[2mCombat Logic Deep Dive[2m > [22m[2mshould handle executeAttackAction variants
[22m[39m18:03:23 [INFO] Game Log: Victory

 [32m✓[39m tests/combat/combat_advanced.test.js [2m([22m[2m3 tests[22m[2m)[22m[33m 371[2mms[22m[39m
[90mstdout[2m | tests/integration_advanced.test.js[2m > [22m[2mIntegration - Performance and Stress[2m > [22m[2mshould handle many hexes on map
[22m[39mAI Worker initialized
18:03:23 [INFO] 🔧 Debug Tools initialized. Access via window.game or window.debug
[Lazy] SoundManager initialized
18:03:23 [INFO] Starting new game... Scenario: default
18:03:23 [INFO] Game Log: Runde 1: Tag
18:03:23 [INFO] Game Log: Szenario gestartet: Freiheit für die Minen
18:03:23 [INFO] Hero created: Goldyx (goldyx)
Spawned 8 enemies.
18:03:23 [DEBUG] Initial game state rendered.
18:03:23 [INFO] Game Log: Welcome to Mage Knight!
18:03:23 [INFO] Game Log: Ziele: 2 Minen befreien, 1 Festung erobern.

[90mstdout[2m | tests/integration_advanced.test.js[2m > [22m[2mIntegration - Performance and Stress[2m > [22m[2mshould handle rapid combat scenarios
[22m[39m18:03:23 [INFO] Combat started against 1 enemies
18:03:23 [INFO] Damage phase: Total damage 2 vs Armor 2 = 1 wounds
18:03:23 [INFO] Combat started against 1 enemies
18:03:23 [INFO] Damage phase: Total damage 2 vs Armor 2 = 1 wounds
18:03:23 [INFO] Combat started against 1 enemies
18:03:23 [INFO] Damage phase: Total damage 2 vs Armor 2 = 1 wounds
18:03:23 [INFO] Combat started against 1 enemies
18:03:23 [INFO] Damage phase: Total damage 2 vs Armor 2 = 1 wounds
18:03:23 [INFO] Combat started against 1 enemies
18:03:23 [INFO] Damage phase: Total damage 2 vs Armor 2 = 1 wounds
18:03:23 [INFO] Combat started against 1 enemies
18:03:23 [INFO] Damage phase: Total damage 2 vs Armor 2 = 1 wounds
18:03:23 [INFO] Combat started against 1 enemies
18:03:23 [INFO] Damage phase: Total damage 2 vs Armor 2 = 1 wounds
18:03:23 [INFO] Combat started against 1 enemies
18:03:23 [INFO] Damage phase: Total damage 2 vs Armor 2 = 1 wounds
18:03:23 [INFO] Combat started against 1 enemies
18:03:23 [INFO] Damage phase: Total damage 2 vs Armor 2 = 1 wounds
18:03:23 [INFO] Combat started against 1 enemies
18:03:23 [INFO] Damage phase: Total damage 2 vs Armor 2 = 1 wounds

[90mstdout[2m | tests/integration_advanced.test.js
[22m[39mCanvas resized to 100x100

[90mstdout[2m | tests/integration_advanced.test.js
[22m[39mCanvas resized to 100x100

[90mstdout[2m | tests/integration_advanced.test.js
[22m[39mCanvas resized to 100x100

[90mstderr[2m | tests/integration_advanced.test.js
[22m[39mRender failed during resize: hexData.site.getIcon is not a function

[90mstdout[2m | tests/integration_advanced.test.js
[22m[39mCanvas resized to 100x100

[90mstdout[2m | tests/integration_advanced.test.js
[22m[39mCanvas resized to 100x100

[90mstdout[2m | tests/integration_advanced.test.js
[22m[39mCanvas resized to 100x100

[90mstdout[2m | tests/integration_advanced.test.js
[22m[39mCanvas resized to 100x100

[90mstderr[2m | tests/integration_advanced.test.js
[22m[39mRender failed during resize: hexData.site.getIcon is not a function

[90mstdout[2m | tests/integration_advanced.test.js
[22m[39mCanvas resized to 100x100

[90mstdout[2m | tests/integration_advanced.test.js
[22m[39mCanvas resized to 100x100

[90mstdout[2m | tests/integration_advanced.test.js
[22m[39mCanvas resized to 100x100

[90mstdout[2m | tests/integration_advanced.test.js
[22m[39mCanvas resized to 100x100

 [32m✓[39m tests/integration_advanced.test.js [2m([22m[2m20 tests[22m[2m)[22m[33m 464[2mms[22m[39m
[90mstderr[2m | js/ui.js:57:37
[22m[39mFailed to load FloatingTextManager TypeError: window.getComputedStyle is not a function
    at new FloatingTextManager [90m(/home/tobber/.gemini/antigravity/scratch/mageknight/[39mjs/ui/FloatingTextManager.js:20:34[90m)[39m
    at [90m/home/tobber/.gemini/antigravity/scratch/mageknight/[39mjs/ui.js:55:37
[90m    at processTicksAndRejections (node:internal/process/task_queues:103:5)[39m
Failed to load FloatingTextManager TypeError: window.getComputedStyle is not a function
    at new FloatingTextManager [90m(/home/tobber/.gemini/antigravity/scratch/mageknight/[39mjs/ui/FloatingTextManager.js:20:34[90m)[39m
    at [90m/home/tobber/.gemini/antigravity/scratch/mageknight/[39mjs/ui.js:55:37
[90m    at processTicksAndRejections (node:internal/process/task_queues:103:5)[39m
Failed to load FloatingTextManager TypeError: window.getComputedStyle is not a function
    at new FloatingTextManager [90m(/home/tobber/.gemini/antigravity/scratch/mageknight/[39mjs/ui/FloatingTextManager.js:20:34[90m)[39m
    at [90m/home/tobber/.gemini/antigravity/scratch/mageknight/[39mjs/ui.js:55:37
[90m    at processTicksAndRejections (node:internal/process/task_queues:103:5)[39m
Failed to load FloatingTextManager TypeError: window.getComputedStyle is not a function
    at new FloatingTextManager [90m(/home/tobber/.gemini/antigravity/scratch/mageknight/[39mjs/ui/FloatingTextManager.js:20:34[90m)[39m
    at [90m/home/tobber/.gemini/antigravity/scratch/mageknight/[39mjs/ui.js:55:37
[90m    at processTicksAndRejections (node:internal/process/task_queues:103:5)[39m
Failed to load FloatingTextManager TypeError: window.getComputedStyle is not a function
    at new FloatingTextManager [90m(/home/tobber/.gemini/antigravity/scratch/mageknight/[39mjs/ui/FloatingTextManager.js:20:34[90m)[39m
    at [90m/home/tobber/.gemini/antigravity/scratch/mageknight/[39mjs/ui.js:55:37
[90m    at processTicksAndRejections (node:internal/process/task_queues:103:5)[39m
Failed to load FloatingTextManager TypeError: window.getComputedStyle is not a function
    at new FloatingTextManager [90m(/home/tobber/.gemini/antigravity/scratch/mageknight/[39mjs/ui/FloatingTextManager.js:20:34[90m)[39m
    at [90m/home/tobber/.gemini/antigravity/scratch/mageknight/[39mjs/ui.js:55:37
[90m    at processTicksAndRejections (node:internal/process/task_queues:103:5)[39m
Failed to load FloatingTextManager TypeError: window.getComputedStyle is not a function
    at new FloatingTextManager [90m(/home/tobber/.gemini/antigravity/scratch/mageknight/[39mjs/ui/FloatingTextManager.js:20:34[90m)[39m
    at [90m/home/tobber/.gemini/antigravity/scratch/mageknight/[39mjs/ui.js:55:37
[90m    at processTicksAndRejections (node:internal/process/task_queues:103:5)[39m
Failed to load FloatingTextManager TypeError: window.getComputedStyle is not a function
    at new FloatingTextManager [90m(/home/tobber/.gemini/antigravity/scratch/mageknight/[39mjs/ui/FloatingTextManager.js:20:34[90m)[39m
    at [90m/home/tobber/.gemini/antigravity/scratch/mageknight/[39mjs/ui.js:55:37
[90m    at processTicksAndRejections (node:internal/process/task_queues:103:5)[39m
Failed to load FloatingTextManager TypeError: window.getComputedStyle is not a function
    at new FloatingTextManager [90m(/home/tobber/.gemini/antigravity/scratch/mageknight/[39mjs/ui/FloatingTextManager.js:20:34[90m)[39m
    at [90m/home/tobber/.gemini/antigravity/scratch/mageknight/[39mjs/ui.js:55:37
[90m    at processTicksAndRejections (node:internal/process/task_queues:103:5)[39m
Failed to load FloatingTextManager TypeError: window.getComputedStyle is not a function
    at new FloatingTextManager [90m(/home/tobber/.gemini/antigravity/scratch/mageknight/[39mjs/ui/FloatingTextManager.js:20:34[90m)[39m
    at [90m/home/tobber/.gemini/antigravity/scratch/mageknight/[39mjs/ui.js:55:37
[90m    at processTicksAndRejections (node:internal/process/task_queues:103:5)[39m
Failed to load FloatingTextManager TypeError: window.getComputedStyle is not a function
    at new FloatingTextManager [90m(/home/tobber/.gemini/antigravity/scratch/mageknight/[39mjs/ui/FloatingTextManager.js:20:34[90m)[39m
    at [90m/home/tobber/.gemini/antigravity/scratch/mageknight/[39mjs/ui.js:55:37
[90m    at processTicksAndRejections (node:internal/process/task_queues:103:5)[39m
Failed to load FloatingTextManager TypeError: window.getComputedStyle is not a function
    at new FloatingTextManager [90m(/home/tobber/.gemini/antigravity/scratch/mageknight/[39mjs/ui/FloatingTextManager.js:20:34[90m)[39m
    at [90m/home/tobber/.gemini/antigravity/scratch/mageknight/[39mjs/ui.js:55:37
[90m    at processTicksAndRejections (node:internal/process/task_queues:103:5)[39m

[90mstdout[2m | TouchController.resizeCanvas (/home/tobber/.gemini/antigravity/scratch/mageknight/js/touchController.js:406:21)
[22m[39mCanvas resized to 100x100

[90mstdout[2m | tests/debug.test.js[2m > [22m[2mDebugManager[2m > [22m[2mshould initialize correctly
[22m[39m18:03:23 [INFO] 🔧 Debug Tools initialized. Access via window.game or window.debug

[90mstdout[2m | tests/debug.test.js[2m > [22m[2mDebugManager[2m > [22m[2mshould setup console access
[22m[39m18:03:24 [INFO] 🔧 Debug Tools initialized. Access via window.game or window.debug

[90mstdout[2m | tests/debug.test.js[2m > [22m[2mDebugManager[2m > [22m[2mshould toggle panel
[22m[39m18:03:24 [INFO] 🔧 Debug Tools initialized. Access via window.game or window.debug

[90mstdout[2m | tests/debug.test.js[2m > [22m[2mDebugManager[2m > [22m[2mshould add crystals (cheat)
[22m[39m18:03:24 [INFO] 🔧 Debug Tools initialized. Access via window.game or window.debug

[90mstdout[2m | tests/debug.test.js[2m > [22m[2mDebugManager[2m > [22m[2mshould add fame (cheat)
[22m[39m18:03:24 [INFO] 🔧 Debug Tools initialized. Access via window.game or window.debug

[90mstdout[2m | tests/debug.test.js[2m > [22m[2mDebugManager[2m > [22m[2mshould add reputation (cheat)
[22m[39m18:03:24 [INFO] 🔧 Debug Tools initialized. Access via window.game or window.debug

[90mstdout[2m | tests/debug.test.js[2m > [22m[2mDebugManager[2m > [22m[2mshould add influence (cheat)
[22m[39m18:03:24 [INFO] 🔧 Debug Tools initialized. Access via window.game or window.debug

[90mstdout[2m | tests/debug.test.js[2m > [22m[2mDebugManager[2m > [22m[2mshould heal all (cheat)
[22m[39m18:03:24 [INFO] 🔧 Debug Tools initialized. Access via window.game or window.debug

[90mstdout[2m | tests/debug.test.js[2m > [22m[2mDebugManager[2m > [22m[2mshould draw card (cheat)
[22m[39m18:03:24 [INFO] 🔧 Debug Tools initialized. Access via window.game or window.debug

[90mstdout[2m | tests/debug.test.js[2m > [22m[2mDebugManager[2m > [22m[2mshould reset hand (cheat)
[22m[39m18:03:24 [INFO] 🔧 Debug Tools initialized. Access via window.game or window.debug

[90mstdout[2m | tests/debug.test.js[2m > [22m[2mDebugManager[2m > [22m[2mshould toggle coordinates
[22m[39m18:03:24 [INFO] 🔧 Debug Tools initialized. Access via window.game or window.debug

[90mstdout[2m | tests/debug.test.js[2m > [22m[2mDebugManager[2m > [22m[2mshould spawn enemy (cheat)
[22m[39m18:03:24 [INFO] 🔧 Debug Tools initialized. Access via window.game or window.debug

[90mstdout[2m | tests/debug.test.js[2m > [22m[2mDebugManager[2m > [22m[2mshould kill enemies (cheat)
[22m[39m18:03:24 [INFO] 🔧 Debug Tools initialized. Access via window.game or window.debug

 [32m✓[39m tests/debug.test.js [2m([22m[2m13 tests[22m[2m)[22m[33m 351[2mms[22m[39m
 [32m✓[39m tests/ui/SaveLoadModal.test.js [2m([22m[2m12 tests[22m[2m)[22m[33m 350[2mms[22m[39m
[90mstdout[2m | tests/ui/hero_selection.test.js[2m > [22m[2mHeroSelectionModal[2m > [22m[2mshow()[2m > [22m[2mshould add show class to modal
[22m[39m18:03:24 [DEBUG] Hero Selection Modal shown

[90mstdout[2m | tests/ui/hero_selection.test.js[2m > [22m[2mHeroSelectionModal[2m > [22m[2mshow()[2m > [22m[2mshould store scenarioId
[22m[39m18:03:24 [DEBUG] Hero Selection Modal shown

[90mstdout[2m | tests/ui/hero_selection.test.js[2m > [22m[2mHeroSelectionModal[2m > [22m[2mshow()[2m > [22m[2mshould render hero cards
[22m[39m18:03:24 [DEBUG] Hero Selection Modal shown

[90mstdout[2m | tests/ui/hero_selection.test.js[2m > [22m[2mHeroSelectionModal[2m > [22m[2mhide()[2m > [22m[2mshould remove show class from modal
[22m[39m18:03:24 [DEBUG] Hero Selection Modal shown

[90mstdout[2m | tests/ui/hero_selection.test.js[2m > [22m[2mHeroSelectionModal[2m > [22m[2mHero Selection[2m > [22m[2mshould call finishGameSetup when hero card is clicked
[22m[39m18:03:24 [DEBUG] Hero Selection Modal shown
18:03:24 [INFO] Hero selected: goldyx for scenario: test_scenario

[90mstdout[2m | tests/ui/hero_selection.test.js[2m > [22m[2mHeroSelectionModal[2m > [22m[2mHero Selection[2m > [22m[2mshould hide modal after selection
[22m[39m18:03:24 [DEBUG] Hero Selection Modal shown
18:03:24 [INFO] Hero selected: goldyx for scenario: test_scenario

[90mstdout[2m | tests/ui/hero_selection.test.js[2m > [22m[2mHeroSelectionModal[2m > [22m[2mHero Selection[2m > [22m[2mshould pass correct scenarioId to finishGameSetup
[22m[39m18:03:24 [DEBUG] Hero Selection Modal shown
18:03:24 [INFO] Hero selected: goldyx for scenario: mines_freedom

[90mstdout[2m | tests/ui/hero_selection.test.js[2m > [22m[2mHeroSelectionModal[2m > [22m[2mModal Interaction[2m > [22m[2mshould hide when clicking outside modal content
[22m[39m18:03:24 [DEBUG] Hero Selection Modal shown

 [32m✓[39m tests/ui/hero_selection.test.js [2m([22m[2m13 tests[22m[2m)[22m[33m 365[2mms[22m[39m
[90mstdout[2m | tests/log_details.test.js[2m > [22m[2mExtended Combat Log[2m > [22m[2mshould emit log event with details
[22m[39mAI Worker initialized
18:03:24 [INFO] 🔧 Debug Tools initialized. Access via window.game or window.debug
[Lazy] SoundManager initialized
18:03:24 [INFO] Game Log: Touch-Steuerung aktiviert
18:03:24 [INFO] Starting new game... Scenario: default
18:03:24 [INFO] Game Log: Runde 1: Tag
18:03:24 [INFO] Game Log: Szenario gestartet: Freiheit für die Minen
18:03:24 [INFO] Hero created: Goldyx (goldyx)
Spawned 8 enemies.
18:03:25 [DEBUG] Initial game state rendered.
18:03:25 [INFO] Game Log: Welcome to Mage Knight!
18:03:25 [INFO] Game Log: Ziele: 2 Minen befreien, 1 Festung erobern.

[90mstderr[2m | tests/log_details.test.js[2m > [22m[2mExtended Combat Log[2m > [22m[2mshould emit log event with details
[22m[39mGame canvas not found, creating fallback.
Canvas layer not found for particle system

[90mstdout[2m | tests/ui/ui_and_combat_flow.test.js[2m > [22m[2mCoverage Boost v5 - Deep Integration & Animator[2m > [22m[2mGame Logic & Time Transitions[2m > [22m[2mshould handle complex time transition with timeouts
[22m[39mAI Worker initialized
18:03:24 [INFO] 🔧 Debug Tools initialized. Access via window.game or window.debug
[Lazy] SoundManager initialized
18:03:25 [INFO] Starting new game... Scenario: default
18:03:25 [INFO] Game Log: Runde 1: Tag
18:03:25 [INFO] Game Log: Szenario gestartet: Freiheit für die Minen
18:03:25 [INFO] Hero created: Goldyx (goldyx)
Spawned 6 enemies.
18:03:25 [DEBUG] Initial game state rendered.
18:03:25 [INFO] Game Log: Welcome to Mage Knight!
18:03:25 [INFO] Game Log: Ziele: 2 Minen befreien, 1 Festung erobern.

[90mstdout[2m | tests/ui/ui_and_combat_flow.test.js[2m > [22m[2mCoverage Boost v5 - Deep Integration & Animator[2m > [22m[2mGame Logic & Time Transitions[2m > [22m[2mshould handle complex time transition with timeouts
[22m[39m18:03:25 [INFO] Game Log: Runde 2: Nacht

[90mstdout[2m | tests/log_details.test.js[2m > [22m[2mExtended Combat Log[2m > [22m[2mshould emit log event with details
[22m[39m18:03:25 [INFO] Game Log: Test Message

[90mstdout[2m | tests/ui/ui_and_combat_flow.test.js[2m > [22m[2mCoverage Boost v5 - Deep Integration & Animator[2m > [22m[2mGame Logic & Time Transitions[2m > [22m[2mshould execute ranged attack from game controller
[22m[39mAI Worker initialized
18:03:25 [INFO] 🔧 Debug Tools initialized. Access via window.game or window.debug
[Lazy] SoundManager initialized
18:03:25 [INFO] Starting new game... Scenario: default
18:03:25 [INFO] Game Log: Runde 1: Tag
18:03:25 [INFO] Game Log: Szenario gestartet: Freiheit für die Minen
18:03:25 [INFO] Hero created: Goldyx (goldyx)
Spawned 6 enemies.
18:03:25 [DEBUG] Initial game state rendered.
18:03:25 [INFO] Game Log: Welcome to Mage Knight!
18:03:25 [INFO] Game Log: Ziele: 2 Minen befreien, 1 Festung erobern.

[90mstdout[2m | tests/ui/ui_and_combat_flow.test.js[2m > [22m[2mCoverage Boost v5 - Deep Integration & Animator[2m > [22m[2mGame Logic & Time Transitions[2m > [22m[2mshould execute ranged attack from game controller
[22m[39m18:03:25 [INFO] Game Log: Fight against Orc!
18:03:25 [INFO] Combat started against 1 enemies
18:03:25 [DEBUG] Ranged attack: 10 vs 3 (Armor: 3, Multiplier: 1)
18:03:25 [INFO] Game Log: Orc defeated in Ranged!
18:03:25 [INFO] Game Log: Victory over Orc!
[Lazy] StatisticsManager initialized
18:03:25 [INFO] Game Log: +2 Fame for victory.
[Lazy] AchievementManager initialized
18:03:25 [INFO] Game Log: 🏆 Achievement: First Blood - Defeat your first enemy
18:03:25 [INFO] Game Log: Belohnung: +1 Ruhm

[90mstdout[2m | tests/ui/ui_and_combat_flow.test.js[2m > [22m[2mCoverage Boost v5 - Deep Integration & Animator[2m > [22m[2mGame Logic & Time Transitions[2m > [22m[2mshould handle level up selection for skills and cards
[22m[39mAI Worker initialized
18:03:25 [INFO] 🔧 Debug Tools initialized. Access via window.game or window.debug
[Lazy] SoundManager initialized
18:03:25 [INFO] Starting new game... Scenario: default
18:03:25 [INFO] Game Log: Runde 1: Tag
18:03:25 [INFO] Game Log: Szenario gestartet: Freiheit für die Minen
18:03:25 [INFO] Hero created: Goldyx (goldyx)
Spawned 6 enemies.
18:03:25 [DEBUG] Initial game state rendered.
18:03:25 [INFO] Game Log: Welcome to Mage Knight!
18:03:25 [INFO] Game Log: Ziele: 2 Minen befreien, 1 Festung erobern.

[90mstdout[2m | tests/ui/ui_and_combat_flow.test.js[2m > [22m[2mCoverage Boost v5 - Deep Integration & Animator[2m > [22m[2mGame Logic & Time Transitions[2m > [22m[2mshould handle level up selection for skills and cards
[22m[39m18:03:25 [INFO] Game Log: Fertigkeit gelernt: Super Strength
18:03:25 [INFO] Game Log: Karte erhalten (auf die Hand): Ancient Knowledge

[90mstdout[2m | tests/ui/ui_and_combat_flow.test.js[2m > [22m[2mCoverage Boost v5 - Deep Integration & Animator[2m > [22m[2mGame Logic & Time Transitions[2m > [22m[2mshould handle mouse move for tooltips on hexes
[22m[39mAI Worker initialized
18:03:25 [INFO] 🔧 Debug Tools initialized. Access via window.game or window.debug
[Lazy] SoundManager initialized
18:03:25 [INFO] Starting new game... Scenario: default
18:03:25 [INFO] Game Log: Runde 1: Tag
18:03:25 [INFO] Game Log: Szenario gestartet: Freiheit für die Minen
18:03:25 [INFO] Hero created: Goldyx (goldyx)
Spawned 6 enemies.
18:03:25 [DEBUG] Initial game state rendered.
18:03:25 [INFO] Game Log: Welcome to Mage Knight!
18:03:25 [INFO] Game Log: Ziele: 2 Minen befreien, 1 Festung erobern.

[90mstdout[2m | tests/ui/ui_and_combat_flow.test.js[2m > [22m[2mCoverage Boost v5 - Deep Integration & Animator[2m > [22m[2mAnimator Easing Functions[2m > [22m[2mshould cover all easing functions
[22m[39mAI Worker initialized
18:03:25 [INFO] 🔧 Debug Tools initialized. Access via window.game or window.debug
[Lazy] SoundManager initialized
18:03:25 [INFO] Starting new game... Scenario: default
18:03:25 [INFO] Game Log: Runde 1: Tag
18:03:25 [INFO] Game Log: Szenario gestartet: Freiheit für die Minen
18:03:25 [INFO] Hero created: Goldyx (goldyx)
Spawned 6 enemies.
18:03:25 [DEBUG] Initial game state rendered.
18:03:25 [INFO] Game Log: Welcome to Mage Knight!
18:03:25 [INFO] Game Log: Ziele: 2 Minen befreien, 1 Festung erobern.

[90mstdout[2m | tests/log_details.test.js[2m > [22m[2mExtended Combat Log[2m > [22m[2mshould emit log event without details
[22m[39mAI Worker initialized
18:03:25 [INFO] 🔧 Debug Tools initialized. Access via window.game or window.debug
[Lazy] SoundManager initialized
18:03:25 [INFO] Game Log: Touch-Steuerung aktiviert
18:03:25 [INFO] Starting new game... Scenario: default
18:03:25 [INFO] Game Log: Runde 1: Tag
18:03:25 [INFO] Game Log: Szenario gestartet: Freiheit für die Minen
18:03:25 [INFO] Hero created: Goldyx (goldyx)
Spawned 9 enemies.
18:03:25 [DEBUG] Initial game state rendered.
18:03:25 [INFO] Game Log: Welcome to Mage Knight!
18:03:25 [INFO] Game Log: Ziele: 2 Minen befreien, 1 Festung erobern.

[90mstderr[2m | tests/log_details.test.js[2m > [22m[2mExtended Combat Log[2m > [22m[2mshould emit log event without details
[22m[39mGame canvas not found, creating fallback.
Canvas layer not found for particle system

[90mstdout[2m | tests/log_details.test.js[2m > [22m[2mExtended Combat Log[2m > [22m[2mshould emit log event without details
[22m[39m18:03:25 [INFO] Game Log: Simple Message

[90mstdout[2m | tests/visuals/EventHooks.test.js[2m > [22m[2mVisual Event Hooks[2m > [22m[2mshould emit HERO_MOVE_STEP when hero moves
[22m[39mAI Worker initialized
18:03:25 [INFO] 🔧 Debug Tools initialized. Access via window.game or window.debug
[Lazy] SoundManager initialized
18:03:25 [INFO] Game Log: Touch-Steuerung aktiviert
18:03:25 [INFO] Starting new game... Scenario: default
18:03:25 [INFO] Game Log: Runde 1: Tag
18:03:25 [INFO] Game Log: Szenario gestartet: Freiheit für die Minen
18:03:25 [INFO] Hero created: Goldyx (goldyx)
Spawned 7 enemies.
18:03:25 [DEBUG] Initial game state rendered.
18:03:25 [INFO] Game Log: Welcome to Mage Knight!
18:03:25 [INFO] Game Log: Ziele: 2 Minen befreien, 1 Festung erobern.

[90mstderr[2m | tests/visuals/EventHooks.test.js[2m > [22m[2mVisual Event Hooks[2m > [22m[2mshould emit HERO_MOVE_STEP when hero moves
[22m[39mGame canvas not found, creating fallback.
Canvas layer not found for particle system

 [32m✓[39m tests/log_details.test.js [2m([22m[2m2 tests[22m[2m)[22m[33m 312[2mms[22m[39m
[90mstdout[2m | tests/ui/ui_and_combat_flow.test.js[2m > [22m[2mCoverage Boost v5 - Deep Integration & Animator[2m > [22m[2mAnimator Easing Functions[2m > [22m[2mshould cancel all animations
[22m[39mAI Worker initialized
18:03:25 [INFO] 🔧 Debug Tools initialized. Access via window.game or window.debug
[Lazy] SoundManager initialized
18:03:25 [INFO] Starting new game... Scenario: default
18:03:25 [INFO] Game Log: Runde 1: Tag
18:03:25 [INFO] Game Log: Szenario gestartet: Freiheit für die Minen
18:03:25 [INFO] Hero created: Goldyx (goldyx)
Spawned 6 enemies.
18:03:25 [DEBUG] Initial game state rendered.
18:03:25 [INFO] Game Log: Welcome to Mage Knight!
18:03:25 [INFO] Game Log: Ziele: 2 Minen befreien, 1 Festung erobern.

[90mstdout[2m | tests/visuals/EventHooks.test.js[2m > [22m[2mVisual Event Hooks[2m > [22m[2mshould emit HERO_MOVE_STEP when hero moves
[22m[39m18:03:25 [DEBUG] Saving checkpoint for undo/redo
18:03:25 [INFO] Hero moved from 0,0 to 0,1 (Cost: 2, Points left: 8)

[90mstdout[2m | tests/ui/ui_and_combat_flow.test.js[2m > [22m[2mCoverage Boost v5 - Deep Integration & Animator[2m > [22m[2mCombat Helper & Status Effects[2m > [22m[2mshould handle combat state and effect helpers
[22m[39mAI Worker initialized
18:03:25 [INFO] 🔧 Debug Tools initialized. Access via window.game or window.debug
[Lazy] SoundManager initialized
18:03:25 [INFO] Starting new game... Scenario: default
18:03:25 [INFO] Game Log: Runde 1: Tag
18:03:25 [INFO] Game Log: Szenario gestartet: Freiheit für die Minen
18:03:25 [INFO] Hero created: Goldyx (goldyx)
Spawned 6 enemies.
18:03:25 [DEBUG] Initial game state rendered.
18:03:25 [INFO] Game Log: Welcome to Mage Knight!
18:03:25 [INFO] Game Log: Ziele: 2 Minen befreien, 1 Festung erobern.

[90mstdout[2m | tests/ui/ui_and_combat_flow.test.js[2m > [22m[2mCoverage Boost v5 - Deep Integration & Animator[2m > [22m[2mCombat Helper & Status Effects[2m > [22m[2mshould handle combat state and effect helpers
[22m[39m18:03:25 [INFO] Game Log: Fight against Target!
18:03:25 [INFO] Combat started against 1 enemies

[90mstdout[2m | tests/ui/ui_and_combat_flow.test.js[2m > [22m[2mCoverage Boost v5 - Deep Integration & Animator[2m > [22m[2mHero Card Acquisition & Units[2m > [22m[2mshould handle recruiting units and failing if limit reached
[22m[39mAI Worker initialized
18:03:25 [INFO] 🔧 Debug Tools initialized. Access via window.game or window.debug
[Lazy] SoundManager initialized
18:03:25 [INFO] Starting new game... Scenario: default
18:03:25 [INFO] Game Log: Runde 1: Tag
18:03:25 [INFO] Game Log: Szenario gestartet: Freiheit für die Minen
18:03:25 [INFO] Hero created: Goldyx (goldyx)
Spawned 6 enemies.
18:03:25 [DEBUG] Initial game state rendered.
18:03:25 [INFO] Game Log: Welcome to Mage Knight!
18:03:25 [INFO] Game Log: Ziele: 2 Minen befreien, 1 Festung erobern.

[90mstdout[2m | tests/ui/ui_and_combat_flow.test.js[2m > [22m[2mCoverage Boost v5 - Deep Integration & Animator[2m > [22m[2mHero Card Acquisition & Units[2m > [22m[2mshould handle influence check for recruiting units
[22m[39mAI Worker initialized
18:03:25 [INFO] 🔧 Debug Tools initialized. Access via window.game or window.debug
[Lazy] SoundManager initialized
18:03:25 [INFO] Starting new game... Scenario: default
18:03:25 [INFO] Game Log: Runde 1: Tag
18:03:25 [INFO] Game Log: Szenario gestartet: Freiheit für die Minen
18:03:25 [INFO] Hero created: Goldyx (goldyx)
Spawned 6 enemies.
18:03:25 [DEBUG] Initial game state rendered.
18:03:25 [INFO] Game Log: Welcome to Mage Knight!
18:03:25 [INFO] Game Log: Ziele: 2 Minen befreien, 1 Festung erobern.

[90mstdout[2m | tests/visuals/EventHooks.test.js[2m > [22m[2mVisual Event Hooks[2m > [22m[2mshould emit HERO_MOVE_STEP when hero moves
[22m[39m[Lazy] StatisticsManager initialized
[Lazy] AchievementManager initialized

[90mstdout[2m | tests/ui/ui_and_combat_flow.test.js[2m > [22m[2mCoverage Boost v5 - Deep Integration & Animator[2m > [22m[2mHero Card Acquisition & Units[2m > [22m[2mshould handle learning spells and advanced actions
[22m[39mAI Worker initialized
18:03:25 [INFO] 🔧 Debug Tools initialized. Access via window.game or window.debug
[Lazy] SoundManager initialized
18:03:25 [INFO] Starting new game... Scenario: default
18:03:25 [INFO] Game Log: Runde 1: Tag
18:03:25 [INFO] Game Log: Szenario gestartet: Freiheit für die Minen
18:03:25 [INFO] Hero created: Goldyx (goldyx)
Spawned 6 enemies.
18:03:25 [DEBUG] Initial game state rendered.
18:03:25 [INFO] Game Log: Welcome to Mage Knight!
18:03:25 [INFO] Game Log: Ziele: 2 Minen befreien, 1 Festung erobern.

[90mstdout[2m | tests/ui/ui_and_combat_flow.test.js[2m > [22m[2mCoverage Boost v5 - Deep Integration & Animator[2m > [22m[2mUI Interaction & Modals[2m > [22m[2mshould cover statistics modal tabs and close logic
[22m[39mAI Worker initialized
18:03:25 [INFO] 🔧 Debug Tools initialized. Access via window.game or window.debug
[Lazy] SoundManager initialized
18:03:25 [INFO] Starting new game... Scenario: default
18:03:25 [INFO] Game Log: Runde 1: Tag
18:03:25 [INFO] Game Log: Szenario gestartet: Freiheit für die Minen
18:03:25 [INFO] Hero created: Goldyx (goldyx)
Spawned 6 enemies.
18:03:25 [DEBUG] Initial game state rendered.
18:03:25 [INFO] Game Log: Welcome to Mage Knight!
18:03:25 [INFO] Game Log: Ziele: 2 Minen befreien, 1 Festung erobern.

[90mstdout[2m | tests/ui/ui_and_combat_flow.test.js[2m > [22m[2mCoverage Boost v5 - Deep Integration & Animator[2m > [22m[2mUI Interaction & Modals[2m > [22m[2mshould cover statistics modal tabs and close logic
[22m[39m[MockElement] .click() called on statistics-btn
[Lazy] StatisticsManager initialized
[MockElement] .click() called on BUTTON
[MockElement] .click() called on statistics-close

[90mstdout[2m | tests/ui/ui_and_combat_flow.test.js[2m > [22m[2mCoverage Boost v5 - Deep Integration & Animator[2m > [22m[2mUI Interaction & Modals[2m > [22m[2mshould handle outside clicks to close modals
[22m[39mAI Worker initialized
18:03:25 [INFO] 🔧 Debug Tools initialized. Access via window.game or window.debug
[Lazy] SoundManager initialized
18:03:25 [INFO] Starting new game... Scenario: default
18:03:25 [INFO] Game Log: Runde 1: Tag
18:03:25 [INFO] Game Log: Szenario gestartet: Freiheit für die Minen
18:03:25 [INFO] Hero created: Goldyx (goldyx)
Spawned 6 enemies.
18:03:25 [DEBUG] Initial game state rendered.
18:03:25 [INFO] Game Log: Welcome to Mage Knight!
18:03:25 [INFO] Game Log: Ziele: 2 Minen befreien, 1 Festung erobern.

[90mstdout[2m | tests/ui/ui_and_combat_flow.test.js[2m > [22m[2mCoverage Boost v5 - Deep Integration & Animator[2m > [22m[2mUI Interaction & Modals[2m > [22m[2mshould cover achievements modal tabs
[22m[39mAI Worker initialized
18:03:25 [INFO] 🔧 Debug Tools initialized. Access via window.game or window.debug
[Lazy] SoundManager initialized
18:03:25 [INFO] Starting new game... Scenario: default
18:03:25 [INFO] Game Log: Runde 1: Tag
18:03:25 [INFO] Game Log: Szenario gestartet: Freiheit für die Minen
18:03:25 [INFO] Hero created: Goldyx (goldyx)
Spawned 6 enemies.
18:03:25 [DEBUG] Initial game state rendered.
18:03:25 [INFO] Game Log: Welcome to Mage Knight!
18:03:25 [INFO] Game Log: Ziele: 2 Minen befreien, 1 Festung erobern.

[90mstdout[2m | tests/ui/ui_and_combat_flow.test.js[2m > [22m[2mCoverage Boost v5 - Deep Integration & Animator[2m > [22m[2mUI Interaction & Modals[2m > [22m[2mshould cover achievements modal tabs
[22m[39m[Lazy] AchievementManager initialized
[MockElement] .click() called on achievements-btn
[MockElement] .click() called on BUTTON

[90mstdout[2m | tests/game_flow_extended.test.js[2m > [22m[2mCoverage Boost v4 - Game & UI & Touch[2m > [22m[2mMageKnightGame Gaps[2m > [22m[2mshould show site and terrain tooltips on mouse move
[22m[39mAI Worker initialized
18:03:25 [INFO] 🔧 Debug Tools initialized. Access via window.game or window.debug
[Lazy] SoundManager initialized
18:03:25 [INFO] Starting new game... Scenario: default
18:03:25 [INFO] Game Log: Runde 1: Tag
18:03:25 [INFO] Game Log: Szenario gestartet: Freiheit für die Minen
18:03:25 [INFO] Hero created: Goldyx (goldyx)
Spawned 6 enemies.
18:03:25 [DEBUG] Initial game state rendered.
18:03:25 [INFO] Game Log: Welcome to Mage Knight!
18:03:25 [INFO] Game Log: Ziele: 2 Minen befreien, 1 Festung erobern.

[90mstdout[2m | tests/ui/ui_and_combat_flow.test.js[2m > [22m[2mCoverage Boost v5 - Deep Integration & Animator[2m > [22m[2mAdditional Coverage: Combat & Tooltips[2m > [22m[2mshould handle combat phases and boss transition abilities
[22m[39mAI Worker initialized
18:03:25 [INFO] 🔧 Debug Tools initialized. Access via window.game or window.debug
[Lazy] SoundManager initialized
18:03:25 [INFO] Starting new game... Scenario: default
18:03:25 [INFO] Game Log: Runde 1: Tag
18:03:25 [INFO] Game Log: Szenario gestartet: Freiheit für die Minen
18:03:25 [INFO] Hero created: Goldyx (goldyx)
Spawned 6 enemies.
18:03:25 [DEBUG] Initial game state rendered.
18:03:25 [INFO] Game Log: Welcome to Mage Knight!
18:03:25 [INFO] Game Log: Ziele: 2 Minen befreien, 1 Festung erobern.

[90mstdout[2m | tests/ui/ui_and_combat_flow.test.js[2m > [22m[2mCoverage Boost v5 - Deep Integration & Animator[2m > [22m[2mAdditional Coverage: Combat & Tooltips[2m > [22m[2mshould handle combat phases and boss transition abilities
[22m[39m18:03:25 [INFO] Game Log: Fight against Dummy!
18:03:25 [INFO] Combat started against 1 enemies

[90mstdout[2m | tests/ui/ui_and_combat_flow.test.js[2m > [22m[2mCoverage Boost v5 - Deep Integration & Animator[2m > [22m[2mAdditional Coverage: Combat & Tooltips[2m > [22m[2mshould handle tooltips for sites and enemies
[22m[39mAI Worker initialized
18:03:25 [INFO] 🔧 Debug Tools initialized. Access via window.game or window.debug
[Lazy] SoundManager initialized
18:03:25 [INFO] Starting new game... Scenario: default
18:03:25 [INFO] Game Log: Runde 1: Tag
18:03:25 [INFO] Game Log: Szenario gestartet: Freiheit für die Minen
18:03:25 [INFO] Hero created: Goldyx (goldyx)
Spawned 6 enemies.
18:03:25 [DEBUG] Initial game state rendered.
18:03:25 [INFO] Game Log: Welcome to Mage Knight!
18:03:25 [INFO] Game Log: Ziele: 2 Minen befreien, 1 Festung erobern.

[90mstdout[2m | tests/game_flow_extended.test.js[2m > [22m[2mCoverage Boost v4 - Game & UI & Touch[2m > [22m[2mUI Gaps[2m > [22m[2mshould render boss specific UI elements and enraged status
[22m[39mAI Worker initialized
18:03:25 [INFO] 🔧 Debug Tools initialized. Access via window.game or window.debug
[Lazy] SoundManager initialized
18:03:25 [INFO] Starting new game... Scenario: default
18:03:25 [INFO] Game Log: Runde 1: Tag
18:03:25 [INFO] Game Log: Szenario gestartet: Freiheit für die Minen
18:03:25 [INFO] Hero created: Goldyx (goldyx)
Spawned 6 enemies.
18:03:25 [DEBUG] Initial game state rendered.
18:03:25 [INFO] Game Log: Welcome to Mage Knight!
18:03:25 [INFO] Game Log: Ziele: 2 Minen befreien, 1 Festung erobern.

[90mstdout[2m | tests/ui/ui_and_combat_flow.test.js[2m > [22m[2mCoverage Boost v5 - Deep Integration & Animator[2m > [22m[2mAdditional Coverage: Combat & Tooltips[2m > [22m[2mshould handle sound toggle and achievements close
[22m[39mAI Worker initialized
18:03:25 [INFO] 🔧 Debug Tools initialized. Access via window.game or window.debug
[Lazy] SoundManager initialized
18:03:25 [INFO] Starting new game... Scenario: default
18:03:25 [INFO] Game Log: Runde 1: Tag
18:03:25 [INFO] Game Log: Szenario gestartet: Freiheit für die Minen
18:03:25 [INFO] Hero created: Goldyx (goldyx)
Spawned 6 enemies.
18:03:25 [DEBUG] Initial game state rendered.
18:03:25 [INFO] Game Log: Welcome to Mage Knight!
18:03:25 [INFO] Game Log: Ziele: 2 Minen befreien, 1 Festung erobern.

[90mstdout[2m | tests/ui/ui_and_combat_flow.test.js[2m > [22m[2mCoverage Boost v5 - Deep Integration & Animator[2m > [22m[2mAdditional Coverage: Combat & Tooltips[2m > [22m[2mshould handle sound toggle and achievements close
[22m[39m[MockElement] .click() called on sound-toggle-btn
18:03:25 [INFO] Game Log: Sound deaktiviert
[MockElement] .click() called on achievements-close

[90mstdout[2m | tests/ui/ui_and_combat_flow.test.js[2m > [22m[2mCoverage Boost v5 - Deep Integration & Animator[2m > [22m[2mAdditional Coverage: Combat & Tooltips[2m > [22m[2mshould create sound button if missing
[22m[39mAI Worker initialized
18:03:25 [INFO] 🔧 Debug Tools initialized. Access via window.game or window.debug
[Lazy] SoundManager initialized
18:03:25 [INFO] Starting new game... Scenario: default
18:03:25 [INFO] Game Log: Runde 1: Tag
18:03:25 [INFO] Game Log: Szenario gestartet: Freiheit für die Minen
18:03:25 [INFO] Hero created: Goldyx (goldyx)
Spawned 6 enemies.
18:03:25 [DEBUG] Initial game state rendered.
18:03:25 [INFO] Game Log: Welcome to Mage Knight!
18:03:25 [INFO] Game Log: Ziele: 2 Minen befreien, 1 Festung erobern.

[90mstdout[2m | tests/game_flow_extended.test.js[2m > [22m[2mCoverage Boost v4 - Game & UI & Touch[2m > [22m[2mUI Gaps[2m > [22m[2mshould handle unit activation and hover in combat UI
[22m[39mAI Worker initialized
18:03:25 [INFO] 🔧 Debug Tools initialized. Access via window.game or window.debug
[Lazy] SoundManager initialized
18:03:25 [INFO] Starting new game... Scenario: default
18:03:25 [INFO] Game Log: Runde 1: Tag
18:03:25 [INFO] Game Log: Szenario gestartet: Freiheit für die Minen
18:03:25 [INFO] Hero created: Goldyx (goldyx)
Spawned 6 enemies.
18:03:25 [DEBUG] Initial game state rendered.
18:03:25 [INFO] Game Log: Welcome to Mage Knight!
18:03:25 [INFO] Game Log: Ziele: 2 Minen befreien, 1 Festung erobern.

[90mstdout[2m | tests/game_flow_extended.test.js[2m > [22m[2mCoverage Boost v4 - Game & UI & Touch[2m > [22m[2mUI Gaps[2m > [22m[2mshould handle unit activation and hover in combat UI
[22m[39m[MockElement] .click() called on DIV

[90mstdout[2m | tests/ui/ui_and_combat_flow.test.js[2m > [22m[2mCoverage Boost v5 - Deep Integration & Animator[2m > [22m[2mAdditional Coverage: Combat & Tooltips[2m > [22m[2mshould initialize game on DOMContentLoaded
[22m[39mAI Worker initialized
18:03:25 [INFO] 🔧 Debug Tools initialized. Access via window.game or window.debug
[Lazy] SoundManager initialized
18:03:25 [INFO] Starting new game... Scenario: default
18:03:25 [INFO] Game Log: Runde 1: Tag
18:03:25 [INFO] Game Log: Szenario gestartet: Freiheit für die Minen
18:03:25 [INFO] Hero created: Goldyx (goldyx)
Spawned 6 enemies.
18:03:25 [DEBUG] Initial game state rendered.
18:03:25 [INFO] Game Log: Welcome to Mage Knight!
18:03:25 [INFO] Game Log: Ziele: 2 Minen befreien, 1 Festung erobern.

[90mstdout[2m | tests/visuals/EventHooks.test.js[2m > [22m[2mVisual Event Hooks[2m > [22m[2mshould emit COMBAT_BLOCK when blocking
[22m[39mAI Worker initialized
18:03:25 [INFO] 🔧 Debug Tools initialized. Access via window.game or window.debug
[Lazy] SoundManager initialized
18:03:25 [INFO] Game Log: Touch-Steuerung aktiviert
18:03:25 [INFO] Starting new game... Scenario: default
18:03:25 [INFO] Game Log: Runde 1: Tag
18:03:25 [INFO] Game Log: Szenario gestartet: Freiheit für die Minen
18:03:25 [INFO] Hero created: Goldyx (goldyx)
Spawned 7 enemies.
18:03:25 [DEBUG] Initial game state rendered.
18:03:25 [INFO] Game Log: Welcome to Mage Knight!
18:03:25 [INFO] Game Log: Ziele: 2 Minen befreien, 1 Festung erobern.

[90mstderr[2m | tests/visuals/EventHooks.test.js[2m > [22m[2mVisual Event Hooks[2m > [22m[2mshould emit COMBAT_BLOCK when blocking
[22m[39mGame canvas not found, creating fallback.
Canvas layer not found for particle system

[90mstdout[2m | tests/ui/ui_and_combat_flow.test.js[2m > [22m[2mCoverage Boost v5 - Deep Integration & Animator[2m > [22m[2mAdditional Coverage: Combat & Tooltips[2m > [22m[2mshould handle combo detection null checks
[22m[39mAI Worker initialized
18:03:25 [INFO] 🔧 Debug Tools initialized. Access via window.game or window.debug
[Lazy] SoundManager initialized
18:03:25 [INFO] Starting new game... Scenario: default
18:03:25 [INFO] Game Log: Runde 1: Tag
18:03:25 [INFO] Game Log: Szenario gestartet: Freiheit für die Minen
18:03:25 [INFO] Hero created: Goldyx (goldyx)
Spawned 6 enemies.
18:03:25 [DEBUG] Initial game state rendered.
18:03:25 [INFO] Game Log: Welcome to Mage Knight!
18:03:25 [INFO] Game Log: Ziele: 2 Minen befreien, 1 Festung erobern.

[90mstdout[2m | tests/ui/ui_and_combat_flow.test.js[2m > [22m[2mCoverage Boost v5 - Deep Integration & Animator[2m > [22m[2mAdditional Coverage: Combat & Tooltips[2m > [22m[2mshould handle combo detection null checks
[22m[39m18:03:25 [INFO] Game Log: Fight against Dummy!
18:03:25 [INFO] Combat started against 1 enemies

[90mstdout[2m | tests/visuals/EventHooks.test.js[2m > [22m[2mVisual Event Hooks[2m > [22m[2mshould emit COMBAT_BLOCK when blocking
[22m[39m18:03:25 [INFO] Game Log: Fight against Orc!
18:03:25 [INFO] Combat started against 1 enemies

[90mstdout[2m | tests/ui/ui_and_combat_flow.test.js
[22m[39mCanvas resized to 100x100

[90mstdout[2m | tests/ui/ui_and_combat_flow.test.js
[22m[39mCanvas resized to 100x100

[90mstdout[2m | tests/ui/ui_and_combat_flow.test.js
[22m[39mCanvas resized to 100x100

[90mstdout[2m | tests/ui/ui_and_combat_flow.test.js
[22m[39mCanvas resized to 100x100

 [32m✓[39m tests/visuals/EventHooks.test.js [2m([22m[2m2 tests[22m[2m)[22m[33m 301[2mms[22m[39m
[90mstdout[2m | tests/ui/ui_and_combat_flow.test.js
[22m[39mCanvas resized to 100x100

[90mstdout[2m | tests/ui/ui_and_combat_flow.test.js
[22m[39mCanvas resized to 100x100

[90mstdout[2m | tests/ui/ui_and_combat_flow.test.js
[22m[39mCanvas resized to 100x100

[90mstdout[2m | tests/ui/ui_and_combat_flow.test.js
[22m[39mCanvas resized to 100x100

[90mstdout[2m | tests/ui/ui_and_combat_flow.test.js
[22m[39mCanvas resized to 100x100

 [32m✓[39m tests/ui/ui_and_combat_flow.test.js [2m([22m[2m19 tests[22m[2m)[22m[33m 314[2mms[22m[39m
[90mstdout[2m | tests/game_flow_extended.test.js[2m > [22m[2mCoverage Boost v4 - Game & UI & Touch[2m > [22m[2mUI Gaps[2m > [22m[2mshould handle card formatting with healing
[22m[39mAI Worker initialized
18:03:25 [INFO] 🔧 Debug Tools initialized. Access via window.game or window.debug
[Lazy] SoundManager initialized
18:03:25 [INFO] Starting new game... Scenario: default
18:03:25 [INFO] Game Log: Runde 1: Tag
18:03:25 [INFO] Game Log: Szenario gestartet: Freiheit für die Minen
18:03:25 [INFO] Hero created: Goldyx (goldyx)
Spawned 6 enemies.
18:03:25 [DEBUG] Initial game state rendered.
18:03:25 [INFO] Game Log: Welcome to Mage Knight!
18:03:25 [INFO] Game Log: Ziele: 2 Minen befreien, 1 Festung erobern.

[90mstdout[2m | tests/game_flow_extended.test.js[2m > [22m[2mCoverage Boost v4 - Game & UI & Touch[2m > [22m[2mUI Gaps[2m > [22m[2mshould handle level up modal choices
[22m[39mAI Worker initialized
18:03:25 [INFO] 🔧 Debug Tools initialized. Access via window.game or window.debug
[Lazy] SoundManager initialized
18:03:25 [INFO] Starting new game... Scenario: default
18:03:25 [INFO] Game Log: Runde 1: Tag
18:03:25 [INFO] Game Log: Szenario gestartet: Freiheit für die Minen
18:03:25 [INFO] Hero created: Goldyx (goldyx)
Spawned 6 enemies.
18:03:25 [DEBUG] Initial game state rendered.
18:03:25 [INFO] Game Log: Welcome to Mage Knight!
18:03:25 [INFO] Game Log: Ziele: 2 Minen befreien, 1 Festung erobern.

[90mstdout[2m | tests/game_flow_extended.test.js[2m > [22m[2mCoverage Boost v4 - Game & UI & Touch[2m > [22m[2mUI Gaps[2m > [22m[2mshould handle level up modal choices
[22m[39m[MockElement] .click() called on DIV
[MockElement] .click() called on DIV
[MockElement] .click() called on confirm-level-up

[90mstdout[2m | tests/game_flow_extended.test.js[2m > [22m[2mCoverage Boost v4 - Game & UI & Touch[2m > [22m[2mTouchController Gaps[2m > [22m[2mshould handle all swipe directions
[22m[39mAI Worker initialized
18:03:25 [INFO] 🔧 Debug Tools initialized. Access via window.game or window.debug
[Lazy] SoundManager initialized
18:03:25 [INFO] Starting new game... Scenario: default
18:03:25 [INFO] Game Log: Runde 1: Tag
18:03:25 [INFO] Game Log: Szenario gestartet: Freiheit für die Minen
18:03:25 [INFO] Hero created: Goldyx (goldyx)
Spawned 6 enemies.
18:03:25 [DEBUG] Initial game state rendered.
18:03:25 [INFO] Game Log: Welcome to Mage Knight!
18:03:25 [INFO] Game Log: Ziele: 2 Minen befreien, 1 Festung erobern.

[90mstderr[2m | js/ui.js:57:37
[22m[39mFailed to load FloatingTextManager TypeError: window.getComputedStyle is not a function
    at new FloatingTextManager [90m(/home/tobber/.gemini/antigravity/scratch/mageknight/[39mjs/ui/FloatingTextManager.js:20:34[90m)[39m
    at [90m/home/tobber/.gemini/antigravity/scratch/mageknight/[39mjs/ui.js:55:37
[90m    at processTicksAndRejections (node:internal/process/task_queues:103:5)[39m
Failed to load FloatingTextManager TypeError: window.getComputedStyle is not a function
    at new FloatingTextManager [90m(/home/tobber/.gemini/antigravity/scratch/mageknight/[39mjs/ui/FloatingTextManager.js:20:34[90m)[39m
    at [90m/home/tobber/.gemini/antigravity/scratch/mageknight/[39mjs/ui.js:55:37
[90m    at processTicksAndRejections (node:internal/process/task_queues:103:5)[39m
Failed to load FloatingTextManager TypeError: window.getComputedStyle is not a function
    at new FloatingTextManager [90m(/home/tobber/.gemini/antigravity/scratch/mageknight/[39mjs/ui/FloatingTextManager.js:20:34[90m)[39m
    at [90m/home/tobber/.gemini/antigravity/scratch/mageknight/[39mjs/ui.js:55:37
[90m    at processTicksAndRejections (node:internal/process/task_queues:103:5)[39m
Failed to load FloatingTextManager TypeError: window.getComputedStyle is not a function
    at new FloatingTextManager [90m(/home/tobber/.gemini/antigravity/scratch/mageknight/[39mjs/ui/FloatingTextManager.js:20:34[90m)[39m
    at [90m/home/tobber/.gemini/antigravity/scratch/mageknight/[39mjs/ui.js:55:37
[90m    at processTicksAndRejections (node:internal/process/task_queues:103:5)[39m
Failed to load FloatingTextManager TypeError: window.getComputedStyle is not a function
    at new FloatingTextManager [90m(/home/tobber/.gemini/antigravity/scratch/mageknight/[39mjs/ui/FloatingTextManager.js:20:34[90m)[39m
    at [90m/home/tobber/.gemini/antigravity/scratch/mageknight/[39mjs/ui.js:55:37
[90m    at processTicksAndRejections (node:internal/process/task_queues:103:5)[39m
Failed to load FloatingTextManager TypeError: window.getComputedStyle is not a function
    at new FloatingTextManager [90m(/home/tobber/.gemini/antigravity/scratch/mageknight/[39mjs/ui/FloatingTextManager.js:20:34[90m)[39m
    at [90m/home/tobber/.gemini/antigravity/scratch/mageknight/[39mjs/ui.js:55:37
[90m    at processTicksAndRejections (node:internal/process/task_queues:103:5)[39m
Failed to load FloatingTextManager TypeError: window.getComputedStyle is not a function
    at new FloatingTextManager [90m(/home/tobber/.gemini/antigravity/scratch/mageknight/[39mjs/ui/FloatingTextManager.js:20:34[90m)[39m
    at [90m/home/tobber/.gemini/antigravity/scratch/mageknight/[39mjs/ui.js:55:37
[90m    at processTicksAndRejections (node:internal/process/task_queues:103:5)[39m
Failed to load FloatingTextManager TypeError: window.getComputedStyle is not a function
    at new FloatingTextManager [90m(/home/tobber/.gemini/antigravity/scratch/mageknight/[39mjs/ui/FloatingTextManager.js:20:34[90m)[39m
    at [90m/home/tobber/.gemini/antigravity/scratch/mageknight/[39mjs/ui.js:55:37
[90m    at processTicksAndRejections (node:internal/process/task_queues:103:5)[39m
Failed to load FloatingTextManager TypeError: window.getComputedStyle is not a function
    at new FloatingTextManager [90m(/home/tobber/.gemini/antigravity/scratch/mageknight/[39mjs/ui/FloatingTextManager.js:20:34[90m)[39m
    at [90m/home/tobber/.gemini/antigravity/scratch/mageknight/[39mjs/ui.js:55:37
[90m    at processTicksAndRejections (node:internal/process/task_queues:103:5)[39m
Failed to load FloatingTextManager TypeError: window.getComputedStyle is not a function
    at new FloatingTextManager [90m(/home/tobber/.gemini/antigravity/scratch/mageknight/[39mjs/ui/FloatingTextManager.js:20:34[90m)[39m
    at [90m/home/tobber/.gemini/antigravity/scratch/mageknight/[39mjs/ui.js:55:37
[90m    at processTicksAndRejections (node:internal/process/task_queues:103:5)[39m
Failed to load FloatingTextManager TypeError: window.getComputedStyle is not a function
    at new FloatingTextManager [90m(/home/tobber/.gemini/antigravity/scratch/mageknight/[39mjs/ui/FloatingTextManager.js:20:34[90m)[39m
    at [90m/home/tobber/.gemini/antigravity/scratch/mageknight/[39mjs/ui.js:55:37
[90m    at processTicksAndRejections (node:internal/process/task_queues:103:5)[39m
Failed to load FloatingTextManager TypeError: window.getComputedStyle is not a function
    at new FloatingTextManager [90m(/home/tobber/.gemini/antigravity/scratch/mageknight/[39mjs/ui/FloatingTextManager.js:20:34[90m)[39m
    at [90m/home/tobber/.gemini/antigravity/scratch/mageknight/[39mjs/ui.js:55:37
[90m    at processTicksAndRejections (node:internal/process/task_queues:103:5)[39m
Failed to load FloatingTextManager TypeError: window.getComputedStyle is not a function
    at new FloatingTextManager [90m(/home/tobber/.gemini/antigravity/scratch/mageknight/[39mjs/ui/FloatingTextManager.js:20:34[90m)[39m
    at [90m/home/tobber/.gemini/antigravity/scratch/mageknight/[39mjs/ui.js:55:37
[90m    at processTicksAndRejections (node:internal/process/task_queues:103:5)[39m
Failed to load FloatingTextManager TypeError: window.getComputedStyle is not a function
    at new FloatingTextManager [90m(/home/tobber/.gemini/antigravity/scratch/mageknight/[39mjs/ui/FloatingTextManager.js:20:34[90m)[39m
    at [90m/home/tobber/.gemini/antigravity/scratch/mageknight/[39mjs/ui.js:55:37
[90m    at processTicksAndRejections (node:internal/process/task_queues:103:5)[39m
Failed to load FloatingTextManager TypeError: window.getComputedStyle is not a function
    at new FloatingTextManager [90m(/home/tobber/.gemini/antigravity/scratch/mageknight/[39mjs/ui/FloatingTextManager.js:20:34[90m)[39m
    at [90m/home/tobber/.gemini/antigravity/scratch/mageknight/[39mjs/ui.js:55:37
[90m    at processTicksAndRejections (node:internal/process/task_queues:103:5)[39m
Failed to load FloatingTextManager TypeError: window.getComputedStyle is not a function
    at new FloatingTextManager [90m(/home/tobber/.gemini/antigravity/scratch/mageknight/[39mjs/ui/FloatingTextManager.js:20:34[90m)[39m
    at [90m/home/tobber/.gemini/antigravity/scratch/mageknight/[39mjs/ui.js:55:37
[90m    at processTicksAndRejections (node:internal/process/task_queues:103:5)[39m
Failed to load FloatingTextManager TypeError: window.getComputedStyle is not a function
    at new FloatingTextManager [90m(/home/tobber/.gemini/antigravity/scratch/mageknight/[39mjs/ui/FloatingTextManager.js:20:34[90m)[39m
    at [90m/home/tobber/.gemini/antigravity/scratch/mageknight/[39mjs/ui.js:55:37
[90m    at processTicksAndRejections (node:internal/process/task_queues:103:5)[39m
Failed to load FloatingTextManager TypeError: window.getComputedStyle is not a function
    at new FloatingTextManager [90m(/home/tobber/.gemini/antigravity/scratch/mageknight/[39mjs/ui/FloatingTextManager.js:20:34[90m)[39m
    at [90m/home/tobber/.gemini/antigravity/scratch/mageknight/[39mjs/ui.js:55:37
[90m    at processTicksAndRejections (node:internal/process/task_queues:103:5)[39m
Failed to load FloatingTextManager TypeError: window.getComputedStyle is not a function
    at new FloatingTextManager [90m(/home/tobber/.gemini/antigravity/scratch/mageknight/[39mjs/ui/FloatingTextManager.js:20:34[90m)[39m
    at [90m/home/tobber/.gemini/antigravity/scratch/mageknight/[39mjs/ui.js:55:37
[90m    at processTicksAndRejections (node:internal/process/task_queues:103:5)[39m

[90mstdout[2m | tests/game_flow_extended.test.js[2m > [22m[2mCoverage Boost v4 - Game & UI & Touch[2m > [22m[2mTouchController Gaps[2m > [22m[2mshould show tooltips for enemies and terrain on touch move
[22m[39mAI Worker initialized
18:03:25 [INFO] 🔧 Debug Tools initialized. Access via window.game or window.debug
[Lazy] SoundManager initialized
18:03:25 [INFO] Starting new game... Scenario: default
18:03:25 [INFO] Game Log: Runde 1: Tag
18:03:25 [INFO] Game Log: Szenario gestartet: Freiheit für die Minen
18:03:25 [INFO] Hero created: Goldyx (goldyx)
Spawned 6 enemies.
18:03:25 [DEBUG] Initial game state rendered.
18:03:25 [INFO] Game Log: Welcome to Mage Knight!
18:03:25 [INFO] Game Log: Ziele: 2 Minen befreien, 1 Festung erobern.

[90mstdout[2m | TouchController.resizeCanvas (/home/tobber/.gemini/antigravity/scratch/mageknight/js/touchController.js:406:21)
[22m[39mCanvas resized to 100x100

[90mstdout[2m | TouchController.resizeCanvas (/home/tobber/.gemini/antigravity/scratch/mageknight/js/touchController.js:406:21)
[22m[39mCanvas resized to 100x100

[90mstdout[2m | TouchController.resizeCanvas (/home/tobber/.gemini/antigravity/scratch/mageknight/js/touchController.js:406:21)
[22m[39mCanvas resized to 100x100

[90mstdout[2m | tests/game_flow_extended.test.js[2m > [22m[2mCoverage Boost v4 - Game & UI & Touch[2m > [22m[2mTouchController Gaps[2m > [22m[2mshould handle card long press
[22m[39mAI Worker initialized
18:03:25 [INFO] 🔧 Debug Tools initialized. Access via window.game or window.debug
[Lazy] SoundManager initialized
18:03:25 [INFO] Starting new game... Scenario: default
18:03:25 [INFO] Game Log: Runde 1: Tag
18:03:25 [INFO] Game Log: Szenario gestartet: Freiheit für die Minen
18:03:25 [INFO] Hero created: Goldyx (goldyx)
Spawned 6 enemies.
18:03:25 [DEBUG] Initial game state rendered.
18:03:25 [INFO] Game Log: Welcome to Mage Knight!
18:03:25 [INFO] Game Log: Ziele: 2 Minen befreien, 1 Festung erobern.

[90mstdout[2m | TouchController.resizeCanvas (/home/tobber/.gemini/antigravity/scratch/mageknight/js/touchController.js:406:21)
[22m[39mCanvas resized to 100x100

[90mstdout[2m | TouchController.resizeCanvas (/home/tobber/.gemini/antigravity/scratch/mageknight/js/touchController.js:406:21)
[22m[39mCanvas resized to 100x100

[90mstdout[2m | TouchController.resizeCanvas (/home/tobber/.gemini/antigravity/scratch/mageknight/js/touchController.js:406:21)
[22m[39mCanvas resized to 100x100

[90mstdout[2m | TouchController.resizeCanvas (/home/tobber/.gemini/antigravity/scratch/mageknight/js/touchController.js:406:21)
[22m[39mCanvas resized to 100x100

[90mstdout[2m | tests/game_flow_extended.test.js[2m > [22m[2mCoverage Boost v4 - Game & UI & Touch[2m > [22m[2mTouchController Gaps[2m > [22m[2mshould handle touch cancel
[22m[39mAI Worker initialized
18:03:25 [INFO] 🔧 Debug Tools initialized. Access via window.game or window.debug
[Lazy] SoundManager initialized
18:03:25 [INFO] Starting new game... Scenario: default
18:03:25 [INFO] Game Log: Runde 1: Tag
18:03:25 [INFO] Game Log: Szenario gestartet: Freiheit für die Minen
18:03:25 [INFO] Hero created: Goldyx (goldyx)
Spawned 6 enemies.
18:03:25 [DEBUG] Initial game state rendered.
18:03:25 [INFO] Game Log: Welcome to Mage Knight!
18:03:25 [INFO] Game Log: Ziele: 2 Minen befreien, 1 Festung erobern.

[90mstdout[2m | tests/game_flow_extended.test.js
[22m[39mCanvas resized to 100x100

[90mstdout[2m | TouchController.resizeCanvas (/home/tobber/.gemini/antigravity/scratch/mageknight/js/touchController.js:406:21)
[22m[39mCanvas resized to 100x100

[90mstdout[2m | tests/game_flow_extended.test.js
[22m[39mCanvas resized to 100x100

[90mstdout[2m | tests/game_flow_extended.test.js
[22m[39mCanvas resized to 100x100

[90mstdout[2m | tests/game_flow_extended.test.js
[22m[39mCanvas resized to 100x100

[90mstdout[2m | TouchController.resizeCanvas (/home/tobber/.gemini/antigravity/scratch/mageknight/js/touchController.js:406:21)
[22m[39mCanvas resized to 100x100

[90mstdout[2m | TouchController.resizeCanvas (/home/tobber/.gemini/antigravity/scratch/mageknight/js/touchController.js:406:21)
[22m[39mCanvas resized to 100x100

[90mstdout[2m | tests/game_flow_extended.test.js
[22m[39mCanvas resized to 100x100

[90mstdout[2m | tests/game_flow_extended.test.js
[22m[39mCanvas resized to 100x100

[90mstdout[2m | tests/game_flow_extended.test.js
[22m[39mCanvas resized to 100x100

[90mstdout[2m | tests/game_flow_extended.test.js
[22m[39mCanvas resized to 100x100

[90mstdout[2m | tests/game_flow_extended.test.js
[22m[39mCanvas resized to 100x100

 [32m✓[39m tests/game_flow_extended.test.js [2m([22m[2m9 tests[22m[2m)[22m[32m 267[2mms[22m[39m
[90mstderr[2m | js/ui.js:57:37
[22m[39mFailed to load FloatingTextManager TypeError: window.getComputedStyle is not a function
    at new FloatingTextManager [90m(/home/tobber/.gemini/antigravity/scratch/mageknight/[39mjs/ui/FloatingTextManager.js:20:34[90m)[39m
    at [90m/home/tobber/.gemini/antigravity/scratch/mageknight/[39mjs/ui.js:55:37
[90m    at processTicksAndRejections (node:internal/process/task_queues:103:5)[39m
Failed to load FloatingTextManager TypeError: window.getComputedStyle is not a function
    at new FloatingTextManager [90m(/home/tobber/.gemini/antigravity/scratch/mageknight/[39mjs/ui/FloatingTextManager.js:20:34[90m)[39m
    at [90m/home/tobber/.gemini/antigravity/scratch/mageknight/[39mjs/ui.js:55:37
[90m    at processTicksAndRejections (node:internal/process/task_queues:103:5)[39m
Failed to load FloatingTextManager TypeError: window.getComputedStyle is not a function
    at new FloatingTextManager [90m(/home/tobber/.gemini/antigravity/scratch/mageknight/[39mjs/ui/FloatingTextManager.js:20:34[90m)[39m
    at [90m/home/tobber/.gemini/antigravity/scratch/mageknight/[39mjs/ui.js:55:37
[90m    at processTicksAndRejections (node:internal/process/task_queues:103:5)[39m
Failed to load FloatingTextManager TypeError: window.getComputedStyle is not a function
    at new FloatingTextManager [90m(/home/tobber/.gemini/antigravity/scratch/mageknight/[39mjs/ui/FloatingTextManager.js:20:34[90m)[39m
    at [90m/home/tobber/.gemini/antigravity/scratch/mageknight/[39mjs/ui.js:55:37
[90m    at processTicksAndRejections (node:internal/process/task_queues:103:5)[39m
Failed to load FloatingTextManager TypeError: window.getComputedStyle is not a function
    at new FloatingTextManager [90m(/home/tobber/.gemini/antigravity/scratch/mageknight/[39mjs/ui/FloatingTextManager.js:20:34[90m)[39m
    at [90m/home/tobber/.gemini/antigravity/scratch/mageknight/[39mjs/ui.js:55:37
[90m    at processTicksAndRejections (node:internal/process/task_queues:103:5)[39m
Failed to load FloatingTextManager TypeError: window.getComputedStyle is not a function
    at new FloatingTextManager [90m(/home/tobber/.gemini/antigravity/scratch/mageknight/[39mjs/ui/FloatingTextManager.js:20:34[90m)[39m
    at [90m/home/tobber/.gemini/antigravity/scratch/mageknight/[39mjs/ui.js:55:37
[90m    at processTicksAndRejections (node:internal/process/task_queues:103:5)[39m
Failed to load FloatingTextManager TypeError: window.getComputedStyle is not a function
    at new FloatingTextManager [90m(/home/tobber/.gemini/antigravity/scratch/mageknight/[39mjs/ui/FloatingTextManager.js:20:34[90m)[39m
    at [90m/home/tobber/.gemini/antigravity/scratch/mageknight/[39mjs/ui.js:55:37
[90m    at processTicksAndRejections (node:internal/process/task_queues:103:5)[39m
Failed to load FloatingTextManager TypeError: window.getComputedStyle is not a function
    at new FloatingTextManager [90m(/home/tobber/.gemini/antigravity/scratch/mageknight/[39mjs/ui/FloatingTextManager.js:20:34[90m)[39m
    at [90m/home/tobber/.gemini/antigravity/scratch/mageknight/[39mjs/ui.js:55:37
[90m    at processTicksAndRejections (node:internal/process/task_queues:103:5)[39m
Failed to load FloatingTextManager TypeError: window.getComputedStyle is not a function
    at new FloatingTextManager [90m(/home/tobber/.gemini/antigravity/scratch/mageknight/[39mjs/ui/FloatingTextManager.js:20:34[90m)[39m
    at [90m/home/tobber/.gemini/antigravity/scratch/mageknight/[39mjs/ui.js:55:37
[90m    at processTicksAndRejections (node:internal/process/task_queues:103:5)[39m
Failed to load FloatingTextManager TypeError: window.getComputedStyle is not a function
    at new FloatingTextManager [90m(/home/tobber/.gemini/antigravity/scratch/mageknight/[39mjs/ui/FloatingTextManager.js:20:34[90m)[39m
    at [90m/home/tobber/.gemini/antigravity/scratch/mageknight/[39mjs/ui.js:55:37
[90m    at processTicksAndRejections (node:internal/process/task_queues:103:5)[39m
Failed to load FloatingTextManager TypeError: window.getComputedStyle is not a function
    at new FloatingTextManager [90m(/home/tobber/.gemini/antigravity/scratch/mageknight/[39mjs/ui/FloatingTextManager.js:20:34[90m)[39m
    at [90m/home/tobber/.gemini/antigravity/scratch/mageknight/[39mjs/ui.js:55:37
[90m    at processTicksAndRejections (node:internal/process/task_queues:103:5)[39m
Failed to load FloatingTextManager TypeError: window.getComputedStyle is not a function
    at new FloatingTextManager [90m(/home/tobber/.gemini/antigravity/scratch/mageknight/[39mjs/ui/FloatingTextManager.js:20:34[90m)[39m
    at [90m/home/tobber/.gemini/antigravity/scratch/mageknight/[39mjs/ui.js:55:37
[90m    at processTicksAndRejections (node:internal/process/task_queues:103:5)[39m
Failed to load FloatingTextManager TypeError: window.getComputedStyle is not a function
    at new FloatingTextManager [90m(/home/tobber/.gemini/antigravity/scratch/mageknight/[39mjs/ui/FloatingTextManager.js:20:34[90m)[39m
    at [90m/home/tobber/.gemini/antigravity/scratch/mageknight/[39mjs/ui.js:55:37
[90m    at processTicksAndRejections (node:internal/process/task_queues:103:5)[39m
Failed to load FloatingTextManager TypeError: window.getComputedStyle is not a function
    at new FloatingTextManager [90m(/home/tobber/.gemini/antigravity/scratch/mageknight/[39mjs/ui/FloatingTextManager.js:20:34[90m)[39m
    at [90m/home/tobber/.gemini/antigravity/scratch/mageknight/[39mjs/ui.js:55:37
[90m    at processTicksAndRejections (node:internal/process/task_queues:103:5)[39m
Failed to load FloatingTextManager TypeError: window.getComputedStyle is not a function
    at new FloatingTextManager [90m(/home/tobber/.gemini/antigravity/scratch/mageknight/[39mjs/ui/FloatingTextManager.js:20:34[90m)[39m
    at [90m/home/tobber/.gemini/antigravity/scratch/mageknight/[39mjs/ui.js:55:37
[90m    at processTicksAndRejections (node:internal/process/task_queues:103:5)[39m
Failed to load FloatingTextManager TypeError: window.getComputedStyle is not a function
    at new FloatingTextManager [90m(/home/tobber/.gemini/antigravity/scratch/mageknight/[39mjs/ui/FloatingTextManager.js:20:34[90m)[39m
    at [90m/home/tobber/.gemini/antigravity/scratch/mageknight/[39mjs/ui.js:55:37
[90m    at processTicksAndRejections (node:internal/process/task_queues:103:5)[39m
Failed to load FloatingTextManager TypeError: window.getComputedStyle is not a function
    at new FloatingTextManager [90m(/home/tobber/.gemini/antigravity/scratch/mageknight/[39mjs/ui/FloatingTextManager.js:20:34[90m)[39m
    at [90m/home/tobber/.gemini/antigravity/scratch/mageknight/[39mjs/ui.js:55:37
[90m    at processTicksAndRejections (node:internal/process/task_queues:103:5)[39m
Failed to load FloatingTextManager TypeError: window.getComputedStyle is not a function
    at new FloatingTextManager [90m(/home/tobber/.gemini/antigravity/scratch/mageknight/[39mjs/ui/FloatingTextManager.js:20:34[90m)[39m
    at [90m/home/tobber/.gemini/antigravity/scratch/mageknight/[39mjs/ui.js:55:37
[90m    at processTicksAndRejections (node:internal/process/task_queues:103:5)[39m

[90mstdout[2m | TouchController.resizeCanvas (/home/tobber/.gemini/antigravity/scratch/mageknight/js/touchController.js:406:21)
[22m[39mCanvas resized to 100x100

[90mstdout[2m | TouchController.resizeCanvas (/home/tobber/.gemini/antigravity/scratch/mageknight/js/touchController.js:406:21)
[22m[39mCanvas resized to 100x100

[90mstdout[2m | TouchController.resizeCanvas (/home/tobber/.gemini/antigravity/scratch/mageknight/js/touchController.js:406:21)
[22m[39mCanvas resized to 100x100

[90mstdout[2m | TouchController.resizeCanvas (/home/tobber/.gemini/antigravity/scratch/mageknight/js/touchController.js:406:21)
[22m[39mCanvas resized to 100x100

[90mstdout[2m | TouchController.resizeCanvas (/home/tobber/.gemini/antigravity/scratch/mageknight/js/touchController.js:406:21)
[22m[39mCanvas resized to 100x100

[90mstdout[2m | TouchController.resizeCanvas (/home/tobber/.gemini/antigravity/scratch/mageknight/js/touchController.js:406:21)
[22m[39mCanvas resized to 100x100

[90mstdout[2m | TouchController.resizeCanvas (/home/tobber/.gemini/antigravity/scratch/mageknight/js/touchController.js:406:21)
[22m[39mCanvas resized to 100x100

[90mstdout[2m | TouchController.resizeCanvas (/home/tobber/.gemini/antigravity/scratch/mageknight/js/touchController.js:406:21)
[22m[39mCanvas resized to 100x100

[90mstdout[2m | TouchController.resizeCanvas (/home/tobber/.gemini/antigravity/scratch/mageknight/js/touchController.js:406:21)
[22m[39mCanvas resized to 100x100

[90mstdout[2m | tests/undo_system.test.js[2m > [22m[2mUndo System[2m > [22m[2mShould save checkpoint before action
[22m[39mAI Worker initialized
18:03:25 [INFO] 🔧 Debug Tools initialized. Access via window.game or window.debug
[Lazy] SoundManager initialized
18:03:25 [INFO] Starting new game... Scenario: default
18:03:25 [INFO] Game Log: Runde 1: Tag
18:03:25 [INFO] Game Log: Szenario gestartet: Freiheit für die Minen
18:03:25 [INFO] Hero created: Goldyx (goldyx)
Spawned 6 enemies.
18:03:25 [DEBUG] Initial game state rendered.
18:03:25 [INFO] Game Log: Welcome to Mage Knight!
18:03:25 [INFO] Game Log: Ziele: 2 Minen befreien, 1 Festung erobern.

[90mstdout[2m | tests/undo_system.test.js[2m > [22m[2mUndo System[2m > [22m[2mShould save checkpoint before action
[22m[39m18:03:25 [DEBUG] Saving checkpoint for undo/redo

[90mstdout[2m | tests/undo_system.test.js[2m > [22m[2mUndo System[2m > [22m[2mShould undo Movement
[22m[39mAI Worker initialized
18:03:25 [INFO] 🔧 Debug Tools initialized. Access via window.game or window.debug
[Lazy] SoundManager initialized
18:03:25 [INFO] Starting new game... Scenario: default
18:03:25 [INFO] Game Log: Runde 1: Tag
18:03:25 [INFO] Game Log: Szenario gestartet: Freiheit für die Minen
18:03:25 [INFO] Hero created: Goldyx (goldyx)
Spawned 6 enemies.
18:03:25 [DEBUG] Initial game state rendered.
18:03:25 [INFO] Game Log: Welcome to Mage Knight!
18:03:25 [INFO] Game Log: Ziele: 2 Minen befreien, 1 Festung erobern.

[90mstdout[2m | tests/undo_system.test.js[2m > [22m[2mUndo System[2m > [22m[2mShould undo Movement
[22m[39m18:03:25 [DEBUG] Saving checkpoint for undo/redo
18:03:25 [INFO] Hero moved from 0,0 to 1,0 (Cost: 2, Points left: 8)

 [32m✓[39m tests/ui/ui_hand.test.js [2m([22m[2m3 tests[22m[2m)[22m[32m 180[2mms[22m[39m
[90mstdout[2m | tests/undo_system.test.js[2m > [22m[2mUndo System[2m > [22m[2mShould undo Movement
[22m[39m[Lazy] AchievementManager initialized

[90mstdout[2m | tests/undo_system.test.js[2m > [22m[2mUndo System[2m > [22m[2mShould undo Movement
[22m[39m18:03:25 [INFO] Game Log: Aktion rückgängig gemacht.
18:03:25 [INFO] Action undone. State restored.

[90mstdout[2m | tests/undo_system.test.js[2m > [22m[2mUndo System[2m > [22m[2mShould undo Play Card
[22m[39mAI Worker initialized
18:03:25 [INFO] 🔧 Debug Tools initialized. Access via window.game or window.debug
[Lazy] SoundManager initialized
18:03:25 [INFO] Starting new game... Scenario: default
18:03:25 [INFO] Game Log: Runde 1: Tag
18:03:25 [INFO] Game Log: Szenario gestartet: Freiheit für die Minen
18:03:25 [INFO] Hero created: Goldyx (goldyx)
Spawned 6 enemies.
18:03:25 [DEBUG] Initial game state rendered.
18:03:25 [INFO] Game Log: Welcome to Mage Knight!
18:03:25 [INFO] Game Log: Ziele: 2 Minen befreien, 1 Festung erobern.

[90mstdout[2m | tests/undo_system.test.js[2m > [22m[2mUndo System[2m > [22m[2mShould undo Play Card
[22m[39m18:03:25 [DEBUG] Saving checkpoint for undo/redo
18:03:25 [INFO] Game Log: Aktion rückgängig gemacht.
18:03:25 [INFO] Action undone. State restored.

[90mstdout[2m | tests/undo_system.test.js[2m > [22m[2mUndo System[2m > [22m[2mShould undo Take Mana
[22m[39mAI Worker initialized
18:03:25 [INFO] 🔧 Debug Tools initialized. Access via window.game or window.debug
[Lazy] SoundManager initialized
18:03:25 [INFO] Starting new game... Scenario: default
18:03:25 [INFO] Game Log: Runde 1: Tag
18:03:25 [INFO] Game Log: Szenario gestartet: Freiheit für die Minen
18:03:25 [INFO] Hero created: Goldyx (goldyx)
Spawned 6 enemies.
18:03:25 [DEBUG] Initial game state rendered.
18:03:25 [INFO] Game Log: Welcome to Mage Knight!
18:03:25 [INFO] Game Log: Ziele: 2 Minen befreien, 1 Festung erobern.

[90mstdout[2m | tests/undo_system.test.js[2m > [22m[2mUndo System[2m > [22m[2mShould undo Take Mana
[22m[39m18:03:25 [DEBUG] Saving checkpoint for undo/redo
18:03:25 [INFO] Game Log: Aktion rückgängig gemacht.
18:03:25 [INFO] Action undone. State restored.

[90mstdout[2m | tests/undo_system.test.js[2m > [22m[2mUndo System[2m > [22m[2mShould clear history on Irreversible Actions (Explore)
[22m[39mAI Worker initialized
18:03:25 [INFO] 🔧 Debug Tools initialized. Access via window.game or window.debug
[Lazy] SoundManager initialized
18:03:25 [INFO] Starting new game... Scenario: default
18:03:25 [INFO] Game Log: Runde 1: Tag
18:03:25 [INFO] Game Log: Szenario gestartet: Freiheit für die Minen
18:03:25 [INFO] Hero created: Goldyx (goldyx)
Spawned 6 enemies.
18:03:25 [DEBUG] Initial game state rendered.
18:03:25 [INFO] Game Log: Welcome to Mage Knight!
18:03:25 [INFO] Game Log: Ziele: 2 Minen befreien, 1 Festung erobern.

[90mstdout[2m | tests/undo_system.test.js[2m > [22m[2mUndo System[2m > [22m[2mShould clear history on Irreversible Actions (Explore)
[22m[39m18:03:25 [DEBUG] Saving checkpoint for undo/redo
18:03:25 [INFO] Game Log: Neues Gebiet entdeckt!

[90mstdout[2m | tests/undo_system.test.js[2m > [22m[2mUndo System[2m > [22m[2mShould NOT undo during Combat
[22m[39mAI Worker initialized
18:03:25 [INFO] 🔧 Debug Tools initialized. Access via window.game or window.debug
[Lazy] SoundManager initialized
18:03:25 [INFO] Starting new game... Scenario: default
18:03:25 [INFO] Game Log: Runde 1: Tag
18:03:25 [INFO] Game Log: Szenario gestartet: Freiheit für die Minen
18:03:25 [INFO] Hero created: Goldyx (goldyx)
Spawned 6 enemies.
18:03:25 [DEBUG] Initial game state rendered.
18:03:25 [INFO] Game Log: Welcome to Mage Knight!
18:03:25 [INFO] Game Log: Ziele: 2 Minen befreien, 1 Festung erobern.

[90mstdout[2m | tests/undo_system.test.js[2m > [22m[2mUndo System[2m > [22m[2mShould NOT undo during Combat
[22m[39m18:03:25 [DEBUG] Saving checkpoint for undo/redo

[90mstdout[2m | tests/undo_system.test.js
[22m[39mCanvas resized to 100x100

[90mstdout[2m | tests/undo_system.test.js
[22m[39mCanvas resized to 100x100

 [32m✓[39m tests/undo_system.test.js [2m([22m[2m6 tests[22m[2m)[22m[32m 177[2mms[22m[39m
[90mstderr[2m | js/ui.js:57:37
[22m[39mFailed to load FloatingTextManager TypeError: window.getComputedStyle is not a function
    at new FloatingTextManager [90m(/home/tobber/.gemini/antigravity/scratch/mageknight/[39mjs/ui/FloatingTextManager.js:20:34[90m)[39m
    at [90m/home/tobber/.gemini/antigravity/scratch/mageknight/[39mjs/ui.js:55:37
[90m    at processTicksAndRejections (node:internal/process/task_queues:103:5)[39m
Failed to load FloatingTextManager TypeError: window.getComputedStyle is not a function
    at new FloatingTextManager [90m(/home/tobber/.gemini/antigravity/scratch/mageknight/[39mjs/ui/FloatingTextManager.js:20:34[90m)[39m
    at [90m/home/tobber/.gemini/antigravity/scratch/mageknight/[39mjs/ui.js:55:37
[90m    at processTicksAndRejections (node:internal/process/task_queues:103:5)[39m
Failed to load FloatingTextManager TypeError: window.getComputedStyle is not a function
    at new FloatingTextManager [90m(/home/tobber/.gemini/antigravity/scratch/mageknight/[39mjs/ui/FloatingTextManager.js:20:34[90m)[39m
    at [90m/home/tobber/.gemini/antigravity/scratch/mageknight/[39mjs/ui.js:55:37
[90m    at processTicksAndRejections (node:internal/process/task_queues:103:5)[39m
Failed to load FloatingTextManager TypeError: window.getComputedStyle is not a function
    at new FloatingTextManager [90m(/home/tobber/.gemini/antigravity/scratch/mageknight/[39mjs/ui/FloatingTextManager.js:20:34[90m)[39m
    at [90m/home/tobber/.gemini/antigravity/scratch/mageknight/[39mjs/ui.js:55:37
[90m    at processTicksAndRejections (node:internal/process/task_queues:103:5)[39m
Failed to load FloatingTextManager TypeError: window.getComputedStyle is not a function
    at new FloatingTextManager [90m(/home/tobber/.gemini/antigravity/scratch/mageknight/[39mjs/ui/FloatingTextManager.js:20:34[90m)[39m
    at [90m/home/tobber/.gemini/antigravity/scratch/mageknight/[39mjs/ui.js:55:37
[90m    at processTicksAndRejections (node:internal/process/task_queues:103:5)[39m
Failed to load FloatingTextManager TypeError: window.getComputedStyle is not a function
    at new FloatingTextManager [90m(/home/tobber/.gemini/antigravity/scratch/mageknight/[39mjs/ui/FloatingTextManager.js:20:34[90m)[39m
    at [90m/home/tobber/.gemini/antigravity/scratch/mageknight/[39mjs/ui.js:55:37
[90m    at processTicksAndRejections (node:internal/process/task_queues:103:5)[39m

[90mstdout[2m | TouchController.resizeCanvas (/home/tobber/.gemini/antigravity/scratch/mageknight/js/touchController.js:406:21)
[22m[39mCanvas resized to 100x100

[90mstdout[2m | TouchController.resizeCanvas (/home/tobber/.gemini/antigravity/scratch/mageknight/js/touchController.js:406:21)
[22m[39mCanvas resized to 100x100

[90mstdout[2m | tests/level_up.test.js[2m > [22m[2mLevel Up System[2m > [22m[2mShould trigger Level Up Manager when fame threshold is reached
[22m[39mAI Worker initialized
18:03:26 [INFO] 🔧 Debug Tools initialized. Access via window.game or window.debug
[Lazy] SoundManager initialized
18:03:26 [INFO] Starting new game... Scenario: default
18:03:26 [INFO] Game Log: Runde 1: Tag
18:03:26 [INFO] Game Log: Szenario gestartet: Freiheit für die Minen
18:03:26 [INFO] Hero created: Goldyx (goldyx)
Spawned 6 enemies.
18:03:26 [DEBUG] Initial game state rendered.
18:03:26 [INFO] Game Log: Welcome to Mage Knight!
18:03:26 [INFO] Game Log: Ziele: 2 Minen befreien, 1 Festung erobern.

[90mstdout[2m | tests/level_up.test.js[2m > [22m[2mLevel Up System[2m > [22m[2mShould generate correct number of skill and card offers
[22m[39mAI Worker initialized
18:03:26 [INFO] 🔧 Debug Tools initialized. Access via window.game or window.debug
[Lazy] SoundManager initialized
18:03:26 [INFO] Starting new game... Scenario: default
18:03:26 [INFO] Game Log: Runde 1: Tag
18:03:26 [INFO] Game Log: Szenario gestartet: Freiheit für die Minen
18:03:26 [INFO] Hero created: Goldyx (goldyx)
Spawned 6 enemies.
18:03:26 [DEBUG] Initial game state rendered.
18:03:26 [INFO] Game Log: Welcome to Mage Knight!
18:03:26 [INFO] Game Log: Ziele: 2 Minen befreien, 1 Festung erobern.

[90mstdout[2m | tests/level_up.test.js[2m > [22m[2mLevel Up System[2m > [22m[2mShould generate correct number of skill and card offers
[22m[39m18:03:26 [INFO] Game Log: ⭐ Level 2 erreicht!

[90mstdout[2m | tests/level_up.test.js[2m > [22m[2mLevel Up System[2m > [22m[2mShould disable confirm button until both choices are made
[22m[39mAI Worker initialized
18:03:26 [INFO] 🔧 Debug Tools initialized. Access via window.game or window.debug
[Lazy] SoundManager initialized
18:03:26 [INFO] Starting new game... Scenario: default
18:03:26 [INFO] Game Log: Runde 1: Tag
18:03:26 [INFO] Game Log: Szenario gestartet: Freiheit für die Minen
18:03:26 [INFO] Hero created: Goldyx (goldyx)
Spawned 6 enemies.
18:03:26 [DEBUG] Initial game state rendered.
18:03:26 [INFO] Game Log: Welcome to Mage Knight!
18:03:26 [INFO] Game Log: Ziele: 2 Minen befreien, 1 Festung erobern.

[90mstdout[2m | tests/level_up.test.js[2m > [22m[2mLevel Up System[2m > [22m[2mShould disable confirm button until both choices are made
[22m[39m18:03:26 [INFO] Game Log: ⭐ Level 2 erreicht!

[90mstdout[2m | tests/level_up.test.js[2m > [22m[2mLevel Up System[2m > [22m[2mShould apply choices to Hero upon confirmation
[22m[39mAI Worker initialized
18:03:26 [INFO] 🔧 Debug Tools initialized. Access via window.game or window.debug
[Lazy] SoundManager initialized
18:03:26 [INFO] Starting new game... Scenario: default
18:03:26 [INFO] Game Log: Runde 1: Tag
18:03:26 [INFO] Game Log: Szenario gestartet: Freiheit für die Minen
18:03:26 [INFO] Hero created: Goldyx (goldyx)
Spawned 6 enemies.
18:03:26 [DEBUG] Initial game state rendered.
18:03:26 [INFO] Game Log: Welcome to Mage Knight!
18:03:26 [INFO] Game Log: Ziele: 2 Minen befreien, 1 Festung erobern.

[90mstdout[2m | tests/level_up.test.js[2m > [22m[2mLevel Up System[2m > [22m[2mShould apply choices to Hero upon confirmation
[22m[39m18:03:26 [INFO] Game Log: Skill gelernt: Flug
18:03:26 [INFO] Game Log: Karte gelernt: Hartes Training

[90mstdout[2m | tests/level_up.test.js[2m > [22m[2mLevel Up System[2m > [22m[2mShould apply Command Token bonus on odd levels
[22m[39mAI Worker initialized
18:03:26 [INFO] 🔧 Debug Tools initialized. Access via window.game or window.debug
[Lazy] SoundManager initialized
18:03:26 [INFO] Starting new game... Scenario: default
18:03:26 [INFO] Game Log: Runde 1: Tag
18:03:26 [INFO] Game Log: Szenario gestartet: Freiheit für die Minen
18:03:26 [INFO] Hero created: Goldyx (goldyx)
Spawned 6 enemies.
18:03:26 [DEBUG] Initial game state rendered.
18:03:26 [INFO] Game Log: Welcome to Mage Knight!
18:03:26 [INFO] Game Log: Ziele: 2 Minen befreien, 1 Festung erobern.

[90mstdout[2m | tests/level_up.test.js[2m > [22m[2mLevel Up System[2m > [22m[2mShould apply Command Token bonus on odd levels
[22m[39m18:03:26 [INFO] Game Log: Skill gelernt: Flug
18:03:26 [INFO] Game Log: Karte gelernt: Hartes Training

[90mstdout[2m | tests/level_up.test.js
[22m[39mCanvas resized to 100x100

 [32m✓[39m tests/level_up.test.js [2m([22m[2m5 tests[22m[2m)[22m[32m 180[2mms[22m[39m
[90mstderr[2m | js/ui.js:57:37
[22m[39mFailed to load FloatingTextManager TypeError: window.getComputedStyle is not a function
    at new FloatingTextManager [90m(/home/tobber/.gemini/antigravity/scratch/mageknight/[39mjs/ui/FloatingTextManager.js:20:34[90m)[39m
    at [90m/home/tobber/.gemini/antigravity/scratch/mageknight/[39mjs/ui.js:55:37
[90m    at processTicksAndRejections (node:internal/process/task_queues:103:5)[39m
Failed to load FloatingTextManager TypeError: window.getComputedStyle is not a function
    at new FloatingTextManager [90m(/home/tobber/.gemini/antigravity/scratch/mageknight/[39mjs/ui/FloatingTextManager.js:20:34[90m)[39m
    at [90m/home/tobber/.gemini/antigravity/scratch/mageknight/[39mjs/ui.js:55:37
[90m    at processTicksAndRejections (node:internal/process/task_queues:103:5)[39m
Failed to load FloatingTextManager TypeError: window.getComputedStyle is not a function
    at new FloatingTextManager [90m(/home/tobber/.gemini/antigravity/scratch/mageknight/[39mjs/ui/FloatingTextManager.js:20:34[90m)[39m
    at [90m/home/tobber/.gemini/antigravity/scratch/mageknight/[39mjs/ui.js:55:37
[90m    at processTicksAndRejections (node:internal/process/task_queues:103:5)[39m
Failed to load FloatingTextManager TypeError: window.getComputedStyle is not a function
    at new FloatingTextManager [90m(/home/tobber/.gemini/antigravity/scratch/mageknight/[39mjs/ui/FloatingTextManager.js:20:34[90m)[39m
    at [90m/home/tobber/.gemini/antigravity/scratch/mageknight/[39mjs/ui.js:55:37
[90m    at processTicksAndRejections (node:internal/process/task_queues:103:5)[39m
Failed to load FloatingTextManager TypeError: window.getComputedStyle is not a function
    at new FloatingTextManager [90m(/home/tobber/.gemini/antigravity/scratch/mageknight/[39mjs/ui/FloatingTextManager.js:20:34[90m)[39m
    at [90m/home/tobber/.gemini/antigravity/scratch/mageknight/[39mjs/ui.js:55:37
[90m    at processTicksAndRejections (node:internal/process/task_queues:103:5)[39m

[90mstdout[2m | TouchController.resizeCanvas (/home/tobber/.gemini/antigravity/scratch/mageknight/js/touchController.js:406:21)
[22m[39mCanvas resized to 100x100

[90mstdout[2m | TouchController.resizeCanvas (/home/tobber/.gemini/antigravity/scratch/mageknight/js/touchController.js:406:21)
[22m[39mCanvas resized to 100x100

[90mstdout[2m | TouchController.resizeCanvas (/home/tobber/.gemini/antigravity/scratch/mageknight/js/touchController.js:406:21)
[22m[39mCanvas resized to 100x100

 [32m✓[39m tests/managers/tutorialManager.test.js [2m([22m[2m9 tests[22m[2m)[22m[32m 161[2mms[22m[39m
[90mstdout[2m | tests/mana_amplification.test.js[2m > [22m[2mMana Amplification[2m > [22m[2mShould play basic effect without consuming mana
[22m[39mAI Worker initialized
18:03:26 [INFO] 🔧 Debug Tools initialized. Access via window.game or window.debug
[Lazy] SoundManager initialized
18:03:26 [INFO] Starting new game... Scenario: default
18:03:26 [INFO] Game Log: Runde 1: Tag
18:03:26 [INFO] Game Log: Szenario gestartet: Freiheit für die Minen
18:03:26 [INFO] Hero created: Goldyx (goldyx)
Spawned 6 enemies.
18:03:26 [DEBUG] Initial game state rendered.
18:03:26 [INFO] Game Log: Welcome to Mage Knight!
18:03:26 [INFO] Game Log: Ziele: 2 Minen befreien, 1 Festung erobern.

[90mstdout[2m | tests/mana_amplification.test.js[2m > [22m[2mMana Amplification[2m > [22m[2mShould play strong effect and consume mana
[22m[39mAI Worker initialized
18:03:26 [INFO] 🔧 Debug Tools initialized. Access via window.game or window.debug
[Lazy] SoundManager initialized
18:03:26 [INFO] Starting new game... Scenario: default
18:03:26 [INFO] Game Log: Runde 1: Tag
18:03:26 [INFO] Game Log: Szenario gestartet: Freiheit für die Minen
18:03:26 [INFO] Hero created: Goldyx (goldyx)
Spawned 6 enemies.
18:03:26 [DEBUG] Initial game state rendered.
18:03:26 [INFO] Game Log: Welcome to Mage Knight!
18:03:26 [INFO] Game Log: Ziele: 2 Minen befreien, 1 Festung erobern.

[90mstdout[2m | tests/mana_amplification.test.js[2m > [22m[2mMana Amplification[2m > [22m[2mShould fail to play strong effect if insufficient mana
[22m[39mAI Worker initialized
18:03:26 [INFO] 🔧 Debug Tools initialized. Access via window.game or window.debug
[Lazy] SoundManager initialized
18:03:26 [INFO] Starting new game... Scenario: default
18:03:26 [INFO] Game Log: Runde 1: Tag
18:03:26 [INFO] Game Log: Szenario gestartet: Freiheit für die Minen
18:03:26 [INFO] Hero created: Goldyx (goldyx)
Spawned 6 enemies.
18:03:26 [DEBUG] Initial game state rendered.
18:03:26 [INFO] Game Log: Welcome to Mage Knight!
18:03:26 [INFO] Game Log: Ziele: 2 Minen befreien, 1 Festung erobern.

[90mstdout[2m | tests/mana_amplification.test.js[2m > [22m[2mMana Amplification[2m > [22m[2mShould use Gold mana for strong effect during Day
[22m[39mAI Worker initialized
18:03:26 [INFO] 🔧 Debug Tools initialized. Access via window.game or window.debug
[Lazy] SoundManager initialized
18:03:26 [INFO] Starting new game... Scenario: default
18:03:26 [INFO] Game Log: Runde 1: Tag
18:03:26 [INFO] Game Log: Szenario gestartet: Freiheit für die Minen
18:03:26 [INFO] Hero created: Goldyx (goldyx)
Spawned 6 enemies.
18:03:26 [DEBUG] Initial game state rendered.
18:03:26 [INFO] Game Log: Welcome to Mage Knight!
18:03:26 [INFO] Game Log: Ziele: 2 Minen befreien, 1 Festung erobern.

[90mstderr[2m | tests/ui/settings_modal.test.js[2m > [22m[2mSettingsModal[2m > [22m[2mshould handle malformed JSON in localStorage
[22m[39mFailed to parse settings SyntaxError: Unexpected token 'i', "invalid-json" is not valid JSON
    at JSON.parse (<anonymous>)
    at SettingsModal.loadSettings [90m(/home/tobber/.gemini/antigravity/scratch/mageknight/[39mjs/ui/SettingsModal.js:85:47[90m)[39m
    at new SettingsModal [90m(/home/tobber/.gemini/antigravity/scratch/mageknight/[39mjs/ui/SettingsModal.js:13:30[90m)[39m
    at [90m/home/tobber/.gemini/antigravity/scratch/mageknight/[39mtests/ui/settings_modal.test.js:93:23
    at [90mfile:///home/tobber/.gemini/antigravity/scratch/mageknight/[39mnode_modules/[4m@vitest/runner[24m/dist/index.js:145:11
    at [90mfile:///home/tobber/.gemini/antigravity/scratch/mageknight/[39mnode_modules/[4m@vitest/runner[24m/dist/index.js:915:26
    at [90mfile:///home/tobber/.gemini/antigravity/scratch/mageknight/[39mnode_modules/[4m@vitest/runner[24m/dist/index.js:1243:20
    at new Promise (<anonymous>)
    at runWithTimeout [90m(file:///home/tobber/.gemini/antigravity/scratch/mageknight/[39mnode_modules/[4m@vitest/runner[24m/dist/index.js:1209:10[90m)[39m
    at [90mfile:///home/tobber/.gemini/antigravity/scratch/mageknight/[39mnode_modules/[4m@vitest/runner[24m/dist/index.js:1653:37

[90mstdout[2m | tests/mana_amplification.test.js[2m > [22m[2mMana Amplification[2m > [22m[2mShould NOT use Gold mana for strong effect during Night
[22m[39mAI Worker initialized
18:03:26 [INFO] 🔧 Debug Tools initialized. Access via window.game or window.debug
[Lazy] SoundManager initialized
18:03:26 [INFO] Starting new game... Scenario: default
18:03:26 [INFO] Game Log: Runde 1: Tag
18:03:26 [INFO] Game Log: Szenario gestartet: Freiheit für die Minen
18:03:26 [INFO] Hero created: Goldyx (goldyx)
Spawned 6 enemies.
18:03:26 [DEBUG] Initial game state rendered.
18:03:26 [INFO] Game Log: Welcome to Mage Knight!
18:03:26 [INFO] Game Log: Ziele: 2 Minen befreien, 1 Festung erobern.

[90mstderr[2m | tests/ui/settings_modal.test.js[2m > [22m[2mSettingsModal[2m > [22m[2mshould toggle visibility (show/hide)
[22m[39mFailed to parse settings SyntaxError: Unexpected token 'i', "invalid-json" is not valid JSON
    at JSON.parse (<anonymous>)
    at SettingsModal.loadSettings [90m(/home/tobber/.gemini/antigravity/scratch/mageknight/[39mjs/ui/SettingsModal.js:85:47[90m)[39m
    at new SettingsModal [90m(/home/tobber/.gemini/antigravity/scratch/mageknight/[39mjs/ui/SettingsModal.js:13:30[90m)[39m
    at [90m/home/tobber/.gemini/antigravity/scratch/mageknight/[39mtests/ui/settings_modal.test.js:58:25
    at [90mfile:///home/tobber/.gemini/antigravity/scratch/mageknight/[39mnode_modules/[4m@vitest/runner[24m/dist/index.js:145:11
    at [90mfile:///home/tobber/.gemini/antigravity/scratch/mageknight/[39mnode_modules/[4m@vitest/runner[24m/dist/index.js:1243:20
    at new Promise (<anonymous>)
    at runWithTimeout [90m(file:///home/tobber/.gemini/antigravity/scratch/mageknight/[39mnode_modules/[4m@vitest/runner[24m/dist/index.js:1209:10[90m)[39m
    at runHook [90m(file:///home/tobber/.gemini/antigravity/scratch/mageknight/[39mnode_modules/[4m@vitest/runner[24m/dist/index.js:1514:51[90m)[39m
    at callSuiteHook [90m(file:///home/tobber/.gemini/antigravity/scratch/mageknight/[39mnode_modules/[4m@vitest/runner[24m/dist/index.js:1520:25[90m)[39m

[90mstdout[2m | tests/mana_amplification.test.js[2m > [22m[2mMana Amplification[2m > [22m[2mShould Undo strong play and restore mana
[22m[39mAI Worker initialized
18:03:26 [INFO] 🔧 Debug Tools initialized. Access via window.game or window.debug
[Lazy] SoundManager initialized
18:03:26 [INFO] Starting new game... Scenario: default
18:03:26 [INFO] Game Log: Runde 1: Tag
18:03:26 [INFO] Game Log: Szenario gestartet: Freiheit für die Minen
18:03:26 [INFO] Hero created: Goldyx (goldyx)
Spawned 6 enemies.
18:03:26 [DEBUG] Initial game state rendered.
18:03:26 [INFO] Game Log: Welcome to Mage Knight!
18:03:26 [INFO] Game Log: Ziele: 2 Minen befreien, 1 Festung erobern.

[90mstdout[2m | tests/mana_amplification.test.js[2m > [22m[2mMana Amplification[2m > [22m[2mShould Undo strong play and restore mana
[22m[39m18:03:26 [DEBUG] Saving checkpoint for undo/redo
18:03:26 [DEBUG] Saving checkpoint for undo/redo
18:03:26 [INFO] Game Log: Aktion rückgängig gemacht.
18:03:26 [INFO] Action undone. State restored.

[90mstdout[2m | tests/mana_amplification.test.js
[22m[39mCanvas resized to 100x100

 [32m✓[39m tests/mana_amplification.test.js [2m([22m[2m6 tests[22m[2m)[22m[32m 203[2mms[22m[39m
[90mstderr[2m | js/ui.js:57:37
[22m[39mFailed to load FloatingTextManager TypeError: window.getComputedStyle is not a function
    at new FloatingTextManager [90m(/home/tobber/.gemini/antigravity/scratch/mageknight/[39mjs/ui/FloatingTextManager.js:20:34[90m)[39m
    at [90m/home/tobber/.gemini/antigravity/scratch/mageknight/[39mjs/ui.js:55:37
[90m    at processTicksAndRejections (node:internal/process/task_queues:103:5)[39m
Failed to load FloatingTextManager TypeError: window.getComputedStyle is not a function
    at new FloatingTextManager [90m(/home/tobber/.gemini/antigravity/scratch/mageknight/[39mjs/ui/FloatingTextManager.js:20:34[90m)[39m
    at [90m/home/tobber/.gemini/antigravity/scratch/mageknight/[39mjs/ui.js:55:37
[90m    at processTicksAndRejections (node:internal/process/task_queues:103:5)[39m
Failed to load FloatingTextManager TypeError: window.getComputedStyle is not a function
    at new FloatingTextManager [90m(/home/tobber/.gemini/antigravity/scratch/mageknight/[39mjs/ui/FloatingTextManager.js:20:34[90m)[39m
    at [90m/home/tobber/.gemini/antigravity/scratch/mageknight/[39mjs/ui.js:55:37
[90m    at processTicksAndRejections (node:internal/process/task_queues:103:5)[39m
Failed to load FloatingTextManager TypeError: window.getComputedStyle is not a function
    at new FloatingTextManager [90m(/home/tobber/.gemini/antigravity/scratch/mageknight/[39mjs/ui/FloatingTextManager.js:20:34[90m)[39m
    at [90m/home/tobber/.gemini/antigravity/scratch/mageknight/[39mjs/ui.js:55:37
[90m    at processTicksAndRejections (node:internal/process/task_queues:103:5)[39m
Failed to load FloatingTextManager TypeError: window.getComputedStyle is not a function
    at new FloatingTextManager [90m(/home/tobber/.gemini/antigravity/scratch/mageknight/[39mjs/ui/FloatingTextManager.js:20:34[90m)[39m
    at [90m/home/tobber/.gemini/antigravity/scratch/mageknight/[39mjs/ui.js:55:37
[90m    at processTicksAndRejections (node:internal/process/task_queues:103:5)[39m
Failed to load FloatingTextManager TypeError: window.getComputedStyle is not a function
    at new FloatingTextManager [90m(/home/tobber/.gemini/antigravity/scratch/mageknight/[39mjs/ui/FloatingTextManager.js:20:34[90m)[39m
    at [90m/home/tobber/.gemini/antigravity/scratch/mageknight/[39mjs/ui.js:55:37
[90m    at processTicksAndRejections (node:internal/process/task_queues:103:5)[39m

[90mstdout[2m | TouchController.resizeCanvas (/home/tobber/.gemini/antigravity/scratch/mageknight/js/touchController.js:406:21)
[22m[39mCanvas resized to 100x100

[90mstdout[2m | TouchController.resizeCanvas (/home/tobber/.gemini/antigravity/scratch/mageknight/js/touchController.js:406:21)
[22m[39mCanvas resized to 100x100

[90mstdout[2m | TouchController.resizeCanvas (/home/tobber/.gemini/antigravity/scratch/mageknight/js/touchController.js:406:21)
[22m[39mCanvas resized to 100x100

[90mstdout[2m | tests/hero_skills.test.js[2m > [22m[2mHero Skills Implementation[2m > [22m[2mGoldyx: Flight[2m > [22m[2mshould reduce movement logic costs appropriately when active
[22m[39mAI Worker initialized
18:03:26 [INFO] 🔧 Debug Tools initialized. Access via window.game or window.debug
[Lazy] SoundManager initialized
18:03:27 [INFO] Starting new game... Scenario: default
18:03:27 [INFO] Game Log: Runde 1: Tag
18:03:27 [INFO] Game Log: Szenario gestartet: Freiheit für die Minen
18:03:27 [INFO] Hero created: Goldyx (goldyx)
Spawned 6 enemies.
18:03:27 [DEBUG] Initial game state rendered.
18:03:27 [INFO] Game Log: Welcome to Mage Knight!
18:03:27 [INFO] Game Log: Ziele: 2 Minen befreien, 1 Festung erobern.

[90mstdout[2m | tests/hero_skills.test.js[2m > [22m[2mHero Skills Implementation[2m > [22m[2mGoldyx: Flight[2m > [22m[2mshould reduce movement logic costs appropriately when active
[22m[39m18:03:27 [INFO] Game Log: Fähigkeit "Flug" genutzt: +2 Bewegung, Gelände ignoriert.

 [32m✓[39m tests/ui/settings_modal.test.js [2m([22m[2m14 tests[22m[2m)[22m[32m 201[2mms[22m[39m
[90mstdout[2m | tests/hero_skills.test.js[2m > [22m[2mHero Skills Implementation[2m > [22m[2mNorowas: Motivation (Unit Ready)[2m > [22m[2mshould ready a spent unit
[22m[39mAI Worker initialized
18:03:27 [INFO] 🔧 Debug Tools initialized. Access via window.game or window.debug
[Lazy] SoundManager initialized
18:03:27 [INFO] Starting new game... Scenario: default
18:03:27 [INFO] Game Log: Runde 1: Tag
18:03:27 [INFO] Game Log: Szenario gestartet: Freiheit für die Minen
18:03:27 [INFO] Hero created: Goldyx (goldyx)
Spawned 6 enemies.
18:03:27 [DEBUG] Initial game state rendered.
18:03:27 [INFO] Game Log: Welcome to Mage Knight!
18:03:27 [INFO] Game Log: Ziele: 2 Minen befreien, 1 Festung erobern.

[90mstdout[2m | tests/hero_skills.test.js[2m > [22m[2mHero Skills Implementation[2m > [22m[2mNorowas: Motivation (Unit Ready)[2m > [22m[2mshould ready a spent unit
[22m[39m18:03:27 [INFO] Game Log: Fähigkeit "Motivation" genutzt: Einheit undefined bereit gemacht.

[90mstdout[2m | tests/hero_skills.test.js[2m > [22m[2mHero Skills Implementation[2m > [22m[2mNorowas: Motivation (Unit Ready)[2m > [22m[2mshould fail if no units are spent
[22m[39mAI Worker initialized
18:03:27 [INFO] 🔧 Debug Tools initialized. Access via window.game or window.debug
[Lazy] SoundManager initialized
18:03:27 [INFO] Starting new game... Scenario: default
18:03:27 [INFO] Game Log: Runde 1: Tag
18:03:27 [INFO] Game Log: Szenario gestartet: Freiheit für die Minen
18:03:27 [INFO] Hero created: Goldyx (goldyx)
Spawned 6 enemies.
18:03:27 [DEBUG] Initial game state rendered.
18:03:27 [INFO] Game Log: Welcome to Mage Knight!
18:03:27 [INFO] Game Log: Ziele: 2 Minen befreien, 1 Festung erobern.

[90mstdout[2m | tests/hero_skills.test.js[2m > [22m[2mHero Skills Implementation[2m > [22m[2mNorowas: Healing Touch[2m > [22m[2mshould heal 2 wounds from hero
[22m[39mAI Worker initialized
18:03:27 [INFO] 🔧 Debug Tools initialized. Access via window.game or window.debug
[Lazy] SoundManager initialized
18:03:27 [INFO] Starting new game... Scenario: default
18:03:27 [INFO] Game Log: Runde 1: Tag
18:03:27 [INFO] Game Log: Szenario gestartet: Freiheit für die Minen
18:03:27 [INFO] Hero created: Goldyx (goldyx)
Spawned 6 enemies.
18:03:27 [DEBUG] Initial game state rendered.
18:03:27 [INFO] Game Log: Welcome to Mage Knight!
18:03:27 [INFO] Game Log: Ziele: 2 Minen befreien, 1 Festung erobern.

[90mstdout[2m | tests/hero_skills.test.js[2m > [22m[2mHero Skills Implementation[2m > [22m[2mNorowas: Healing Touch[2m > [22m[2mshould heal 2 wounds from hero
[22m[39m18:03:27 [INFO] Game Log: Fähigkeit "Heilende Hände" genutzt: 2 Wunden geheilt.

[90mstdout[2m | tests/hero_skills.test.js[2m > [22m[2mHero Skills Implementation[2m > [22m[2mNorowas: Healing Touch[2m > [22m[2mshould prioritize healing units if units have wounds? Or just Hero?
[22m[39mAI Worker initialized
18:03:27 [INFO] 🔧 Debug Tools initialized. Access via window.game or window.debug
[Lazy] SoundManager initialized
18:03:27 [INFO] Starting new game... Scenario: default
18:03:27 [INFO] Game Log: Runde 1: Tag
18:03:27 [INFO] Game Log: Szenario gestartet: Freiheit für die Minen
18:03:27 [INFO] Hero created: Goldyx (goldyx)
Spawned 6 enemies.
18:03:27 [DEBUG] Initial game state rendered.
18:03:27 [INFO] Game Log: Welcome to Mage Knight!
18:03:27 [INFO] Game Log: Ziele: 2 Minen befreien, 1 Festung erobern.

[90mstdout[2m | tests/hero_skills.test.js
[22m[39mCanvas resized to 100x100

[90mstderr[2m | tests/hero_skills.test.js
[22m[39mFailed to load FloatingTextManager TypeError: window.getComputedStyle is not a function
    at new FloatingTextManager [90m(/home/tobber/.gemini/antigravity/scratch/mageknight/[39mjs/ui/FloatingTextManager.js:20:34[90m)[39m
    at [90m/home/tobber/.gemini/antigravity/scratch/mageknight/[39mjs/ui.js:55:37
[90m    at processTicksAndRejections (node:internal/process/task_queues:103:5)[39m
Failed to load FloatingTextManager TypeError: window.getComputedStyle is not a function
    at new FloatingTextManager [90m(/home/tobber/.gemini/antigravity/scratch/mageknight/[39mjs/ui/FloatingTextManager.js:20:34[90m)[39m
    at [90m/home/tobber/.gemini/antigravity/scratch/mageknight/[39mjs/ui.js:55:37
[90m    at processTicksAndRejections (node:internal/process/task_queues:103:5)[39m
Failed to load FloatingTextManager TypeError: window.getComputedStyle is not a function
    at new FloatingTextManager [90m(/home/tobber/.gemini/antigravity/scratch/mageknight/[39mjs/ui/FloatingTextManager.js:20:34[90m)[39m
    at [90m/home/tobber/.gemini/antigravity/scratch/mageknight/[39mjs/ui.js:55:37
[90m    at processTicksAndRejections (node:internal/process/task_queues:103:5)[39m
Failed to load FloatingTextManager TypeError: window.getComputedStyle is not a function
    at new FloatingTextManager [90m(/home/tobber/.gemini/antigravity/scratch/mageknight/[39mjs/ui/FloatingTextManager.js:20:34[90m)[39m
    at [90m/home/tobber/.gemini/antigravity/scratch/mageknight/[39mjs/ui.js:55:37
[90m    at processTicksAndRejections (node:internal/process/task_queues:103:5)[39m
Failed to load FloatingTextManager TypeError: window.getComputedStyle is not a function
    at new FloatingTextManager [90m(/home/tobber/.gemini/antigravity/scratch/mageknight/[39mjs/ui/FloatingTextManager.js:20:34[90m)[39m
    at [90m/home/tobber/.gemini/antigravity/scratch/mageknight/[39mjs/ui.js:55:37
[90m    at processTicksAndRejections (node:internal/process/task_queues:103:5)[39m

 [32m✓[39m tests/hero_skills.test.js [2m([22m[2m5 tests[22m[2m)[22m[32m 148[2mms[22m[39m
[90mstdout[2m | TouchController.resizeCanvas (/home/tobber/.gemini/antigravity/scratch/mageknight/js/touchController.js:406:21)
[22m[39mCanvas resized to 100x100

 [32m✓[39m tests/animator.test.js [2m([22m[2m18 tests[22m[2m)[22m[32m 169[2mms[22m[39m
[90mstdout[2m | tests/game_mechanics_advanced.test.js[2m > [22m[2mDeep Game Mechanics[2m > [22m[2mDay/Night Cycle and Transitions[2m > [22m[2mshould cycle from Day to Night at end of round
[22m[39mAI Worker initialized
18:03:27 [INFO] 🔧 Debug Tools initialized. Access via window.game or window.debug
[Lazy] SoundManager initialized
18:03:27 [INFO] Starting new game... Scenario: default
18:03:27 [INFO] Game Log: Runde 1: Tag
18:03:27 [INFO] Game Log: Szenario gestartet: Freiheit für die Minen
18:03:27 [INFO] Hero created: Goldyx (goldyx)
Spawned 6 enemies.
18:03:27 [DEBUG] Initial game state rendered.
18:03:27 [INFO] Game Log: Welcome to Mage Knight!
18:03:27 [INFO] Game Log: Ziele: 2 Minen befreien, 1 Festung erobern.
18:03:27 [INFO] Starting new game... Scenario: default
18:03:27 [INFO] Game Log: Runde 1: Tag
18:03:27 [INFO] Game Log: Szenario gestartet: Freiheit für die Minen
18:03:27 [INFO] Hero created: Goldyx (goldyx)
Spawned 6 enemies.
18:03:27 [DEBUG] Initial game state rendered.
18:03:27 [INFO] Game Log: Welcome to Mage Knight!
18:03:27 [INFO] Game Log: Ziele: 2 Minen befreien, 1 Festung erobern.

[90mstdout[2m | tests/game_mechanics_advanced.test.js[2m > [22m[2mDeep Game Mechanics[2m > [22m[2mDay/Night Cycle and Transitions[2m > [22m[2mshould cycle from Day to Night at end of round
[22m[39m18:03:27 [INFO] Game Log: Runde 2: Nacht

[90mstdout[2m | tests/game_mechanics_advanced.test.js[2m > [22m[2mDeep Game Mechanics[2m > [22m[2mDay/Night Cycle and Transitions[2m > [22m[2mshould refresh offers on new round
[22m[39mAI Worker initialized
18:03:27 [INFO] 🔧 Debug Tools initialized. Access via window.game or window.debug
[Lazy] SoundManager initialized
18:03:27 [INFO] Starting new game... Scenario: default
18:03:27 [INFO] Game Log: Runde 1: Tag
18:03:27 [INFO] Game Log: Szenario gestartet: Freiheit für die Minen
18:03:27 [INFO] Hero created: Goldyx (goldyx)
Spawned 3 enemies.
18:03:27 [DEBUG] Initial game state rendered.
18:03:27 [INFO] Game Log: Welcome to Mage Knight!
18:03:27 [INFO] Game Log: Ziele: 2 Minen befreien, 1 Festung erobern.
18:03:27 [INFO] Starting new game... Scenario: default
18:03:27 [INFO] Game Log: Runde 1: Tag
18:03:27 [INFO] Game Log: Szenario gestartet: Freiheit für die Minen
18:03:27 [INFO] Hero created: Goldyx (goldyx)
Spawned 7 enemies.
18:03:27 [DEBUG] Initial game state rendered.
18:03:27 [INFO] Game Log: Welcome to Mage Knight!
18:03:27 [INFO] Game Log: Ziele: 2 Minen befreien, 1 Festung erobern.

[90mstdout[2m | tests/game_mechanics_advanced.test.js[2m > [22m[2mDeep Game Mechanics[2m > [22m[2mHero Exhaustion / Knockout[2m > [22m[2mshould handle knockout if implemented
[22m[39mAI Worker initialized
18:03:27 [INFO] 🔧 Debug Tools initialized. Access via window.game or window.debug
[Lazy] SoundManager initialized
18:03:27 [INFO] Starting new game... Scenario: default
18:03:27 [INFO] Game Log: Runde 1: Tag
18:03:27 [INFO] Game Log: Szenario gestartet: Freiheit für die Minen
18:03:27 [INFO] Hero created: Goldyx (goldyx)
Spawned 2 enemies.
18:03:27 [DEBUG] Initial game state rendered.
18:03:27 [INFO] Game Log: Welcome to Mage Knight!
18:03:27 [INFO] Game Log: Ziele: 2 Minen befreien, 1 Festung erobern.
18:03:27 [INFO] Starting new game... Scenario: default
18:03:27 [INFO] Game Log: Runde 1: Tag
18:03:27 [INFO] Game Log: Szenario gestartet: Freiheit für die Minen
18:03:27 [INFO] Hero created: Goldyx (goldyx)
Spawned 4 enemies.
18:03:27 [DEBUG] Initial game state rendered.
18:03:27 [INFO] Game Log: Welcome to Mage Knight!
18:03:27 [INFO] Game Log: Ziele: 2 Minen befreien, 1 Festung erobern.

[90mstdout[2m | tests/game_mechanics_advanced.test.js[2m > [22m[2mDeep Game Mechanics[2m > [22m[2mEnd of Game[2m > [22m[2mshould calculate score at game end
[22m[39mAI Worker initialized
18:03:27 [INFO] 🔧 Debug Tools initialized. Access via window.game or window.debug
[Lazy] SoundManager initialized
18:03:27 [INFO] Starting new game... Scenario: default
18:03:27 [INFO] Game Log: Runde 1: Tag
18:03:27 [INFO] Game Log: Szenario gestartet: Freiheit für die Minen
18:03:27 [INFO] Hero created: Goldyx (goldyx)
Spawned 9 enemies.
18:03:27 [DEBUG] Initial game state rendered.
18:03:27 [INFO] Game Log: Welcome to Mage Knight!
18:03:27 [INFO] Game Log: Ziele: 2 Minen befreien, 1 Festung erobern.
18:03:27 [INFO] Starting new game... Scenario: default
18:03:27 [INFO] Game Log: Runde 1: Tag
18:03:27 [INFO] Game Log: Szenario gestartet: Freiheit für die Minen
18:03:27 [INFO] Hero created: Goldyx (goldyx)
Spawned 5 enemies.
18:03:27 [DEBUG] Initial game state rendered.
18:03:27 [INFO] Game Log: Welcome to Mage Knight!
18:03:27 [INFO] Game Log: Ziele: 2 Minen befreien, 1 Festung erobern.

[90mstdout[2m | tests/game_mechanics_advanced.test.js[2m > [22m[2mDeep Game Mechanics[2m > [22m[2mEnd of Game[2m > [22m[2mshould calculate score at game end
[22m[39m[Lazy] StatisticsManager initialized

 [32m✓[39m tests/game_mechanics_advanced.test.js [2m([22m[2m4 tests[22m[2m)[22m[32m 189[2mms[22m[39m
[90mstderr[2m | js/ui.js:57:37
[22m[39mFailed to load FloatingTextManager TypeError: window.getComputedStyle is not a function
    at new FloatingTextManager [90m(/home/tobber/.gemini/antigravity/scratch/mageknight/[39mjs/ui/FloatingTextManager.js:20:34[90m)[39m
    at [90m/home/tobber/.gemini/antigravity/scratch/mageknight/[39mjs/ui.js:55:37
[90m    at processTicksAndRejections (node:internal/process/task_queues:103:5)[39m
Failed to load FloatingTextManager TypeError: window.getComputedStyle is not a function
    at new FloatingTextManager [90m(/home/tobber/.gemini/antigravity/scratch/mageknight/[39mjs/ui/FloatingTextManager.js:20:34[90m)[39m
    at [90m/home/tobber/.gemini/antigravity/scratch/mageknight/[39mjs/ui.js:55:37
[90m    at processTicksAndRejections (node:internal/process/task_queues:103:5)[39m
Failed to load FloatingTextManager TypeError: window.getComputedStyle is not a function
    at new FloatingTextManager [90m(/home/tobber/.gemini/antigravity/scratch/mageknight/[39mjs/ui/FloatingTextManager.js:20:34[90m)[39m
    at [90m/home/tobber/.gemini/antigravity/scratch/mageknight/[39mjs/ui.js:55:37
[90m    at processTicksAndRejections (node:internal/process/task_queues:103:5)[39m
Failed to load FloatingTextManager TypeError: window.getComputedStyle is not a function
    at new FloatingTextManager [90m(/home/tobber/.gemini/antigravity/scratch/mageknight/[39mjs/ui/FloatingTextManager.js:20:34[90m)[39m
    at [90m/home/tobber/.gemini/antigravity/scratch/mageknight/[39mjs/ui.js:55:37
[90m    at processTicksAndRejections (node:internal/process/task_queues:103:5)[39m

[90mstdout[2m | tests/save_load_resilience.test.js[2m > [22m[2mMageKnightGame Coverage Boost v3[2m > [22m[2mshould handle reset modal flow
[22m[39mAI Worker initialized
18:03:27 [INFO] 🔧 Debug Tools initialized. Access via window.game or window.debug
[Lazy] SoundManager initialized
18:03:27 [INFO] Starting new game... Scenario: default
18:03:27 [INFO] Game Log: Runde 1: Tag
18:03:27 [INFO] Game Log: Szenario gestartet: Freiheit für die Minen
18:03:27 [INFO] Hero created: Goldyx (goldyx)
Spawned 6 enemies.
18:03:27 [DEBUG] Initial game state rendered.
18:03:27 [INFO] Game Log: Welcome to Mage Knight!
18:03:27 [INFO] Game Log: Ziele: 2 Minen befreien, 1 Festung erobern.

[90mstdout[2m | tests/save_load_resilience.test.js[2m > [22m[2mMageKnightGame Coverage Boost v3[2m > [22m[2mshould handle reset modal flow
[22m[39m[MockElement] .click() called on cancel-reset-btn

[90mstdout[2m | tests/save_load_resilience.test.js[2m > [22m[2mMageKnightGame Coverage Boost v3[2m > [22m[2mshould handle card play with various effects in combat
[22m[39mAI Worker initialized
18:03:27 [INFO] 🔧 Debug Tools initialized. Access via window.game or window.debug
[Lazy] SoundManager initialized
18:03:27 [INFO] Starting new game... Scenario: default
18:03:27 [INFO] Game Log: Runde 1: Tag
18:03:27 [INFO] Game Log: Szenario gestartet: Freiheit für die Minen
18:03:27 [INFO] Hero created: Goldyx (goldyx)
Spawned 6 enemies.
18:03:27 [DEBUG] Initial game state rendered.
18:03:27 [INFO] Game Log: Welcome to Mage Knight!
18:03:27 [INFO] Game Log: Ziele: 2 Minen befreien, 1 Festung erobern.

[90mstdout[2m | tests/save_load_resilience.test.js[2m > [22m[2mMageKnightGame Coverage Boost v3[2m > [22m[2mshould handle card play with various effects in combat
[22m[39m18:03:27 [DEBUG] Saving checkpoint for undo/redo
18:03:27 [INFO] Game Log: Card played: Fireball
18:03:27 [DEBUG] Saving checkpoint for undo/redo
18:03:27 [INFO] Game Log: Card played: Catapult

[90mstdout[2m | tests/save_load_resilience.test.js[2m > [22m[2mMageKnightGame Coverage Boost v3[2m > [22m[2mshould handle endBlockPhase with wounds
[22m[39mAI Worker initialized
18:03:27 [INFO] 🔧 Debug Tools initialized. Access via window.game or window.debug
[Lazy] SoundManager initialized
18:03:27 [INFO] Starting new game... Scenario: default
18:03:27 [INFO] Game Log: Runde 1: Tag
18:03:27 [INFO] Game Log: Szenario gestartet: Freiheit für die Minen
18:03:27 [INFO] Hero created: Goldyx (goldyx)
Spawned 6 enemies.
18:03:27 [DEBUG] Initial game state rendered.
18:03:27 [INFO] Game Log: Welcome to Mage Knight!
18:03:27 [INFO] Game Log: Ziele: 2 Minen befreien, 1 Festung erobern.

[90mstdout[2m | tests/save_load_resilience.test.js[2m > [22m[2mMageKnightGame Coverage Boost v3[2m > [22m[2mshould handle endBlockPhase with wounds
[22m[39m18:03:27 [DEBUG] Block vs Orc (physical): Input total 2 -> Effective total 2. Required: 4
18:03:27 [INFO] Game Log: combat.assignDamage

[90mstdout[2m | tests/save_load_resilience.test.js[2m > [22m[2mMageKnightGame Coverage Boost v3[2m > [22m[2mshould handle unit activation in combat
[22m[39mAI Worker initialized
18:03:27 [INFO] 🔧 Debug Tools initialized. Access via window.game or window.debug
[Lazy] SoundManager initialized
18:03:27 [INFO] Starting new game... Scenario: default
18:03:27 [INFO] Game Log: Runde 1: Tag
18:03:27 [INFO] Game Log: Szenario gestartet: Freiheit für die Minen
18:03:27 [INFO] Hero created: Goldyx (goldyx)
Spawned 6 enemies.
18:03:27 [DEBUG] Initial game state rendered.
18:03:27 [INFO] Game Log: Welcome to Mage Knight!
18:03:27 [INFO] Game Log: Ziele: 2 Minen befreien, 1 Festung erobern.

[90mstdout[2m | tests/save_load_resilience.test.js[2m > [22m[2mMageKnightGame Coverage Boost v3[2m > [22m[2mshould handle unit activation in combat
[22m[39m18:03:27 [INFO] Game Log: Guards activated: +2 Angriff

[90mstdout[2m | tests/save_load_resilience.test.js[2m > [22m[2mMageKnightGame Coverage Boost v3[2m > [22m[2mshould handle canvas mouse move exhaustively
[22m[39mAI Worker initialized
18:03:27 [INFO] 🔧 Debug Tools initialized. Access via window.game or window.debug
[Lazy] SoundManager initialized
18:03:28 [INFO] Starting new game... Scenario: default
18:03:28 [INFO] Game Log: Runde 1: Tag
18:03:28 [INFO] Game Log: Szenario gestartet: Freiheit für die Minen
18:03:28 [INFO] Hero created: Goldyx (goldyx)
Spawned 6 enemies.
18:03:28 [DEBUG] Initial game state rendered.
18:03:28 [INFO] Game Log: Welcome to Mage Knight!
18:03:28 [INFO] Game Log: Ziele: 2 Minen befreien, 1 Festung erobern.

[90mstdout[2m | tests/save_load_resilience.test.js
[22m[39mCanvas resized to 100x100

 [32m✓[39m tests/save_load_resilience.test.js [2m([22m[2m7 tests[22m[2m)[22m[32m 187[2mms[22m[39m
[90mstdout[2m | tests/game_flow.test.js[2m > [22m[2mGame Flow Coverage Boost[2m > [22m[2mHandling Site Interactions[2m > [22m[2mshould enter village interaction
[22m[39mAI Worker initialized
18:03:27 [INFO] 🔧 Debug Tools initialized. Access via window.game or window.debug
[Lazy] SoundManager initialized
18:03:28 [INFO] Starting new game... Scenario: default
18:03:28 [INFO] Game Log: Runde 1: Tag
18:03:28 [INFO] Game Log: Szenario gestartet: Freiheit für die Minen
18:03:28 [INFO] Hero created: Goldyx (goldyx)
Spawned 8 enemies.
18:03:28 [DEBUG] Initial game state rendered.
18:03:28 [INFO] Game Log: Welcome to Mage Knight!
18:03:28 [INFO] Game Log: Ziele: 2 Minen befreien, 1 Festung erobern.

[90mstderr[2m | js/ui.js:57:37
[22m[39mFailed to load FloatingTextManager TypeError: window.getComputedStyle is not a function
    at new FloatingTextManager [90m(/home/tobber/.gemini/antigravity/scratch/mageknight/[39mjs/ui/FloatingTextManager.js:20:34[90m)[39m
    at [90m/home/tobber/.gemini/antigravity/scratch/mageknight/[39mjs/ui.js:55:37
[90m    at processTicksAndRejections (node:internal/process/task_queues:103:5)[39m
Failed to load FloatingTextManager TypeError: window.getComputedStyle is not a function
    at new FloatingTextManager [90m(/home/tobber/.gemini/antigravity/scratch/mageknight/[39mjs/ui/FloatingTextManager.js:20:34[90m)[39m
    at [90m/home/tobber/.gemini/antigravity/scratch/mageknight/[39mjs/ui.js:55:37
[90m    at processTicksAndRejections (node:internal/process/task_queues:103:5)[39m
Failed to load FloatingTextManager TypeError: window.getComputedStyle is not a function
    at new FloatingTextManager [90m(/home/tobber/.gemini/antigravity/scratch/mageknight/[39mjs/ui/FloatingTextManager.js:20:34[90m)[39m
    at [90m/home/tobber/.gemini/antigravity/scratch/mageknight/[39mjs/ui.js:55:37
[90m    at processTicksAndRejections (node:internal/process/task_queues:103:5)[39m
Failed to load FloatingTextManager TypeError: window.getComputedStyle is not a function
    at new FloatingTextManager [90m(/home/tobber/.gemini/antigravity/scratch/mageknight/[39mjs/ui/FloatingTextManager.js:20:34[90m)[39m
    at [90m/home/tobber/.gemini/antigravity/scratch/mageknight/[39mjs/ui.js:55:37
[90m    at processTicksAndRejections (node:internal/process/task_queues:103:5)[39m
Failed to load FloatingTextManager TypeError: window.getComputedStyle is not a function
    at new FloatingTextManager [90m(/home/tobber/.gemini/antigravity/scratch/mageknight/[39mjs/ui/FloatingTextManager.js:20:34[90m)[39m
    at [90m/home/tobber/.gemini/antigravity/scratch/mageknight/[39mjs/ui.js:55:37
[90m    at processTicksAndRejections (node:internal/process/task_queues:103:5)[39m

[90mstderr[2m | tests/game_flow.test.js[2m > [22m[2mGame Flow Coverage Boost[2m > [22m[2mHandling Site Interactions[2m > [22m[2mshould enter village interaction
[22m[39mWeb Audio API not supported: TypeError: (window.AudioContext || window.webkitAudioContext) is not a constructor
    at SoundManager.init [90m(/home/tobber/.gemini/antigravity/scratch/mageknight/[39mjs/soundManager.js:22:24[90m)[39m
    at new SoundManager [90m(/home/tobber/.gemini/antigravity/scratch/mageknight/[39mjs/soundManager.js:12:14[90m)[39m
    at MageKnightGame.get sound [as sound] [90m(/home/tobber/.gemini/antigravity/scratch/mageknight/[39mjs/game.js:191:27[90m)[39m
    at SettingsModal.applySettings [90m(/home/tobber/.gemini/antigravity/scratch/mageknight/[39mjs/ui/SettingsModal.js:137:18[90m)[39m
    at UI.setGame [90m(/home/tobber/.gemini/antigravity/scratch/mageknight/[39mjs/ui.js:159:32[90m)[39m
    at new MageKnightGame [90m(/home/tobber/.gemini/antigravity/scratch/mageknight/[39mjs/game.js:139:17[90m)[39m
    at [90m/home/tobber/.gemini/antigravity/scratch/mageknight/[39mtests/game_flow.test.js:69:16
    at [90mfile:///home/tobber/.gemini/antigravity/scratch/mageknight/[39mnode_modules/[4m@vitest/runner[24m/dist/index.js:145:11
    at [90mfile:///home/tobber/.gemini/antigravity/scratch/mageknight/[39mnode_modules/[4m@vitest/runner[24m/dist/index.js:1243:20
    at new Promise (<anonymous>)

[90mstdout[2m | tests/game_flow.test.js[2m > [22m[2mGame Flow Coverage Boost[2m > [22m[2mHandling Site Interactions[2m > [22m[2mshould enter village interaction
[22m[39m18:03:28 [INFO] Game Log: Besuche Village...

[90mstdout[2m | TouchController.resizeCanvas (/home/tobber/.gemini/antigravity/scratch/mageknight/js/touchController.js:406:21)
[22m[39mCanvas resized to 100x100

[90mstdout[2m | TouchController.resizeCanvas (/home/tobber/.gemini/antigravity/scratch/mageknight/js/touchController.js:406:21)
[22m[39mCanvas resized to 100x100

[90mstdout[2m | tests/game_flow.test.js[2m > [22m[2mGame Flow Coverage Boost[2m > [22m[2mHandling Site Interactions[2m > [22m[2mshould handle keep battle flow
[22m[39mAI Worker initialized
18:03:28 [INFO] 🔧 Debug Tools initialized. Access via window.game or window.debug
[Lazy] SoundManager initialized
18:03:28 [INFO] Starting new game... Scenario: default
18:03:28 [INFO] Game Log: Runde 1: Tag
18:03:28 [INFO] Game Log: Szenario gestartet: Freiheit für die Minen
18:03:28 [INFO] Hero created: Goldyx (goldyx)
Spawned 8 enemies.
18:03:28 [DEBUG] Initial game state rendered.
18:03:28 [INFO] Game Log: Welcome to Mage Knight!
18:03:28 [INFO] Game Log: Ziele: 2 Minen befreien, 1 Festung erobern.

[90mstderr[2m | tests/game_flow.test.js[2m > [22m[2mGame Flow Coverage Boost[2m > [22m[2mHandling Site Interactions[2m > [22m[2mshould handle keep battle flow
[22m[39mWeb Audio API not supported: TypeError: (window.AudioContext || window.webkitAudioContext) is not a constructor
    at SoundManager.init [90m(/home/tobber/.gemini/antigravity/scratch/mageknight/[39mjs/soundManager.js:22:24[90m)[39m
    at new SoundManager [90m(/home/tobber/.gemini/antigravity/scratch/mageknight/[39mjs/soundManager.js:12:14[90m)[39m
    at MageKnightGame.get sound [as sound] [90m(/home/tobber/.gemini/antigravity/scratch/mageknight/[39mjs/game.js:191:27[90m)[39m
    at SettingsModal.applySettings [90m(/home/tobber/.gemini/antigravity/scratch/mageknight/[39mjs/ui/SettingsModal.js:137:18[90m)[39m
    at UI.setGame [90m(/home/tobber/.gemini/antigravity/scratch/mageknight/[39mjs/ui.js:159:32[90m)[39m
    at new MageKnightGame [90m(/home/tobber/.gemini/antigravity/scratch/mageknight/[39mjs/game.js:139:17[90m)[39m
    at [90m/home/tobber/.gemini/antigravity/scratch/mageknight/[39mtests/game_flow.test.js:69:16
    at [90mfile:///home/tobber/.gemini/antigravity/scratch/mageknight/[39mnode_modules/[4m@vitest/runner[24m/dist/index.js:145:11
    at [90mfile:///home/tobber/.gemini/antigravity/scratch/mageknight/[39mnode_modules/[4m@vitest/runner[24m/dist/index.js:1243:20
    at new Promise (<anonymous>)

[90mstdout[2m | tests/game_flow.test.js[2m > [22m[2mGame Flow Coverage Boost[2m > [22m[2mHandling Site Interactions[2m > [22m[2mshould handle keep battle flow
[22m[39m18:03:28 [INFO] Game Log: Besuche Keep...

[90mstdout[2m | tests/game_flow.test.js[2m > [22m[2mGame Flow Coverage Boost[2m > [22m[2mSave/Load Flows[2m > [22m[2mshould save game state
[22m[39mAI Worker initialized
18:03:28 [INFO] 🔧 Debug Tools initialized. Access via window.game or window.debug
[Lazy] SoundManager initialized
18:03:28 [INFO] Starting new game... Scenario: default
18:03:28 [INFO] Game Log: Runde 1: Tag
18:03:28 [INFO] Game Log: Szenario gestartet: Freiheit für die Minen
18:03:28 [INFO] Hero created: Goldyx (goldyx)
Spawned 4 enemies.
18:03:28 [DEBUG] Initial game state rendered.
18:03:28 [INFO] Game Log: Welcome to Mage Knight!
18:03:28 [INFO] Game Log: Ziele: 2 Minen befreien, 1 Festung erobern.

[90mstderr[2m | tests/game_flow.test.js[2m > [22m[2mGame Flow Coverage Boost[2m > [22m[2mSave/Load Flows[2m > [22m[2mshould save game state
[22m[39mWeb Audio API not supported: TypeError: (window.AudioContext || window.webkitAudioContext) is not a constructor
    at SoundManager.init [90m(/home/tobber/.gemini/antigravity/scratch/mageknight/[39mjs/soundManager.js:22:24[90m)[39m
    at new SoundManager [90m(/home/tobber/.gemini/antigravity/scratch/mageknight/[39mjs/soundManager.js:12:14[90m)[39m
    at MageKnightGame.get sound [as sound] [90m(/home/tobber/.gemini/antigravity/scratch/mageknight/[39mjs/game.js:191:27[90m)[39m
    at SettingsModal.applySettings [90m(/home/tobber/.gemini/antigravity/scratch/mageknight/[39mjs/ui/SettingsModal.js:137:18[90m)[39m
    at UI.setGame [90m(/home/tobber/.gemini/antigravity/scratch/mageknight/[39mjs/ui.js:159:32[90m)[39m
    at new MageKnightGame [90m(/home/tobber/.gemini/antigravity/scratch/mageknight/[39mjs/game.js:139:17[90m)[39m
    at [90m/home/tobber/.gemini/antigravity/scratch/mageknight/[39mtests/game_flow.test.js:69:16
    at [90mfile:///home/tobber/.gemini/antigravity/scratch/mageknight/[39mnode_modules/[4m@vitest/runner[24m/dist/index.js:145:11
    at [90mfile:///home/tobber/.gemini/antigravity/scratch/mageknight/[39mnode_modules/[4m@vitest/runner[24m/dist/index.js:1243:20
    at new Promise (<anonymous>)

[90mstdout[2m | tests/game_flow.test.js[2m > [22m[2mGame Flow Coverage Boost[2m > [22m[2mSave/Load Flows[2m > [22m[2mshould load game state
[22m[39mAI Worker initialized
18:03:28 [INFO] 🔧 Debug Tools initialized. Access via window.game or window.debug
[Lazy] SoundManager initialized
18:03:28 [INFO] Starting new game... Scenario: default
18:03:28 [INFO] Game Log: Runde 1: Tag
18:03:28 [INFO] Game Log: Szenario gestartet: Freiheit für die Minen
18:03:28 [INFO] Hero created: Goldyx (goldyx)
Spawned 7 enemies.
18:03:28 [DEBUG] Initial game state rendered.
18:03:28 [INFO] Game Log: Welcome to Mage Knight!
18:03:28 [INFO] Game Log: Ziele: 2 Minen befreien, 1 Festung erobern.

[90mstderr[2m | tests/game_flow.test.js[2m > [22m[2mGame Flow Coverage Boost[2m > [22m[2mSave/Load Flows[2m > [22m[2mshould load game state
[22m[39mWeb Audio API not supported: TypeError: (window.AudioContext || window.webkitAudioContext) is not a constructor
    at SoundManager.init [90m(/home/tobber/.gemini/antigravity/scratch/mageknight/[39mjs/soundManager.js:22:24[90m)[39m
    at new SoundManager [90m(/home/tobber/.gemini/antigravity/scratch/mageknight/[39mjs/soundManager.js:12:14[90m)[39m
    at MageKnightGame.get sound [as sound] [90m(/home/tobber/.gemini/antigravity/scratch/mageknight/[39mjs/game.js:191:27[90m)[39m
    at SettingsModal.applySettings [90m(/home/tobber/.gemini/antigravity/scratch/mageknight/[39mjs/ui/SettingsModal.js:137:18[90m)[39m
    at UI.setGame [90m(/home/tobber/.gemini/antigravity/scratch/mageknight/[39mjs/ui.js:159:32[90m)[39m
    at new MageKnightGame [90m(/home/tobber/.gemini/antigravity/scratch/mageknight/[39mjs/game.js:139:17[90m)[39m
    at [90m/home/tobber/.gemini/antigravity/scratch/mageknight/[39mtests/game_flow.test.js:69:16
    at [90mfile:///home/tobber/.gemini/antigravity/scratch/mageknight/[39mnode_modules/[4m@vitest/runner[24m/dist/index.js:145:11
    at [90mfile:///home/tobber/.gemini/antigravity/scratch/mageknight/[39mnode_modules/[4m@vitest/runner[24m/dist/index.js:1243:20
    at new Promise (<anonymous>)

[90mstderr[2m | tests/game_flow.test.js[2m > [22m[2mGame Flow Coverage Boost[2m > [22m[2mSave/Load Flows[2m > [22m[2mshould load game state
[22m[39mLoad failed TypeError: Cannot read properties of undefined (reading 'q')
    at RenderController.updateStats [90m(/home/tobber/.gemini/antigravity/scratch/mageknight/[39mjs/game/RenderController.js:148:84[90m)[39m
    at MageKnightGame.updateStats [90m(/home/tobber/.gemini/antigravity/scratch/mageknight/[39mjs/game.js:642:43[90m)[39m
    at GameStateManager.loadGameState [90m(/home/tobber/.gemini/antigravity/scratch/mageknight/[39mjs/game/GameStateManager.js:95:23[90m)[39m
    at MageKnightGame.loadGameState [90m(/home/tobber/.gemini/antigravity/scratch/mageknight/[39mjs/game.js:681:46[90m)[39m
    at [90m/home/tobber/.gemini/antigravity/scratch/mageknight/[39mtests/game_flow.test.js:208:18
    at [90mfile:///home/tobber/.gemini/antigravity/scratch/mageknight/[39mnode_modules/[4m@vitest/runner[24m/dist/index.js:145:11
    at [90mfile:///home/tobber/.gemini/antigravity/scratch/mageknight/[39mnode_modules/[4m@vitest/runner[24m/dist/index.js:915:26
    at [90mfile:///home/tobber/.gemini/antigravity/scratch/mageknight/[39mnode_modules/[4m@vitest/runner[24m/dist/index.js:1243:20
    at new Promise (<anonymous>)
    at runWithTimeout [90m(file:///home/tobber/.gemini/antigravity/scratch/mageknight/[39mnode_modules/[4m@vitest/runner[24m/dist/index.js:1209:10[90m)[39m

[90mstdout[2m | tests/game_flow.test.js[2m > [22m[2mGame Flow Coverage Boost[2m > [22m[2mTurn Management Edge Cases[2m > [22m[2mshould handle end of round
[22m[39mAI Worker initialized
18:03:28 [INFO] 🔧 Debug Tools initialized. Access via window.game or window.debug
[Lazy] SoundManager initialized
18:03:28 [INFO] Starting new game... Scenario: default
18:03:28 [INFO] Game Log: Runde 1: Tag
18:03:28 [INFO] Game Log: Szenario gestartet: Freiheit für die Minen
18:03:28 [INFO] Hero created: Goldyx (goldyx)
Spawned 5 enemies.
18:03:28 [DEBUG] Initial game state rendered.
18:03:28 [INFO] Game Log: Welcome to Mage Knight!
18:03:28 [INFO] Game Log: Ziele: 2 Minen befreien, 1 Festung erobern.

[90mstderr[2m | tests/game_flow.test.js[2m > [22m[2mGame Flow Coverage Boost[2m > [22m[2mTurn Management Edge Cases[2m > [22m[2mshould handle end of round
[22m[39mWeb Audio API not supported: TypeError: (window.AudioContext || window.webkitAudioContext) is not a constructor
    at SoundManager.init [90m(/home/tobber/.gemini/antigravity/scratch/mageknight/[39mjs/soundManager.js:22:24[90m)[39m
    at new SoundManager [90m(/home/tobber/.gemini/antigravity/scratch/mageknight/[39mjs/soundManager.js:12:14[90m)[39m
    at MageKnightGame.get sound [as sound] [90m(/home/tobber/.gemini/antigravity/scratch/mageknight/[39mjs/game.js:191:27[90m)[39m
    at SettingsModal.applySettings [90m(/home/tobber/.gemini/antigravity/scratch/mageknight/[39mjs/ui/SettingsModal.js:137:18[90m)[39m
    at UI.setGame [90m(/home/tobber/.gemini/antigravity/scratch/mageknight/[39mjs/ui.js:159:32[90m)[39m
    at new MageKnightGame [90m(/home/tobber/.gemini/antigravity/scratch/mageknight/[39mjs/game.js:139:17[90m)[39m
    at [90m/home/tobber/.gemini/antigravity/scratch/mageknight/[39mtests/game_flow.test.js:69:16
    at [90mfile:///home/tobber/.gemini/antigravity/scratch/mageknight/[39mnode_modules/[4m@vitest/runner[24m/dist/index.js:145:11
    at [90mfile:///home/tobber/.gemini/antigravity/scratch/mageknight/[39mnode_modules/[4m@vitest/runner[24m/dist/index.js:1243:20
    at new Promise (<anonymous>)

[90mstdout[2m | tests/game_flow.test.js[2m > [22m[2mGame Flow Coverage Boost[2m > [22m[2mTurn Management Edge Cases[2m > [22m[2mshould handle end of round
[22m[39m[Lazy] StatisticsManager initialized
18:03:28 [INFO] Game Log: 🌙 Runde beendet! Es ist jetzt Nacht.
18:03:28 [INFO] Game Log: --- Zug 2 beendet ---
18:03:28 [INFO] Game Log: Neue Karten gezogen
[Lazy] AchievementManager initialized
[SaveManager] Game saved to slot: slot_auto
18:03:28 [INFO] Game Log: Zug beendet.
[SaveManager] Game saved to slot: slot_auto

[90mstdout[2m | tests/game_flow.test.js[2m > [22m[2mGame Flow Coverage Boost[2m > [22m[2mCombat Integration[2m > [22m[2mshould resolve combat victory
[22m[39mAI Worker initialized
18:03:28 [INFO] 🔧 Debug Tools initialized. Access via window.game or window.debug
[Lazy] SoundManager initialized
18:03:28 [INFO] Starting new game... Scenario: default
18:03:28 [INFO] Game Log: Runde 1: Tag
18:03:28 [INFO] Game Log: Szenario gestartet: Freiheit für die Minen
18:03:28 [INFO] Hero created: Goldyx (goldyx)
Spawned 9 enemies.
18:03:28 [DEBUG] Initial game state rendered.
18:03:28 [INFO] Game Log: Welcome to Mage Knight!
18:03:28 [INFO] Game Log: Ziele: 2 Minen befreien, 1 Festung erobern.

[90mstderr[2m | tests/game_flow.test.js[2m > [22m[2mGame Flow Coverage Boost[2m > [22m[2mCombat Integration[2m > [22m[2mshould resolve combat victory
[22m[39mWeb Audio API not supported: TypeError: (window.AudioContext || window.webkitAudioContext) is not a constructor
    at SoundManager.init [90m(/home/tobber/.gemini/antigravity/scratch/mageknight/[39mjs/soundManager.js:22:24[90m)[39m
    at new SoundManager [90m(/home/tobber/.gemini/antigravity/scratch/mageknight/[39mjs/soundManager.js:12:14[90m)[39m
    at MageKnightGame.get sound [as sound] [90m(/home/tobber/.gemini/antigravity/scratch/mageknight/[39mjs/game.js:191:27[90m)[39m
    at SettingsModal.applySettings [90m(/home/tobber/.gemini/antigravity/scratch/mageknight/[39mjs/ui/SettingsModal.js:137:18[90m)[39m
    at UI.setGame [90m(/home/tobber/.gemini/antigravity/scratch/mageknight/[39mjs/ui.js:159:32[90m)[39m
    at new MageKnightGame [90m(/home/tobber/.gemini/antigravity/scratch/mageknight/[39mjs/game.js:139:17[90m)[39m
    at [90m/home/tobber/.gemini/antigravity/scratch/mageknight/[39mtests/game_flow.test.js:69:16
    at [90mfile:///home/tobber/.gemini/antigravity/scratch/mageknight/[39mnode_modules/[4m@vitest/runner[24m/dist/index.js:145:11
    at [90mfile:///home/tobber/.gemini/antigravity/scratch/mageknight/[39mnode_modules/[4m@vitest/runner[24m/dist/index.js:1243:20
    at new Promise (<anonymous>)

[90mstdout[2m | tests/game_flow.test.js[2m > [22m[2mGame Flow Coverage Boost[2m > [22m[2mCombat Integration[2m > [22m[2mshould resolve combat victory
[22m[39m18:03:28 [INFO] Game Log: Fight against Orc!
18:03:28 [INFO] Combat started against 1 enemies

 [32m✓[39m tests/game_flow.test.js [2m([22m[2m6 tests[22m[2m)[22m[32m 204[2mms[22m[39m
[90mstderr[2m | js/ui.js:57:37
[22m[39mFailed to load FloatingTextManager TypeError: The provided value is not of type 'Element'.
    at Object.exports.convert [90m(/home/tobber/.gemini/antigravity/scratch/mageknight/[39mnode_modules/[4mjsdom[24m/lib/jsdom/living/generated/Element.js:26:9[90m)[39m
    at window.getComputedStyle [90m(/home/tobber/.gemini/antigravity/scratch/mageknight/[39mnode_modules/[4mjsdom[24m/lib/jsdom/browser/Window.js:909:19[90m)[39m
    at new FloatingTextManager [90m(/home/tobber/.gemini/antigravity/scratch/mageknight/[39mjs/ui/FloatingTextManager.js:20:34[90m)[39m
    at [90m/home/tobber/.gemini/antigravity/scratch/mageknight/[39mjs/ui.js:55:37
[90m    at processTicksAndRejections (node:internal/process/task_queues:103:5)[39m
Failed to load FloatingTextManager TypeError: The provided value is not of type 'Element'.
    at Object.exports.convert [90m(/home/tobber/.gemini/antigravity/scratch/mageknight/[39mnode_modules/[4mjsdom[24m/lib/jsdom/living/generated/Element.js:26:9[90m)[39m
    at window.getComputedStyle [90m(/home/tobber/.gemini/antigravity/scratch/mageknight/[39mnode_modules/[4mjsdom[24m/lib/jsdom/browser/Window.js:909:19[90m)[39m
    at new FloatingTextManager [90m(/home/tobber/.gemini/antigravity/scratch/mageknight/[39mjs/ui/FloatingTextManager.js:20:34[90m)[39m
    at [90m/home/tobber/.gemini/antigravity/scratch/mageknight/[39mjs/ui.js:55:37
[90m    at processTicksAndRejections (node:internal/process/task_queues:103:5)[39m
Failed to load FloatingTextManager TypeError: The provided value is not of type 'Element'.
    at Object.exports.convert [90m(/home/tobber/.gemini/antigravity/scratch/mageknight/[39mnode_modules/[4mjsdom[24m/lib/jsdom/living/generated/Element.js:26:9[90m)[39m
    at window.getComputedStyle [90m(/home/tobber/.gemini/antigravity/scratch/mageknight/[39mnode_modules/[4mjsdom[24m/lib/jsdom/browser/Window.js:909:19[90m)[39m
    at new FloatingTextManager [90m(/home/tobber/.gemini/antigravity/scratch/mageknight/[39mjs/ui/FloatingTextManager.js:20:34[90m)[39m
    at [90m/home/tobber/.gemini/antigravity/scratch/mageknight/[39mjs/ui.js:55:37
[90m    at processTicksAndRejections (node:internal/process/task_queues:103:5)[39m
Failed to load FloatingTextManager TypeError: The provided value is not of type 'Element'.
    at Object.exports.convert [90m(/home/tobber/.gemini/antigravity/scratch/mageknight/[39mnode_modules/[4mjsdom[24m/lib/jsdom/living/generated/Element.js:26:9[90m)[39m
    at window.getComputedStyle [90m(/home/tobber/.gemini/antigravity/scratch/mageknight/[39mnode_modules/[4mjsdom[24m/lib/jsdom/browser/Window.js:909:19[90m)[39m
    at new FloatingTextManager [90m(/home/tobber/.gemini/antigravity/scratch/mageknight/[39mjs/ui/FloatingTextManager.js:20:34[90m)[39m
    at [90m/home/tobber/.gemini/antigravity/scratch/mageknight/[39mjs/ui.js:55:37
[90m    at processTicksAndRejections (node:internal/process/task_queues:103:5)[39m
Failed to load FloatingTextManager TypeError: The provided value is not of type 'Element'.
    at Object.exports.convert [90m(/home/tobber/.gemini/antigravity/scratch/mageknight/[39mnode_modules/[4mjsdom[24m/lib/jsdom/living/generated/Element.js:26:9[90m)[39m
    at window.getComputedStyle [90m(/home/tobber/.gemini/antigravity/scratch/mageknight/[39mnode_modules/[4mjsdom[24m/lib/jsdom/browser/Window.js:909:19[90m)[39m
    at new FloatingTextManager [90m(/home/tobber/.gemini/antigravity/scratch/mageknight/[39mjs/ui/FloatingTextManager.js:20:34[90m)[39m
    at [90m/home/tobber/.gemini/antigravity/scratch/mageknight/[39mjs/ui.js:55:37
[90m    at processTicksAndRejections (node:internal/process/task_queues:103:5)[39m
Failed to load FloatingTextManager TypeError: The provided value is not of type 'Element'.
    at Object.exports.convert [90m(/home/tobber/.gemini/antigravity/scratch/mageknight/[39mnode_modules/[4mjsdom[24m/lib/jsdom/living/generated/Element.js:26:9[90m)[39m
    at window.getComputedStyle [90m(/home/tobber/.gemini/antigravity/scratch/mageknight/[39mnode_modules/[4mjsdom[24m/lib/jsdom/browser/Window.js:909:19[90m)[39m
    at new FloatingTextManager [90m(/home/tobber/.gemini/antigravity/scratch/mageknight/[39mjs/ui/FloatingTextManager.js:20:34[90m)[39m
    at [90m/home/tobber/.gemini/antigravity/scratch/mageknight/[39mjs/ui.js:55:37
[90m    at processTicksAndRejections (node:internal/process/task_queues:103:5)[39m

 [32m✓[39m tests/ui/ShortcutsModal.test.js [2m([22m[2m11 tests[22m[2m)[22m[32m 175[2mms[22m[39m
 [32m✓[39m tests/ui/ui_renderers.test.js [2m([22m[2m48 tests[22m[2m)[22m[32m 209[2mms[22m[39m
[90mstdout[2m | tests/ui/ui_panels.test.js[2m > [22m[2mUI Panel Toggles[2m > [22m[2mPanel Collapse Behavior[2m > [22m[2mshould toggle collapsed class on panel when button clicked
[22m[39m[MockElement] .click() called on BUTTON
[MockElement] .click() called on BUTTON

 [32m✓[39m tests/ui/ui_panels.test.js [2m([22m[2m23 tests[22m[2m)[22m[33m 306[2mms[22m[39m
 [32m✓[39m tests/tutorial_extended.test.js [2m([22m[2m9 tests[22m[2m)[22m[32m 193[2mms[22m[39m
[90mstdout[2m | tests/resilience.test.js[2m > [22m[2mResilience & State Drift Tests[2m > [22m[2mshould maintain consistent card count over many pseudo-random actions
[22m[39mAI Worker initialized
18:03:28 [INFO] 🔧 Debug Tools initialized. Access via window.game or window.debug
[Lazy] SoundManager initialized
18:03:29 [INFO] Starting new game... Scenario: default
18:03:29 [INFO] Game Log: Runde 1: Tag
18:03:29 [INFO] Game Log: Szenario gestartet: Freiheit für die Minen
18:03:29 [INFO] Hero created: Goldyx (goldyx)
Spawned 6 enemies.
18:03:29 [DEBUG] Initial game state rendered.
18:03:29 [INFO] Game Log: Welcome to Mage Knight!
18:03:29 [INFO] Game Log: Ziele: 2 Minen befreien, 1 Festung erobern.

[90mstdout[2m | tests/resilience.test.js[2m > [22m[2mResilience & State Drift Tests[2m > [22m[2mshould handle NaN or null inputs gracefully in core methods
[22m[39mAI Worker initialized
18:03:29 [INFO] 🔧 Debug Tools initialized. Access via window.game or window.debug
[Lazy] SoundManager initialized
18:03:29 [INFO] Starting new game... Scenario: default
18:03:29 [INFO] Game Log: Runde 1: Tag
18:03:29 [INFO] Game Log: Szenario gestartet: Freiheit für die Minen
18:03:29 [INFO] Hero created: Goldyx (goldyx)
Spawned 6 enemies.
18:03:29 [DEBUG] Initial game state rendered.
18:03:29 [INFO] Game Log: Welcome to Mage Knight!
18:03:29 [INFO] Game Log: Ziele: 2 Minen befreien, 1 Festung erobern.

[90mstdout[2m | tests/resilience.test.js[2m > [22m[2mResilience & State Drift Tests[2m > [22m[2mshould not crash on invalid card playing
[22m[39mAI Worker initialized
18:03:29 [INFO] 🔧 Debug Tools initialized. Access via window.game or window.debug
[Lazy] SoundManager initialized
18:03:29 [INFO] Starting new game... Scenario: default
18:03:29 [INFO] Game Log: Runde 1: Tag
18:03:29 [INFO] Game Log: Szenario gestartet: Freiheit für die Minen
18:03:29 [INFO] Hero created: Goldyx (goldyx)
Spawned 6 enemies.
18:03:29 [DEBUG] Initial game state rendered.
18:03:29 [INFO] Game Log: Welcome to Mage Knight!
18:03:29 [INFO] Game Log: Ziele: 2 Minen befreien, 1 Festung erobern.

[90mstdout[2m | tests/resilience.test.js[2m > [22m[2mResilience & State Drift Tests[2m > [22m[2mshould handle multiple rapid reset calls gracefully
[22m[39mAI Worker initialized
18:03:29 [INFO] 🔧 Debug Tools initialized. Access via window.game or window.debug
[Lazy] SoundManager initialized
18:03:29 [INFO] Starting new game... Scenario: default
18:03:29 [INFO] Game Log: Runde 1: Tag
18:03:29 [INFO] Game Log: Szenario gestartet: Freiheit für die Minen
18:03:29 [INFO] Hero created: Goldyx (goldyx)
Spawned 6 enemies.
18:03:29 [DEBUG] Initial game state rendered.
18:03:29 [INFO] Game Log: Welcome to Mage Knight!
18:03:29 [INFO] Game Log: Ziele: 2 Minen befreien, 1 Festung erobern.

[90mstdout[2m | tests/resilience.test.js[2m > [22m[2mResilience & State Drift Tests[2m > [22m[2mshould handle multiple rapid reset calls gracefully
[22m[39m18:03:29 [INFO] Starting new game... Scenario: default
18:03:29 [INFO] Game Log: Runde 1: Tag
18:03:29 [INFO] Game Log: Szenario gestartet: Freiheit für die Minen
18:03:29 [INFO] Hero created: Goldyx (goldyx)
Spawned 6 enemies.
18:03:29 [DEBUG] Initial game state rendered.
18:03:29 [INFO] Game Log: Welcome to Mage Knight!
18:03:29 [INFO] Game Log: Ziele: 2 Minen befreien, 1 Festung erobern.
18:03:29 [INFO] Starting new game... Scenario: default
18:03:29 [INFO] Game Log: Runde 1: Tag
18:03:29 [INFO] Game Log: Szenario gestartet: Freiheit für die Minen
18:03:29 [INFO] Hero created: Goldyx (goldyx)
Spawned 7 enemies.
18:03:29 [DEBUG] Initial game state rendered.
18:03:29 [INFO] Game Log: Welcome to Mage Knight!
18:03:29 [INFO] Game Log: Ziele: 2 Minen befreien, 1 Festung erobern.
18:03:29 [INFO] Starting new game... Scenario: default
18:03:29 [INFO] Game Log: Runde 1: Tag
18:03:29 [INFO] Game Log: Szenario gestartet: Freiheit für die Minen
18:03:29 [INFO] Hero created: Goldyx (goldyx)
Spawned 6 enemies.
18:03:29 [DEBUG] Initial game state rendered.
18:03:29 [INFO] Game Log: Welcome to Mage Knight!
18:03:29 [INFO] Game Log: Ziele: 2 Minen befreien, 1 Festung erobern.

[90mstdout[2m | tests/resilience.test.js
[22m[39mCanvas resized to 100x100

 [32m✓[39m tests/resilience.test.js [2m([22m[2m4 tests[22m[2m)[22m[32m 193[2mms[22m[39m
[90mstderr[2m | js/ui.js:57:37
[22m[39mFailed to load FloatingTextManager TypeError: window.getComputedStyle is not a function
    at new FloatingTextManager [90m(/home/tobber/.gemini/antigravity/scratch/mageknight/[39mjs/ui/FloatingTextManager.js:20:34[90m)[39m
    at [90m/home/tobber/.gemini/antigravity/scratch/mageknight/[39mjs/ui.js:55:37
[90m    at processTicksAndRejections (node:internal/process/task_queues:103:5)[39m
Failed to load FloatingTextManager TypeError: window.getComputedStyle is not a function
    at new FloatingTextManager [90m(/home/tobber/.gemini/antigravity/scratch/mageknight/[39mjs/ui/FloatingTextManager.js:20:34[90m)[39m
    at [90m/home/tobber/.gemini/antigravity/scratch/mageknight/[39mjs/ui.js:55:37
[90m    at processTicksAndRejections (node:internal/process/task_queues:103:5)[39m
Failed to load FloatingTextManager TypeError: window.getComputedStyle is not a function
    at new FloatingTextManager [90m(/home/tobber/.gemini/antigravity/scratch/mageknight/[39mjs/ui/FloatingTextManager.js:20:34[90m)[39m
    at [90m/home/tobber/.gemini/antigravity/scratch/mageknight/[39mjs/ui.js:55:37
[90m    at processTicksAndRejections (node:internal/process/task_queues:103:5)[39m
Failed to load FloatingTextManager TypeError: window.getComputedStyle is not a function
    at new FloatingTextManager [90m(/home/tobber/.gemini/antigravity/scratch/mageknight/[39mjs/ui/FloatingTextManager.js:20:34[90m)[39m
    at [90m/home/tobber/.gemini/antigravity/scratch/mageknight/[39mjs/ui.js:55:37
[90m    at processTicksAndRejections (node:internal/process/task_queues:103:5)[39m

[90mstdout[2m | TouchController.resizeCanvas (/home/tobber/.gemini/antigravity/scratch/mageknight/js/touchController.js:406:21)
[22m[39mCanvas resized to 100x100

 [32m✓[39m tests/ui/ui_reset.test.js [2m([22m[2m1 test[22m[2m)[22m[32m 68[2mms[22m[39m
[90mstdout[2m | tests/input_hardening.test.js[2m > [22m[2mInput Hardening[2m > [22m[2mshould ignore clicks during modal visibility (modal block)
[22m[39mAI Worker initialized
18:03:29 [INFO] 🔧 Debug Tools initialized. Access via window.game or window.debug
[Lazy] SoundManager initialized
18:03:29 [INFO] Starting new game... Scenario: default
18:03:29 [INFO] Game Log: Runde 1: Tag
18:03:29 [INFO] Game Log: Szenario gestartet: Freiheit für die Minen
18:03:29 [INFO] Hero created: Goldyx (goldyx)
Spawned 6 enemies.
18:03:29 [DEBUG] Initial game state rendered.
18:03:29 [INFO] Game Log: Welcome to Mage Knight!
18:03:29 [INFO] Game Log: Ziele: 2 Minen befreien, 1 Festung erobern.
18:03:29 [INFO] Starting new game... Scenario: default
18:03:29 [INFO] Game Log: Runde 1: Tag
18:03:29 [INFO] Game Log: Szenario gestartet: Freiheit für die Minen
18:03:29 [INFO] Hero created: Goldyx (goldyx)
Spawned 6 enemies.
18:03:29 [DEBUG] Initial game state rendered.
18:03:29 [INFO] Game Log: Welcome to Mage Knight!
18:03:29 [INFO] Game Log: Ziele: 2 Minen befreien, 1 Festung erobern.

 [32m✓[39m tests/animator_extended.test.js [2m([22m[2m7 tests[22m[2m)[22m[32m 17[2mms[22m[39m
[90mstdout[2m | tests/input_hardening.test.js[2m > [22m[2mInput Hardening[2m > [22m[2mshould debounce rapid clicks if implemented
[22m[39mAI Worker initialized
18:03:29 [INFO] 🔧 Debug Tools initialized. Access via window.game or window.debug
[Lazy] SoundManager initialized
18:03:29 [INFO] Starting new game... Scenario: default
18:03:29 [INFO] Game Log: Runde 1: Tag
18:03:29 [INFO] Game Log: Szenario gestartet: Freiheit für die Minen
18:03:29 [INFO] Hero created: Goldyx (goldyx)
Spawned 3 enemies.
18:03:29 [DEBUG] Initial game state rendered.
18:03:29 [INFO] Game Log: Welcome to Mage Knight!
18:03:29 [INFO] Game Log: Ziele: 2 Minen befreien, 1 Festung erobern.
18:03:29 [INFO] Starting new game... Scenario: default
18:03:29 [INFO] Game Log: Runde 1: Tag
18:03:29 [INFO] Game Log: Szenario gestartet: Freiheit für die Minen
18:03:29 [INFO] Hero created: Goldyx (goldyx)
Spawned 7 enemies.
18:03:29 [DEBUG] Initial game state rendered.
18:03:29 [INFO] Game Log: Welcome to Mage Knight!
18:03:29 [INFO] Game Log: Ziele: 2 Minen befreien, 1 Festung erobern.

[90mstdout[2m | tests/input_hardening.test.js[2m > [22m[2mInput Hardening[2m > [22m[2mshould not allow interaction with game board when game is over
[22m[39mAI Worker initialized
18:03:29 [INFO] 🔧 Debug Tools initialized. Access via window.game or window.debug
[Lazy] SoundManager initialized
18:03:29 [INFO] Starting new game... Scenario: default
18:03:29 [INFO] Game Log: Runde 1: Tag
18:03:29 [INFO] Game Log: Szenario gestartet: Freiheit für die Minen
18:03:29 [INFO] Hero created: Goldyx (goldyx)
Spawned 2 enemies.
18:03:29 [DEBUG] Initial game state rendered.
18:03:29 [INFO] Game Log: Welcome to Mage Knight!
18:03:29 [INFO] Game Log: Ziele: 2 Minen befreien, 1 Festung erobern.
18:03:29 [INFO] Starting new game... Scenario: default
18:03:29 [INFO] Game Log: Runde 1: Tag
18:03:29 [INFO] Game Log: Szenario gestartet: Freiheit für die Minen
18:03:29 [INFO] Hero created: Goldyx (goldyx)
Spawned 4 enemies.
18:03:29 [DEBUG] Initial game state rendered.
18:03:29 [INFO] Game Log: Welcome to Mage Knight!
18:03:29 [INFO] Game Log: Ziele: 2 Minen befreien, 1 Festung erobern.

 [32m✓[39m tests/input_hardening.test.js [2m([22m[2m3 tests[22m[2m)[22m[32m 129[2mms[22m[39m
[90mstderr[2m | js/ui.js:57:37
[22m[39mFailed to load FloatingTextManager TypeError: window.getComputedStyle is not a function
    at new FloatingTextManager [90m(/home/tobber/.gemini/antigravity/scratch/mageknight/[39mjs/ui/FloatingTextManager.js:20:34[90m)[39m
    at [90m/home/tobber/.gemini/antigravity/scratch/mageknight/[39mjs/ui.js:55:37
[90m    at processTicksAndRejections (node:internal/process/task_queues:103:5)[39m
Failed to load FloatingTextManager TypeError: window.getComputedStyle is not a function
    at new FloatingTextManager [90m(/home/tobber/.gemini/antigravity/scratch/mageknight/[39mjs/ui/FloatingTextManager.js:20:34[90m)[39m
    at [90m/home/tobber/.gemini/antigravity/scratch/mageknight/[39mjs/ui.js:55:37
[90m    at processTicksAndRejections (node:internal/process/task_queues:103:5)[39m
Failed to load FloatingTextManager TypeError: window.getComputedStyle is not a function
    at new FloatingTextManager [90m(/home/tobber/.gemini/antigravity/scratch/mageknight/[39mjs/ui/FloatingTextManager.js:20:34[90m)[39m
    at [90m/home/tobber/.gemini/antigravity/scratch/mageknight/[39mjs/ui.js:55:37
[90m    at processTicksAndRejections (node:internal/process/task_queues:103:5)[39m

[90mstdout[2m | tests/game_coverage.test.js[2m > [22m[2mGame Coverage Tests[2m > [22m[2mReset Functionality[2m > [22m[2mshould show scenario selection modal when reset is called
[22m[39mAI Worker initialized
18:03:29 [INFO] 🔧 Debug Tools initialized. Access via window.game or window.debug
[Lazy] SoundManager initialized
18:03:30 [INFO] Starting new game... Scenario: default
18:03:30 [INFO] Game Log: Runde 1: Tag
18:03:30 [INFO] Game Log: Szenario gestartet: Freiheit für die Minen
18:03:30 [INFO] Hero created: Goldyx (goldyx)
Spawned 6 enemies.
18:03:30 [DEBUG] Initial game state rendered.
18:03:30 [INFO] Game Log: Welcome to Mage Knight!
18:03:30 [INFO] Game Log: Ziele: 2 Minen befreien, 1 Festung erobern.

[90mstdout[2m | tests/game_coverage.test.js[2m > [22m[2mGame Coverage Tests[2m > [22m[2mReset Functionality[2m > [22m[2mshould show scenario selection modal when reset is called
[22m[39m18:03:30 [DEBUG] Scenario Selection Modal shown

[90mstdout[2m | tests/game_coverage.test.js[2m > [22m[2mGame Coverage Tests[2m > [22m[2mEnemy Creation[2m > [22m[2mshould spawn enemies based on terrain
[22m[39mAI Worker initialized
18:03:30 [INFO] 🔧 Debug Tools initialized. Access via window.game or window.debug
[Lazy] SoundManager initialized
18:03:30 [INFO] Starting new game... Scenario: default
18:03:30 [INFO] Game Log: Runde 1: Tag
18:03:30 [INFO] Game Log: Szenario gestartet: Freiheit für die Minen
18:03:30 [INFO] Hero created: Goldyx (goldyx)
Spawned 6 enemies.
18:03:30 [DEBUG] Initial game state rendered.
18:03:30 [INFO] Game Log: Welcome to Mage Knight!
18:03:30 [INFO] Game Log: Ziele: 2 Minen befreien, 1 Festung erobern.

[90mstdout[2m | tests/game_coverage.test.js[2m > [22m[2mGame Coverage Tests[2m > [22m[2mEnemy Creation[2m > [22m[2mshould spawn enemies based on terrain
[22m[39mSpawned 1 enemies.

[90mstdout[2m | tests/game_coverage.test.js[2m > [22m[2mGame Coverage Tests[2m > [22m[2mEnemy Creation[2m > [22m[2mshould not spawn enemies in starting area
[22m[39mAI Worker initialized
18:03:30 [INFO] 🔧 Debug Tools initialized. Access via window.game or window.debug
[Lazy] SoundManager initialized
18:03:30 [INFO] Starting new game... Scenario: default
18:03:30 [INFO] Game Log: Runde 1: Tag
18:03:30 [INFO] Game Log: Szenario gestartet: Freiheit für die Minen
18:03:30 [INFO] Hero created: Goldyx (goldyx)
Spawned 6 enemies.
18:03:30 [DEBUG] Initial game state rendered.
18:03:30 [INFO] Game Log: Welcome to Mage Knight!
18:03:30 [INFO] Game Log: Ziele: 2 Minen befreien, 1 Festung erobern.

[90mstdout[2m | tests/game_coverage.test.js[2m > [22m[2mGame Coverage Tests[2m > [22m[2mEnemy Creation[2m > [22m[2mshould not spawn enemies in starting area
[22m[39mSpawned 0 enemies.

[90mstdout[2m | tests/game_coverage.test.js[2m > [22m[2mGame Coverage Tests[2m > [22m[2mSave/Load Edge Cases[2m > [22m[2mshould handle load game failure gracefully
[22m[39mAI Worker initialized
18:03:30 [INFO] 🔧 Debug Tools initialized. Access via window.game or window.debug
[Lazy] SoundManager initialized
18:03:30 [INFO] Starting new game... Scenario: default
18:03:30 [INFO] Game Log: Runde 1: Tag
18:03:30 [INFO] Game Log: Szenario gestartet: Freiheit für die Minen
18:03:30 [INFO] Hero created: Goldyx (goldyx)
Spawned 6 enemies.
18:03:30 [DEBUG] Initial game state rendered.
18:03:30 [INFO] Game Log: Welcome to Mage Knight!
18:03:30 [INFO] Game Log: Ziele: 2 Minen befreien, 1 Festung erobern.

[90mstdout[2m | tests/game_coverage.test.js[2m > [22m[2mGame Coverage Tests[2m > [22m[2mSave/Load Edge Cases[2m > [22m[2mshould handle successful save
[22m[39mAI Worker initialized
18:03:30 [INFO] 🔧 Debug Tools initialized. Access via window.game or window.debug
[Lazy] SoundManager initialized
18:03:30 [INFO] Starting new game... Scenario: default
18:03:30 [INFO] Game Log: Runde 1: Tag
18:03:30 [INFO] Game Log: Szenario gestartet: Freiheit für die Minen
18:03:30 [INFO] Hero created: Goldyx (goldyx)
Spawned 6 enemies.
18:03:30 [DEBUG] Initial game state rendered.
18:03:30 [INFO] Game Log: Welcome to Mage Knight!
18:03:30 [INFO] Game Log: Ziele: 2 Minen befreien, 1 Festung erobern.

[90mstdout[2m | tests/game_coverage.test.js[2m > [22m[2mGame Coverage Tests[2m > [22m[2mInitialization Edge Cases[2m > [22m[2mshould handle touch controller initialization
[22m[39mAI Worker initialized
18:03:30 [INFO] 🔧 Debug Tools initialized. Access via window.game or window.debug
[Lazy] SoundManager initialized
18:03:30 [INFO] Starting new game... Scenario: default
18:03:30 [INFO] Game Log: Runde 1: Tag
18:03:30 [INFO] Game Log: Szenario gestartet: Freiheit für die Minen
18:03:30 [INFO] Hero created: Goldyx (goldyx)
Spawned 6 enemies.
18:03:30 [DEBUG] Initial game state rendered.
18:03:30 [INFO] Game Log: Welcome to Mage Knight!
18:03:30 [INFO] Game Log: Ziele: 2 Minen befreien, 1 Festung erobern.

[90mstdout[2m | tests/game_coverage.test.js[2m > [22m[2mGame Coverage Tests[2m > [22m[2mInitialization Edge Cases[2m > [22m[2mshould handle touch controller initialization
[22m[39mAI Worker initialized
18:03:30 [INFO] 🔧 Debug Tools initialized. Access via window.game or window.debug
[Lazy] SoundManager initialized
18:03:30 [INFO] Game Log: Touch-Steuerung aktiviert
18:03:30 [INFO] Starting new game... Scenario: default
18:03:30 [INFO] Game Log: Runde 1: Tag
18:03:30 [INFO] Game Log: Szenario gestartet: Freiheit für die Minen
18:03:30 [INFO] Hero created: Goldyx (goldyx)
Spawned 5 enemies.
18:03:30 [DEBUG] Initial game state rendered.
18:03:30 [INFO] Game Log: Welcome to Mage Knight!
18:03:30 [INFO] Game Log: Ziele: 2 Minen befreien, 1 Festung erobern.

[90mstdout[2m | tests/game_coverage.test.js[2m > [22m[2mGame Coverage Tests[2m > [22m[2mInitialization Edge Cases[2m > [22m[2mshould initialize debug tools
[22m[39mAI Worker initialized
18:03:30 [INFO] 🔧 Debug Tools initialized. Access via window.game or window.debug
[Lazy] SoundManager initialized
18:03:30 [INFO] Game Log: Touch-Steuerung aktiviert
18:03:30 [INFO] Starting new game... Scenario: default
18:03:30 [INFO] Game Log: Runde 1: Tag
18:03:30 [INFO] Game Log: Szenario gestartet: Freiheit für die Minen
18:03:30 [INFO] Hero created: Goldyx (goldyx)
Spawned 6 enemies.
18:03:30 [DEBUG] Initial game state rendered.
18:03:30 [INFO] Game Log: Welcome to Mage Knight!
18:03:30 [INFO] Game Log: Ziele: 2 Minen befreien, 1 Festung erobern.

 [32m✓[39m tests/game_coverage.test.js [2m([22m[2m7 tests[22m[2m)[22m[32m 176[2mms[22m[39m
[90mstderr[2m | js/ui.js:57:37
[22m[39mFailed to load FloatingTextManager TypeError: window.getComputedStyle is not a function
    at new FloatingTextManager [90m(/home/tobber/.gemini/antigravity/scratch/mageknight/[39mjs/ui/FloatingTextManager.js:20:34[90m)[39m
    at [90m/home/tobber/.gemini/antigravity/scratch/mageknight/[39mjs/ui.js:55:37
[90m    at processTicksAndRejections (node:internal/process/task_queues:103:5)[39m
Failed to load FloatingTextManager TypeError: window.getComputedStyle is not a function
    at new FloatingTextManager [90m(/home/tobber/.gemini/antigravity/scratch/mageknight/[39mjs/ui/FloatingTextManager.js:20:34[90m)[39m
    at [90m/home/tobber/.gemini/antigravity/scratch/mageknight/[39mjs/ui.js:55:37
[90m    at processTicksAndRejections (node:internal/process/task_queues:103:5)[39m
Failed to load FloatingTextManager TypeError: window.getComputedStyle is not a function
    at new FloatingTextManager [90m(/home/tobber/.gemini/antigravity/scratch/mageknight/[39mjs/ui/FloatingTextManager.js:20:34[90m)[39m
    at [90m/home/tobber/.gemini/antigravity/scratch/mageknight/[39mjs/ui.js:55:37
[90m    at processTicksAndRejections (node:internal/process/task_queues:103:5)[39m
Failed to load FloatingTextManager TypeError: window.getComputedStyle is not a function
    at new FloatingTextManager [90m(/home/tobber/.gemini/antigravity/scratch/mageknight/[39mjs/ui/FloatingTextManager.js:20:34[90m)[39m
    at [90m/home/tobber/.gemini/antigravity/scratch/mageknight/[39mjs/ui.js:55:37
[90m    at processTicksAndRejections (node:internal/process/task_queues:103:5)[39m
Failed to load FloatingTextManager TypeError: window.getComputedStyle is not a function
    at new FloatingTextManager [90m(/home/tobber/.gemini/antigravity/scratch/mageknight/[39mjs/ui/FloatingTextManager.js:20:34[90m)[39m
    at [90m/home/tobber/.gemini/antigravity/scratch/mageknight/[39mjs/ui.js:55:37
[90m    at processTicksAndRejections (node:internal/process/task_queues:103:5)[39m
Failed to load FloatingTextManager TypeError: window.getComputedStyle is not a function
    at new FloatingTextManager [90m(/home/tobber/.gemini/antigravity/scratch/mageknight/[39mjs/ui/FloatingTextManager.js:20:34[90m)[39m
    at [90m/home/tobber/.gemini/antigravity/scratch/mageknight/[39mjs/ui.js:55:37
[90m    at processTicksAndRejections (node:internal/process/task_queues:103:5)[39m
Failed to load FloatingTextManager TypeError: window.getComputedStyle is not a function
    at new FloatingTextManager [90m(/home/tobber/.gemini/antigravity/scratch/mageknight/[39mjs/ui/FloatingTextManager.js:20:34[90m)[39m
    at [90m/home/tobber/.gemini/antigravity/scratch/mageknight/[39mjs/ui.js:55:37
[90m    at processTicksAndRejections (node:internal/process/task_queues:103:5)[39m
Failed to load FloatingTextManager TypeError: window.getComputedStyle is not a function
    at new FloatingTextManager [90m(/home/tobber/.gemini/antigravity/scratch/mageknight/[39mjs/ui/FloatingTextManager.js:20:34[90m)[39m
    at [90m/home/tobber/.gemini/antigravity/scratch/mageknight/[39mjs/ui.js:55:37
[90m    at processTicksAndRejections (node:internal/process/task_queues:103:5)[39m

[90mstdout[2m | tests/combat/combat_siege.test.js[2m > [22m[2mCombat Siege and Fortified Mechanics[2m > [22m[2mshould NOT allow normal ranged attacks against fortified enemies
[22m[39m18:03:30 [INFO] Combat started against 1 enemies

[90mstdout[2m | tests/combat/combat_siege.test.js[2m > [22m[2mCombat Siege and Fortified Mechanics[2m > [22m[2mshould allow siege attacks against fortified enemies
[22m[39m18:03:30 [INFO] Combat started against 1 enemies
18:03:30 [DEBUG] Ranged attack: 4 vs 4 (Armor: 4, Multiplier: 1)

[90mstdout[2m | tests/combat/combat_siege.test.js[2m > [22m[2mCombat Siege and Fortified Mechanics[2m > [22m[2mshould combine ranged and siege against NON-fortified enemies
[22m[39m18:03:30 [INFO] Combat started against 1 enemies
18:03:30 [DEBUG] Ranged attack: 3 vs 3 (Armor: 3, Multiplier: 1)

[90mstdout[2m | tests/combat/combat_siege.test.js[2m > [22m[2mCombat Siege and Fortified Mechanics[2m > [22m[2mshould ONLY use siege points against fortified enemies even if ranged is present
[22m[39m18:03:30 [INFO] Combat started against 1 enemies
18:03:30 [DEBUG] Ranged attack: 3 vs 4 (Armor: 4, Multiplier: 1)

[90mstdout[2m | tests/combat/combat_siege.test.js[2m > [22m[2mCombat Siege and Fortified Mechanics[2m > [22m[2mshould correctly report consumed points for non-fortified enemies
[22m[39m18:03:30 [INFO] Combat started against 1 enemies
18:03:30 [DEBUG] Ranged attack: 7 vs 3 (Armor: 3, Multiplier: 1)

[90mstdout[2m | tests/combat/combat_siege.test.js[2m > [22m[2mCombat Siege and Fortified Mechanics[2m > [22m[2mshould correctly report consumed points for fortified enemies
[22m[39m18:03:30 [INFO] Combat started against 1 enemies
18:03:30 [DEBUG] Ranged attack: 5 vs 4 (Armor: 4, Multiplier: 1)

 [32m✓[39m tests/combat/combat_siege.test.js [2m([22m[2m6 tests[22m[2m)[22m[32m 46[2mms[22m[39m
[90mstdout[2m | tests/ui/ui_sync.test.js[2m > [22m[2mUI Synchronization Tests[2m > [22m[2mshould update movement controls based on movement points
[22m[39mAI Worker initialized
18:03:30 [INFO] 🔧 Debug Tools initialized. Access via window.game or window.debug
[Lazy] SoundManager initialized
18:03:30 [INFO] Starting new game... Scenario: default
18:03:30 [INFO] Game Log: Runde 1: Tag
18:03:30 [INFO] Game Log: Szenario gestartet: Freiheit für die Minen
18:03:30 [INFO] Hero created: Goldyx (goldyx)
Spawned 6 enemies.
18:03:30 [DEBUG] Initial game state rendered.
18:03:30 [INFO] Game Log: Welcome to Mage Knight!
18:03:30 [INFO] Game Log: Ziele: 2 Minen befreien, 1 Festung erobern.

[90mstdout[2m | tests/ui/ui_sync.test.js[2m > [22m[2mUI Synchronization Tests[2m > [22m[2mshould show combat panel and correct number of enemies when combat starts
[22m[39mAI Worker initialized
18:03:30 [INFO] 🔧 Debug Tools initialized. Access via window.game or window.debug
[Lazy] SoundManager initialized
18:03:30 [INFO] Starting new game... Scenario: default
18:03:30 [INFO] Game Log: Runde 1: Tag
18:03:30 [INFO] Game Log: Szenario gestartet: Freiheit für die Minen
18:03:30 [INFO] Hero created: Goldyx (goldyx)
Spawned 6 enemies.
18:03:30 [DEBUG] Initial game state rendered.
18:03:30 [INFO] Game Log: Welcome to Mage Knight!
18:03:30 [INFO] Game Log: Ziele: 2 Minen befreien, 1 Festung erobern.

[90mstdout[2m | tests/ui/ui_sync.test.js[2m > [22m[2mUI Synchronization Tests[2m > [22m[2mshould show combat panel and correct number of enemies when combat starts
[22m[39m18:03:30 [INFO] Game Log: Fight against Orc!
18:03:30 [INFO] Combat started against 1 enemies

[90mstdout[2m | tests/ui/ui_sync.test.js[2m > [22m[2mUI Synchronization Tests[2m > [22m[2mshould show visit button only when on a site
[22m[39mAI Worker initialized
18:03:30 [INFO] 🔧 Debug Tools initialized. Access via window.game or window.debug
[Lazy] SoundManager initialized
18:03:30 [INFO] Starting new game... Scenario: default
18:03:30 [INFO] Game Log: Runde 1: Tag
18:03:30 [INFO] Game Log: Szenario gestartet: Freiheit für die Minen
18:03:30 [INFO] Hero created: Goldyx (goldyx)
Spawned 6 enemies.
18:03:30 [DEBUG] Initial game state rendered.
18:03:30 [INFO] Game Log: Welcome to Mage Knight!
18:03:30 [INFO] Game Log: Ziele: 2 Minen befreien, 1 Festung erobern.

[90mstdout[2m | tests/ui/ui_sync.test.js[2m > [22m[2mUI Synchronization Tests[2m > [22m[2mshould synchronize stat pills with hero state
[22m[39mAI Worker initialized
18:03:30 [INFO] 🔧 Debug Tools initialized. Access via window.game or window.debug
[Lazy] SoundManager initialized
18:03:30 [INFO] Starting new game... Scenario: default
18:03:30 [INFO] Game Log: Runde 1: Tag
18:03:30 [INFO] Game Log: Szenario gestartet: Freiheit für die Minen
18:03:30 [INFO] Hero created: Goldyx (goldyx)
Spawned 6 enemies.
18:03:30 [DEBUG] Initial game state rendered.
18:03:30 [INFO] Game Log: Welcome to Mage Knight!
18:03:30 [INFO] Game Log: Ziele: 2 Minen befreien, 1 Festung erobern.

 [32m✓[39m tests/ui/ui_sync.test.js [2m([22m[2m4 tests[22m[2m)[22m[32m 137[2mms[22m[39m
[90mstderr[2m | js/ui.js:57:37
[22m[39mFailed to load FloatingTextManager TypeError: window.getComputedStyle is not a function
    at new FloatingTextManager [90m(/home/tobber/.gemini/antigravity/scratch/mageknight/[39mjs/ui/FloatingTextManager.js:20:34[90m)[39m
    at [90m/home/tobber/.gemini/antigravity/scratch/mageknight/[39mjs/ui.js:55:37
[90m    at processTicksAndRejections (node:internal/process/task_queues:103:5)[39m
Failed to load FloatingTextManager TypeError: window.getComputedStyle is not a function
    at new FloatingTextManager [90m(/home/tobber/.gemini/antigravity/scratch/mageknight/[39mjs/ui/FloatingTextManager.js:20:34[90m)[39m
    at [90m/home/tobber/.gemini/antigravity/scratch/mageknight/[39mjs/ui.js:55:37
[90m    at processTicksAndRejections (node:internal/process/task_queues:103:5)[39m
Failed to load FloatingTextManager TypeError: window.getComputedStyle is not a function
    at new FloatingTextManager [90m(/home/tobber/.gemini/antigravity/scratch/mageknight/[39mjs/ui/FloatingTextManager.js:20:34[90m)[39m
    at [90m/home/tobber/.gemini/antigravity/scratch/mageknight/[39mjs/ui.js:55:37
[90m    at processTicksAndRejections (node:internal/process/task_queues:103:5)[39m
Failed to load FloatingTextManager TypeError: window.getComputedStyle is not a function
    at new FloatingTextManager [90m(/home/tobber/.gemini/antigravity/scratch/mageknight/[39mjs/ui/FloatingTextManager.js:20:34[90m)[39m
    at [90m/home/tobber/.gemini/antigravity/scratch/mageknight/[39mjs/ui.js:55:37
[90m    at processTicksAndRejections (node:internal/process/task_queues:103:5)[39m

[90mstdout[2m | TouchController.resizeCanvas (/home/tobber/.gemini/antigravity/scratch/mageknight/js/touchController.js:406:21)
[22m[39mCanvas resized to 100x100

[90mstdout[2m | TouchController.resizeCanvas (/home/tobber/.gemini/antigravity/scratch/mageknight/js/touchController.js:406:21)
[22m[39mCanvas resized to 100x100

[90mstdout[2m | tests/ui/scenario_selection_ui.test.js[2m > [22m[2mScenarioSelectionModal[2m > [22m[2mshould render scenario cards
[22m[39m18:03:30 [DEBUG] Scenario Selection Modal shown

[90mstdout[2m | tests/ui/scenario_selection_ui.test.js[2m > [22m[2mScenarioSelectionModal[2m > [22m[2mshould call selectScenario when a card is clicked
[22m[39m18:03:30 [DEBUG] Scenario Selection Modal shown

[90mstdout[2m | tests/ui/scenario_selection_ui.test.js[2m > [22m[2mScenarioSelectionModal[2m > [22m[2mshould hide when close button is clicked
[22m[39m18:03:30 [DEBUG] Scenario Selection Modal shown

[90mstdout[2m | tests/ui/scenario_selection_ui.test.js[2m > [22m[2mScenarioSelectionModal[2m > [22m[2mshould hide when cancel button is clicked
[22m[39m18:03:30 [DEBUG] Scenario Selection Modal shown

 [32m✓[39m tests/ui/scenario_selection_ui.test.js [2m([22m[2m5 tests[22m[2m)[22m[32m 131[2mms[22m[39m
 [32m✓[39m tests/mana_coverage.test.js [2m([22m[2m7 tests[22m[2m)[22m[32m 82[2mms[22m[39m
 [32m✓[39m tests/tooltips_interactive.test.js [2m([22m[2m3 tests[22m[2m)[22m[32m 69[2mms[22m[39m
[90mstdout[2m | tests/scenarios/scenarios.test.js[2m > [22m[2mScenario - Conquest and Progression[2m > [22m[2mshould handle a full conquest loop: Move -> Explore -> Combat -> Level Up
[22m[39mAI Worker initialized
18:03:31 [INFO] 🔧 Debug Tools initialized. Access via window.game or window.debug
[Lazy] SoundManager initialized
18:03:31 [INFO] Starting new game... Scenario: default
18:03:31 [INFO] Game Log: Runde 1: Tag
18:03:31 [INFO] Game Log: Szenario gestartet: Freiheit für die Minen
18:03:31 [INFO] Hero created: Goldyx (goldyx)
Spawned 6 enemies.
18:03:31 [DEBUG] Initial game state rendered.
18:03:31 [INFO] Game Log: Welcome to Mage Knight!
18:03:31 [INFO] Game Log: Ziele: 2 Minen befreien, 1 Festung erobern.

[90mstdout[2m | tests/scenarios/scenarios.test.js[2m > [22m[2mScenario - Conquest and Progression[2m > [22m[2mshould handle a full conquest loop: Move -> Explore -> Combat -> Level Up
[22m[39m18:03:31 [INFO] Game Log: Fight against Scenario Orc!
18:03:31 [INFO] Combat started against 1 enemies
18:03:31 [DEBUG] Block vs Scenario Orc (physical): Input total 3 -> Effective total 3. Required: 3

[90mstdout[2m | tests/scenarios/scenarios.test.js[2m > [22m[2mScenario - Recovery and Persistence[2m > [22m[2mshould survive a tough battle, heal, and continue
[22m[39mAI Worker initialized
18:03:31 [INFO] 🔧 Debug Tools initialized. Access via window.game or window.debug
[Lazy] SoundManager initialized
18:03:31 [INFO] Starting new game... Scenario: default
18:03:31 [INFO] Game Log: Runde 1: Tag
18:03:31 [INFO] Game Log: Szenario gestartet: Freiheit für die Minen
18:03:31 [INFO] Hero created: Goldyx (goldyx)
Spawned 5 enemies.
18:03:31 [DEBUG] Initial game state rendered.
18:03:31 [INFO] Game Log: Welcome to Mage Knight!
18:03:31 [INFO] Game Log: Ziele: 2 Minen befreien, 1 Festung erobern.

[90mstdout[2m | tests/scenarios/scenarios.test.js[2m > [22m[2mScenario - Recovery and Persistence[2m > [22m[2mshould survive a tough battle, heal, and continue
[22m[39m18:03:31 [INFO] Game Log: Fight against Dragon!
18:03:31 [INFO] Combat started against 1 enemies
18:03:31 [DEBUG] Block vs Dragon (physical): Input total 3 -> Effective total 3. Required: 6
18:03:31 [INFO] Damage phase: Total damage 6 vs Armor 2 = 3 wounds

 [32m✓[39m tests/scenarios/scenarios.test.js [2m([22m[2m2 tests[22m[2m)[22m[32m 113[2mms[22m[39m
[90mstderr[2m | js/ui.js:57:37
[22m[39mFailed to load FloatingTextManager TypeError: window.getComputedStyle is not a function
    at new FloatingTextManager [90m(/home/tobber/.gemini/antigravity/scratch/mageknight/[39mjs/ui/FloatingTextManager.js:20:34[90m)[39m
    at [90m/home/tobber/.gemini/antigravity/scratch/mageknight/[39mjs/ui.js:55:37
[90m    at processTicksAndRejections (node:internal/process/task_queues:103:5)[39m
Failed to load FloatingTextManager TypeError: window.getComputedStyle is not a function
    at new FloatingTextManager [90m(/home/tobber/.gemini/antigravity/scratch/mageknight/[39mjs/ui/FloatingTextManager.js:20:34[90m)[39m
    at [90m/home/tobber/.gemini/antigravity/scratch/mageknight/[39mjs/ui.js:55:37
[90m    at processTicksAndRejections (node:internal/process/task_queues:103:5)[39m

 [32m✓[39m tests/ui/skill_selection.test.js [2m([22m[2m4 tests[22m[2m)[22m[32m 93[2mms[22m[39m
[90mstdout[2m | tests/ui/reward_manager_ui.test.js[2m > [22m[2mRewardManager UI[2m > [22m[2mshould render artifact choices and handle selection
[22m[39m18:03:31 [INFO] Opening reward selection modal...

[90mstdout[2m | tests/ui/reward_manager_ui.test.js[2m > [22m[2mRewardManager UI[2m > [22m[2mshould render spell choices and handle selection
[22m[39m18:03:31 [INFO] Opening spell reward selection modal...

[90mstdout[2m | tests/ui/reward_manager_ui.test.js[2m > [22m[2mRewardManager UI[2m > [22m[2mshould gracefully handle missing DOM elements
[22m[39m18:03:31 [INFO] Opening reward selection modal...

 [32m✓[39m tests/ui/reward_manager_ui.test.js [2m([22m[2m3 tests[22m[2m)[22m[32m 91[2mms[22m[39m
[90mstdout[2m | tests/stability.test.js[2m > [22m[2mCore Stability Tests[2m > [22m[2mCombat Damage Safety[2m > [22m[2mshould handle zero armor safely in damage phase
[22m[39m18:03:31 [INFO] Damage phase: Total damage 5 vs Armor 1 = 5 wounds

[90mstdout[2m | tests/stability.test.js[2m > [22m[2mCore Stability Tests[2m > [22m[2mCombat Damage Safety[2m > [22m[2mshould handle NaN damage safely
[22m[39m18:03:31 [INFO] Damage phase: Total damage NaN vs Armor 2 = 0 wounds

[90mstdout[2m | tests/stability.test.js[2m > [22m[2mCore Stability Tests[2m > [22m[2mGame Controller Cleanup[2m > [22m[2mshould generate enemy IDs without trailing spaces
[22m[39mAI Worker initialized
18:03:31 [INFO] 🔧 Debug Tools initialized. Access via window.game or window.debug
[Lazy] SoundManager initialized
18:03:31 [INFO] Starting new game... Scenario: default
18:03:31 [INFO] Game Log: Runde 1: Tag
18:03:31 [INFO] Game Log: Szenario gestartet: Freiheit für die Minen
18:03:31 [INFO] Hero created: Goldyx (goldyx)
Spawned 6 enemies.
18:03:31 [DEBUG] Initial game state rendered.
18:03:31 [INFO] Game Log: Welcome to Mage Knight!
18:03:31 [INFO] Game Log: Ziele: 2 Minen befreien, 1 Festung erobern.
Spawned 5 enemies.

 [32m✓[39m tests/stability.test.js [2m([22m[2m6 tests[22m[2m)[22m[32m 74[2mms[22m[39m
[90mstderr[2m | js/ui.js:57:37
[22m[39mFailed to load FloatingTextManager TypeError: window.getComputedStyle is not a function
    at new FloatingTextManager [90m(/home/tobber/.gemini/antigravity/scratch/mageknight/[39mjs/ui/FloatingTextManager.js:20:34[90m)[39m
    at [90m/home/tobber/.gemini/antigravity/scratch/mageknight/[39mjs/ui.js:55:37
[90m    at processTicksAndRejections (node:internal/process/task_queues:103:5)[39m

 [32m✓[39m tests/movement_preview.test.js [2m([22m[2m4 tests[22m[2m)[22m[32m 69[2mms[22m[39m
 [32m✓[39m tests/ui/ui_tooltips.test.js [2m([22m[2m4 tests[22m[2m)[22m[32m 120[2mms[22m[39m
[90mstdout[2m | tests/combat/combat.test.js[2m > [22m[2mCombat[2m > [22m[2mshould start in RANGED phase
[22m[39m18:03:32 [INFO] Combat started against 1 enemies

[90mstdout[2m | tests/combat/combat.test.js[2m > [22m[2mCombat[2m > [22m[2mshould successfully block an enemy
[22m[39m18:03:32 [INFO] Combat started against 1 enemies
18:03:32 [DEBUG] Block vs Mock Enemy (physical): Input total 4 -> Effective total 4. Required: 4

[90mstdout[2m | tests/combat/combat.test.js[2m > [22m[2mCombat[2m > [22m[2mshould fail to block if value is too low
[22m[39m18:03:32 [INFO] Combat started against 1 enemies
18:03:32 [DEBUG] Block vs Mock Enemy (physical): Input total 3 -> Effective total 3. Required: 4

[90mstdout[2m | tests/combat/combat.test.js[2m > [22m[2mCombat[2m > [22m[2mshould calculate damage correctly
[22m[39m18:03:32 [INFO] Combat started against 1 enemies
18:03:32 [INFO] Damage phase: Total damage 5 vs Armor 2 = 3 wounds

[90mstdout[2m | tests/combat/combat.test.js[2m > [22m[2mCombat[2m > [22m[2mshould handle multiple enemies
[22m[39m18:03:32 [INFO] Combat started against 2 enemies
18:03:32 [DEBUG] Block vs Mock Enemy (physical): Input total 3 -> Effective total 3. Required: 3
18:03:32 [INFO] Damage phase: Total damage 4 vs Armor 2 = 2 wounds

[90mstdout[2m | tests/combat/combat.test.js[2m > [22m[2mCombat[2m > [22m[2mshould require double block for swift enemies
[22m[39m18:03:32 [INFO] Combat started against 1 enemies
18:03:32 [DEBUG] Block vs Mock Enemy (physical): Input total 4 -> Effective total 4. Required: 8
18:03:32 [DEBUG] Block vs Mock Enemy (physical): Input total 8 -> Effective total 8. Required: 8

[90mstdout[2m | tests/combat/combat.test.js[2m > [22m[2mCombat[2m > [22m[2mshould handle poison ability
[22m[39m18:03:32 [INFO] Combat started against 1 enemies
18:03:32 [INFO] Damage phase: Total damage 3 vs Armor 2 = 2 wounds

[90mstdout[2m | tests/combat/combat.test.js[2m > [22m[2mCombat[2m > [22m[2mshould handle vampiric ability
[22m[39m18:03:32 [INFO] Combat started against 1 enemies
18:03:32 [INFO] Damage phase: Total damage 4 vs Armor 2 = 2 wounds
18:03:32 [INFO] Mock Enemy gains +2 Armor from Vampirism!

[90mstdout[2m | tests/combat/combat.test.js[2m > [22m[2mCombat[2m > [22m[2mshould track unit contributions to block
[22m[39m18:03:32 [INFO] Combat started against 1 enemies
18:03:32 [DEBUG] Block vs Mock Enemy (physical): Input total 4 -> Effective total 6. Required: 6

[90mstdout[2m | tests/combat/combat.test.js[2m > [22m[2mCombat[2m > [22m[2mshould track unit contributions to attack
[22m[39m18:03:32 [INFO] Combat started against 1 enemies
18:03:32 [INFO] Damage phase: Total damage 3 vs Armor 2 = 2 wounds

[90mstdout[2m | tests/combat/combat.test.js[2m > [22m[2mCombat[2m > [22m[2mshould not allow blocking in wrong phase
[22m[39m18:03:32 [INFO] Combat started against 1 enemies
DEBUG: blockEnemy Phase Warning. Current: ranged Expected: block

[90mstdout[2m | tests/combat/combat.test.js[2m > [22m[2mCombat[2m > [22m[2mshould not allow attacking in block phase
[22m[39m18:03:32 [INFO] Combat started against 1 enemies

[90mstdout[2m | tests/combat/combat.test.js[2m > [22m[2mCombat[2m > [22m[2mshould defeat all enemies and end combat
[22m[39m18:03:32 [INFO] Combat started against 2 enemies
18:03:32 [INFO] Damage phase: Total damage 4 vs Armor 2 = 2 wounds

[90mstdout[2m | tests/combat/combat.test.js[2m > [22m[2mCombat[2m > [22m[2mshould handle partial enemy defeat
[22m[39m18:03:32 [INFO] Combat started against 2 enemies
18:03:32 [INFO] Damage phase: Total damage 5 vs Armor 2 = 3 wounds

[90mstdout[2m | tests/combat/combat.test.js[2m > [22m[2mCombat[2m > [22m[2mshould accumulate fame from defeated enemies
[22m[39m18:03:32 [INFO] Combat started against 2 enemies
18:03:32 [INFO] Damage phase: Total damage 5 vs Armor 2 = 3 wounds

[90mstdout[2m | tests/combat/combat.test.js[2m > [22m[2mCombat[2m > [22m[2mshould handle resistance to elements
[22m[39m18:03:32 [INFO] Combat started against 1 enemies
18:03:32 [INFO] Damage phase: Total damage 3 vs Armor 2 = 2 wounds

[90mstdout[2m | tests/combat/combat.test.js[2m > [22m[2mCombat[2m > [22m[2mshould handle zero damage scenario
[22m[39m18:03:32 [INFO] Combat started against 1 enemies
18:03:32 [INFO] Damage phase: Total damage 3 vs Armor 10 = 1 wounds

[90mstdout[2m | tests/combat/combat.test.js[2m > [22m[2mCombat[2m > [22m[2mshould complete combat cycle correctly
[22m[39m18:03:32 [INFO] Combat started against 1 enemies
18:03:32 [INFO] Damage phase: Total damage 4 vs Armor 2 = 2 wounds

[90mstdout[2m | tests/combat/combat.test.js[2m > [22m[2mCombat[2m > [22m[2mRanged & Siege Phase Mechanics[2m > [22m[2mshould handle siege attacks against fortified enemies
[22m[39m18:03:32 [INFO] Combat started against 1 enemies
18:03:32 [DEBUG] Ranged attack: 5 vs 4 (Armor: 4, Multiplier: 1)

 [32m✓[39m tests/combat/combat.test.js [2m([22m[2m25 tests[22m[2m)[22m[32m 88[2mms[22m[39m
[90mstdout[2m | tests/game/damage_assignment.test.js[2m > [22m[2mCombat Damage Assignment[2m > [22m[2mshould allow assigning damage to unit
[22m[39m18:03:32 [INFO] Peasant wurde verwundet.

[90mstdout[2m | tests/game/damage_assignment.test.js[2m > [22m[2mCombat Damage Assignment[2m > [22m[2mshould calculate remaining hero wounds correctly
[22m[39m18:03:32 [INFO] Damage phase: Total damage 3 vs Armor 2 = 2 wounds

[90mstdout[2m | tests/game/damage_assignment.test.js[2m > [22m[2mCombat Damage Assignment[2m > [22m[2mshould deal NO wounds to hero if unit absorbs it
[22m[39m18:03:32 [INFO] Peasant wurde verwundet.
18:03:32 [INFO] Damage phase: Total damage 0 vs Armor 2 = 0 wounds

[90mstdout[2m | tests/game/damage_assignment.test.js[2m > [22m[2mCombat Damage Assignment[2m > [22m[2mshould restrict assassin damage assignment
[22m[39m18:03:32 [INFO] Damage phase: Total damage 3 vs Armor 2 = 2 wounds

 [32m✓[39m tests/game/damage_assignment.test.js [2m([22m[2m5 tests[22m[2m)[22m[32m 45[2mms[22m[39m
[90mstdout[2m | tests/debug_coverage.test.js[2m > [22m[2mDebug Manager Coverage Boost[2m > [22m[2mCheat functions[2m > [22m[2maddCrystals should add crystals to hero
[22m[39m18:03:32 [INFO] 🔧 Debug Tools initialized. Access via window.game or window.debug

[90mstdout[2m | tests/debug_coverage.test.js[2m > [22m[2mDebug Manager Coverage Boost[2m > [22m[2mCheat functions[2m > [22m[2maddFame should call gainFame
[22m[39m18:03:33 [INFO] 🔧 Debug Tools initialized. Access via window.game or window.debug

[90mstdout[2m | tests/debug_coverage.test.js[2m > [22m[2mDebug Manager Coverage Boost[2m > [22m[2mCheat functions[2m > [22m[2maddReputation should call changeReputation
[22m[39m18:03:33 [INFO] 🔧 Debug Tools initialized. Access via window.game or window.debug

[90mstdout[2m | tests/debug_coverage.test.js[2m > [22m[2mDebug Manager Coverage Boost[2m > [22m[2mCheat functions[2m > [22m[2maddInfluence should add influence points
[22m[39m18:03:33 [INFO] 🔧 Debug Tools initialized. Access via window.game or window.debug

[90mstdout[2m | tests/debug_coverage.test.js[2m > [22m[2mDebug Manager Coverage Boost[2m > [22m[2mCheat functions[2m > [22m[2mhealAll should clear wounds
[22m[39m18:03:33 [INFO] 🔧 Debug Tools initialized. Access via window.game or window.debug

[90mstdout[2m | tests/debug_coverage.test.js[2m > [22m[2mDebug Manager Coverage Boost[2m > [22m[2mCheat functions[2m > [22m[2mdrawCard should draw and log
[22m[39m18:03:33 [INFO] 🔧 Debug Tools initialized. Access via window.game or window.debug

[90mstdout[2m | tests/debug_coverage.test.js[2m > [22m[2mDebug Manager Coverage Boost[2m > [22m[2mCheat functions[2m > [22m[2mdrawCard should log warning when deck empty
[22m[39m18:03:33 [INFO] 🔧 Debug Tools initialized. Access via window.game or window.debug

[90mstdout[2m | tests/debug_coverage.test.js[2m > [22m[2mDebug Manager Coverage Boost[2m > [22m[2mCheat functions[2m > [22m[2mresetHand should reset and redraw
[22m[39m18:03:33 [INFO] 🔧 Debug Tools initialized. Access via window.game or window.debug

[90mstdout[2m | tests/debug_coverage.test.js[2m > [22m[2mDebug Manager Coverage Boost[2m > [22m[2mCheat functions[2m > [22m[2mtoggleCoordinates should toggle debug mode
[22m[39m18:03:33 [INFO] 🔧 Debug Tools initialized. Access via window.game or window.debug

[90mstdout[2m | tests/debug_coverage.test.js[2m > [22m[2mDebug Manager Coverage Boost[2m > [22m[2mCheat functions[2m > [22m[2mrevealMap should log not implemented
[22m[39m18:03:33 [INFO] 🔧 Debug Tools initialized. Access via window.game or window.debug

[90mstdout[2m | tests/debug_coverage.test.js[2m > [22m[2mDebug Manager Coverage Boost[2m > [22m[2mCheat functions[2m > [22m[2mteleportMode should enable teleport flag
[22m[39m18:03:33 [INFO] 🔧 Debug Tools initialized. Access via window.game or window.debug

[90mstdout[2m | tests/debug_coverage.test.js[2m > [22m[2mDebug Manager Coverage Boost[2m > [22m[2mCheat functions[2m > [22m[2mspawnEnemy should add enemy to array
[22m[39m18:03:33 [INFO] 🔧 Debug Tools initialized. Access via window.game or window.debug

[90mstdout[2m | tests/debug_coverage.test.js[2m > [22m[2mDebug Manager Coverage Boost[2m > [22m[2mCheat functions[2m > [22m[2mkillEnemies should clear enemies array
[22m[39m18:03:33 [INFO] 🔧 Debug Tools initialized. Access via window.game or window.debug

[90mstdout[2m | tests/debug_coverage.test.js[2m > [22m[2mDebug Manager Coverage Boost[2m > [22m[2mUI Panel[2m > [22m[2mtogglePanel should toggle hidden class
[22m[39m18:03:33 [INFO] 🔧 Debug Tools initialized. Access via window.game or window.debug

 [32m✓[39m tests/debug_coverage.test.js [2m([22m[2m14 tests[22m[2m)[22m[32m 125[2mms[22m[39m
 [32m✓[39m tests/ux/TooltipManager.test.js [2m([22m[2m9 tests[22m[2m)[22m[32m 121[2mms[22m[39m
[90mstdout[2m | tests/interactionController_coverage.test.js[2m > [22m[2mInteractionController Coverage[2m > [22m[2mhandleCanvasClick[2m > [22m[2mshould call moveHero in movement mode
[22m[39m18:03:33 [DEBUG] Grid clicked at 0,0
18:03:33 [DEBUG] Attempting move to 0,0

[90mstdout[2m | tests/interactionController_coverage.test.js[2m > [22m[2mInteractionController Coverage[2m > [22m[2mhandleCanvasClick[2m > [22m[2mshould handle debug teleport
[22m[39m18:03:33 [DEBUG] Grid clicked at 0,0

 [32m✓[39m tests/interactionController_coverage.test.js [2m([22m[2m5 tests[22m[2m)[22m[32m 87[2mms[22m[39m
[90mstdout[2m | tests/combat/combat_logic.test.js[2m > [22m[2mCombat System[2m > [22m[2mPhases[2m > [22m[2mshould transition to RANGED phase on start
[22m[39m18:03:33 [INFO] Combat started against 1 enemies

[90mstdout[2m | tests/combat/combat_logic.test.js[2m > [22m[2mCombat System[2m > [22m[2mPhases[2m > [22m[2mshould transition RANGED -> BLOCK
[22m[39m18:03:33 [INFO] Combat started against 1 enemies

[90mstdout[2m | tests/combat/combat_logic.test.js[2m > [22m[2mCombat System[2m > [22m[2mPhases[2m > [22m[2mshould transition BLOCK -> DAMAGE
[22m[39m18:03:33 [INFO] Combat started against 1 enemies
18:03:33 [INFO] Damage phase: Total damage 3 vs Armor 3 = 1 wounds

[90mstdout[2m | tests/combat/combat_logic.test.js[2m > [22m[2mCombat System[2m > [22m[2mRanged Phase[2m > [22m[2mshould allow ranged attacks
[22m[39m18:03:33 [INFO] Combat started against 1 enemies

[90mstdout[2m | tests/combat/combat_logic.test.js[2m > [22m[2mCombat System[2m > [22m[2mRanged Phase[2m > [22m[2mshould allow ranged attacks
[22m[39m18:03:33 [DEBUG] Ranged attack: 4 vs 4 (Armor: 4, Multiplier: 1)

[90mstdout[2m | tests/combat/combat_logic.test.js[2m > [22m[2mCombat System[2m > [22m[2mRanged Phase[2m > [22m[2mshould fail if attack is too low
[22m[39m18:03:33 [INFO] Combat started against 1 enemies

[90mstdout[2m | tests/combat/combat_logic.test.js[2m > [22m[2mCombat System[2m > [22m[2mRanged Phase[2m > [22m[2mshould fail if attack is too low
[22m[39m18:03:33 [DEBUG] Ranged attack: 2 vs 4 (Armor: 4, Multiplier: 1)

[90mstdout[2m | tests/combat/combat_logic.test.js[2m > [22m[2mCombat System[2m > [22m[2mRanged Phase[2m > [22m[2mshould handle resistance multipliers
[22m[39m18:03:33 [INFO] Combat started against 1 enemies

[90mstdout[2m | tests/combat/combat_logic.test.js[2m > [22m[2mCombat System[2m > [22m[2mRanged Phase[2m > [22m[2mshould handle resistance multipliers
[22m[39m18:03:33 [DEBUG] Ranged attack: 2 vs 2 (Armor: 4, Multiplier: 2)

[90mstdout[2m | tests/combat/combat_logic.test.js[2m > [22m[2mCombat System[2m > [22m[2mRanged Phase[2m > [22m[2mshould fail ranged attack in wrong phase
[22m[39m18:03:33 [INFO] Combat started against 1 enemies

[90mstdout[2m | tests/combat/combat_logic.test.js[2m > [22m[2mCombat System[2m > [22m[2mBlock Phase[2m > [22m[2mshould allow blocking
[22m[39m18:03:33 [INFO] Combat started against 1 enemies

[90mstdout[2m | tests/combat/combat_logic.test.js[2m > [22m[2mCombat System[2m > [22m[2mBlock Phase[2m > [22m[2mshould allow blocking
[22m[39m18:03:33 [DEBUG] Block vs Orc (physical): Input total 3 -> Effective total 3. Required: 3

[90mstdout[2m | tests/combat/combat_logic.test.js[2m > [22m[2mCombat System[2m > [22m[2mBlock Phase[2m > [22m[2mshould fail block if too low
[22m[39m18:03:33 [INFO] Combat started against 1 enemies

[90mstdout[2m | tests/combat/combat_logic.test.js[2m > [22m[2mCombat System[2m > [22m[2mBlock Phase[2m > [22m[2mshould fail block if too low
[22m[39m18:03:33 [DEBUG] Block vs Orc (physical): Input total 2 -> Effective total 2. Required: 3

[90mstdout[2m | tests/combat/combat_logic.test.js[2m > [22m[2mCombat System[2m > [22m[2mBlock Phase[2m > [22m[2mshould include unit block points
[22m[39m18:03:33 [INFO] Combat started against 1 enemies

[90mstdout[2m | tests/combat/combat_logic.test.js[2m > [22m[2mCombat System[2m > [22m[2mBlock Phase[2m > [22m[2mshould include unit block points
[22m[39m18:03:33 [DEBUG] Block vs Orc (physical): Input total 2 -> Effective total 3. Required: 3

[90mstdout[2m | tests/combat/combat_logic.test.js[2m > [22m[2mCombat System[2m > [22m[2mDamage Phase[2m > [22m[2mshould calculate damage from unblocked enemies
[22m[39m18:03:33 [INFO] Combat started against 1 enemies

[90mstdout[2m | tests/combat/combat_logic.test.js[2m > [22m[2mCombat System[2m > [22m[2mDamage Phase[2m > [22m[2mshould calculate damage from unblocked enemies
[22m[39m18:03:33 [INFO] Damage phase: Total damage 3 vs Armor 3 = 1 wounds

[90mstdout[2m | tests/combat/combat_logic.test.js[2m > [22m[2mCombat System[2m > [22m[2mDamage Phase[2m > [22m[2mshould take no damage if blocked
[22m[39m18:03:33 [INFO] Combat started against 1 enemies

[90mstdout[2m | tests/combat/combat_logic.test.js[2m > [22m[2mCombat System[2m > [22m[2mDamage Phase[2m > [22m[2mshould take no damage if blocked
[22m[39m18:03:33 [DEBUG] Block vs Orc (physical): Input total 3 -> Effective total 3. Required: 3

[90mstdout[2m | tests/combat/combat_logic.test.js[2m > [22m[2mCombat System[2m > [22m[2mAttack Phase[2m > [22m[2mshould attack enemies
[22m[39m18:03:33 [INFO] Combat started against 1 enemies
18:03:33 [INFO] Damage phase: Total damage 3 vs Armor 3 = 1 wounds

[90mstdout[2m | tests/combat/combat_logic.test.js[2m > [22m[2mCombat System[2m > [22m[2mAttack Phase[2m > [22m[2mshould fail attack if too low
[22m[39m18:03:33 [INFO] Combat started against 1 enemies
18:03:33 [INFO] Damage phase: Total damage 3 vs Armor 3 = 1 wounds

[90mstdout[2m | tests/combat/combat_logic.test.js[2m > [22m[2mCombat System[2m > [22m[2mUnit Activation[2m > [22m[2mshould activate unit and add bonus
[22m[39m18:03:33 [INFO] Combat started against 1 enemies

[90mstdout[2m | tests/combat/combat_logic.test.js[2m > [22m[2mCombat System[2m > [22m[2mUnit Activation[2m > [22m[2mshould not activate twice
[22m[39m18:03:33 [INFO] Combat started against 1 enemies

 [32m✓[39m tests/combat/combat_logic.test.js [2m([22m[2m19 tests[22m[2m)[22m[32m 66[2mms[22m[39m
[90mstdout[2m | tests/combat/combat_robustness.test.js[2m > [22m[2mCombat Robustness & Edge Cases[2m > [22m[2mshould handle multiple enemies with mixed resistances correctly
[22m[39m18:03:33 [INFO] Combat started against 2 enemies
18:03:33 [INFO] Damage phase: Total damage 6 vs Armor 2 = 3 wounds

[90mstdout[2m | tests/combat/combat_robustness.test.js[2m > [22m[2mCombat Robustness & Edge Cases[2m > [22m[2mshould handle Siege Attacks efficiently in Ranged Phase
[22m[39m18:03:33 [INFO] Combat started against 1 enemies
18:03:33 [DEBUG] Ranged attack: 4 vs 4 (Armor: 4, Multiplier: 1)

[90mstdout[2m | tests/combat/combat_robustness.test.js[2m > [22m[2mCombat Robustness & Edge Cases[2m > [22m[2mshould fail correctly if Unit is not ready during block assignment
[22m[39m18:03:33 [INFO] Combat started against 1 enemies

[90mstdout[2m | tests/combat/combat_robustness.test.js[2m > [22m[2mCombat Robustness & Edge Cases[2m > [22m[2mshould apply excessive damage as wounds to hero
[22m[39m18:03:33 [INFO] Combat started against 1 enemies
18:03:33 [INFO] Damage phase: Total damage 10 vs Armor 2 = 5 wounds

[90mstdout[2m | tests/combat/combat_robustness.test.js[2m > [22m[2mCombat Robustness & Edge Cases[2m > [22m[2mshould complete combat when all enemies defeated
[22m[39m18:03:33 [INFO] Combat started against 1 enemies
18:03:33 [DEBUG] Ranged attack: 3 vs 2 (Armor: 2, Multiplier: 1)

 [32m✓[39m tests/combat/combat_robustness.test.js [2m([22m[2m5 tests[22m[2m)[22m[32m 51[2mms[22m[39m
[90mstdout[2m | tests/boss_encounters.test.js[2m > [22m[2mCombat with Bosses[2m > [22m[2mAttack Phase[2m > [22m[2mshould damage boss instead of defeating outright
[22m[39m18:03:34 [INFO] Combat started against 1 enemies

[90mstdout[2m | tests/boss_encounters.test.js[2m > [22m[2mCombat with Bosses[2m > [22m[2mAttack Phase[2m > [22m[2mshould damage boss instead of defeating outright
[22m[39m18:03:34 [INFO] Damage phase: Total damage 12 vs Armor 2 = 6 wounds

[90mstdout[2m | tests/boss_encounters.test.js[2m > [22m[2mCombat with Bosses[2m > [22m[2mAttack Phase[2m > [22m[2mshould defeat boss when health reaches 0
[22m[39m18:03:34 [INFO] Combat started against 1 enemies

[90mstdout[2m | tests/boss_encounters.test.js[2m > [22m[2mCombat with Bosses[2m > [22m[2mAttack Phase[2m > [22m[2mshould defeat boss when health reaches 0
[22m[39m18:03:34 [INFO] Damage phase: Total damage 12 vs Armor 2 = 6 wounds

[90mstdout[2m | tests/boss_encounters.test.js[2m > [22m[2mCombat with Bosses[2m > [22m[2mAttack Phase[2m > [22m[2mshould report phase transitions
[22m[39m18:03:34 [INFO] Combat started against 1 enemies

[90mstdout[2m | tests/boss_encounters.test.js[2m > [22m[2mCombat with Bosses[2m > [22m[2mAttack Phase[2m > [22m[2mshould report phase transitions
[22m[39m18:03:34 [INFO] Damage phase: Total damage 12 vs Armor 2 = 6 wounds

[90mstdout[2m | tests/boss_encounters.test.js[2m > [22m[2mCombat with Bosses[2m > [22m[2mRanged Phase[2m > [22m[2mshould damage boss with ranged attack
[22m[39m18:03:34 [INFO] Combat started against 1 enemies

[90mstdout[2m | tests/boss_encounters.test.js[2m > [22m[2mCombat with Bosses[2m > [22m[2mRanged Phase[2m > [22m[2mshould defeat boss with enough ranged damage
[22m[39m18:03:34 [INFO] Combat started against 1 enemies

[90mstdout[2m | tests/boss_encounters.test.js[2m > [22m[2mCombat with Bosses[2m > [22m[2mRanged Phase[2m > [22m[2mshould report boss transitions on ranged damage
[22m[39m18:03:34 [INFO] Combat started against 1 enemies

[90mstderr[2m | tests/boss_encounters.test.js[2m > [22m[2mcreateBoss Factory[2m > [22m[2mshould return null for unknown boss type
[22m[39mUnknown boss type: unknown_boss

 [32m✓[39m tests/boss_encounters.test.js [2m([22m[2m24 tests[22m[2m)[22m[32m 68[2mms[22m[39m
[90mstdout[2m | tests/combat/combat_integration.test.js[2m > [22m[2mCombat Integration Tests[2m > [22m[2mshould complete full combat cycle with real enemy
[22m[39mEnemy created: Ork Armor: [33m3[39m Attack: [33m2[39m
18:03:34 [INFO] Combat started against 1 enemies
Combat started: Kampf gegen 1 Feinde! Fernkampf.
18:03:34 [DEBUG] Block vs Ork (physical): Input total 3 -> Effective total 3. Required: 2
Block result: Ork erfolgreich geblockt!  Blocked: [33mtrue[39m
Damage phase: combat.damageSkipped Wounds: [33m0[39m
Attack result: 1 Feinde besiegt! Success: [33mtrue[39m
Combat end: Sieg! Victory: [33mtrue[39m

[90mstdout[2m | tests/combat/combat_integration.test.js[2m > [22m[2mCombat Integration Tests[2m > [22m[2mshould handle combat with card effects
[22m[39mHero hand size: [33m5[39m
Hero cards: Schnelligkeit, Meditation, Rage, Marsch, Angriff
18:03:34 [INFO] Combat started against 1 enemies
No block card in hand, skipping block test
18:03:34 [INFO] Damage phase: Total damage 2 vs Armor 2 = 1 wounds
Playing attack card: Rage
Card played, attack value: [33m2[39m
Attack result: Angriff zu schwach für normale Feinde (2 vs 3) Success: [33mfalse[39m

[90mstdout[2m | tests/combat/combat_integration.test.js[2m > [22m[2mCombat Integration Tests[2m > [22m[2mshould handle multiple enemies in combat
[22m[39mEnemy 1: Ork Armor: [33m3[39m Attack: [33m2[39m
Enemy 2: Goblin Armor: [33m2[39m Attack: [33m2[39m
18:03:34 [INFO] Combat started against 2 enemies
Combat started with [33m2[39m enemies
18:03:34 [DEBUG] Block vs Ork (physical): Input total 5 -> Effective total 5. Required: 2
Blocked enemy1: [33mtrue[39m
Damage from unblocked enemies: [33m0[39m wounds
Total armor to overcome: [33m5[39m
Attack all enemies: 2 Feinde besiegt!
All enemies defeated!

[90mstdout[2m | tests/combat/combat_integration.test.js[2m > [22m[2mCombat Integration Tests[2m > [22m[2mshould validate phase transitions
[22m[39mPhase 0: NOT_IN_COMBAT
18:03:34 [INFO] Combat started against 1 enemies
Phase 1: RANGED
Phase 2: BLOCK
Attempted attack in block phase: Angriff-Phase
18:03:34 [INFO] Damage phase: Total damage 2 vs Armor 2 = 1 wounds
Phase 3: ATTACK
DEBUG: blockEnemy Phase Warning. Current: attack Expected: block
Attempted block in attack phase: Block-Phase
Phase 4: COMPLETE
✓ All phase transitions correct

[90mstdout[2m | tests/combat/combat_integration.test.js[2m > [22m[2mCombat Integration Tests[2m > [22m[2mshould test Game.initiateCombat integration
[22m[39m18:03:34 [INFO] Combat started against 1 enemies
✓ Combat initialization matches game.js pattern

 [32m✓[39m tests/combat/combat_integration.test.js [2m([22m[2m5 tests[22m[2m)[22m[32m 50[2mms[22m[39m
[90mstderr[2m | tests/ui/ui_robustness.test.js[2m > [22m[2mUI Robustness[2m > [22m[2mshould handle showLevelUpModal missing elements gracefully
[22m[39mLevel up modal elements not found

 [32m✓[39m tests/ui/ui_robustness.test.js [2m([22m[2m5 tests[22m[2m)[22m[32m 56[2mms[22m[39m
[90mstderr[2m | js/ui.js:57:37
[22m[39mFailed to load FloatingTextManager TypeError: window.getComputedStyle is not a function
    at new FloatingTextManager [90m(/home/tobber/.gemini/antigravity/scratch/mageknight/[39mjs/ui/FloatingTextManager.js:20:34[90m)[39m
    at [90m/home/tobber/.gemini/antigravity/scratch/mageknight/[39mjs/ui.js:55:37
[90m    at processTicksAndRejections (node:internal/process/task_queues:103:5)[39m
Failed to load FloatingTextManager TypeError: window.getComputedStyle is not a function
    at new FloatingTextManager [90m(/home/tobber/.gemini/antigravity/scratch/mageknight/[39mjs/ui/FloatingTextManager.js:20:34[90m)[39m
    at [90m/home/tobber/.gemini/antigravity/scratch/mageknight/[39mjs/ui.js:55:37
[90m    at processTicksAndRejections (node:internal/process/task_queues:103:5)[39m
Failed to load FloatingTextManager TypeError: window.getComputedStyle is not a function
    at new FloatingTextManager [90m(/home/tobber/.gemini/antigravity/scratch/mageknight/[39mjs/ui/FloatingTextManager.js:20:34[90m)[39m
    at [90m/home/tobber/.gemini/antigravity/scratch/mageknight/[39mjs/ui.js:55:37
[90m    at processTicksAndRejections (node:internal/process/task_queues:103:5)[39m
Failed to load FloatingTextManager TypeError: window.getComputedStyle is not a function
    at new FloatingTextManager [90m(/home/tobber/.gemini/antigravity/scratch/mageknight/[39mjs/ui/FloatingTextManager.js:20:34[90m)[39m
    at [90m/home/tobber/.gemini/antigravity/scratch/mageknight/[39mjs/ui.js:55:37
[90m    at processTicksAndRejections (node:internal/process/task_queues:103:5)[39m
Failed to load FloatingTextManager TypeError: window.getComputedStyle is not a function
    at new FloatingTextManager [90m(/home/tobber/.gemini/antigravity/scratch/mageknight/[39mjs/ui/FloatingTextManager.js:20:34[90m)[39m
    at [90m/home/tobber/.gemini/antigravity/scratch/mageknight/[39mjs/ui.js:55:37
[90m    at processTicksAndRejections (node:internal/process/task_queues:103:5)[39m

 [32m✓[39m tests/managers/mapManager.test.js [2m([22m[2m26 tests[22m[2m)[22m[32m 29[2mms[22m[39m
[90mstdout[2m | tests/combat/combat_abilities_v2.test.js[2m > [22m[2mAdvanced Combat Abilities V2[2m > [22m[2m2. Paralyze (Hero): hero discards one non-wound card per wound received
[22m[39m18:03:34 [INFO] Damage phase: Total damage 3 vs Armor 2 = 2 wounds
18:03:34 [INFO] Versteinerung! Der Held muss alle Nicht-Wunden-Karten abwerfen.

[90mstdout[2m | tests/combat/combat_abilities_v2.test.js[2m > [22m[2mAdvanced Combat Abilities V2[2m > [22m[2m3. Paralyze (Unit): unit is destroyed instantly
[22m[39m18:03:34 [INFO] Test Unit wurde durch Versteinerung zerstört!

[90mstdout[2m | tests/combat/combat_abilities_v2.test.js[2m > [22m[2mAdvanced Combat Abilities V2[2m > [22m[2m4. Vampirism: enemy gains armor bonus when hero is wounded
[22m[39m18:03:34 [INFO] Damage phase: Total damage 3 vs Armor 2 = 2 wounds
18:03:34 [INFO] Vampire gains +2 Armor from Vampirism!

[90mstdout[2m | tests/combat/combat_abilities_v2.test.js[2m > [22m[2mAdvanced Combat Abilities V2[2m > [22m[2m5. Vampirism: enemy gains armor bonus when unit is wounded/destroyed
[22m[39m18:03:34 [INFO] Test Unit wurde verwundet.
18:03:34 [INFO] Vampire erhält +1 Rüstung durch Vampirismus!

[90mstdout[2m | tests/combat/combat_abilities_v2.test.js[2m > [22m[2mAdvanced Combat Abilities V2[2m > [22m[2m6. Cumbersome: spending movement points reduces block requirement
[22m[39m18:03:34 [DEBUG] Cumbersome: Reduced block requirement by 3 to 3
18:03:34 [DEBUG] Block vs Golem (physical): Input total 3 -> Effective total 3. Required: 3

 [32m✓[39m tests/combat/combat_abilities_v2.test.js [2m([22m[2m7 tests[22m[2m)[22m[32m 62[2mms[22m[39m
[90mstdout[2m | tests/combat/combat_scenarios.test.js[2m > [22m[2mCombat Scenarios[2m > [22m[2mshould handle "The Swarm" - 3 weak enemies
[22m[39m18:03:34 [INFO] Combat started against 3 enemies
18:03:34 [DEBUG] Block vs Goblin 1 (physical): Input total 2 -> Effective total 2. Required: 2
18:03:34 [DEBUG] Block vs Goblin 2 (physical): Input total 2 -> Effective total 2. Required: 2
18:03:34 [DEBUG] Block vs Goblin 3 (physical): Input total 2 -> Effective total 2. Required: 2

[90mstdout[2m | tests/combat/combat_scenarios.test.js[2m > [22m[2mCombat Scenarios[2m > [22m[2mshould handle "The Tank" - High armor, fortified enemy
[22m[39m18:03:34 [INFO] Combat started against 1 enemies
18:03:34 [INFO] Damage phase: Total damage 3 vs Armor 2 = 2 wounds

[90mstdout[2m | tests/combat/combat_scenarios.test.js[2m > [22m[2mCombat Scenarios[2m > [22m[2mshould handle "The Assassin" - Swift and Poisonous
[22m[39m18:03:34 [INFO] Combat started against 1 enemies
18:03:34 [DEBUG] Block vs Assassin (physical): Input total 4 -> Effective total 4. Required: 8
18:03:34 [INFO] Damage phase: Total damage 4 vs Armor 2 = 2 wounds

[90mstdout[2m | tests/combat/combat_scenarios.test.js[2m > [22m[2mCombat Scenarios[2m > [22m[2mshould handle "Elemental Fury" - Fire and Ice enemies
[22m[39m18:03:34 [INFO] Combat started against 2 enemies
18:03:34 [INFO] Damage phase: Total damage 8 vs Armor 2 = 4 wounds

[90mstdout[2m | tests/combat/combat_scenarios.test.js[2m > [22m[2mCombat Scenarios[2m > [22m[2mshould handle zero damage attack
[22m[39m18:03:34 [INFO] Combat started against 1 enemies
18:03:34 [INFO] Damage phase: Total damage 3 vs Armor 2 = 2 wounds

[90mstdout[2m | tests/combat/combat_scenarios.test.js[2m > [22m[2mCombat Scenarios[2m > [22m[2mshould handle massive overkill damage
[22m[39m18:03:34 [INFO] Combat started against 1 enemies
18:03:34 [INFO] Damage phase: Total damage 2 vs Armor 2 = 1 wounds

[90mstdout[2m | tests/combat/combat_scenarios.test.js[2m > [22m[2mCombat Scenarios[2m > [22m[2mshould handle enemy with multiple abilities
[22m[39m18:03:35 [INFO] Combat started against 1 enemies
18:03:35 [DEBUG] Block vs Elite Monster (physical): Input total 5 -> Effective total 5. Required: 10
18:03:35 [INFO] Damage phase: Total damage 5 vs Armor 2 = 3 wounds

[90mstdout[2m | tests/combat/combat_scenarios.test.js[2m > [22m[2mCombat Scenarios[2m > [22m[2mshould handle combat with no enemies
[22m[39m18:03:35 [INFO] Combat started against 0 enemies

[90mstdout[2m | tests/combat/combat_scenarios.test.js[2m > [22m[2mCombat Scenarios[2m > [22m[2mshould handle exact armor match
[22m[39m18:03:35 [INFO] Combat started against 1 enemies
18:03:35 [INFO] Damage phase: Total damage 3 vs Armor 2 = 2 wounds

[90mstdout[2m | tests/combat/combat_scenarios.test.js[2m > [22m[2mCombat Scenarios[2m > [22m[2mshould handle one-less-than-armor attack
[22m[39m18:03:35 [INFO] Combat started against 1 enemies
18:03:35 [INFO] Damage phase: Total damage 3 vs Armor 2 = 2 wounds

 [32m✓[39m tests/combat/combat_scenarios.test.js [2m([22m[2m10 tests[22m[2m)[22m[32m 93[2mms[22m[39m
[90mstdout[2m | tests/undo_combat.test.js[2m > [22m[2mUndo in Combat[2m > [22m[2mshould save checkpoint and undo card play in block phase
[22m[39m18:03:35 [INFO] Combat started against 1 enemies

[90mstdout[2m | tests/undo_combat.test.js[2m > [22m[2mUndo in Combat[2m > [22m[2mshould save checkpoint and undo card play in block phase
[22m[39m18:03:35 [DEBUG] Saving checkpoint for undo/redo
18:03:35 [INFO] Action undone. State restored.

[90mstdout[2m | tests/undo_combat.test.js[2m > [22m[2mUndo in Combat[2m > [22m[2mshould clear history when block phase ends
[22m[39m18:03:35 [INFO] Combat started against 1 enemies

[90mstdout[2m | tests/undo_combat.test.js[2m > [22m[2mUndo in Combat[2m > [22m[2mshould clear history when block phase ends
[22m[39m18:03:35 [DEBUG] Saving checkpoint for undo/redo

 [32m✓[39m tests/undo_combat.test.js [2m([22m[2m2 tests[22m[2m)[22m[32m 47[2mms[22m[39m
[90mstdout[2m | tests/game/summoning.test.js[2m > [22m[2mCombatOrchestrator Summoning[2m > [22m[2mshould replace a Summoner with a different enemy
[22m[39m18:03:35 [INFO] Combat started against 1 enemies

[90mstdout[2m | tests/game/summoning.test.js[2m > [22m[2mCombatOrchestrator Summoning[2m > [22m[2mshould NOT replace a non-Summoner
[22m[39m18:03:35 [INFO] Combat started against 1 enemies

 [32m✓[39m tests/game/summoning.test.js [2m([22m[2m2 tests[22m[2m)[22m[32m 35[2mms[22m[39m
[90mstdout[2m | tests/combat/combat_cumbersome_smart.test.js[2m > [22m[2mCombatOrchestrator - Cumbersome Smart Consumption[2m > [22m[2mshould consume only necessary movement points when blocked partially by cards
[22m[39m18:03:35 [DEBUG] Cumbersome: Reduced block requirement by 5 to 0
18:03:35 [DEBUG] Block vs Stone Golem (physical): Input total 2 -> Effective total 2. Required: 0

[90mstdout[2m | tests/combat/combat_cumbersome_smart.test.js[2m > [22m[2mCombatOrchestrator - Cumbersome Smart Consumption[2m > [22m[2mshould consume all movement points if gap is larger than available
[22m[39m18:03:35 [DEBUG] Cumbersome: Reduced block requirement by 1 to 3
18:03:35 [DEBUG] Block vs Stone Golem (physical): Input total 1 -> Effective total 1. Required: 3

[90mstdout[2m | tests/combat/combat_cumbersome_smart.test.js[2m > [22m[2mCombatOrchestrator - Cumbersome Smart Consumption[2m > [22m[2mshould consume necessary points purely from movement
[22m[39m18:03:35 [DEBUG] Cumbersome: Reduced block requirement by 5 to 0
18:03:35 [DEBUG] Block vs Stone Golem (physical): Input total 0 -> Effective total 0. Required: 0

[90mstdout[2m | tests/combat/combat_cumbersome_smart.test.js[2m > [22m[2mCombatOrchestrator - Cumbersome Smart Consumption[2m > [22m[2mshould not consume movement points if not needed
[22m[39m18:03:35 [DEBUG] Cumbersome: Reduced block requirement by 5 to 0
18:03:35 [DEBUG] Block vs Stone Golem (physical): Input total 5 -> Effective total 5. Required: 0

 [32m✓[39m tests/combat/combat_cumbersome_smart.test.js [2m([22m[2m4 tests[22m[2m)[22m[32m 40[2mms[22m[39m
[90mstdout[2m | tests/logger.test.js[2m > [22m[2mLogger[2m > [22m[2mshould log messages at correct levels
[22m[39m18:03:36 [INFO] Info message
18:03:36 [DEBUG] Debug message
18:03:36 [WARN] Warn message
18:03:36 [ERROR] Error message

[90mstdout[2m | tests/logger.test.js[2m > [22m[2mLogger[2m > [22m[2mshould filter logs based on level
[22m[39m18:03:36 [WARN] Should log

[90mstdout[2m | tests/logger.test.js[2m > [22m[2mLogger[2m > [22m[2mshould handle data objects
[22m[39m18:03:36 [INFO] Message with data { foo: [32m'bar'[39m }

[90mstdout[2m | tests/logger.test.js[2m > [22m[2mLogger[2m > [22m[2mshould limit log buffer size
[22m[39m18:03:36 [INFO] Msg 0
18:03:36 [INFO] Msg 1
18:03:36 [INFO] Msg 2
18:03:36 [INFO] Msg 3
18:03:36 [INFO] Msg 4
18:03:36 [INFO] Msg 5
18:03:36 [INFO] Msg 6
18:03:36 [INFO] Msg 7
18:03:36 [INFO] Msg 8
18:03:36 [INFO] Msg 9

[90mstdout[2m | tests/logger.test.js[2m > [22m[2mLogger[2m > [22m[2mshould clear logs and notify listeners
[22m[39m18:03:36 [INFO] Existing log

 [32m✓[39m tests/logger.test.js [2m([22m[2m7 tests[22m[2m)[22m[32m 56[2mms[22m[39m
[90mstdout[2m | tests/combat/combat_coverage.test.js[2m > [22m[2mCombat Coverage Tests[2m > [22m[2mComplex Resistances[2m > [22m[2mshould handle enemies with multiple resistances correctly
[22m[39m18:03:36 [INFO] Combat started against 1 enemies

[90mstdout[2m | tests/combat/combat_coverage.test.js[2m > [22m[2mCombat Coverage Tests[2m > [22m[2mSiege Attacks vs Fortified[2m > [22m[2mshould bypass fortification with siege attack
[22m[39m18:03:36 [INFO] Combat started against 1 enemies
18:03:36 [DEBUG] Ranged attack: 4 vs 4 (Armor: 4, Multiplier: 1)

[90mstdout[2m | tests/combat/combat_coverage.test.js[2m > [22m[2mCombat Coverage Tests[2m > [22m[2mSiege Attacks vs Fortified[2m > [22m[2mshould fail against fortified with normal ranged attack
[22m[39m18:03:36 [INFO] Combat started against 1 enemies

[90mstdout[2m | tests/combat/combat_coverage.test.js[2m > [22m[2mCombat Coverage Tests[2m > [22m[2mWound Allocation[2m > [22m[2mshould assign wounds when block fails partially
[22m[39m18:03:36 [INFO] Combat started against 1 enemies
18:03:36 [DEBUG] Block vs Ork (physical): Input total 3 -> Effective total 3. Required: 5
18:03:36 [INFO] Damage phase: Total damage 5 vs Armor 2 = 3 wounds

 [32m✓[39m tests/combat/combat_coverage.test.js [2m([22m[2m4 tests[22m[2m)[22m[32m 45[2mms[22m[39m
 [32m✓[39m tests/combat/combatAnimations.test.js [2m([22m[2m18 tests[22m[2m)[22m[32m 28[2mms[22m[39m
[90mstdout[2m | tests/combat/combat_log.test.js[2m > [22m[2mBlockingEngine Logs[2m > [22m[2mshould report efficient block without extra note
[22m[39m18:03:36 [DEBUG] Block vs TestEnemy (fire): Input total 4 -> Effective total 4. Required: 4

[90mstdout[2m | tests/combat/combat_log.test.js[2m > [22m[2mBlockingEngine Logs[2m > [22m[2mshould report specific reason for inefficient block (Physical vs Fire)
[22m[39m18:03:36 [DEBUG] Block vs FireEnemy (fire): Input total 4 -> Effective total 2. Required: 4

[90mstdout[2m | tests/combat/combat_log.test.js[2m > [22m[2mBlockingEngine Logs[2m > [22m[2mshould report specific reason for inefficient block (Fire vs Fire)
[22m[39m18:03:36 [DEBUG] Block vs FireEnemy (fire): Input total 4 -> Effective total 2. Required: 2

[90mstdout[2m | tests/combat/combat_log.test.js[2m > [22m[2mBlockingEngine Logs[2m > [22m[2mshould combine multiple reasons
[22m[39m18:03:36 [DEBUG] Block vs FireEnemy (fire): Input total 10 -> Effective total 6. Required: 10

 [32m✓[39m tests/combat/combat_log.test.js [2m([22m[2m4 tests[22m[2m)[22m[32m 69[2mms[22m[39m
[90mstdout[2m | tests/inputController.test.js[2m > [22m[2mUI Healing & Input Blocking[2m > [22m[2mInputController Blocking[2m > [22m[2mshould call applyHealing when healBtn is clicked and UI NOT blocked
[22m[39m[MockElement] .click() called on DIV

[90mstdout[2m | tests/inputController.test.js[2m > [22m[2mUI Healing & Input Blocking[2m > [22m[2mInputController Blocking[2m > [22m[2mshould NOT call applyHealing when UI IS blocked
[22m[39m[MockElement] .click() called on DIV

[90mstdout[2m | tests/inputController.test.js[2m > [22m[2mUI Healing & Input Blocking[2m > [22m[2mInputController Blocking[2m > [22m[2mshould block endTurnBtn when UI is blocked
[22m[39m[MockElement] .click() called on DIV

 [32m✓[39m tests/inputController.test.js [2m([22m[2m6 tests[22m[2m)[22m[32m 22[2mms[22m[39m
[90mstdout[2m | tests/combat/combat_abilities.test.js[2m > [22m[2mAdvanced Enemy Abilities[2m > [22m[2mshould handle Vampirism: Increase armor on wound
[22m[39m18:03:36 [INFO] Damage phase: Total damage 4 vs Armor 2 = 2 wounds
18:03:36 [INFO] Vampire gains +2 Armor from Vampirism!

[90mstdout[2m | tests/combat/combat_abilities.test.js[2m > [22m[2mAdvanced Enemy Abilities[2m > [22m[2mshould handle Cumbersome: Spend movement to reduce attack
[22m[39m18:03:36 [DEBUG] Cumbersome: Reduced block requirement by 2 to 3
18:03:36 [DEBUG] Block vs Golem (physical): Input total 3 -> Effective total 3. Required: 3

 [32m✓[39m tests/combat/combat_abilities.test.js [2m([22m[2m4 tests[22m[2m)[22m[32m 39[2mms[22m[39m
[90mstderr[2m | js/ui.js:57:37
[22m[39mFailed to load FloatingTextManager TypeError: window.getComputedStyle is not a function
    at new FloatingTextManager [90m(/home/tobber/.gemini/antigravity/scratch/mageknight/[39mjs/ui/FloatingTextManager.js:20:34[90m)[39m
    at [90m/home/tobber/.gemini/antigravity/scratch/mageknight/[39mjs/ui.js:55:37
[90m    at processTicksAndRejections (node:internal/process/task_queues:103:5)[39m
Failed to load FloatingTextManager TypeError: window.getComputedStyle is not a function
    at new FloatingTextManager [90m(/home/tobber/.gemini/antigravity/scratch/mageknight/[39mjs/ui/FloatingTextManager.js:20:34[90m)[39m
    at [90m/home/tobber/.gemini/antigravity/scratch/mageknight/[39mjs/ui.js:55:37
[90m    at processTicksAndRejections (node:internal/process/task_queues:103:5)[39m
Failed to load FloatingTextManager TypeError: window.getComputedStyle is not a function
    at new FloatingTextManager [90m(/home/tobber/.gemini/antigravity/scratch/mageknight/[39mjs/ui/FloatingTextManager.js:20:34[90m)[39m
    at [90m/home/tobber/.gemini/antigravity/scratch/mageknight/[39mjs/ui.js:55:37
[90m    at processTicksAndRejections (node:internal/process/task_queues:103:5)[39m
Failed to load FloatingTextManager TypeError: window.getComputedStyle is not a function
    at new FloatingTextManager [90m(/home/tobber/.gemini/antigravity/scratch/mageknight/[39mjs/ui/FloatingTextManager.js:20:34[90m)[39m
    at [90m/home/tobber/.gemini/antigravity/scratch/mageknight/[39mjs/ui.js:55:37
[90m    at processTicksAndRejections (node:internal/process/task_queues:103:5)[39m
Failed to load FloatingTextManager TypeError: window.getComputedStyle is not a function
    at new FloatingTextManager [90m(/home/tobber/.gemini/antigravity/scratch/mageknight/[39mjs/ui/FloatingTextManager.js:20:34[90m)[39m
    at [90m/home/tobber/.gemini/antigravity/scratch/mageknight/[39mjs/ui.js:55:37
[90m    at processTicksAndRejections (node:internal/process/task_queues:103:5)[39m
Failed to load FloatingTextManager TypeError: window.getComputedStyle is not a function
    at new FloatingTextManager [90m(/home/tobber/.gemini/antigravity/scratch/mageknight/[39mjs/ui/FloatingTextManager.js:20:34[90m)[39m
    at [90m/home/tobber/.gemini/antigravity/scratch/mageknight/[39mjs/ui.js:55:37
[90m    at processTicksAndRejections (node:internal/process/task_queues:103:5)[39m

[90mstdout[2m | tests/multi_enemy_integration.test.js[2m > [22m[2mMulti-Enemy Encounters[2m > [22m[2mCombatOrchestrator initiateCombat should handle arrays
[22m[39m18:03:37 [INFO] Combat started against 2 enemies

 [32m✓[39m tests/multi_enemy_integration.test.js [2m([22m[2m3 tests[22m[2m)[22m[32m 43[2mms[22m[39m
[90mstdout[2m | tests/scenarios/scenario_druid.test.js[2m > [22m[2mScenario: Druid Nights[2m > [22m[2mshould be the current scenario
[22m[39m18:03:37 [INFO] Loaded scenario: Nächte der Druiden

[90mstdout[2m | tests/scenarios/scenario_druid.test.js[2m > [22m[2mScenario: Druid Nights[2m > [22m[2mshould NOT check victory if only 1 Spawn is destroyed
[22m[39m18:03:37 [INFO] Loaded scenario: Nächte der Druiden

[90mstdout[2m | tests/scenarios/scenario_druid.test.js[2m > [22m[2mScenario: Druid Nights[2m > [22m[2mshould detect victory when 2 Spawns are destroyed
[22m[39m18:03:37 [INFO] Loaded scenario: Nächte der Druiden

 [32m✓[39m tests/scenarios/scenario_druid.test.js [2m([22m[2m3 tests[22m[2m)[22m[32m 43[2mms[22m[39m
 [32m✓[39m tests/combat/combo.test.js [2m([22m[2m19 tests[22m[2m)[22m[32m 33[2mms[22m[39m
 [32m✓[39m tests/statusEffects_extended.test.js [2m([22m[2m13 tests[22m[2m)[22m[32m 35[2mms[22m[39m
 [32m✓[39m tests/core/hero.test.js [2m([22m[2m26 tests[22m[2m)[22m[32m 19[2mms[22m[39m
 [32m✓[39m tests/managers/soundManager_coverage.test.js [2m([22m[2m20 tests[22m[2m)[22m[32m 31[2mms[22m[39m
[90mstdout[2m | tests/managers/saveManager_extended.test.js[2m > [22m[2mSaveManager Extended Coverage[2m > [22m[2msaveGame[2m > [22m[2mshould save game to specified slot
[22m[39m[SaveManager] Game saved to slot: 0

[90mstderr[2m | tests/managers/saveManager_extended.test.js[2m > [22m[2mSaveManager Extended Coverage[2m > [22m[2msaveGame[2m > [22m[2mshould handle save errors gracefully
[22m[39m[SaveManager] Failed to save game: Error: Storage full
    at Object.global.localStorage.setItem [90m(/home/tobber/.gemini/antigravity/scratch/mageknight/[39mtests/managers/saveManager_extended.test.js:28:57[90m)[39m
    at SaveManager.saveGame [90m(/home/tobber/.gemini/antigravity/scratch/mageknight/[39mjs/persistence/SaveManager.js:23:26[90m)[39m
    at [90m/home/tobber/.gemini/antigravity/scratch/mageknight/[39mtests/managers/saveManager_extended.test.js:30:40
    at [90mfile:///home/tobber/.gemini/antigravity/scratch/mageknight/[39mnode_modules/[4m@vitest/runner[24m/dist/index.js:145:11
    at [90mfile:///home/tobber/.gemini/antigravity/scratch/mageknight/[39mnode_modules/[4m@vitest/runner[24m/dist/index.js:915:26
    at [90mfile:///home/tobber/.gemini/antigravity/scratch/mageknight/[39mnode_modules/[4m@vitest/runner[24m/dist/index.js:1243:20
    at new Promise (<anonymous>)
    at runWithTimeout [90m(file:///home/tobber/.gemini/antigravity/scratch/mageknight/[39mnode_modules/[4m@vitest/runner[24m/dist/index.js:1209:10[90m)[39m
    at [90mfile:///home/tobber/.gemini/antigravity/scratch/mageknight/[39mnode_modules/[4m@vitest/runner[24m/dist/index.js:1653:37
    at Traces.$ [90m(file:///home/tobber/.gemini/antigravity/scratch/mageknight/[39mnode_modules/[4mvitest[24m/dist/chunks/traces.U4xDYhzZ.js:115:27[90m)[39m

[90mstdout[2m | tests/managers/saveManager_extended.test.js[2m > [22m[2mSaveManager Extended Coverage[2m > [22m[2mloadGame[2m > [22m[2mshould load previously saved game
[22m[39m[SaveManager] Game saved to slot: 1
[SaveManager] Game loaded from slot: 1

[90mstdout[2m | tests/managers/saveManager_extended.test.js[2m > [22m[2mSaveManager Extended Coverage[2m > [22m[2mhasSave[2m > [22m[2mshould check if save exists
[22m[39m[SaveManager] Game saved to slot: 1

 [32m✓[39m tests/managers/saveManager_extended.test.js [2m([22m[2m5 tests[22m[2m)[22m[32m 26[2mms[22m[39m
 [32m✓[39m tests/managers/soundManager.test.js [2m([22m[2m7 tests[22m[2m)[22m[32m 19[2mms[22m[39m
 [32m✓[39m tests/siteInteraction.test.js [2m([22m[2m16 tests[22m[2m)[22m[32m 24[2mms[22m[39m
 [32m✓[39m tests/statusEffects.test.js [2m([22m[2m14 tests[22m[2m)[22m[32m 11[2mms[22m[39m
 [32m✓[39m tests/3d/Game3D.test.js [2m([22m[2m3 tests[22m[2m)[22m[32m 31[2mms[22m[39m
 [32m✓[39m tests/statistics.test.js [2m([22m[2m33 tests[22m[2m)[22m[32m 23[2mms[22m[39m
 [32m✓[39m tests/sites.test.js [2m([22m[2m6 tests[22m[2m)[22m[32m 8[2mms[22m[39m
 [32m✓[39m tests/hero_advanced.test.js [2m([22m[2m17 tests[22m[2m)[22m[32m 18[2mms[22m[39m
 [32m✓[39m tests/particles_coverage.test.js [2m([22m[2m14 tests[22m[2m)[22m[32m 24[2mms[22m[39m
[90mstderr[2m | tests/chaos.test.js[2m > [22m[2mChaos Testing - Resilience[2m > [22m[2mshould handle corrupted JSON in saves
[22m[39m[SaveManager] Failed to load game: SyntaxError: Expected property name or '}' in JSON at position 1 (line 1 column 2)
    at JSON.parse (<anonymous>)
    at SaveManager.loadGame [90m(/home/tobber/.gemini/antigravity/scratch/mageknight/[39mjs/persistence/SaveManager.js:43:33[90m)[39m
    at [90m/home/tobber/.gemini/antigravity/scratch/mageknight/[39mtests/chaos.test.js:20:36
    at [90mfile:///home/tobber/.gemini/antigravity/scratch/mageknight/[39mnode_modules/[4m@vitest/runner[24m/dist/index.js:145:11
    at [90mfile:///home/tobber/.gemini/antigravity/scratch/mageknight/[39mnode_modules/[4m@vitest/runner[24m/dist/index.js:915:26
    at [90mfile:///home/tobber/.gemini/antigravity/scratch/mageknight/[39mnode_modules/[4m@vitest/runner[24m/dist/index.js:1243:20
    at new Promise (<anonymous>)
    at runWithTimeout [90m(file:///home/tobber/.gemini/antigravity/scratch/mageknight/[39mnode_modules/[4m@vitest/runner[24m/dist/index.js:1209:10[90m)[39m
    at [90mfile:///home/tobber/.gemini/antigravity/scratch/mageknight/[39mnode_modules/[4m@vitest/runner[24m/dist/index.js:1653:37
    at Traces.$ [90m(file:///home/tobber/.gemini/antigravity/scratch/mageknight/[39mnode_modules/[4mvitest[24m/dist/chunks/traces.U4xDYhzZ.js:115:27[90m)[39m

 [32m✓[39m tests/chaos.test.js [2m([22m[2m5 tests[22m[2m)[22m[32m 17[2mms[22m[39m
[90mstdout[2m | tests/enemyAI.test.js[2m > [22m[2mEnemyAI[2m > [22m[2mgenerateEnemy[2m > [22m[2mshould generate ORC on plains at low level
[22m[39mAI Worker initialized

[90mstdout[2m | tests/enemyAI.test.js[2m > [22m[2mEnemyAI[2m > [22m[2mgenerateEnemy[2m > [22m[2mshould generate DRACONUM on mountain at high difficulty
[22m[39mAI Worker initialized

[90mstdout[2m | tests/enemyAI.test.js[2m > [22m[2mEnemyAI[2m > [22m[2mgenerateEnemy[2m > [22m[2mshould generate ELEMENTAL on wasteland at medium difficulty
[22m[39mAI Worker initialized

[90mstdout[2m | tests/enemyAI.test.js[2m > [22m[2mEnemyAI[2m > [22m[2mgenerateEnemy[2m > [22m[2mshould generate NECROMANCER in swamp at high difficulty
[22m[39mAI Worker initialized

[90mstdout[2m | tests/enemyAI.test.js[2m > [22m[2mEnemyAI[2m > [22m[2mgenerateEnemy[2m > [22m[2mshould generate ROBBER in forest
[22m[39mAI Worker initialized

[90mstdout[2m | tests/enemyAI.test.js[2m > [22m[2mEnemyAI[2m > [22m[2mgenerateEnemy[2m > [22m[2mshould scale enemy stats with difficulty
[22m[39mAI Worker initialized

[90mstdout[2m | tests/enemyAI.test.js[2m > [22m[2mEnemyAI[2m > [22m[2mgenerateEnemy[2m > [22m[2mshould add abilities at high difficulty
[22m[39mAI Worker initialized

[90mstdout[2m | tests/enemyAI.test.js[2m > [22m[2mEnemyAI[2m > [22m[2mgenerateEnemy[2m > [22m[2mshould fallback to ORC for unknown terrain
[22m[39mAI Worker initialized

[90mstdout[2m | tests/enemyAI.test.js[2m > [22m[2mEnemyAI[2m > [22m[2mgenerateEnemy[2m > [22m[2mshould set currentHealth equal to armor
[22m[39mAI Worker initialized

[90mstdout[2m | tests/enemyAI.test.js[2m > [22m[2mEnemyAI[2m > [22m[2mdecideAction[2m > [22m[2mshould return attack action
[22m[39mAI Worker initialized

[90mstdout[2m | tests/enemyAI.test.js[2m > [22m[2mEnemyAI[2m > [22m[2mdecideAction[2m > [22m[2mshould include enemy abilities
[22m[39mAI Worker initialized

[90mstdout[2m | tests/enemyAI.test.js[2m > [22m[2mEnemyAI[2m > [22m[2mapplyAbility[2m > [22m[2mshould apply POISON effect
[22m[39mAI Worker initialized

[90mstdout[2m | tests/enemyAI.test.js[2m > [22m[2mEnemyAI[2m > [22m[2mapplyAbility[2m > [22m[2mshould apply FIRE effect
[22m[39mAI Worker initialized

[90mstdout[2m | tests/enemyAI.test.js[2m > [22m[2mEnemyAI[2m > [22m[2mapplyAbility[2m > [22m[2mshould apply VAMPIRIC effect and heal source
[22m[39mAI Worker initialized

[90mstdout[2m | tests/enemyAI.test.js[2m > [22m[2mEnemyAI[2m > [22m[2mapplyAbility[2m > [22m[2mshould not heal source above maxHealth
[22m[39mAI Worker initialized

[90mstdout[2m | tests/enemyAI.test.js[2m > [22m[2mEnemyAI[2m > [22m[2mapplyAbility[2m > [22m[2mshould return null for unknown ability
[22m[39mAI Worker initialized

 [32m✓[39m tests/enemyAI.test.js [2m([22m[2m16 tests[22m[2m)[22m[32m 28[2mms[22m[39m
 [32m✓[39m tests/newEnemies.test.js [2m([22m[2m16 tests[22m[2m)[22m[32m 18[2mms[22m[39m
[90mstderr[2m | tests/enemy.test.js[2m > [22m[2mEnemy System[2m > [22m[2mshould return null for unknown enemy type
[22m[39mUnknown enemy type: unknown_type

 [32m✓[39m tests/enemy.test.js [2m([22m[2m16 tests[22m[2m)[22m[32m 23[2mms[22m[39m
 [32m✓[39m tests/ux/ShortcutManager.test.js [2m([22m[2m11 tests[22m[2m)[22m[32m 10[2mms[22m[39m
 [32m✓[39m tests/tooltip_extended.test.js [2m([22m[2m8 tests[22m[2m)[22m[32m 25[2mms[22m[39m
 [32m✓[39m tests/hero_edge_cases.test.js [2m([22m[2m5 tests[22m[2m)[22m[32m 28[2mms[22m[39m
[90mstderr[2m | tests/site_advanced.test.js[2m > [22m[2mAdvanced Site Interactions[2m > [22m[2mshould handle fallback for unhandled site types
[22m[39mNo handler for site type: unknown_type

 [32m✓[39m tests/site_advanced.test.js [2m([22m[2m4 tests[22m[2m)[22m[32m 15[2mms[22m[39m
 [32m✓[39m tests/particles.test.js [2m([22m[2m10 tests[22m[2m)[22m[32m 24[2mms[22m[39m
 [32m✓[39m tests/map_advanced.test.js [2m([22m[2m5 tests[22m[2m)[22m[32m 14[2mms[22m[39m
 [32m✓[39m tests/managers/timeManager.test.js [2m([22m[2m21 tests[22m[2m)[22m[32m 30[2mms[22m[39m
 [32m✓[39m tests/achievements.test.js [2m([22m[2m12 tests[22m[2m)[22m[32m 21[2mms[22m[39m
[90mstdout[2m | tests/persistence.test.js[2m > [22m[2mPersistence System[2m > [22m[2mSaveManager[2m > [22m[2mshould save data to localStorage
[22m[39m[SaveManager] Game saved to slot: test

[90mstdout[2m | tests/persistence.test.js[2m > [22m[2mPersistence System[2m > [22m[2mSaveManager[2m > [22m[2mshould load data from localStorage
[22m[39m[SaveManager] Game saved to slot: test
[SaveManager] Game loaded from slot: test

[90mstdout[2m | tests/persistence.test.js[2m > [22m[2mPersistence System[2m > [22m[2mSaveManager[2m > [22m[2mshould get save metadata
[22m[39m[SaveManager] Game saved to slot: meta_test

 [32m✓[39m tests/persistence.test.js [2m([22m[2m5 tests[22m[2m)[22m[32m 14[2mms[22m[39m
 [32m✓[39m tests/hero_constructor.test.js [2m([22m[2m14 tests[22m[2m)[22m[32m 25[2mms[22m[39m
[90mstderr[2m | tests/unit.test.js[2m > [22m[2mUnit System[2m > [22m[2mshould handle unknown unit type in createUnit
[22m[39mUnknown unit type: unknown

 [32m✓[39m tests/unit.test.js [2m([22m[2m13 tests[22m[2m)[22m[32m 22[2mms[22m[39m
[90mstdout[2m | tests/enemyAI_movement.test.js[2m > [22m[2mEnemy AI Movement[2m > [22m[2mshould identify movable enemies
[22m[39mAI Worker initialized

[90mstdout[2m | tests/enemyAI_movement.test.js[2m > [22m[2mEnemy AI Movement[2m > [22m[2mshould calculate best move towards hero (aggro)
[22m[39mAI Worker initialized

[90mstdout[2m | tests/enemyAI_movement.test.js[2m > [22m[2mEnemy AI Movement[2m > [22m[2mshould avoid obstacles
[22m[39mAI Worker initialized

[90mstdout[2m | tests/enemyAI_movement.test.js[2m > [22m[2mEnemy AI Movement[2m > [22m[2mshould update enemies list
[22m[39mAI Worker initialized

 [32m✓[39m tests/enemyAI_movement.test.js [2m([22m[2m4 tests[22m[2m)[22m[32m 13[2mms[22m[39m
 [32m✓[39m tests/hero_coverage_boost.test.js [2m([22m[2m5 tests[22m[2m)[22m[32m 20[2mms[22m[39m
 [32m✓[39m tests/content_expansion.test.js [2m([22m[2m5 tests[22m[2m)[22m[32m 8[2mms[22m[39m
 [32m✓[39m tests/game/hero_manager.test.js [2m([22m[2m9 tests[22m[2m)[22m[32m 13[2mms[22m[39m
 [32m✓[39m tests/hexgrid.test.js [2m([22m[2m8 tests[22m[2m)[22m[32m 20[2mms[22m[39m
 [32m✓[39m tests/time_cycle.test.js [2m([22m[2m5 tests[22m[2m)[22m[32m 11[2mms[22m[39m
 [32m✓[39m tests/ui/tooltips.test.js [2m([22m[2m5 tests[22m[2m)[22m[32m 10[2mms[22m[39m
 [32m✓[39m tests/core/card.test.js [2m([22m[2m8 tests[22m[2m)[22m[32m 7[2mms[22m[39m
 [32m✓[39m tests/animator_stress.test.js [2m([22m[2m3 tests[22m[2m)[22m[32m 12[2mms[22m[39m
 [32m✓[39m tests/combat/combat_coverage_boost.test.js [2m([22m[2m5 tests[22m[2m)[22m[32m 14[2mms[22m[39m
 [32m✓[39m tests/managers/tutorialManager_coverage.test.js [2m([22m[2m4 tests[22m[2m)[22m[32m 11[2mms[22m[39m
[90mstdout[2m | tests/managers/saveManager.test.js[2m > [22m[2mSaveManager[2m > [22m[2mshould save game state to slot
[22m[39m[SaveManager] Game saved to slot: 0

[90mstdout[2m | tests/managers/saveManager.test.js[2m > [22m[2mSaveManager[2m > [22m[2mshould load saved game state from slot
[22m[39m[SaveManager] Game saved to slot: 1
[SaveManager] Game loaded from slot: 1

[90mstdout[2m | tests/managers/saveManager.test.js[2m > [22m[2mSaveManager[2m > [22m[2mshould handle autosave via slot id
[22m[39m[SaveManager] Game saved to slot: auto
[SaveManager] Game loaded from slot: auto

[90mstdout[2m | tests/managers/saveManager.test.js[2m > [22m[2mSaveManager[2m > [22m[2mshould check if save exists
[22m[39m[SaveManager] Game saved to slot: check

 [32m✓[39m tests/managers/saveManager.test.js [2m([22m[2m5 tests[22m[2m)[22m[32m 11[2mms[22m[39m
 [32m✓[39m tests/combat/combat_prediction.test.js [2m([22m[2m6 tests[22m[2m)[22m[32m 10[2mms[22m[39m
 [32m✓[39m tests/combat/combatAnimations_coverage.test.js [2m([22m[2m6 tests[22m[2m)[22m[32m 11[2mms[22m[39m
 [32m✓[39m tests/terrain_coverage.test.js [2m([22m[2m13 tests[22m[2m)[22m[32m 11[2mms[22m[39m
 [32m✓[39m tests/map_exploration.test.js [2m([22m[2m4 tests[22m[2m)[22m[32m 9[2mms[22m[39m
 [32m✓[39m tests/skills.test.js [2m([22m[2m6 tests[22m[2m)[22m[32m 8[2mms[22m[39m
 [32m✓[39m tests/rewards_integration.test.js [2m([22m[2m3 tests[22m[2m)[22m[32m 7[2mms[22m[39m
 [32m✓[39m tests/visuals/WeatherSystem.test.js [2m([22m[2m4 tests[22m[2m)[22m[32m 7[2mms[22m[39m
 [32m✓[39m tests/core/store.test.js [2m([22m[2m5 tests[22m[2m)[22m[32m 7[2mms[22m[39m
 [32m✓[39m tests/eventBus_coverage.test.js [2m([22m[2m7 tests[22m[2m)[22m[32m 14[2mms[22m[39m
[90mstdout[2m | tests/ai_movement.test.js[2m > [22m[2mEnemy AI Movement[2m > [22m[2mshould move towards hero if in range
[22m[39mAI Worker initialized

[90mstdout[2m | tests/ai_movement.test.js[2m > [22m[2mEnemy AI Movement[2m > [22m[2mshould not move if already adjacent
[22m[39mAI Worker initialized

 [32m✓[39m tests/ai_movement.test.js [2m([22m[2m2 tests[22m[2m)[22m[32m 7[2mms[22m[39m
 [32m✓[39m tests/worldEvents.test.js [2m([22m[2m4 tests[22m[2m)[22m[32m 7[2mms[22m[39m
 [32m✓[39m tests/scenarios/scenario_system.test.js [2m([22m[2m4 tests[22m[2m)[22m[32m 10[2mms[22m[39m
 [32m✓[39m tests/mana.test.js [2m([22m[2m7 tests[22m[2m)[22m[32m 9[2mms[22m[39m
 [32m✓[39m tests/terrain.test.js [2m([22m[2m4 tests[22m[2m)[22m[32m 7[2mms[22m[39m
 [32m✓[39m tests/crystalStorage.test.js [2m([22m[2m7 tests[22m[2m)[22m[32m 11[2mms[22m[39m
 [32m✓[39m tests/game/site_generation.test.js [2m([22m[2m4 tests[22m[2m)[22m[32m 6[2mms[22m[39m
 [32m✓[39m tests/architecture.test.js [2m([22m[2m5 tests[22m[2m)[22m[32m 4[2mms[22m[39m
 [32m✓[39m tests/time.test.js [2m([22m[2m5 tests[22m[2m)[22m[32m 4[2mms[22m[39m
 [32m✓[39m tests/statusEffects_extra.test.js [2m([22m[2m3 tests[22m[2m)[22m[32m 4[2mms[22m[39m

[31m⎯⎯⎯⎯⎯⎯⎯[39m[1m[41m Failed Tests 2 [49m[22m[31m⎯⎯⎯⎯⎯⎯⎯[39m

[41m[1m FAIL [22m[49m tests/coverage_extended.test.js[2m > [22mCoverage Gap Fill[2m > [22mGame: Deep Logic[2m > [22mshould handle card right click valid option
[31m[1mAssertionError[22m: expected false to be true // Object.is equality[39m

[32m- Expected[39m
[31m+ Received[39m

[32m- true[39m
[31m+ false[39m

[36m [2m❯[22m tests/coverage_extended.test.js:[2m724:28[22m[39m
    [90m722| [39m            game.interactionController.handleCardRightClick(0, { name:…
    [90m723| [39m
    [90m724| [39m            [34mexpect[39m(played)[33m.[39m[34mtoBe[39m([35mtrue[39m)[33m;[39m
    [90m   | [39m                           [31m^[39m
    [90m725| [39m            expect(game.ui.elements.handCards.innerHTML).toBeDefined()…
    [90m726| [39m        })[33m;[39m

[31m[2m⎯⎯⎯⎯⎯⎯⎯⎯⎯⎯⎯⎯⎯⎯⎯⎯⎯⎯⎯⎯⎯⎯⎯⎯[1/2]⎯[22m[39m

[41m[1m FAIL [22m[49m tests/tooltip.test.js[2m > [22mTooltipManager[2m > [22mshould handle unknown terrain type
[31m[1mAssertionError[22m: expected '\n            <div class="tooltip-ter…' to contain 'Unbekannt'[39m

[32m- Expected[39m
[31m+ Received[39m

[32m- Unbekannt[39m
[31m+[39m
[31m+             <div class="tooltip-terrain">[39m
[31m+                 <div class="tooltip-header">[39m
[31m+                     <span class="tooltip-icon">❓</span>[39m
[31m+                     <span class="tooltip-name">Unknown</span>[39m
[31m+                 </div>[39m
[31m+                 <div class="tooltip-divider"></div>[39m
[31m+                 <div class="tooltip-stat-row">[39m
[31m+                     <span>👣 Bewegung:</span>[39m
[31m+                     <span class="value">terrain.unknown.cost</span>[39m
[31m+                 </div>[39m
[31m+                 <div class="tooltip-description"></div>[39m
[31m+             </div>[39m
[31m+         [39m

[36m [2m❯[22m tests/tooltip.test.js:[2m126:22[22m[39m
    [90m124| [39m        const html = tooltipManager.createTerrainTooltipHTML('unknown'…
    [90m125| [39m
    [90m126| [39m        [34mexpect[39m(html)[33m.[39m[34mtoContain[39m([32m'Unbekannt'[39m)[33m;[39m
    [90m   | [39m                     [31m^[39m
    [90m127| [39m        [34mexpect[39m(html)[33m.[39m[34mtoContain[39m([32m'❓'[39m)[33m;[39m
    [90m128| [39m    })[33m;[39m

[31m[2m⎯⎯⎯⎯⎯⎯⎯⎯⎯⎯⎯⎯⎯⎯⎯⎯⎯⎯⎯⎯⎯⎯⎯⎯[2/2]⎯[22m[39m


[2m Test Files [22m [1m[31m2 failed[39m[22m[2m | [22m[1m[32m151 passed[39m[22m[90m (153)[39m
[2m      Tests [22m [1m[31m2 failed[39m[22m[2m | [22m[1m[32m1345 passed[39m[22m[90m (1347)[39m
[2m   Start at [22m 18:03:10
[2m   Duration [22m 38.00s[2m (transform 3.70s, setup 2.52s, import 17.92s, tests 46.25s, environment 149.01s)[22m

